[2015-03-23 06:46:54.524 GMT    24	WARNING	101215	Scheduler.ProviderManagerSystemTarget.WorkItemGroup	127.0.0.1:11111]	Task [Id=1, Status=RanToCompletion] in WorkGroup [SystemTarget: S127.0.0.1:11111:164789203ProviderManagerSystemTarget@S00000013] took elapsed time 0:00:01.5236173 for execution, which is longer than 00:00:00.2000000. Running on thread <Runtime.Scheduler.WorkerPoolThread.System/13, ManagedThreadId=24, Executing Task Id=1 Status=RanToCompletion for 00:00:01.5300875>	
[2015-03-23 06:46:59.599 GMT    24	WARNING	101215	Scheduler.MembershipOracle.WorkItemGroup	127.0.0.1:11111]	Task [Id=2, Status=RanToCompletion] in WorkGroup [SystemTarget: S127.0.0.1:11111:164789203MembershipOracle@S0000000f] took elapsed time 0:00:00.223218 for execution, which is longer than 00:00:00.2000000. Running on thread <Runtime.Scheduler.WorkerPoolThread.System/13, ManagedThreadId=24, Executing Task Id=2 Status=RanToCompletion for 00:00:00.2240128>	
[2015-03-23 06:47:08.442 GMT    12	WARNING	101215	Scheduler.DeploymentLoadPublisherSystemTarge.WorkItemGroup	127.0.0.1:11111]	Task [Id=3, Status=RanToCompletion] in WorkGroup [SystemTarget: S127.0.0.1:11111:164789203DeploymentLoadPublisherSystemTarge@S00000016] took elapsed time 0:00:01.9335816 for execution, which is longer than 00:00:00.2000000. Running on thread <Runtime.Scheduler.WorkerPoolThread/1, ManagedThreadId=12, Executing Task Id=3 Status=RanToCompletion for 00:00:01.9321106>	
[2015-03-23 06:47:17.235 GMT    45	WARNING	100150	Watchdog	127.0.0.1:11111]	.NET Runtime Platform stalled for 00:00:07.7684443 - possibly GC? We are now using total of 22MB memory. gc=3, 3, 3	
[2015-03-23 06:47:17.544 GMT    23	WARNING	101215	Scheduler.WorkItemGroup	127.0.0.1:11111]	Task [Id=4, Status=RanToCompletion] in WorkGroup [Activation: S127.0.0.1:11111:164789203*grn/F15F7B6B/e682cc98@7f608d86 #GrainType=Orleans.EventSourcing.SimpleGrain.BankAccount State=Activating] took elapsed time 0:00:07.5772627 for execution, which is longer than 00:00:00.2000000. Running on thread <Runtime.Scheduler.WorkerPoolThread/12, ManagedThreadId=23, Executing Task Id=4 Status=RanToCompletion for 00:00:07.5784334>	
[2015-03-23 06:47:24.134 GMT    45	WARNING	100150	Watchdog	127.0.0.1:11111]	.NET Runtime Platform stalled for 00:00:06.7933885 - possibly GC? We are now using total of 22MB memory. gc=3, 3, 3	
[2015-03-23 06:47:29.333 GMT    45	WARNING	100150	Watchdog	127.0.0.1:11111]	.NET Runtime Platform stalled for 00:00:05.0562892 - possibly GC? We are now using total of 23MB memory. gc=3, 3, 3	
[2015-03-23 06:47:29.383 GMT    14	WARNING	101215	Scheduler.WorkItemGroup	127.0.0.1:11111]	Task [Id=6, Status=RanToCompletion] in WorkGroup [Activation: S127.0.0.1:11111:164789203*grn/F15F7B6B/e682cc98@7f608d86 #GrainType=Orleans.EventSourcing.SimpleGrain.BankAccount State=Valid] took elapsed time 0:00:11.638891 for execution, which is longer than 00:00:00.2000000. Running on thread <Runtime.Scheduler.WorkerPoolThread/3, ManagedThreadId=14, Executing Task Id=6 Status=RanToCompletion for 00:00:11.6396657>	
[2015-03-23 06:47:39.805 GMT    24	WARNING	101215	Scheduler.DeploymentLoadPublisherSystemTarge.WorkItemGroup	127.0.0.1:11111]	Task [Id=7, Status=RanToCompletion] in WorkGroup [SystemTarget: S127.0.0.1:11111:164789203DeploymentLoadPublisherSystemTarge@S00000016] took elapsed time 0:00:03.5074683 for execution, which is longer than 00:00:00.2000000. Running on thread <Runtime.Scheduler.WorkerPoolThread.System/13, ManagedThreadId=24, Executing Task Id=7 Status=RanToCompletion for 00:00:03.5072006>	
[2015-03-23 06:47:39.805 GMT    45	WARNING	100150	Watchdog	127.0.0.1:11111]	.NET Runtime Platform stalled for 00:00:06.8633926 - possibly GC? We are now using total of 23MB memory. gc=3, 3, 3	
[2015-03-23 06:47:55.469 GMT    45	WARNING	100150	Watchdog	127.0.0.1:11111]	.NET Runtime Platform stalled for 00:00:06.1303507 - possibly GC? We are now using total of 24MB memory. gc=3, 3, 3	
[2015-03-23 06:47:58.537 GMT    18	WARNING	101410	GrainTimer	127.0.0.1:11111]	-GrainTimer.Membership.ProbeTimer. TimerCallbackHandler:Orleans.Runtime.GrainTimer+<>c__DisplayClass7->System.Threading.Tasks.Task <FromTimerCallback>b__6(System.Object) did not fire on time. Last fired at 2015-03-23 06:47:39.572 GMT, 00:00:15.8709078 since previous fire, should have fired after 00:00:10.	
[2015-03-23 06:47:58.589 GMT    24	WARNING	101215	Scheduler.DeploymentLoadPublisherSystemTarge.WorkItemGroup	127.0.0.1:11111]	Task [Id=8, Status=RanToCompletion] in WorkGroup [SystemTarget: S127.0.0.1:11111:164789203DeploymentLoadPublisherSystemTarge@S00000016] took elapsed time 0:00:09.4996009 for execution, which is longer than 00:00:00.2000000. Running on thread <Runtime.Scheduler.WorkerPoolThread.System/13, ManagedThreadId=24, Executing Task Id=8 Status=RanToCompletion for 00:00:09.5005434>	
[2015-03-23 06:47:58.648 GMT    18	WARNING	101215	Scheduler.MembershipOracle.WorkItemGroup	127.0.0.1:11111]	Task [Id=9, Status=RanToCompletion] in WorkGroup [SystemTarget: S127.0.0.1:11111:164789203MembershipOracle@S0000000f] took elapsed time 0:00:03.095913 for execution, which is longer than 00:00:00.2000000. Running on thread <Runtime.Scheduler.WorkerPoolThread/7, ManagedThreadId=18, Executing Task Id=9 Status=RanToCompletion for 00:00:03.0981772>	
[2015-03-23 06:48:27.896 GMT    45	INFO   	600150	Watchdog	127.0.0.1:11111]	Log code 100150 occurred 1 additional time in the previous 00:01:07.6808711	
[2015-03-23 06:48:28.284 GMT    18	WARNING	101410	GrainTimer	127.0.0.1:11111]	-GrainTimer.Membership.ProbeTimer. TimerCallbackHandler:Orleans.Runtime.GrainTimer+<>c__DisplayClass7->System.Threading.Tasks.Task <FromTimerCallback>b__6(System.Object) did not fire on time. Last fired at 2015-03-23 06:47:58.539 GMT, 00:00:29.2546732 since previous fire, should have fired after 00:00:10.	
[2015-03-23 06:48:28.284 GMT    45	WARNING	100150	Watchdog	127.0.0.1:11111]	.NET Runtime Platform stalled for 00:00:26.3015043 - possibly GC? We are now using total of 20MB memory. gc=4, 3, 3	
[2015-03-23 06:48:28.391 GMT    18	WARNING	101215	Scheduler.MembershipOracle.WorkItemGroup	127.0.0.1:11111]	Task [Id=11, Status=RanToCompletion] in WorkGroup [SystemTarget: S127.0.0.1:11111:164789203MembershipOracle@S0000000f] took elapsed time 0:00:00.4912709 for execution, which is longer than 00:00:00.2000000. Running on thread <Runtime.Scheduler.WorkerPoolThread/7, ManagedThreadId=18, Executing Task Id=11 Status=RanToCompletion for 00:00:00.4920282>	
[2015-03-23 06:48:28.413 GMT    14	WARNING	101215	Scheduler.DeploymentLoadPublisherSystemTarge.WorkItemGroup	127.0.0.1:11111]	Task [Id=10, Status=RanToCompletion] in WorkGroup [SystemTarget: S127.0.0.1:11111:164789203DeploymentLoadPublisherSystemTarge@S00000016] took elapsed time 0:00:00.5502855 for execution, which is longer than 00:00:00.2000000. Running on thread <Runtime.Scheduler.WorkerPoolThread/3, ManagedThreadId=14, Executing Task Id=10 Status=RanToCompletion for 00:00:00.5810333>	
[2015-03-23 06:48:28.469 GMT    21	WARNING	101410	GrainTimer	127.0.0.1:11111]	-GrainTimer.Membership.ReadTableTimer. TimerCallbackHandler:Orleans.Runtime.GrainTimer+<>c__DisplayClass7->System.Threading.Tasks.Task <FromTimerCallback>b__6(System.Object) did not fire on time. Last fired at 2015-03-23 06:47:01.836 GMT, 00:01:26.5579509 since previous fire, should have fired after 00:01:00.	
[2015-03-23 06:48:28.567 GMT    12	WARNING	101215	Scheduler.WorkItemGroup	127.0.0.1:11111]	Task [Id=12, Status=RanToCompletion] in WorkGroup [Activation: S127.0.0.1:11111:164789203*grn/F15F7B6B/845dd7be@734e57b9 #GrainType=Orleans.EventSourcing.SimpleGrain.BankAccount State=Valid] took elapsed time 0:00:59.0889636 for execution, which is longer than 00:00:00.2000000. Running on thread <Runtime.Scheduler.WorkerPoolThread/1, ManagedThreadId=12, Executing Task Id=12 Status=RanToCompletion for 00:00:59.0893797>	
[2015-03-23 06:48:28.710 GMT    22	WARNING	101215	Scheduler.WorkItemGroup	127.0.0.1:11111]	Task [Id=13, Status=RanToCompletion] in WorkGroup [Activation: S127.0.0.1:11111:164789203*grn/F15F7B6B/e682cc98@7f608d86 #GrainType=Orleans.EventSourcing.SimpleGrain.BankAccount State=Valid] took elapsed time 0:00:59.2312374 for execution, which is longer than 00:00:00.2000000. Running on thread <Runtime.Scheduler.WorkerPoolThread/11, ManagedThreadId=22, Executing Task Id=13 Status=RanToCompletion for 00:00:59.2323879>	
[2015-03-23 06:48:31.649 GMT    45	WARNING	100150	Watchdog	127.0.0.1:11111]	.NET Runtime Platform stalled for 00:00:03.2971886 - possibly GC? We are now using total of 20MB memory. gc=8, 4, 3	
[2015-03-23 06:48:31.740 GMT    14	WARNING	101215	Scheduler.WorkItemGroup	127.0.0.1:11111]	Task [Id=14, Status=RanToCompletion] in WorkGroup [Activation: S127.0.0.1:11111:164789203*grn/F15F7B6B/845dd7be@734e57b9 #GrainType=Orleans.EventSourcing.SimpleGrain.BankAccount State=Valid] took elapsed time 0:00:02.7459003 for execution, which is longer than 00:00:00.2000000. Running on thread <Runtime.Scheduler.WorkerPoolThread/3, ManagedThreadId=14, Executing Task Id=14 Status=RanToCompletion for 00:00:02.7461571>	
[2015-03-23 06:48:31.747 GMT    18	WARNING	101215	Scheduler.WorkItemGroup	127.0.0.1:11111]	Task [Id=15, Status=RanToCompletion] in WorkGroup [Activation: S127.0.0.1:11111:164789203*grn/F15F7B6B/e682cc98@7f608d86 #GrainType=Orleans.EventSourcing.SimpleGrain.BankAccount State=Valid] took elapsed time 0:00:02.7476001 for execution, which is longer than 00:00:00.2000000. Running on thread <Runtime.Scheduler.WorkerPoolThread/7, ManagedThreadId=18, Executing Task Id=15 Status=RanToCompletion for 00:00:02.7471571>	
[2015-03-23 06:48:32.341 GMT    15	WARNING	101215	Scheduler.WorkItemGroup	127.0.0.1:11111]	Task [Id=16, Status=RanToCompletion] in WorkGroup [Activation: S127.0.0.1:11111:164789203*grn/64BA1302/00000001@a4fd18b3 #GrainType=Orleans.EventSourcing.SimpleGrain.TransferTransactionProcessManager MultiActivationGrain State=Valid] took elapsed time 0:00:00.2395427 for execution, which is longer than 00:00:00.2000000. Running on thread <Runtime.Scheduler.WorkerPoolThread/4, ManagedThreadId=15, Executing Task Id=16 Status=RanToCompletion for 00:00:00.2390137>	
[2015-03-23 06:48:35.426 GMT    88	WARNING	101217	Scheduler.WorkItemGroup	127.0.0.1:11111]	Enqueuing task System.Threading.Tasks.Task to a stopped work item group. Going to ignore and not execute it. WorkItemGroup:Name=[Activation: S127.0.0.1:11111:164789203*grn/9C20D2B7/445df2a1@aa86faae #GrainType=Orleans.EventSourcing.SimpleGrain.TransferTransaction],State=Shutdown. Currently QueuedWorkItems=0; Total EnQueued=50; Total processed=50; Quantum expirations=0; TaskRunner=ActivationTaskScheduler-46:Queued=0; SchedulingContext=[Activation: S127.0.0.1:11111:164789203*grn/9C20D2B7/445df2a1@aa86faae #GrainType=Orleans.EventSourcing.SimpleGrain.TransferTransaction State=Invalid]
 Called from    在 Orleans.Runtime.Scheduler.WorkItemGroup.ReportWorkGroupProblemWithBacktrace(String what, ErrorCode errorCode)
   在 Orleans.Runtime.Scheduler.WorkItemGroup.EnqueueTask(Task task)
   在 Orleans.Runtime.Scheduler.ActivationTaskScheduler.QueueTask(Task task)
   在 System.Threading.Tasks.TaskContinuation.InlineIfPossibleOrElseQueue(Task task, Boolean needsProtection)
   在 System.Threading.Tasks.TaskSchedulerAwaitTaskContinuation.Run(Task ignored, Boolean canInlineContinuationTask)
   在 System.Threading.Tasks.Task.FinishContinuations()
   在 System.Threading.Tasks.Task`1.TrySetResult(TResult result)
   在 System.Threading.Tasks.TaskCompletionSource`1.SetResult(TResult result)
   在 Orleans.Storage.Couchbase.GrainStateCouchbaseDataManager.<>c__DisplayClass1f.<WriteAsync>b__1e(Object state)
   在 System.Threading.ExecutionContext.RunInternal(ExecutionContext executionContext, ContextCallback callback, Object state, Boolean preserveSyncCtx)
   在 System.Threading.ExecutionContext.Run(ExecutionContext executionContext, ContextCallback callback, Object state, Boolean preserveSyncCtx)
   在 System.Threading.QueueUserWorkItemCallback.System.Threading.IThreadPoolWorkItem.ExecuteWorkItem()
   在 System.Threading.ThreadPoolWorkQueue.Dispatch()
	
[2015-03-23 06:48:35.627 GMT    88	WARNING	101217	Scheduler.WorkItemGroup	127.0.0.1:11111]	Enqueuing task System.Threading.Tasks.Task to a stopped work item group. Going to ignore and not execute it. WorkItemGroup:Name=[Activation: S127.0.0.1:11111:164789203*grn/9C20D2B7/d0039b8a@53db1092 #GrainType=Orleans.EventSourcing.SimpleGrain.TransferTransaction],State=Shutdown. Currently QueuedWorkItems=0; Total EnQueued=50; Total processed=50; Quantum expirations=0; TaskRunner=ActivationTaskScheduler-44:Queued=0; SchedulingContext=[Activation: S127.0.0.1:11111:164789203*grn/9C20D2B7/d0039b8a@53db1092 #GrainType=Orleans.EventSourcing.SimpleGrain.TransferTransaction State=Invalid]
 Called from    在 Orleans.Runtime.Scheduler.WorkItemGroup.ReportWorkGroupProblemWithBacktrace(String what, ErrorCode errorCode)
   在 Orleans.Runtime.Scheduler.WorkItemGroup.EnqueueTask(Task task)
   在 Orleans.Runtime.Scheduler.ActivationTaskScheduler.QueueTask(Task task)
   在 System.Threading.Tasks.TaskContinuation.InlineIfPossibleOrElseQueue(Task task, Boolean needsProtection)
   在 System.Threading.Tasks.TaskSchedulerAwaitTaskContinuation.Run(Task ignored, Boolean canInlineContinuationTask)
   在 System.Threading.Tasks.Task.FinishContinuations()
   在 System.Threading.Tasks.Task`1.TrySetResult(TResult result)
   在 System.Threading.Tasks.TaskCompletionSource`1.SetResult(TResult result)
   在 Orleans.Storage.Couchbase.GrainStateCouchbaseDataManager.<>c__DisplayClass1f.<WriteAsync>b__1e(Object state)
   在 System.Threading.ExecutionContext.RunInternal(ExecutionContext executionContext, ContextCallback callback, Object state, Boolean preserveSyncCtx)
   在 System.Threading.ExecutionContext.Run(ExecutionContext executionContext, ContextCallback callback, Object state, Boolean preserveSyncCtx)
   在 System.Threading.QueueUserWorkItemCallback.System.Threading.IThreadPoolWorkItem.ExecuteWorkItem()
   在 System.Threading.ThreadPoolWorkQueue.Dispatch()
	
[2015-03-23 06:48:36.213 GMT    88	WARNING	101217	Scheduler.WorkItemGroup	127.0.0.1:11111]	Enqueuing task System.Threading.Tasks.Task to a stopped work item group. Going to ignore and not execute it. WorkItemGroup:Name=[Activation: S127.0.0.1:11111:164789203*grn/9C20D2B7/aca8d98c@821648ab #GrainType=Orleans.EventSourcing.SimpleGrain.TransferTransaction],State=Shutdown. Currently QueuedWorkItems=0; Total EnQueued=50; Total processed=50; Quantum expirations=0; TaskRunner=ActivationTaskScheduler-52:Queued=0; SchedulingContext=[Activation: S127.0.0.1:11111:164789203*grn/9C20D2B7/aca8d98c@821648ab #GrainType=Orleans.EventSourcing.SimpleGrain.TransferTransaction State=Invalid]
 Called from    在 Orleans.Runtime.Scheduler.WorkItemGroup.ReportWorkGroupProblemWithBacktrace(String what, ErrorCode errorCode)
   在 Orleans.Runtime.Scheduler.WorkItemGroup.EnqueueTask(Task task)
   在 Orleans.Runtime.Scheduler.ActivationTaskScheduler.QueueTask(Task task)
   在 System.Threading.Tasks.TaskContinuation.InlineIfPossibleOrElseQueue(Task task, Boolean needsProtection)
   在 System.Threading.Tasks.TaskSchedulerAwaitTaskContinuation.Run(Task ignored, Boolean canInlineContinuationTask)
   在 System.Threading.Tasks.Task.FinishContinuations()
   在 System.Threading.Tasks.Task`1.TrySetResult(TResult result)
   在 System.Threading.Tasks.TaskCompletionSource`1.SetResult(TResult result)
   在 Orleans.Storage.Couchbase.GrainStateCouchbaseDataManager.<>c__DisplayClass1f.<WriteAsync>b__1e(Object state)
   在 System.Threading.ExecutionContext.RunInternal(ExecutionContext executionContext, ContextCallback callback, Object state, Boolean preserveSyncCtx)
   在 System.Threading.ExecutionContext.Run(ExecutionContext executionContext, ContextCallback callback, Object state, Boolean preserveSyncCtx)
   在 System.Threading.QueueUserWorkItemCallback.System.Threading.IThreadPoolWorkItem.ExecuteWorkItem()
   在 System.Threading.ThreadPoolWorkQueue.Dispatch()
	
[2015-03-23 06:48:36.302 GMT    17	WARNING	101220	Scheduler.WorkItemGroup	127.0.0.1:11111]	WorkItemGroup is being stoped while still active. workItemCount = 1 WorkItemGroup:Name=[Activation: S127.0.0.1:11111:164789203*grn/9C20D2B7/0bf794bd@18da8b8a #GrainType=Orleans.EventSourcing.SimpleGrain.TransferTransaction],State=Running. Currently QueuedWorkItems=1; Total EnQueued=51; Total processed=49; Quantum expirations=0; TaskRunner=ActivationTaskScheduler-51:Queued=1; SchedulingContext=[Activation: S127.0.0.1:11111:164789203*grn/9C20D2B7/0bf794bd@18da8b8a #GrainType=Orleans.EventSourcing.SimpleGrain.TransferTransaction State=Invalid]
 Called from    在 Orleans.Runtime.Scheduler.WorkItemGroup.ReportWorkGroupProblemWithBacktrace(String what, ErrorCode errorCode)
   在 Orleans.Runtime.Scheduler.WorkItemGroup.Stop()
   在 Orleans.Runtime.Scheduler.OrleansTaskScheduler.UnregisterWorkContext(ISchedulingContext context)
   在 Orleans.Runtime.Catalog.UnregisterMessageTarget(ActivationData activation)
   在 Orleans.Runtime.Catalog.<DestroyActivations>d__5b.MoveNext()
   在 System.Threading.ExecutionContext.RunInternal(ExecutionContext executionContext, ContextCallback callback, Object state, Boolean preserveSyncCtx)
   在 System.Threading.ExecutionContext.Run(ExecutionContext executionContext, ContextCallback callback, Object state, Boolean preserveSyncCtx)
   在 System.Runtime.CompilerServices.AsyncMethodBuilderCore.MoveNextRunner.Run()
   在 System.Threading.Tasks.TaskSchedulerAwaitTaskContinuation.<Run>b__0(Object state)
   在 System.Threading.Tasks.Task.Execute()
   在 System.Threading.Tasks.Task.ExecuteWithThreadLocal(Task& currentTaskSlot)
   在 System.Threading.Tasks.Task.ExecuteEntry(Boolean bPreventDoubleExecution)
   在 Orleans.Runtime.Scheduler.ActivationTaskScheduler.RunTask(Task task)
   在 Orleans.Runtime.Scheduler.WorkItemGroup.Execute()
   在 Orleans.Runtime.Scheduler.WorkerPoolThread.Run()
   在 Orleans.Runtime.AsynchAgent.AgentThreadProc(Object obj)
   在 System.Threading.ExecutionContext.RunInternal(ExecutionContext executionContext, ContextCallback callback, Object state, Boolean preserveSyncCtx)
   在 System.Threading.ExecutionContext.Run(ExecutionContext executionContext, ContextCallback callback, Object state, Boolean preserveSyncCtx)
   在 System.Threading.ExecutionContext.Run(ExecutionContext executionContext, ContextCallback callback, Object state)
   在 System.Threading.ThreadHelper.ThreadStart(Object obj)
	
[2015-03-23 06:48:37.610 GMT    87	WARNING	101217	Scheduler.WorkItemGroup	127.0.0.1:11111]	Enqueuing task System.Threading.Tasks.Task to a stopped work item group. Going to ignore and not execute it. WorkItemGroup:Name=[Activation: S127.0.0.1:11111:164789203*grn/9C20D2B7/f8399a8c@c2edf180 #GrainType=Orleans.EventSourcing.SimpleGrain.TransferTransaction],State=Shutdown. Currently QueuedWorkItems=0; Total EnQueued=49; Total processed=49; Quantum expirations=0; TaskRunner=ActivationTaskScheduler-66:Queued=0; SchedulingContext=[Activation: S127.0.0.1:11111:164789203*grn/9C20D2B7/f8399a8c@c2edf180 #GrainType=Orleans.EventSourcing.SimpleGrain.TransferTransaction State=Invalid]
 Called from    在 Orleans.Runtime.Scheduler.WorkItemGroup.ReportWorkGroupProblemWithBacktrace(String what, ErrorCode errorCode)
   在 Orleans.Runtime.Scheduler.WorkItemGroup.EnqueueTask(Task task)
   在 Orleans.Runtime.Scheduler.ActivationTaskScheduler.QueueTask(Task task)
   在 System.Threading.Tasks.TaskContinuation.InlineIfPossibleOrElseQueue(Task task, Boolean needsProtection)
   在 System.Threading.Tasks.TaskSchedulerAwaitTaskContinuation.Run(Task ignored, Boolean canInlineContinuationTask)
   在 System.Threading.Tasks.Task.FinishContinuations()
   在 System.Threading.Tasks.Task`1.TrySetResult(TResult result)
   在 System.Threading.Tasks.TaskCompletionSource`1.SetResult(TResult result)
   在 Orleans.Storage.Couchbase.GrainStateCouchbaseDataManager.<>c__DisplayClass1f.<WriteAsync>b__1e(Object state)
   在 System.Threading.ExecutionContext.RunInternal(ExecutionContext executionContext, ContextCallback callback, Object state, Boolean preserveSyncCtx)
   在 System.Threading.ExecutionContext.Run(ExecutionContext executionContext, ContextCallback callback, Object state, Boolean preserveSyncCtx)
   在 System.Threading.QueueUserWorkItemCallback.System.Threading.IThreadPoolWorkItem.ExecuteWorkItem()
   在 System.Threading.ThreadPoolWorkQueue.Dispatch()
	
[2015-03-23 06:48:37.790 GMT    18	WARNING	101220	Scheduler.WorkItemGroup	127.0.0.1:11111]	WorkItemGroup is being stoped while still active. workItemCount = 1 WorkItemGroup:Name=[Activation: S127.0.0.1:11111:164789203*grn/9C20D2B7/4be47caf@2cf96f86 #GrainType=Orleans.EventSourcing.SimpleGrain.TransferTransaction],State=Running. Currently QueuedWorkItems=1; Total EnQueued=51; Total processed=49; Quantum expirations=0; TaskRunner=ActivationTaskScheduler-63:Queued=1; SchedulingContext=[Activation: S127.0.0.1:11111:164789203*grn/9C20D2B7/4be47caf@2cf96f86 #GrainType=Orleans.EventSourcing.SimpleGrain.TransferTransaction State=Invalid]
 Called from    在 Orleans.Runtime.Scheduler.WorkItemGroup.ReportWorkGroupProblemWithBacktrace(String what, ErrorCode errorCode)
   在 Orleans.Runtime.Scheduler.WorkItemGroup.Stop()
   在 Orleans.Runtime.Scheduler.OrleansTaskScheduler.UnregisterWorkContext(ISchedulingContext context)
   在 Orleans.Runtime.Catalog.UnregisterMessageTarget(ActivationData activation)
   在 Orleans.Runtime.Catalog.<DestroyActivations>d__5b.MoveNext()
   在 System.Threading.ExecutionContext.RunInternal(ExecutionContext executionContext, ContextCallback callback, Object state, Boolean preserveSyncCtx)
   在 System.Threading.ExecutionContext.Run(ExecutionContext executionContext, ContextCallback callback, Object state, Boolean preserveSyncCtx)
   在 System.Runtime.CompilerServices.AsyncMethodBuilderCore.MoveNextRunner.Run()
   在 System.Threading.Tasks.TaskSchedulerAwaitTaskContinuation.<Run>b__0(Object state)
   在 System.Threading.Tasks.Task.Execute()
   在 System.Threading.Tasks.Task.ExecuteWithThreadLocal(Task& currentTaskSlot)
   在 System.Threading.Tasks.Task.ExecuteEntry(Boolean bPreventDoubleExecution)
   在 Orleans.Runtime.Scheduler.ActivationTaskScheduler.RunTask(Task task)
   在 Orleans.Runtime.Scheduler.WorkItemGroup.Execute()
   在 Orleans.Runtime.Scheduler.WorkerPoolThread.Run()
   在 Orleans.Runtime.AsynchAgent.AgentThreadProc(Object obj)
   在 System.Threading.ExecutionContext.RunInternal(ExecutionContext executionContext, ContextCallback callback, Object state, Boolean preserveSyncCtx)
   在 System.Threading.ExecutionContext.Run(ExecutionContext executionContext, ContextCallback callback, Object state, Boolean preserveSyncCtx)
   在 System.Threading.ExecutionContext.Run(ExecutionContext executionContext, ContextCallback callback, Object state)
   在 System.Threading.ThreadHelper.ThreadStart(Object obj)
	
[2015-03-23 06:48:38.777 GMT    17	WARNING	101220	Scheduler.WorkItemGroup	127.0.0.1:11111]	WorkItemGroup is being stoped while still active. workItemCount = 1 WorkItemGroup:Name=[Activation: S127.0.0.1:11111:164789203*grn/9C20D2B7/c0fe1b99@60326eb8 #GrainType=Orleans.EventSourcing.SimpleGrain.TransferTransaction],State=Running. Currently QueuedWorkItems=1; Total EnQueued=51; Total processed=49; Quantum expirations=0; TaskRunner=ActivationTaskScheduler-80:Queued=1; SchedulingContext=[Activation: S127.0.0.1:11111:164789203*grn/9C20D2B7/c0fe1b99@60326eb8 #GrainType=Orleans.EventSourcing.SimpleGrain.TransferTransaction State=Invalid]
 Called from    在 Orleans.Runtime.Scheduler.WorkItemGroup.ReportWorkGroupProblemWithBacktrace(String what, ErrorCode errorCode)
   在 Orleans.Runtime.Scheduler.WorkItemGroup.Stop()
   在 Orleans.Runtime.Scheduler.OrleansTaskScheduler.UnregisterWorkContext(ISchedulingContext context)
   在 Orleans.Runtime.Catalog.UnregisterMessageTarget(ActivationData activation)
   在 Orleans.Runtime.Catalog.<DestroyActivations>d__5b.MoveNext()
   在 System.Threading.ExecutionContext.RunInternal(ExecutionContext executionContext, ContextCallback callback, Object state, Boolean preserveSyncCtx)
   在 System.Threading.ExecutionContext.Run(ExecutionContext executionContext, ContextCallback callback, Object state, Boolean preserveSyncCtx)
   在 System.Runtime.CompilerServices.AsyncMethodBuilderCore.MoveNextRunner.Run()
   在 System.Threading.Tasks.TaskSchedulerAwaitTaskContinuation.<Run>b__0(Object state)
   在 System.Threading.Tasks.Task.Execute()
   在 System.Threading.Tasks.Task.ExecuteWithThreadLocal(Task& currentTaskSlot)
   在 System.Threading.Tasks.Task.ExecuteEntry(Boolean bPreventDoubleExecution)
   在 Orleans.Runtime.Scheduler.ActivationTaskScheduler.RunTask(Task task)
   在 Orleans.Runtime.Scheduler.WorkItemGroup.Execute()
   在 Orleans.Runtime.Scheduler.WorkerPoolThread.Run()
   在 Orleans.Runtime.AsynchAgent.AgentThreadProc(Object obj)
   在 System.Threading.ExecutionContext.RunInternal(ExecutionContext executionContext, ContextCallback callback, Object state, Boolean preserveSyncCtx)
   在 System.Threading.ExecutionContext.Run(ExecutionContext executionContext, ContextCallback callback, Object state, Boolean preserveSyncCtx)
   在 System.Threading.ExecutionContext.Run(ExecutionContext executionContext, ContextCallback callback, Object state)
   在 System.Threading.ThreadHelper.ThreadStart(Object obj)
	
[2015-03-23 06:48:40.212 GMT    88	WARNING	101217	Scheduler.WorkItemGroup	127.0.0.1:11111]	Enqueuing task System.Threading.Tasks.Task to a stopped work item group. Going to ignore and not execute it. WorkItemGroup:Name=[Activation: S127.0.0.1:11111:164789203*grn/9C20D2B7/15054fad@26258886 #GrainType=Orleans.EventSourcing.SimpleGrain.TransferTransaction],State=Shutdown. Currently QueuedWorkItems=0; Total EnQueued=50; Total processed=50; Quantum expirations=0; TaskRunner=ActivationTaskScheduler-96:Queued=0; SchedulingContext=[Activation: S127.0.0.1:11111:164789203*grn/9C20D2B7/15054fad@26258886 #GrainType=Orleans.EventSourcing.SimpleGrain.TransferTransaction State=Invalid]
 Called from    在 Orleans.Runtime.Scheduler.WorkItemGroup.ReportWorkGroupProblemWithBacktrace(String what, ErrorCode errorCode)
   在 Orleans.Runtime.Scheduler.WorkItemGroup.EnqueueTask(Task task)
   在 Orleans.Runtime.Scheduler.ActivationTaskScheduler.QueueTask(Task task)
   在 System.Threading.Tasks.TaskContinuation.InlineIfPossibleOrElseQueue(Task task, Boolean needsProtection)
   在 System.Threading.Tasks.TaskSchedulerAwaitTaskContinuation.Run(Task ignored, Boolean canInlineContinuationTask)
   在 System.Threading.Tasks.Task.FinishContinuations()
   在 System.Threading.Tasks.Task`1.TrySetResult(TResult result)
   在 System.Threading.Tasks.TaskCompletionSource`1.SetResult(TResult result)
   在 Orleans.Storage.Couchbase.GrainStateCouchbaseDataManager.<>c__DisplayClass1f.<WriteAsync>b__1e(Object state)
   在 System.Threading.ExecutionContext.RunInternal(ExecutionContext executionContext, ContextCallback callback, Object state, Boolean preserveSyncCtx)
   在 System.Threading.ExecutionContext.Run(ExecutionContext executionContext, ContextCallback callback, Object state, Boolean preserveSyncCtx)
   在 System.Threading.QueueUserWorkItemCallback.System.Threading.IThreadPoolWorkItem.ExecuteWorkItem()
   在 System.Threading.ThreadPoolWorkQueue.Dispatch()
	
[2015-03-23 06:48:42.876 GMT    13	WARNING	101220	Scheduler.WorkItemGroup	127.0.0.1:11111]	WorkItemGroup is being stoped while still active. workItemCount = 1 WorkItemGroup:Name=[Activation: S127.0.0.1:11111:164789203*grn/9C20D2B7/813a4196@d91173b6 #GrainType=Orleans.EventSourcing.SimpleGrain.TransferTransaction],State=Running. Currently QueuedWorkItems=1; Total EnQueued=51; Total processed=49; Quantum expirations=0; TaskRunner=ActivationTaskScheduler-129:Queued=1; SchedulingContext=[Activation: S127.0.0.1:11111:164789203*grn/9C20D2B7/813a4196@d91173b6 #GrainType=Orleans.EventSourcing.SimpleGrain.TransferTransaction State=Invalid]
 Called from    在 Orleans.Runtime.Scheduler.WorkItemGroup.ReportWorkGroupProblemWithBacktrace(String what, ErrorCode errorCode)
   在 Orleans.Runtime.Scheduler.WorkItemGroup.Stop()
   在 Orleans.Runtime.Scheduler.OrleansTaskScheduler.UnregisterWorkContext(ISchedulingContext context)
   在 Orleans.Runtime.Catalog.UnregisterMessageTarget(ActivationData activation)
   在 Orleans.Runtime.Catalog.<DestroyActivations>d__5b.MoveNext()
   在 System.Threading.ExecutionContext.RunInternal(ExecutionContext executionContext, ContextCallback callback, Object state, Boolean preserveSyncCtx)
   在 System.Threading.ExecutionContext.Run(ExecutionContext executionContext, ContextCallback callback, Object state, Boolean preserveSyncCtx)
   在 System.Runtime.CompilerServices.AsyncMethodBuilderCore.MoveNextRunner.Run()
   在 System.Threading.Tasks.TaskSchedulerAwaitTaskContinuation.<Run>b__0(Object state)
   在 System.Threading.Tasks.Task.Execute()
   在 System.Threading.Tasks.Task.ExecuteWithThreadLocal(Task& currentTaskSlot)
   在 System.Threading.Tasks.Task.ExecuteEntry(Boolean bPreventDoubleExecution)
   在 Orleans.Runtime.Scheduler.ActivationTaskScheduler.RunTask(Task task)
   在 Orleans.Runtime.Scheduler.WorkItemGroup.Execute()
   在 Orleans.Runtime.Scheduler.WorkerPoolThread.Run()
   在 Orleans.Runtime.AsynchAgent.AgentThreadProc(Object obj)
   在 System.Threading.ExecutionContext.RunInternal(ExecutionContext executionContext, ContextCallback callback, Object state, Boolean preserveSyncCtx)
   在 System.Threading.ExecutionContext.Run(ExecutionContext executionContext, ContextCallback callback, Object state, Boolean preserveSyncCtx)
   在 System.Threading.ExecutionContext.Run(ExecutionContext executionContext, ContextCallback callback, Object state)
   在 System.Threading.ThreadHelper.ThreadStart(Object obj)
	
[2015-03-23 06:48:44.866 GMT    23	WARNING	101220	Scheduler.WorkItemGroup	127.0.0.1:11111]	WorkItemGroup is being stoped while still active. workItemCount = 1 WorkItemGroup:Name=[Activation: S127.0.0.1:11111:164789203*grn/9C20D2B7/be45aab7@034829a2 #GrainType=Orleans.EventSourcing.SimpleGrain.TransferTransaction],State=Running. Currently QueuedWorkItems=1; Total EnQueued=51; Total processed=49; Quantum expirations=0; TaskRunner=ActivationTaskScheduler-154:Queued=1; SchedulingContext=[Activation: S127.0.0.1:11111:164789203*grn/9C20D2B7/be45aab7@034829a2 #GrainType=Orleans.EventSourcing.SimpleGrain.TransferTransaction State=Invalid]
 Called from    在 Orleans.Runtime.Scheduler.WorkItemGroup.ReportWorkGroupProblemWithBacktrace(String what, ErrorCode errorCode)
   在 Orleans.Runtime.Scheduler.WorkItemGroup.Stop()
   在 Orleans.Runtime.Scheduler.OrleansTaskScheduler.UnregisterWorkContext(ISchedulingContext context)
   在 Orleans.Runtime.Catalog.UnregisterMessageTarget(ActivationData activation)
   在 Orleans.Runtime.Catalog.<DestroyActivations>d__5b.MoveNext()
   在 System.Threading.ExecutionContext.RunInternal(ExecutionContext executionContext, ContextCallback callback, Object state, Boolean preserveSyncCtx)
   在 System.Threading.ExecutionContext.Run(ExecutionContext executionContext, ContextCallback callback, Object state, Boolean preserveSyncCtx)
   在 System.Runtime.CompilerServices.AsyncMethodBuilderCore.MoveNextRunner.Run()
   在 System.Threading.Tasks.TaskSchedulerAwaitTaskContinuation.<Run>b__0(Object state)
   在 System.Threading.Tasks.Task.Execute()
   在 System.Threading.Tasks.Task.ExecuteWithThreadLocal(Task& currentTaskSlot)
   在 System.Threading.Tasks.Task.ExecuteEntry(Boolean bPreventDoubleExecution)
   在 Orleans.Runtime.Scheduler.ActivationTaskScheduler.RunTask(Task task)
   在 Orleans.Runtime.Scheduler.WorkItemGroup.Execute()
   在 Orleans.Runtime.Scheduler.WorkerPoolThread.Run()
   在 Orleans.Runtime.AsynchAgent.AgentThreadProc(Object obj)
   在 System.Threading.ExecutionContext.RunInternal(ExecutionContext executionContext, ContextCallback callback, Object state, Boolean preserveSyncCtx)
   在 System.Threading.ExecutionContext.Run(ExecutionContext executionContext, ContextCallback callback, Object state, Boolean preserveSyncCtx)
   在 System.Threading.ExecutionContext.Run(ExecutionContext executionContext, ContextCallback callback, Object state)
   在 System.Threading.ThreadHelper.ThreadStart(Object obj)
	
[2015-03-23 06:49:28.700 GMT    89	INFO   	601215	Scheduler.WorkItemGroup	127.0.0.1:11111]	Log code 101215 occurred 14 additional times in the previous 00:01:00.1304393	
[2015-03-23 06:49:28.737 GMT    89	INFO   	601217	Scheduler.WorkItemGroup	127.0.0.1:11111]	Log code 101217 occurred 38 additional times in the previous 00:01:00.1304393	
[2015-03-23 06:49:28.777 GMT    89	INFO   	601220	Scheduler.WorkItemGroup	127.0.0.1:11111]	Log code 101220 occurred 13 additional times in the previous 00:01:00.1304393	
[2015-03-23 06:49:28.818 GMT    89	WARNING	101217	Scheduler.WorkItemGroup	127.0.0.1:11111]	Enqueuing task System.Threading.Tasks.Task to a stopped work item group. Going to ignore and not execute it. WorkItemGroup:Name=[Activation: S127.0.0.1:11111:164789203*grn/9C20D2B7/a45752b7@874e6fba #GrainType=Orleans.EventSourcing.SimpleGrain.TransferTransaction],State=Shutdown. Currently QueuedWorkItems=0; Total EnQueued=50; Total processed=50; Quantum expirations=0; TaskRunner=ActivationTaskScheduler-665:Queued=0; SchedulingContext=[Activation: S127.0.0.1:11111:164789203*grn/9C20D2B7/a45752b7@874e6fba #GrainType=Orleans.EventSourcing.SimpleGrain.TransferTransaction State=Invalid]
 Called from    在 Orleans.Runtime.Scheduler.WorkItemGroup.ReportWorkGroupProblemWithBacktrace(String what, ErrorCode errorCode)
   在 Orleans.Runtime.Scheduler.WorkItemGroup.EnqueueTask(Task task)
   在 Orleans.Runtime.Scheduler.ActivationTaskScheduler.QueueTask(Task task)
   在 System.Threading.Tasks.TaskContinuation.InlineIfPossibleOrElseQueue(Task task, Boolean needsProtection)
   在 System.Threading.Tasks.TaskSchedulerAwaitTaskContinuation.Run(Task ignored, Boolean canInlineContinuationTask)
   在 System.Threading.Tasks.Task.FinishContinuations()
   在 System.Threading.Tasks.Task`1.TrySetResult(TResult result)
   在 System.Threading.Tasks.TaskCompletionSource`1.SetResult(TResult result)
   在 Orleans.Storage.Couchbase.GrainStateCouchbaseDataManager.<>c__DisplayClass1f.<WriteAsync>b__1e(Object state)
   在 System.Threading.ExecutionContext.RunInternal(ExecutionContext executionContext, ContextCallback callback, Object state, Boolean preserveSyncCtx)
   在 System.Threading.ExecutionContext.Run(ExecutionContext executionContext, ContextCallback callback, Object state, Boolean preserveSyncCtx)
   在 System.Threading.QueueUserWorkItemCallback.System.Threading.IThreadPoolWorkItem.ExecuteWorkItem()
   在 System.Threading.ThreadPoolWorkQueue.Dispatch()
	
[2015-03-23 06:49:29.628 GMT    86	WARNING	101217	Scheduler.WorkItemGroup	127.0.0.1:11111]	Enqueuing task System.Threading.Tasks.Task to a stopped work item group. Going to ignore and not execute it. WorkItemGroup:Name=[Activation: S127.0.0.1:11111:164789203*grn/9C20D2B7/6d35788a@6713e9b3 #GrainType=Orleans.EventSourcing.SimpleGrain.TransferTransaction],State=Shutdown. Currently QueuedWorkItems=0; Total EnQueued=50; Total processed=50; Quantum expirations=0; TaskRunner=ActivationTaskScheduler-675:Queued=0; SchedulingContext=[Activation: S127.0.0.1:11111:164789203*grn/9C20D2B7/6d35788a@6713e9b3 #GrainType=Orleans.EventSourcing.SimpleGrain.TransferTransaction State=Invalid]
 Called from    在 Orleans.Runtime.Scheduler.WorkItemGroup.ReportWorkGroupProblemWithBacktrace(String what, ErrorCode errorCode)
   在 Orleans.Runtime.Scheduler.WorkItemGroup.EnqueueTask(Task task)
   在 Orleans.Runtime.Scheduler.ActivationTaskScheduler.QueueTask(Task task)
   在 System.Threading.Tasks.TaskContinuation.InlineIfPossibleOrElseQueue(Task task, Boolean needsProtection)
   在 System.Threading.Tasks.TaskSchedulerAwaitTaskContinuation.Run(Task ignored, Boolean canInlineContinuationTask)
   在 System.Threading.Tasks.Task.FinishContinuations()
   在 System.Threading.Tasks.Task`1.TrySetResult(TResult result)
   在 System.Threading.Tasks.TaskCompletionSource`1.SetResult(TResult result)
   在 Orleans.Storage.Couchbase.GrainStateCouchbaseDataManager.<>c__DisplayClass1f.<WriteAsync>b__1e(Object state)
   在 System.Threading.ExecutionContext.RunInternal(ExecutionContext executionContext, ContextCallback callback, Object state, Boolean preserveSyncCtx)
   在 System.Threading.ExecutionContext.Run(ExecutionContext executionContext, ContextCallback callback, Object state, Boolean preserveSyncCtx)
   在 System.Threading.QueueUserWorkItemCallback.System.Threading.IThreadPoolWorkItem.ExecuteWorkItem()
   在 System.Threading.ThreadPoolWorkQueue.Dispatch()
	
[2015-03-23 06:49:30.502 GMT    87	WARNING	101217	Scheduler.WorkItemGroup	127.0.0.1:11111]	Enqueuing task System.Threading.Tasks.Task to a stopped work item group. Going to ignore and not execute it. WorkItemGroup:Name=[Activation: S127.0.0.1:11111:164789203*grn/9C20D2B7/43cb7f87@51f811a1 #GrainType=Orleans.EventSourcing.SimpleGrain.TransferTransaction],State=Shutdown. Currently QueuedWorkItems=0; Total EnQueued=49; Total processed=49; Quantum expirations=0; TaskRunner=ActivationTaskScheduler-685:Queued=0; SchedulingContext=[Activation: S127.0.0.1:11111:164789203*grn/9C20D2B7/43cb7f87@51f811a1 #GrainType=Orleans.EventSourcing.SimpleGrain.TransferTransaction State=Invalid]
 Called from    在 Orleans.Runtime.Scheduler.WorkItemGroup.ReportWorkGroupProblemWithBacktrace(String what, ErrorCode errorCode)
   在 Orleans.Runtime.Scheduler.WorkItemGroup.EnqueueTask(Task task)
   在 Orleans.Runtime.Scheduler.ActivationTaskScheduler.QueueTask(Task task)
   在 System.Threading.Tasks.TaskContinuation.InlineIfPossibleOrElseQueue(Task task, Boolean needsProtection)
   在 System.Threading.Tasks.TaskSchedulerAwaitTaskContinuation.Run(Task ignored, Boolean canInlineContinuationTask)
   在 System.Threading.Tasks.Task.FinishContinuations()
   在 System.Threading.Tasks.Task`1.TrySetResult(TResult result)
   在 System.Threading.Tasks.TaskCompletionSource`1.SetResult(TResult result)
   在 Orleans.Storage.Couchbase.GrainStateCouchbaseDataManager.<>c__DisplayClass1f.<WriteAsync>b__1e(Object state)
   在 System.Threading.ExecutionContext.RunInternal(ExecutionContext executionContext, ContextCallback callback, Object state, Boolean preserveSyncCtx)
   在 System.Threading.ExecutionContext.Run(ExecutionContext executionContext, ContextCallback callback, Object state, Boolean preserveSyncCtx)
   在 System.Threading.QueueUserWorkItemCallback.System.Threading.IThreadPoolWorkItem.ExecuteWorkItem()
   在 System.Threading.ThreadPoolWorkQueue.Dispatch()
	
[2015-03-23 06:49:32.031 GMT    88	WARNING	101217	Scheduler.WorkItemGroup	127.0.0.1:11111]	Enqueuing task System.Threading.Tasks.Task to a stopped work item group. Going to ignore and not execute it. WorkItemGroup:Name=[Activation: S127.0.0.1:11111:164789203*grn/9C20D2B7/a88952a5@8d8950ab #GrainType=Orleans.EventSourcing.SimpleGrain.TransferTransaction],State=Shutdown. Currently QueuedWorkItems=0; Total EnQueued=50; Total processed=50; Quantum expirations=0; TaskRunner=ActivationTaskScheduler-701:Queued=0; SchedulingContext=[Activation: S127.0.0.1:11111:164789203*grn/9C20D2B7/a88952a5@8d8950ab #GrainType=Orleans.EventSourcing.SimpleGrain.TransferTransaction State=Invalid]
 Called from    在 Orleans.Runtime.Scheduler.WorkItemGroup.ReportWorkGroupProblemWithBacktrace(String what, ErrorCode errorCode)
   在 Orleans.Runtime.Scheduler.WorkItemGroup.EnqueueTask(Task task)
   在 Orleans.Runtime.Scheduler.ActivationTaskScheduler.QueueTask(Task task)
   在 System.Threading.Tasks.TaskContinuation.InlineIfPossibleOrElseQueue(Task task, Boolean needsProtection)
   在 System.Threading.Tasks.TaskSchedulerAwaitTaskContinuation.Run(Task ignored, Boolean canInlineContinuationTask)
   在 System.Threading.Tasks.Task.FinishContinuations()
   在 System.Threading.Tasks.Task`1.TrySetResult(TResult result)
   在 System.Threading.Tasks.TaskCompletionSource`1.SetResult(TResult result)
   在 Orleans.Storage.Couchbase.GrainStateCouchbaseDataManager.<>c__DisplayClass1f.<WriteAsync>b__1e(Object state)
   在 System.Threading.ExecutionContext.RunInternal(ExecutionContext executionContext, ContextCallback callback, Object state, Boolean preserveSyncCtx)
   在 System.Threading.ExecutionContext.Run(ExecutionContext executionContext, ContextCallback callback, Object state, Boolean preserveSyncCtx)
   在 System.Threading.QueueUserWorkItemCallback.System.Threading.IThreadPoolWorkItem.ExecuteWorkItem()
   在 System.Threading.ThreadPoolWorkQueue.Dispatch()
	
[2015-03-23 06:49:32.625 GMT    12	WARNING	101215	Scheduler.WorkItemGroup	127.0.0.1:11111]	Task [Id=31, Status=RanToCompletion] in WorkGroup [Activation: S127.0.0.1:11111:164789203*grn/9C20D2B7/453d7392@acae6093 #GrainType=Orleans.EventSourcing.SimpleGrain.TransferTransaction State=Activating] took elapsed time 0:00:00.2138141 for execution, which is longer than 00:00:00.2000000. Running on thread <Runtime.Scheduler.WorkerPoolThread/1, ManagedThreadId=12, Executing Task Id=31 Status=RanToCompletion for 00:00:00.2150123>	
[2015-03-23 06:49:34.454 GMT    87	WARNING	101217	Scheduler.WorkItemGroup	127.0.0.1:11111]	Enqueuing task System.Threading.Tasks.Task to a stopped work item group. Going to ignore and not execute it. WorkItemGroup:Name=[Activation: S127.0.0.1:11111:164789203*grn/9C20D2B7/24e656b7@8a4b288f #GrainType=Orleans.EventSourcing.SimpleGrain.TransferTransaction],State=Shutdown. Currently QueuedWorkItems=0; Total EnQueued=50; Total processed=50; Quantum expirations=0; TaskRunner=ActivationTaskScheduler-728:Queued=0; SchedulingContext=[Activation: S127.0.0.1:11111:164789203*grn/9C20D2B7/24e656b7@8a4b288f #GrainType=Orleans.EventSourcing.SimpleGrain.TransferTransaction State=Invalid]
 Called from    在 Orleans.Runtime.Scheduler.WorkItemGroup.ReportWorkGroupProblemWithBacktrace(String what, ErrorCode errorCode)
   在 Orleans.Runtime.Scheduler.WorkItemGroup.EnqueueTask(Task task)
   在 Orleans.Runtime.Scheduler.ActivationTaskScheduler.QueueTask(Task task)
   在 System.Threading.Tasks.TaskContinuation.InlineIfPossibleOrElseQueue(Task task, Boolean needsProtection)
   在 System.Threading.Tasks.TaskSchedulerAwaitTaskContinuation.Run(Task ignored, Boolean canInlineContinuationTask)
   在 System.Threading.Tasks.Task.FinishContinuations()
   在 System.Threading.Tasks.Task`1.TrySetResult(TResult result)
   在 System.Threading.Tasks.TaskCompletionSource`1.SetResult(TResult result)
   在 Orleans.Storage.Couchbase.GrainStateCouchbaseDataManager.<>c__DisplayClass1f.<WriteAsync>b__1e(Object state)
   在 System.Threading.ExecutionContext.RunInternal(ExecutionContext executionContext, ContextCallback callback, Object state, Boolean preserveSyncCtx)
   在 System.Threading.ExecutionContext.Run(ExecutionContext executionContext, ContextCallback callback, Object state, Boolean preserveSyncCtx)
   在 System.Threading.QueueUserWorkItemCallback.System.Threading.IThreadPoolWorkItem.ExecuteWorkItem()
   在 System.Threading.ThreadPoolWorkQueue.Dispatch()
	
[2015-03-23 06:49:34.934 GMT    21	WARNING	101220	Scheduler.WorkItemGroup	127.0.0.1:11111]	WorkItemGroup is being stoped while still active. workItemCount = 1 WorkItemGroup:Name=[Activation: S127.0.0.1:11111:164789203*grn/9C20D2B7/70a163b6@4330cfa8 #GrainType=Orleans.EventSourcing.SimpleGrain.TransferTransaction],State=Running. Currently QueuedWorkItems=1; Total EnQueued=51; Total processed=49; Quantum expirations=0; TaskRunner=ActivationTaskScheduler-737:Queued=1; SchedulingContext=[Activation: S127.0.0.1:11111:164789203*grn/9C20D2B7/70a163b6@4330cfa8 #GrainType=Orleans.EventSourcing.SimpleGrain.TransferTransaction State=Invalid]
 Called from    在 Orleans.Runtime.Scheduler.WorkItemGroup.ReportWorkGroupProblemWithBacktrace(String what, ErrorCode errorCode)
   在 Orleans.Runtime.Scheduler.WorkItemGroup.Stop()
   在 Orleans.Runtime.Scheduler.OrleansTaskScheduler.UnregisterWorkContext(ISchedulingContext context)
   在 Orleans.Runtime.Catalog.UnregisterMessageTarget(ActivationData activation)
   在 Orleans.Runtime.Catalog.<DestroyActivations>d__5b.MoveNext()
   在 System.Threading.ExecutionContext.RunInternal(ExecutionContext executionContext, ContextCallback callback, Object state, Boolean preserveSyncCtx)
   在 System.Threading.ExecutionContext.Run(ExecutionContext executionContext, ContextCallback callback, Object state, Boolean preserveSyncCtx)
   在 System.Runtime.CompilerServices.AsyncMethodBuilderCore.MoveNextRunner.Run()
   在 System.Threading.Tasks.TaskSchedulerAwaitTaskContinuation.<Run>b__0(Object state)
   在 System.Threading.Tasks.Task.Execute()
   在 System.Threading.Tasks.Task.ExecuteWithThreadLocal(Task& currentTaskSlot)
   在 System.Threading.Tasks.Task.ExecuteEntry(Boolean bPreventDoubleExecution)
   在 Orleans.Runtime.Scheduler.ActivationTaskScheduler.RunTask(Task task)
   在 Orleans.Runtime.Scheduler.WorkItemGroup.Execute()
   在 Orleans.Runtime.Scheduler.WorkerPoolThread.Run()
   在 Orleans.Runtime.AsynchAgent.AgentThreadProc(Object obj)
   在 System.Threading.ExecutionContext.RunInternal(ExecutionContext executionContext, ContextCallback callback, Object state, Boolean preserveSyncCtx)
   在 System.Threading.ExecutionContext.Run(ExecutionContext executionContext, ContextCallback callback, Object state, Boolean preserveSyncCtx)
   在 System.Threading.ExecutionContext.Run(ExecutionContext executionContext, ContextCallback callback, Object state)
   在 System.Threading.ThreadHelper.ThreadStart(Object obj)
	
[2015-03-23 06:49:36.809 GMT    15	WARNING	101220	Scheduler.WorkItemGroup	127.0.0.1:11111]	WorkItemGroup is being stoped while still active. workItemCount = 1 WorkItemGroup:Name=[Activation: S127.0.0.1:11111:164789203*grn/9C20D2B7/645893af@61dcd1b5 #GrainType=Orleans.EventSourcing.SimpleGrain.TransferTransaction],State=Running. Currently QueuedWorkItems=1; Total EnQueued=51; Total processed=49; Quantum expirations=0; TaskRunner=ActivationTaskScheduler-760:Queued=1; SchedulingContext=[Activation: S127.0.0.1:11111:164789203*grn/9C20D2B7/645893af@61dcd1b5 #GrainType=Orleans.EventSourcing.SimpleGrain.TransferTransaction State=Invalid]
 Called from    在 Orleans.Runtime.Scheduler.WorkItemGroup.ReportWorkGroupProblemWithBacktrace(String what, ErrorCode errorCode)
   在 Orleans.Runtime.Scheduler.WorkItemGroup.Stop()
   在 Orleans.Runtime.Scheduler.OrleansTaskScheduler.UnregisterWorkContext(ISchedulingContext context)
   在 Orleans.Runtime.Catalog.UnregisterMessageTarget(ActivationData activation)
   在 Orleans.Runtime.Catalog.<DestroyActivations>d__5b.MoveNext()
   在 System.Threading.ExecutionContext.RunInternal(ExecutionContext executionContext, ContextCallback callback, Object state, Boolean preserveSyncCtx)
   在 System.Threading.ExecutionContext.Run(ExecutionContext executionContext, ContextCallback callback, Object state, Boolean preserveSyncCtx)
   在 System.Runtime.CompilerServices.AsyncMethodBuilderCore.MoveNextRunner.Run()
   在 System.Threading.Tasks.TaskSchedulerAwaitTaskContinuation.<Run>b__0(Object state)
   在 System.Threading.Tasks.Task.Execute()
   在 System.Threading.Tasks.Task.ExecuteWithThreadLocal(Task& currentTaskSlot)
   在 System.Threading.Tasks.Task.ExecuteEntry(Boolean bPreventDoubleExecution)
   在 Orleans.Runtime.Scheduler.ActivationTaskScheduler.RunTask(Task task)
   在 Orleans.Runtime.Scheduler.WorkItemGroup.Execute()
   在 Orleans.Runtime.Scheduler.WorkerPoolThread.Run()
   在 Orleans.Runtime.AsynchAgent.AgentThreadProc(Object obj)
   在 System.Threading.ExecutionContext.RunInternal(ExecutionContext executionContext, ContextCallback callback, Object state, Boolean preserveSyncCtx)
   在 System.Threading.ExecutionContext.Run(ExecutionContext executionContext, ContextCallback callback, Object state, Boolean preserveSyncCtx)
   在 System.Threading.ExecutionContext.Run(ExecutionContext executionContext, ContextCallback callback, Object state)
   在 System.Threading.ThreadHelper.ThreadStart(Object obj)
	
[2015-03-23 06:49:36.918 GMT    22	WARNING	101220	Scheduler.WorkItemGroup	127.0.0.1:11111]	WorkItemGroup is being stoped while still active. workItemCount = 1 WorkItemGroup:Name=[Activation: S127.0.0.1:11111:164789203*grn/9C20D2B7/5a9bae81@5fe71088 #GrainType=Orleans.EventSourcing.SimpleGrain.TransferTransaction],State=Running. Currently QueuedWorkItems=1; Total EnQueued=51; Total processed=49; Quantum expirations=0; TaskRunner=ActivationTaskScheduler-761:Queued=1; SchedulingContext=[Activation: S127.0.0.1:11111:164789203*grn/9C20D2B7/5a9bae81@5fe71088 #GrainType=Orleans.EventSourcing.SimpleGrain.TransferTransaction State=Invalid]
 Called from    在 Orleans.Runtime.Scheduler.WorkItemGroup.ReportWorkGroupProblemWithBacktrace(String what, ErrorCode errorCode)
   在 Orleans.Runtime.Scheduler.WorkItemGroup.Stop()
   在 Orleans.Runtime.Scheduler.OrleansTaskScheduler.UnregisterWorkContext(ISchedulingContext context)
   在 Orleans.Runtime.Catalog.UnregisterMessageTarget(ActivationData activation)
   在 Orleans.Runtime.Catalog.<DestroyActivations>d__5b.MoveNext()
   在 System.Threading.ExecutionContext.RunInternal(ExecutionContext executionContext, ContextCallback callback, Object state, Boolean preserveSyncCtx)
   在 System.Threading.ExecutionContext.Run(ExecutionContext executionContext, ContextCallback callback, Object state, Boolean preserveSyncCtx)
   在 System.Runtime.CompilerServices.AsyncMethodBuilderCore.MoveNextRunner.Run()
   在 System.Threading.Tasks.TaskSchedulerAwaitTaskContinuation.<Run>b__0(Object state)
   在 System.Threading.Tasks.Task.Execute()
   在 System.Threading.Tasks.Task.ExecuteWithThreadLocal(Task& currentTaskSlot)
   在 System.Threading.Tasks.Task.ExecuteEntry(Boolean bPreventDoubleExecution)
   在 Orleans.Runtime.Scheduler.ActivationTaskScheduler.RunTask(Task task)
   在 Orleans.Runtime.Scheduler.WorkItemGroup.Execute()
   在 Orleans.Runtime.Scheduler.WorkerPoolThread.Run()
   在 Orleans.Runtime.AsynchAgent.AgentThreadProc(Object obj)
   在 System.Threading.ExecutionContext.RunInternal(ExecutionContext executionContext, ContextCallback callback, Object state, Boolean preserveSyncCtx)
   在 System.Threading.ExecutionContext.Run(ExecutionContext executionContext, ContextCallback callback, Object state, Boolean preserveSyncCtx)
   在 System.Threading.ExecutionContext.Run(ExecutionContext executionContext, ContextCallback callback, Object state)
   在 System.Threading.ThreadHelper.ThreadStart(Object obj)
	
[2015-03-23 06:49:37.307 GMT    13	WARNING	101220	Scheduler.WorkItemGroup	127.0.0.1:11111]	WorkItemGroup is being stoped while still active. workItemCount = 1 WorkItemGroup:Name=[Activation: S127.0.0.1:11111:164789203*grn/9C20D2B7/5cda9fb7@f0d04192 #GrainType=Orleans.EventSourcing.SimpleGrain.TransferTransaction],State=Running. Currently QueuedWorkItems=1; Total EnQueued=51; Total processed=49; Quantum expirations=0; TaskRunner=ActivationTaskScheduler-764:Queued=1; SchedulingContext=[Activation: S127.0.0.1:11111:164789203*grn/9C20D2B7/5cda9fb7@f0d04192 #GrainType=Orleans.EventSourcing.SimpleGrain.TransferTransaction State=Invalid]
 Called from    在 Orleans.Runtime.Scheduler.WorkItemGroup.ReportWorkGroupProblemWithBacktrace(String what, ErrorCode errorCode)
   在 Orleans.Runtime.Scheduler.WorkItemGroup.Stop()
   在 Orleans.Runtime.Scheduler.OrleansTaskScheduler.UnregisterWorkContext(ISchedulingContext context)
   在 Orleans.Runtime.Catalog.UnregisterMessageTarget(ActivationData activation)
   在 Orleans.Runtime.Catalog.<DestroyActivations>d__5b.MoveNext()
   在 System.Threading.ExecutionContext.RunInternal(ExecutionContext executionContext, ContextCallback callback, Object state, Boolean preserveSyncCtx)
   在 System.Threading.ExecutionContext.Run(ExecutionContext executionContext, ContextCallback callback, Object state, Boolean preserveSyncCtx)
   在 System.Runtime.CompilerServices.AsyncMethodBuilderCore.MoveNextRunner.Run()
   在 System.Threading.Tasks.TaskSchedulerAwaitTaskContinuation.<Run>b__0(Object state)
   在 System.Threading.Tasks.Task.Execute()
   在 System.Threading.Tasks.Task.ExecuteWithThreadLocal(Task& currentTaskSlot)
   在 System.Threading.Tasks.Task.ExecuteEntry(Boolean bPreventDoubleExecution)
   在 Orleans.Runtime.Scheduler.ActivationTaskScheduler.RunTask(Task task)
   在 Orleans.Runtime.Scheduler.WorkItemGroup.Execute()
   在 Orleans.Runtime.Scheduler.WorkerPoolThread.Run()
   在 Orleans.Runtime.AsynchAgent.AgentThreadProc(Object obj)
   在 System.Threading.ExecutionContext.RunInternal(ExecutionContext executionContext, ContextCallback callback, Object state, Boolean preserveSyncCtx)
   在 System.Threading.ExecutionContext.Run(ExecutionContext executionContext, ContextCallback callback, Object state, Boolean preserveSyncCtx)
   在 System.Threading.ExecutionContext.Run(ExecutionContext executionContext, ContextCallback callback, Object state)
   在 System.Threading.ThreadHelper.ThreadStart(Object obj)
	
[2015-03-23 06:49:37.366 GMT    22	WARNING	101220	Scheduler.WorkItemGroup	127.0.0.1:11111]	WorkItemGroup is being stoped while still active. workItemCount = 1 WorkItemGroup:Name=[Activation: S127.0.0.1:11111:164789203*grn/9C20D2B7/a8de1aae@ab9deca8 #GrainType=Orleans.EventSourcing.SimpleGrain.TransferTransaction],State=Running. Currently QueuedWorkItems=1; Total EnQueued=51; Total processed=49; Quantum expirations=0; TaskRunner=ActivationTaskScheduler-765:Queued=1; SchedulingContext=[Activation: S127.0.0.1:11111:164789203*grn/9C20D2B7/a8de1aae@ab9deca8 #GrainType=Orleans.EventSourcing.SimpleGrain.TransferTransaction State=Invalid]
 Called from    在 Orleans.Runtime.Scheduler.WorkItemGroup.ReportWorkGroupProblemWithBacktrace(String what, ErrorCode errorCode)
   在 Orleans.Runtime.Scheduler.WorkItemGroup.Stop()
   在 Orleans.Runtime.Scheduler.OrleansTaskScheduler.UnregisterWorkContext(ISchedulingContext context)
   在 Orleans.Runtime.Catalog.UnregisterMessageTarget(ActivationData activation)
   在 Orleans.Runtime.Catalog.<DestroyActivations>d__5b.MoveNext()
   在 System.Threading.ExecutionContext.RunInternal(ExecutionContext executionContext, ContextCallback callback, Object state, Boolean preserveSyncCtx)
   在 System.Threading.ExecutionContext.Run(ExecutionContext executionContext, ContextCallback callback, Object state, Boolean preserveSyncCtx)
   在 System.Runtime.CompilerServices.AsyncMethodBuilderCore.MoveNextRunner.Run()
   在 System.Threading.Tasks.TaskSchedulerAwaitTaskContinuation.<Run>b__0(Object state)
   在 System.Threading.Tasks.Task.Execute()
   在 System.Threading.Tasks.Task.ExecuteWithThreadLocal(Task& currentTaskSlot)
   在 System.Threading.Tasks.Task.ExecuteEntry(Boolean bPreventDoubleExecution)
   在 Orleans.Runtime.Scheduler.ActivationTaskScheduler.RunTask(Task task)
   在 Orleans.Runtime.Scheduler.WorkItemGroup.Execute()
   在 Orleans.Runtime.Scheduler.WorkerPoolThread.Run()
   在 Orleans.Runtime.AsynchAgent.AgentThreadProc(Object obj)
   在 System.Threading.ExecutionContext.RunInternal(ExecutionContext executionContext, ContextCallback callback, Object state, Boolean preserveSyncCtx)
   在 System.Threading.ExecutionContext.Run(ExecutionContext executionContext, ContextCallback callback, Object state, Boolean preserveSyncCtx)
   在 System.Threading.ExecutionContext.Run(ExecutionContext executionContext, ContextCallback callback, Object state)
   在 System.Threading.ThreadHelper.ThreadStart(Object obj)
	
[2015-03-23 06:49:40.102 GMT    21	WARNING	101215	Scheduler.WorkItemGroup	127.0.0.1:11111]	Task [Id=32, Status=RanToCompletion] in WorkGroup [Activation: S127.0.0.1:11111:164789203*grn/9C20D2B7/afa1d6a5@1279fd86 #GrainType=Orleans.EventSourcing.SimpleGrain.TransferTransaction State=Valid] took elapsed time 0:00:00.219873 for execution, which is longer than 00:00:00.2000000. Running on thread <Runtime.Scheduler.WorkerPoolThread/10, ManagedThreadId=21, Executing Task Id=32 Status=RanToCompletion for 00:00:00.2200126>	
[2015-03-23 06:49:41.183 GMT    12	WARNING	101215	Scheduler.WorkItemGroup	127.0.0.1:11111]	Task [Id=33, Status=RanToCompletion] in WorkGroup [Activation: S127.0.0.1:11111:164789203*grn/9C20D2B7/1c1782b6@fc91feaa #GrainType=Orleans.EventSourcing.SimpleGrain.TransferTransaction State=Valid] took elapsed time 0:00:00.245591 for execution, which is longer than 00:00:00.2000000. Running on thread <Runtime.Scheduler.WorkerPoolThread/1, ManagedThreadId=12, Executing Task Id=33 Status=RanToCompletion for 00:00:00.2450140>	
[2015-03-23 06:49:41.254 GMT    21	WARNING	101215	Scheduler.WorkItemGroup	127.0.0.1:11111]	Task [Id=34, Status=RanToCompletion] in WorkGroup [Activation: S127.0.0.1:11111:164789203*grn/9C20D2B7/0a3e34a4@ba9c0b92 #GrainType=Orleans.EventSourcing.SimpleGrain.TransferTransaction State=Valid] took elapsed time 0:00:00.2293453 for execution, which is longer than 00:00:00.2000000. Running on thread <Runtime.Scheduler.WorkerPoolThread/10, ManagedThreadId=21, Executing Task Id=34 Status=RanToCompletion for 00:00:00.2290131>	
[2015-03-23 06:49:41.382 GMT    15	WARNING	101215	Scheduler.WorkItemGroup	127.0.0.1:11111]	Task [Id=36, Status=RanToCompletion] in WorkGroup [Activation: S127.0.0.1:11111:164789203*grn/9C20D2B7/eb9101b5@c771228b #GrainType=Orleans.EventSourcing.SimpleGrain.TransferTransaction State=Valid] took elapsed time 0:00:00.2511027 for execution, which is longer than 00:00:00.2000000. Running on thread <Runtime.Scheduler.WorkerPoolThread/4, ManagedThreadId=15, Executing Task Id=36 Status=RanToCompletion for 00:00:00.2520144>	
[2015-03-23 06:50:32.522 GMT    87	INFO   	601217	Scheduler.WorkItemGroup	127.0.0.1:11111]	Log code 101217 occurred 11 additional times in the previous 00:01:03.5966375	
[2015-03-23 06:50:32.532 GMT    17	WARNING	101215	Scheduler.WorkItemGroup	127.0.0.1:11111]	Task [Id=49, Status=RanToCompletion] in WorkGroup [Activation: S127.0.0.1:11111:164789203*grn/9C20D2B7/3e576b9e@5f9c69a4 #GrainType=Orleans.EventSourcing.SimpleGrain.TransferTransaction State=Valid] took elapsed time 0:00:00.217353 for execution, which is longer than 00:00:00.2000000. Running on thread <Runtime.Scheduler.WorkerPoolThread/6, ManagedThreadId=17, Executing Task Id=49 Status=RanToCompletion for 00:00:00.2180125>	
[2015-03-23 06:50:32.747 GMT    19	WARNING	101215	Scheduler.WorkItemGroup	127.0.0.1:11111]	Task [Id=50, Status=RanToCompletion] in WorkGroup [Activation: S127.0.0.1:11111:164789203*grn/F15F7B6B/e682cc98@7f608d86 #GrainType=Orleans.EventSourcing.SimpleGrain.BankAccount State=Valid] took elapsed time 0:00:00.2235216 for execution, which is longer than 00:00:00.2000000. Running on thread <Runtime.Scheduler.WorkerPoolThread/8, ManagedThreadId=19, Executing Task Id=50 Status=RanToCompletion for 00:00:00.2240128>	
[2015-03-23 06:50:32.865 GMT    87	INFO   	601215	Scheduler.WorkItemGroup	127.0.0.1:11111]	Log code 101215 occurred 13 additional times in the previous 00:01:03.5966375	
[2015-03-23 06:50:33.016 GMT    16	WARNING	101215	Scheduler.WorkItemGroup	127.0.0.1:11111]	Task [Id=52, Status=RanToCompletion] in WorkGroup [Activation: S127.0.0.1:11111:164789203*grn/9C20D2B7/d87ee3b5@25747396 #GrainType=Orleans.EventSourcing.SimpleGrain.TransferTransaction State=Valid] took elapsed time 0:00:00.2863099 for execution, which is longer than 00:00:00.2000000. Running on thread <Runtime.Scheduler.WorkerPoolThread/5, ManagedThreadId=16, Executing Task Id=52 Status=RanToCompletion for 00:00:00.2870164>	
[2015-03-23 06:50:33.113 GMT    18	WARNING	101215	Scheduler.WorkItemGroup	127.0.0.1:11111]	Task [Id=51, Status=RanToCompletion] in WorkGroup [Activation: S127.0.0.1:11111:164789203*grn/64BA1302/00000001@e6eeb7b7 #GrainType=Orleans.EventSourcing.SimpleGrain.TransferTransactionProcessManager MultiActivationGrain State=Valid] took elapsed time 0:00:00.2719961 for execution, which is longer than 00:00:00.2000000. Running on thread <Runtime.Scheduler.WorkerPoolThread/7, ManagedThreadId=18, Executing Task Id=51 Status=RanToCompletion for 00:00:00.2730156>	
[2015-03-23 06:50:33.113 GMT    21	WARNING	101215	Scheduler.WorkItemGroup	127.0.0.1:11111]	Task [Id=53, Status=RanToCompletion] in WorkGroup [Activation: S127.0.0.1:11111:164789203*grn/9C20D2B7/a4e21eb1@1f1d6eba #GrainType=Orleans.EventSourcing.SimpleGrain.TransferTransaction State=Valid] took elapsed time 0:00:00.2699768 for execution, which is longer than 00:00:00.2000000. Running on thread <Runtime.Scheduler.WorkerPoolThread/10, ManagedThreadId=21, Executing Task Id=53 Status=RanToCompletion for 00:00:00.2700154>	
[2015-03-23 06:50:33.113 GMT    87	INFO   	601220	Scheduler.WorkItemGroup	127.0.0.1:11111]	Log code 101220 occurred 7 additional times in the previous 00:01:03.5966375	
[2015-03-23 06:50:33.300 GMT    87	WARNING	101217	Scheduler.WorkItemGroup	127.0.0.1:11111]	Enqueuing task System.Threading.Tasks.Task to a stopped work item group. Going to ignore and not execute it. WorkItemGroup:Name=[Activation: S127.0.0.1:11111:164789203*grn/9C20D2B7/5e992499@087a9893 #GrainType=Orleans.EventSourcing.SimpleGrain.TransferTransaction],State=Shutdown. Currently QueuedWorkItems=0; Total EnQueued=50; Total processed=50; Quantum expirations=0; TaskRunner=ActivationTaskScheduler-1189:Queued=0; SchedulingContext=[Activation: S127.0.0.1:11111:164789203*grn/9C20D2B7/5e992499@087a9893 #GrainType=Orleans.EventSourcing.SimpleGrain.TransferTransaction State=Invalid]
 Called from    在 Orleans.Runtime.Scheduler.WorkItemGroup.ReportWorkGroupProblemWithBacktrace(String what, ErrorCode errorCode)
   在 Orleans.Runtime.Scheduler.WorkItemGroup.EnqueueTask(Task task)
   在 Orleans.Runtime.Scheduler.ActivationTaskScheduler.QueueTask(Task task)
   在 System.Threading.Tasks.TaskContinuation.InlineIfPossibleOrElseQueue(Task task, Boolean needsProtection)
   在 System.Threading.Tasks.TaskSchedulerAwaitTaskContinuation.Run(Task ignored, Boolean canInlineContinuationTask)
   在 System.Threading.Tasks.Task.FinishContinuations()
   在 System.Threading.Tasks.Task`1.TrySetResult(TResult result)
   在 System.Threading.Tasks.TaskCompletionSource`1.SetResult(TResult result)
   在 Orleans.Storage.Couchbase.GrainStateCouchbaseDataManager.<>c__DisplayClass1f.<WriteAsync>b__1e(Object state)
   在 System.Threading.ExecutionContext.RunInternal(ExecutionContext executionContext, ContextCallback callback, Object state, Boolean preserveSyncCtx)
   在 System.Threading.ExecutionContext.Run(ExecutionContext executionContext, ContextCallback callback, Object state, Boolean preserveSyncCtx)
   在 System.Threading.QueueUserWorkItemCallback.System.Threading.IThreadPoolWorkItem.ExecuteWorkItem()
   在 System.Threading.ThreadPoolWorkQueue.Dispatch()
	
[2015-03-23 06:50:34.110 GMT    87	WARNING	101217	Scheduler.WorkItemGroup	127.0.0.1:11111]	Enqueuing task System.Threading.Tasks.Task to a stopped work item group. Going to ignore and not execute it. WorkItemGroup:Name=[Activation: S127.0.0.1:11111:164789203*grn/9C20D2B7/4050e991@26fdd092 #GrainType=Orleans.EventSourcing.SimpleGrain.TransferTransaction],State=Shutdown. Currently QueuedWorkItems=0; Total EnQueued=49; Total processed=49; Quantum expirations=0; TaskRunner=ActivationTaskScheduler-1197:Queued=0; SchedulingContext=[Activation: S127.0.0.1:11111:164789203*grn/9C20D2B7/4050e991@26fdd092 #GrainType=Orleans.EventSourcing.SimpleGrain.TransferTransaction State=Invalid]
 Called from    在 Orleans.Runtime.Scheduler.WorkItemGroup.ReportWorkGroupProblemWithBacktrace(String what, ErrorCode errorCode)
   在 Orleans.Runtime.Scheduler.WorkItemGroup.EnqueueTask(Task task)
   在 Orleans.Runtime.Scheduler.ActivationTaskScheduler.QueueTask(Task task)
   在 System.Threading.Tasks.TaskContinuation.InlineIfPossibleOrElseQueue(Task task, Boolean needsProtection)
   在 System.Threading.Tasks.TaskSchedulerAwaitTaskContinuation.Run(Task ignored, Boolean canInlineContinuationTask)
   在 System.Threading.Tasks.Task.FinishContinuations()
   在 System.Threading.Tasks.Task`1.TrySetResult(TResult result)
   在 System.Threading.Tasks.TaskCompletionSource`1.SetResult(TResult result)
   在 Orleans.Storage.Couchbase.GrainStateCouchbaseDataManager.<>c__DisplayClass1f.<WriteAsync>b__1e(Object state)
   在 System.Threading.ExecutionContext.RunInternal(ExecutionContext executionContext, ContextCallback callback, Object state, Boolean preserveSyncCtx)
   在 System.Threading.ExecutionContext.Run(ExecutionContext executionContext, ContextCallback callback, Object state, Boolean preserveSyncCtx)
   在 System.Threading.QueueUserWorkItemCallback.System.Threading.IThreadPoolWorkItem.ExecuteWorkItem()
   在 System.Threading.ThreadPoolWorkQueue.Dispatch()
	
[2015-03-23 06:50:36.400 GMT    83	WARNING	101217	Scheduler.WorkItemGroup	127.0.0.1:11111]	Enqueuing task System.Threading.Tasks.Task to a stopped work item group. Going to ignore and not execute it. WorkItemGroup:Name=[Activation: S127.0.0.1:11111:164789203*grn/9C20D2B7/7276ac92@68642b87 #GrainType=Orleans.EventSourcing.SimpleGrain.TransferTransaction],State=Shutdown. Currently QueuedWorkItems=0; Total EnQueued=49; Total processed=49; Quantum expirations=0; TaskRunner=ActivationTaskScheduler-1221:Queued=0; SchedulingContext=[Activation: S127.0.0.1:11111:164789203*grn/9C20D2B7/7276ac92@68642b87 #GrainType=Orleans.EventSourcing.SimpleGrain.TransferTransaction State=Invalid]
 Called from    在 Orleans.Runtime.Scheduler.WorkItemGroup.ReportWorkGroupProblemWithBacktrace(String what, ErrorCode errorCode)
   在 Orleans.Runtime.Scheduler.WorkItemGroup.EnqueueTask(Task task)
   在 Orleans.Runtime.Scheduler.ActivationTaskScheduler.QueueTask(Task task)
   在 System.Threading.Tasks.TaskContinuation.InlineIfPossibleOrElseQueue(Task task, Boolean needsProtection)
   在 System.Threading.Tasks.TaskSchedulerAwaitTaskContinuation.Run(Task ignored, Boolean canInlineContinuationTask)
   在 System.Threading.Tasks.Task.FinishContinuations()
   在 System.Threading.Tasks.Task`1.TrySetResult(TResult result)
   在 System.Threading.Tasks.TaskCompletionSource`1.SetResult(TResult result)
   在 Orleans.Storage.Couchbase.GrainStateCouchbaseDataManager.<>c__DisplayClass1f.<WriteAsync>b__1e(Object state)
   在 System.Threading.ExecutionContext.RunInternal(ExecutionContext executionContext, ContextCallback callback, Object state, Boolean preserveSyncCtx)
   在 System.Threading.ExecutionContext.Run(ExecutionContext executionContext, ContextCallback callback, Object state, Boolean preserveSyncCtx)
   在 System.Threading.QueueUserWorkItemCallback.System.Threading.IThreadPoolWorkItem.ExecuteWorkItem()
   在 System.Threading.ThreadPoolWorkQueue.Dispatch()
	
[2015-03-23 06:50:39.393 GMT    21	WARNING	101220	Scheduler.WorkItemGroup	127.0.0.1:11111]	WorkItemGroup is being stoped while still active. workItemCount = 1 WorkItemGroup:Name=[Activation: S127.0.0.1:11111:164789203*grn/9C20D2B7/ef8d8aa1@92d76980 #GrainType=Orleans.EventSourcing.SimpleGrain.TransferTransaction],State=Running. Currently QueuedWorkItems=1; Total EnQueued=50; Total processed=48; Quantum expirations=0; TaskRunner=ActivationTaskScheduler-1256:Queued=1; SchedulingContext=[Activation: S127.0.0.1:11111:164789203*grn/9C20D2B7/ef8d8aa1@92d76980 #GrainType=Orleans.EventSourcing.SimpleGrain.TransferTransaction State=Invalid]
 Called from    在 Orleans.Runtime.Scheduler.WorkItemGroup.ReportWorkGroupProblemWithBacktrace(String what, ErrorCode errorCode)
   在 Orleans.Runtime.Scheduler.WorkItemGroup.Stop()
   在 Orleans.Runtime.Scheduler.OrleansTaskScheduler.UnregisterWorkContext(ISchedulingContext context)
   在 Orleans.Runtime.Catalog.UnregisterMessageTarget(ActivationData activation)
   在 Orleans.Runtime.Catalog.<DestroyActivations>d__5b.MoveNext()
   在 System.Threading.ExecutionContext.RunInternal(ExecutionContext executionContext, ContextCallback callback, Object state, Boolean preserveSyncCtx)
   在 System.Threading.ExecutionContext.Run(ExecutionContext executionContext, ContextCallback callback, Object state, Boolean preserveSyncCtx)
   在 System.Runtime.CompilerServices.AsyncMethodBuilderCore.MoveNextRunner.Run()
   在 System.Threading.Tasks.TaskSchedulerAwaitTaskContinuation.<Run>b__0(Object state)
   在 System.Threading.Tasks.Task.Execute()
   在 System.Threading.Tasks.Task.ExecuteWithThreadLocal(Task& currentTaskSlot)
   在 System.Threading.Tasks.Task.ExecuteEntry(Boolean bPreventDoubleExecution)
   在 Orleans.Runtime.Scheduler.ActivationTaskScheduler.RunTask(Task task)
   在 Orleans.Runtime.Scheduler.WorkItemGroup.Execute()
   在 Orleans.Runtime.Scheduler.WorkerPoolThread.Run()
   在 Orleans.Runtime.AsynchAgent.AgentThreadProc(Object obj)
   在 System.Threading.ExecutionContext.RunInternal(ExecutionContext executionContext, ContextCallback callback, Object state, Boolean preserveSyncCtx)
   在 System.Threading.ExecutionContext.Run(ExecutionContext executionContext, ContextCallback callback, Object state, Boolean preserveSyncCtx)
   在 System.Threading.ExecutionContext.Run(ExecutionContext executionContext, ContextCallback callback, Object state)
   在 System.Threading.ThreadHelper.ThreadStart(Object obj)
	
[2015-03-23 06:50:39.611 GMT    83	WARNING	101217	Scheduler.WorkItemGroup	127.0.0.1:11111]	Enqueuing task System.Threading.Tasks.Task to a stopped work item group. Going to ignore and not execute it. WorkItemGroup:Name=[Activation: S127.0.0.1:11111:164789203*grn/9C20D2B7/5ac4cdbd@e59adaba #GrainType=Orleans.EventSourcing.SimpleGrain.TransferTransaction],State=Shutdown. Currently QueuedWorkItems=0; Total EnQueued=49; Total processed=49; Quantum expirations=0; TaskRunner=ActivationTaskScheduler-1258:Queued=0; SchedulingContext=[Activation: S127.0.0.1:11111:164789203*grn/9C20D2B7/5ac4cdbd@e59adaba #GrainType=Orleans.EventSourcing.SimpleGrain.TransferTransaction State=Invalid]
 Called from    在 Orleans.Runtime.Scheduler.WorkItemGroup.ReportWorkGroupProblemWithBacktrace(String what, ErrorCode errorCode)
   在 Orleans.Runtime.Scheduler.WorkItemGroup.EnqueueTask(Task task)
   在 Orleans.Runtime.Scheduler.ActivationTaskScheduler.QueueTask(Task task)
   在 System.Threading.Tasks.TaskContinuation.InlineIfPossibleOrElseQueue(Task task, Boolean needsProtection)
   在 System.Threading.Tasks.TaskSchedulerAwaitTaskContinuation.Run(Task ignored, Boolean canInlineContinuationTask)
   在 System.Threading.Tasks.Task.FinishContinuations()
   在 System.Threading.Tasks.Task`1.TrySetResult(TResult result)
   在 System.Threading.Tasks.TaskCompletionSource`1.SetResult(TResult result)
   在 Orleans.Storage.Couchbase.GrainStateCouchbaseDataManager.<>c__DisplayClass1f.<WriteAsync>b__1e(Object state)
   在 System.Threading.ExecutionContext.RunInternal(ExecutionContext executionContext, ContextCallback callback, Object state, Boolean preserveSyncCtx)
   在 System.Threading.ExecutionContext.Run(ExecutionContext executionContext, ContextCallback callback, Object state, Boolean preserveSyncCtx)
   在 System.Threading.QueueUserWorkItemCallback.System.Threading.IThreadPoolWorkItem.ExecuteWorkItem()
   在 System.Threading.ThreadPoolWorkQueue.Dispatch()
	
[2015-03-23 06:50:41.196 GMT    87	WARNING	101217	Scheduler.WorkItemGroup	127.0.0.1:11111]	Enqueuing task System.Threading.Tasks.Task to a stopped work item group. Going to ignore and not execute it. WorkItemGroup:Name=[Activation: S127.0.0.1:11111:164789203*grn/9C20D2B7/2d121fb5@ece9ef81 #GrainType=Orleans.EventSourcing.SimpleGrain.TransferTransaction],State=Shutdown. Currently QueuedWorkItems=0; Total EnQueued=50; Total processed=50; Quantum expirations=0; TaskRunner=ActivationTaskScheduler-1278:Queued=0; SchedulingContext=[Activation: S127.0.0.1:11111:164789203*grn/9C20D2B7/2d121fb5@ece9ef81 #GrainType=Orleans.EventSourcing.SimpleGrain.TransferTransaction State=Invalid]
 Called from    在 Orleans.Runtime.Scheduler.WorkItemGroup.ReportWorkGroupProblemWithBacktrace(String what, ErrorCode errorCode)
   在 Orleans.Runtime.Scheduler.WorkItemGroup.EnqueueTask(Task task)
   在 Orleans.Runtime.Scheduler.ActivationTaskScheduler.QueueTask(Task task)
   在 System.Threading.Tasks.TaskContinuation.InlineIfPossibleOrElseQueue(Task task, Boolean needsProtection)
   在 System.Threading.Tasks.TaskSchedulerAwaitTaskContinuation.Run(Task ignored, Boolean canInlineContinuationTask)
   在 System.Threading.Tasks.Task.FinishContinuations()
   在 System.Threading.Tasks.Task`1.TrySetResult(TResult result)
   在 System.Threading.Tasks.TaskCompletionSource`1.SetResult(TResult result)
   在 Orleans.Storage.Couchbase.GrainStateCouchbaseDataManager.<>c__DisplayClass1f.<WriteAsync>b__1e(Object state)
   在 System.Threading.ExecutionContext.RunInternal(ExecutionContext executionContext, ContextCallback callback, Object state, Boolean preserveSyncCtx)
   在 System.Threading.ExecutionContext.Run(ExecutionContext executionContext, ContextCallback callback, Object state, Boolean preserveSyncCtx)
   在 System.Threading.QueueUserWorkItemCallback.System.Threading.IThreadPoolWorkItem.ExecuteWorkItem()
   在 System.Threading.ThreadPoolWorkQueue.Dispatch()
	
[2015-03-23 06:50:45.134 GMT    23	WARNING	101220	Scheduler.WorkItemGroup	127.0.0.1:11111]	WorkItemGroup is being stoped while still active. workItemCount = 1 WorkItemGroup:Name=[Activation: S127.0.0.1:11111:164789203*grn/9C20D2B7/7f0d7787@3be76383 #GrainType=Orleans.EventSourcing.SimpleGrain.TransferTransaction],State=Running. Currently QueuedWorkItems=1; Total EnQueued=51; Total processed=49; Quantum expirations=0; TaskRunner=ActivationTaskScheduler-1323:Queued=1; SchedulingContext=[Activation: S127.0.0.1:11111:164789203*grn/9C20D2B7/7f0d7787@3be76383 #GrainType=Orleans.EventSourcing.SimpleGrain.TransferTransaction State=Invalid]
 Called from    在 Orleans.Runtime.Scheduler.WorkItemGroup.ReportWorkGroupProblemWithBacktrace(String what, ErrorCode errorCode)
   在 Orleans.Runtime.Scheduler.WorkItemGroup.Stop()
   在 Orleans.Runtime.Scheduler.OrleansTaskScheduler.UnregisterWorkContext(ISchedulingContext context)
   在 Orleans.Runtime.Catalog.UnregisterMessageTarget(ActivationData activation)
   在 Orleans.Runtime.Catalog.<DestroyActivations>d__5b.MoveNext()
   在 System.Threading.ExecutionContext.RunInternal(ExecutionContext executionContext, ContextCallback callback, Object state, Boolean preserveSyncCtx)
   在 System.Threading.ExecutionContext.Run(ExecutionContext executionContext, ContextCallback callback, Object state, Boolean preserveSyncCtx)
   在 System.Runtime.CompilerServices.AsyncMethodBuilderCore.MoveNextRunner.Run()
   在 System.Threading.Tasks.TaskSchedulerAwaitTaskContinuation.<Run>b__0(Object state)
   在 System.Threading.Tasks.Task.Execute()
   在 System.Threading.Tasks.Task.ExecuteWithThreadLocal(Task& currentTaskSlot)
   在 System.Threading.Tasks.Task.ExecuteEntry(Boolean bPreventDoubleExecution)
   在 Orleans.Runtime.Scheduler.ActivationTaskScheduler.RunTask(Task task)
   在 Orleans.Runtime.Scheduler.WorkItemGroup.Execute()
   在 Orleans.Runtime.Scheduler.WorkerPoolThread.Run()
   在 Orleans.Runtime.AsynchAgent.AgentThreadProc(Object obj)
   在 System.Threading.ExecutionContext.RunInternal(ExecutionContext executionContext, ContextCallback callback, Object state, Boolean preserveSyncCtx)
   在 System.Threading.ExecutionContext.Run(ExecutionContext executionContext, ContextCallback callback, Object state, Boolean preserveSyncCtx)
   在 System.Threading.ExecutionContext.Run(ExecutionContext executionContext, ContextCallback callback, Object state)
   在 System.Threading.ThreadHelper.ThreadStart(Object obj)
	
[2015-03-23 06:50:47.393 GMT    19	WARNING	101220	Scheduler.WorkItemGroup	127.0.0.1:11111]	WorkItemGroup is being stoped while still active. workItemCount = 1 WorkItemGroup:Name=[Activation: S127.0.0.1:11111:164789203*grn/9C20D2B7/92b0d6be@8715e6b6 #GrainType=Orleans.EventSourcing.SimpleGrain.TransferTransaction],State=Running. Currently QueuedWorkItems=1; Total EnQueued=50; Total processed=48; Quantum expirations=0; TaskRunner=ActivationTaskScheduler-1353:Queued=1; SchedulingContext=[Activation: S127.0.0.1:11111:164789203*grn/9C20D2B7/92b0d6be@8715e6b6 #GrainType=Orleans.EventSourcing.SimpleGrain.TransferTransaction State=Invalid]
 Called from    在 Orleans.Runtime.Scheduler.WorkItemGroup.ReportWorkGroupProblemWithBacktrace(String what, ErrorCode errorCode)
   在 Orleans.Runtime.Scheduler.WorkItemGroup.Stop()
   在 Orleans.Runtime.Scheduler.OrleansTaskScheduler.UnregisterWorkContext(ISchedulingContext context)
   在 Orleans.Runtime.Catalog.UnregisterMessageTarget(ActivationData activation)
   在 Orleans.Runtime.Catalog.<DestroyActivations>d__5b.MoveNext()
   在 System.Threading.ExecutionContext.RunInternal(ExecutionContext executionContext, ContextCallback callback, Object state, Boolean preserveSyncCtx)
   在 System.Threading.ExecutionContext.Run(ExecutionContext executionContext, ContextCallback callback, Object state, Boolean preserveSyncCtx)
   在 System.Runtime.CompilerServices.AsyncMethodBuilderCore.MoveNextRunner.Run()
   在 System.Threading.Tasks.TaskSchedulerAwaitTaskContinuation.<Run>b__0(Object state)
   在 System.Threading.Tasks.Task.Execute()
   在 System.Threading.Tasks.Task.ExecuteWithThreadLocal(Task& currentTaskSlot)
   在 System.Threading.Tasks.Task.ExecuteEntry(Boolean bPreventDoubleExecution)
   在 Orleans.Runtime.Scheduler.ActivationTaskScheduler.RunTask(Task task)
   在 Orleans.Runtime.Scheduler.WorkItemGroup.Execute()
   在 Orleans.Runtime.Scheduler.WorkerPoolThread.Run()
   在 Orleans.Runtime.AsynchAgent.AgentThreadProc(Object obj)
   在 System.Threading.ExecutionContext.RunInternal(ExecutionContext executionContext, ContextCallback callback, Object state, Boolean preserveSyncCtx)
   在 System.Threading.ExecutionContext.Run(ExecutionContext executionContext, ContextCallback callback, Object state, Boolean preserveSyncCtx)
   在 System.Threading.ExecutionContext.Run(ExecutionContext executionContext, ContextCallback callback, Object state)
   在 System.Threading.ThreadHelper.ThreadStart(Object obj)
	
[2015-03-23 06:50:47.625 GMT    14	WARNING	101220	Scheduler.WorkItemGroup	127.0.0.1:11111]	WorkItemGroup is being stoped while still active. workItemCount = 1 WorkItemGroup:Name=[Activation: S127.0.0.1:11111:164789203*grn/9C20D2B7/1680c6a8@074a8f94 #GrainType=Orleans.EventSourcing.SimpleGrain.TransferTransaction],State=Running. Currently QueuedWorkItems=1; Total EnQueued=50; Total processed=48; Quantum expirations=0; TaskRunner=ActivationTaskScheduler-1356:Queued=1; SchedulingContext=[Activation: S127.0.0.1:11111:164789203*grn/9C20D2B7/1680c6a8@074a8f94 #GrainType=Orleans.EventSourcing.SimpleGrain.TransferTransaction State=Invalid]
 Called from    在 Orleans.Runtime.Scheduler.WorkItemGroup.ReportWorkGroupProblemWithBacktrace(String what, ErrorCode errorCode)
   在 Orleans.Runtime.Scheduler.WorkItemGroup.Stop()
   在 Orleans.Runtime.Scheduler.OrleansTaskScheduler.UnregisterWorkContext(ISchedulingContext context)
   在 Orleans.Runtime.Catalog.UnregisterMessageTarget(ActivationData activation)
   在 Orleans.Runtime.Catalog.<DestroyActivations>d__5b.MoveNext()
   在 System.Threading.ExecutionContext.RunInternal(ExecutionContext executionContext, ContextCallback callback, Object state, Boolean preserveSyncCtx)
   在 System.Threading.ExecutionContext.Run(ExecutionContext executionContext, ContextCallback callback, Object state, Boolean preserveSyncCtx)
   在 System.Runtime.CompilerServices.AsyncMethodBuilderCore.MoveNextRunner.Run()
   在 System.Threading.Tasks.TaskSchedulerAwaitTaskContinuation.<Run>b__0(Object state)
   在 System.Threading.Tasks.Task.Execute()
   在 System.Threading.Tasks.Task.ExecuteWithThreadLocal(Task& currentTaskSlot)
   在 System.Threading.Tasks.Task.ExecuteEntry(Boolean bPreventDoubleExecution)
   在 Orleans.Runtime.Scheduler.ActivationTaskScheduler.RunTask(Task task)
   在 Orleans.Runtime.Scheduler.WorkItemGroup.Execute()
   在 Orleans.Runtime.Scheduler.WorkerPoolThread.Run()
   在 Orleans.Runtime.AsynchAgent.AgentThreadProc(Object obj)
   在 System.Threading.ExecutionContext.RunInternal(ExecutionContext executionContext, ContextCallback callback, Object state, Boolean preserveSyncCtx)
   在 System.Threading.ExecutionContext.Run(ExecutionContext executionContext, ContextCallback callback, Object state, Boolean preserveSyncCtx)
   在 System.Threading.ExecutionContext.Run(ExecutionContext executionContext, ContextCallback callback, Object state)
   在 System.Threading.ThreadHelper.ThreadStart(Object obj)
	
[2015-03-23 06:50:49.372 GMT    20	WARNING	101220	Scheduler.WorkItemGroup	127.0.0.1:11111]	WorkItemGroup is being stoped while still active. workItemCount = 1 WorkItemGroup:Name=[Activation: S127.0.0.1:11111:164789203*grn/9C20D2B7/8ce2d68b@43f9089d #GrainType=Orleans.EventSourcing.SimpleGrain.TransferTransaction],State=Running. Currently QueuedWorkItems=1; Total EnQueued=51; Total processed=49; Quantum expirations=0; TaskRunner=ActivationTaskScheduler-1376:Queued=1; SchedulingContext=[Activation: S127.0.0.1:11111:164789203*grn/9C20D2B7/8ce2d68b@43f9089d #GrainType=Orleans.EventSourcing.SimpleGrain.TransferTransaction State=Invalid]
 Called from    在 Orleans.Runtime.Scheduler.WorkItemGroup.ReportWorkGroupProblemWithBacktrace(String what, ErrorCode errorCode)
   在 Orleans.Runtime.Scheduler.WorkItemGroup.Stop()
   在 Orleans.Runtime.Scheduler.OrleansTaskScheduler.UnregisterWorkContext(ISchedulingContext context)
   在 Orleans.Runtime.Catalog.UnregisterMessageTarget(ActivationData activation)
   在 Orleans.Runtime.Catalog.<DestroyActivations>d__5b.MoveNext()
   在 System.Threading.ExecutionContext.RunInternal(ExecutionContext executionContext, ContextCallback callback, Object state, Boolean preserveSyncCtx)
   在 System.Threading.ExecutionContext.Run(ExecutionContext executionContext, ContextCallback callback, Object state, Boolean preserveSyncCtx)
   在 System.Runtime.CompilerServices.AsyncMethodBuilderCore.MoveNextRunner.Run()
   在 System.Threading.Tasks.TaskSchedulerAwaitTaskContinuation.<Run>b__0(Object state)
   在 System.Threading.Tasks.Task.Execute()
   在 System.Threading.Tasks.Task.ExecuteWithThreadLocal(Task& currentTaskSlot)
   在 System.Threading.Tasks.Task.ExecuteEntry(Boolean bPreventDoubleExecution)
   在 Orleans.Runtime.Scheduler.ActivationTaskScheduler.RunTask(Task task)
   在 Orleans.Runtime.Scheduler.WorkItemGroup.Execute()
   在 Orleans.Runtime.Scheduler.WorkerPoolThread.Run()
   在 Orleans.Runtime.AsynchAgent.AgentThreadProc(Object obj)
   在 System.Threading.ExecutionContext.RunInternal(ExecutionContext executionContext, ContextCallback callback, Object state, Boolean preserveSyncCtx)
   在 System.Threading.ExecutionContext.Run(ExecutionContext executionContext, ContextCallback callback, Object state, Boolean preserveSyncCtx)
   在 System.Threading.ExecutionContext.Run(ExecutionContext executionContext, ContextCallback callback, Object state)
   在 System.Threading.ThreadHelper.ThreadStart(Object obj)
	
[2015-03-23 06:51:32.551 GMT    37	INFO   	601217	Scheduler.WorkItemGroup	127.0.0.1:11111]	Log code 101217 occurred 26 additional times in the previous 00:01:00.1084380	
[2015-03-23 06:51:32.711 GMT    37	INFO   	601215	Scheduler.WorkItemGroup	127.0.0.1:11111]	Log code 101215 occurred 22 additional times in the previous 00:01:00.1084380	
[2015-03-23 06:51:32.717 GMT    16	WARNING	101215	Scheduler.WorkItemGroup	127.0.0.1:11111]	Task [Id=77, Status=RanToCompletion] in WorkGroup [Activation: S127.0.0.1:11111:164789203*grn/F15F7B6B/e682cc98@7f608d86 #GrainType=Orleans.EventSourcing.SimpleGrain.BankAccount State=Valid] took elapsed time 0:00:00.2751029 for execution, which is longer than 00:00:00.2000000. Running on thread <Runtime.Scheduler.WorkerPoolThread/5, ManagedThreadId=16, Executing Task Id=77 Status=RanToCompletion for 00:00:00.2750158>	
[2015-03-23 06:51:32.717 GMT    13	WARNING	101215	Scheduler.WorkItemGroup	127.0.0.1:11111]	Task [Id=76, Status=RanToCompletion] in WorkGroup [Activation: S127.0.0.1:11111:164789203*grn/9C20D2B7/0a51e88d@542cf3af #GrainType=Orleans.EventSourcing.SimpleGrain.TransferTransaction State=Valid] took elapsed time 0:00:00.2181543 for execution, which is longer than 00:00:00.2000000. Running on thread <Runtime.Scheduler.WorkerPoolThread/2, ManagedThreadId=13, Executing Task Id=76 Status=RanToCompletion for 00:00:00.2180125>	
[2015-03-23 06:51:32.806 GMT    37	INFO   	601220	Scheduler.WorkItemGroup	127.0.0.1:11111]	Log code 101220 occurred 15 additional times in the previous 00:01:00.1084380	
[2015-03-23 06:51:32.964 GMT    12	WARNING	101215	Scheduler.WorkItemGroup	127.0.0.1:11111]	Task [Id=78, Status=RanToCompletion] in WorkGroup [Activation: S127.0.0.1:11111:164789203*grn/64BA1302/00000001@7d58de9a #GrainType=Orleans.EventSourcing.SimpleGrain.TransferTransactionProcessManager MultiActivationGrain State=Valid] took elapsed time 0:00:00.2051335 for execution, which is longer than 00:00:00.2000000. Running on thread <Runtime.Scheduler.WorkerPoolThread/1, ManagedThreadId=12, Executing Task Id=78 Status=RanToCompletion for 00:00:00.2050118>	
[2015-03-23 06:51:33.287 GMT    37	WARNING	101217	Scheduler.WorkItemGroup	127.0.0.1:11111]	Enqueuing task System.Threading.Tasks.Task to a stopped work item group. Going to ignore and not execute it. WorkItemGroup:Name=[Activation: S127.0.0.1:11111:164789203*grn/9C20D2B7/804867b3@b7af3095 #GrainType=Orleans.EventSourcing.SimpleGrain.TransferTransaction],State=Shutdown. Currently QueuedWorkItems=0; Total EnQueued=50; Total processed=50; Quantum expirations=0; TaskRunner=ActivationTaskScheduler-1840:Queued=0; SchedulingContext=[Activation: S127.0.0.1:11111:164789203*grn/9C20D2B7/804867b3@b7af3095 #GrainType=Orleans.EventSourcing.SimpleGrain.TransferTransaction State=Invalid]
 Called from    在 Orleans.Runtime.Scheduler.WorkItemGroup.ReportWorkGroupProblemWithBacktrace(String what, ErrorCode errorCode)
   在 Orleans.Runtime.Scheduler.WorkItemGroup.EnqueueTask(Task task)
   在 Orleans.Runtime.Scheduler.ActivationTaskScheduler.QueueTask(Task task)
   在 System.Threading.Tasks.TaskContinuation.InlineIfPossibleOrElseQueue(Task task, Boolean needsProtection)
   在 System.Threading.Tasks.TaskSchedulerAwaitTaskContinuation.Run(Task ignored, Boolean canInlineContinuationTask)
   在 System.Threading.Tasks.Task.FinishContinuations()
   在 System.Threading.Tasks.Task`1.TrySetResult(TResult result)
   在 System.Threading.Tasks.TaskCompletionSource`1.SetResult(TResult result)
   在 Orleans.Storage.Couchbase.GrainStateCouchbaseDataManager.<>c__DisplayClass1f.<WriteAsync>b__1e(Object state)
   在 System.Threading.ExecutionContext.RunInternal(ExecutionContext executionContext, ContextCallback callback, Object state, Boolean preserveSyncCtx)
   在 System.Threading.ExecutionContext.Run(ExecutionContext executionContext, ContextCallback callback, Object state, Boolean preserveSyncCtx)
   在 System.Threading.QueueUserWorkItemCallback.System.Threading.IThreadPoolWorkItem.ExecuteWorkItem()
   在 System.Threading.ThreadPoolWorkQueue.Dispatch()
	
[2015-03-23 06:51:33.291 GMT    17	WARNING	101215	Scheduler.WorkItemGroup	127.0.0.1:11111]	Task [Id=79, Status=RanToCompletion] in WorkGroup [Activation: S127.0.0.1:11111:164789203*grn/9C20D2B7/21fd408e@e844c59c #GrainType=Orleans.EventSourcing.SimpleGrain.TransferTransaction State=Valid] took elapsed time 0:00:00.4264273 for execution, which is longer than 00:00:00.2000000. Running on thread <Runtime.Scheduler.WorkerPoolThread/6, ManagedThreadId=17, Executing Task Id=79 Status=RanToCompletion for 00:00:00.4260244>	
[2015-03-23 06:51:33.294 GMT    23	WARNING	101215	Scheduler.WorkItemGroup	127.0.0.1:11111]	Task [Id=80, Status=RanToCompletion] in WorkGroup [Activation: S127.0.0.1:11111:164789203*grn/F15F7B6B/845dd7be@734e57b9 #GrainType=Orleans.EventSourcing.SimpleGrain.BankAccount State=Valid] took elapsed time 0:00:00.4684556 for execution, which is longer than 00:00:00.2000000. Running on thread <Runtime.Scheduler.WorkerPoolThread/12, ManagedThreadId=23, Executing Task Id=80 Status=RanToCompletion for 00:00:00.4690268>	
[2015-03-23 06:51:35.129 GMT    87	WARNING	101217	Scheduler.WorkItemGroup	127.0.0.1:11111]	Enqueuing task System.Threading.Tasks.Task to a stopped work item group. Going to ignore and not execute it. WorkItemGroup:Name=[Activation: S127.0.0.1:11111:164789203*grn/9C20D2B7/ae894386@7bff8092 #GrainType=Orleans.EventSourcing.SimpleGrain.TransferTransaction],State=Shutdown. Currently QueuedWorkItems=0; Total EnQueued=50; Total processed=50; Quantum expirations=0; TaskRunner=ActivationTaskScheduler-1862:Queued=0; SchedulingContext=[Activation: S127.0.0.1:11111:164789203*grn/9C20D2B7/ae894386@7bff8092 #GrainType=Orleans.EventSourcing.SimpleGrain.TransferTransaction State=Invalid]
 Called from    在 Orleans.Runtime.Scheduler.WorkItemGroup.ReportWorkGroupProblemWithBacktrace(String what, ErrorCode errorCode)
   在 Orleans.Runtime.Scheduler.WorkItemGroup.EnqueueTask(Task task)
   在 Orleans.Runtime.Scheduler.ActivationTaskScheduler.QueueTask(Task task)
   在 System.Threading.Tasks.TaskContinuation.InlineIfPossibleOrElseQueue(Task task, Boolean needsProtection)
   在 System.Threading.Tasks.TaskSchedulerAwaitTaskContinuation.Run(Task ignored, Boolean canInlineContinuationTask)
   在 System.Threading.Tasks.Task.FinishContinuations()
   在 System.Threading.Tasks.Task`1.TrySetResult(TResult result)
   在 System.Threading.Tasks.TaskCompletionSource`1.SetResult(TResult result)
   在 Orleans.Storage.Couchbase.GrainStateCouchbaseDataManager.<>c__DisplayClass1f.<WriteAsync>b__1e(Object state)
   在 System.Threading.ExecutionContext.RunInternal(ExecutionContext executionContext, ContextCallback callback, Object state, Boolean preserveSyncCtx)
   在 System.Threading.ExecutionContext.Run(ExecutionContext executionContext, ContextCallback callback, Object state, Boolean preserveSyncCtx)
   在 System.Threading.QueueUserWorkItemCallback.System.Threading.IThreadPoolWorkItem.ExecuteWorkItem()
   在 System.Threading.ThreadPoolWorkQueue.Dispatch()
	
[2015-03-23 06:51:35.970 GMT    87	WARNING	101217	Scheduler.WorkItemGroup	127.0.0.1:11111]	Enqueuing task System.Threading.Tasks.Task to a stopped work item group. Going to ignore and not execute it. WorkItemGroup:Name=[Activation: S127.0.0.1:11111:164789203*grn/9C20D2B7/622737a9@933eb483 #GrainType=Orleans.EventSourcing.SimpleGrain.TransferTransaction],State=Shutdown. Currently QueuedWorkItems=0; Total EnQueued=50; Total processed=50; Quantum expirations=0; TaskRunner=ActivationTaskScheduler-1871:Queued=0; SchedulingContext=[Activation: S127.0.0.1:11111:164789203*grn/9C20D2B7/622737a9@933eb483 #GrainType=Orleans.EventSourcing.SimpleGrain.TransferTransaction State=Invalid]
 Called from    在 Orleans.Runtime.Scheduler.WorkItemGroup.ReportWorkGroupProblemWithBacktrace(String what, ErrorCode errorCode)
   在 Orleans.Runtime.Scheduler.WorkItemGroup.EnqueueTask(Task task)
   在 Orleans.Runtime.Scheduler.ActivationTaskScheduler.QueueTask(Task task)
   在 System.Threading.Tasks.TaskContinuation.InlineIfPossibleOrElseQueue(Task task, Boolean needsProtection)
   在 System.Threading.Tasks.TaskSchedulerAwaitTaskContinuation.Run(Task ignored, Boolean canInlineContinuationTask)
   在 System.Threading.Tasks.Task.FinishContinuations()
   在 System.Threading.Tasks.Task`1.TrySetResult(TResult result)
   在 System.Threading.Tasks.TaskCompletionSource`1.SetResult(TResult result)
   在 Orleans.Storage.Couchbase.GrainStateCouchbaseDataManager.<>c__DisplayClass1f.<WriteAsync>b__1e(Object state)
   在 System.Threading.ExecutionContext.RunInternal(ExecutionContext executionContext, ContextCallback callback, Object state, Boolean preserveSyncCtx)
   在 System.Threading.ExecutionContext.Run(ExecutionContext executionContext, ContextCallback callback, Object state, Boolean preserveSyncCtx)
   在 System.Threading.QueueUserWorkItemCallback.System.Threading.IThreadPoolWorkItem.ExecuteWorkItem()
   在 System.Threading.ThreadPoolWorkQueue.Dispatch()
	
[2015-03-23 06:51:36.108 GMT    87	WARNING	101217	Scheduler.WorkItemGroup	127.0.0.1:11111]	Enqueuing task System.Threading.Tasks.Task to a stopped work item group. Going to ignore and not execute it. WorkItemGroup:Name=[Activation: S127.0.0.1:11111:164789203*grn/9C20D2B7/fab5388a@1171c287 #GrainType=Orleans.EventSourcing.SimpleGrain.TransferTransaction],State=Shutdown. Currently QueuedWorkItems=0; Total EnQueued=50; Total processed=50; Quantum expirations=0; TaskRunner=ActivationTaskScheduler-1873:Queued=0; SchedulingContext=[Activation: S127.0.0.1:11111:164789203*grn/9C20D2B7/fab5388a@1171c287 #GrainType=Orleans.EventSourcing.SimpleGrain.TransferTransaction State=Invalid]
 Called from    在 Orleans.Runtime.Scheduler.WorkItemGroup.ReportWorkGroupProblemWithBacktrace(String what, ErrorCode errorCode)
   在 Orleans.Runtime.Scheduler.WorkItemGroup.EnqueueTask(Task task)
   在 Orleans.Runtime.Scheduler.ActivationTaskScheduler.QueueTask(Task task)
   在 System.Threading.Tasks.TaskContinuation.InlineIfPossibleOrElseQueue(Task task, Boolean needsProtection)
   在 System.Threading.Tasks.TaskSchedulerAwaitTaskContinuation.Run(Task ignored, Boolean canInlineContinuationTask)
   在 System.Threading.Tasks.Task.FinishContinuations()
   在 System.Threading.Tasks.Task`1.TrySetResult(TResult result)
   在 System.Threading.Tasks.TaskCompletionSource`1.SetResult(TResult result)
   在 Orleans.Storage.Couchbase.GrainStateCouchbaseDataManager.<>c__DisplayClass1f.<WriteAsync>b__1e(Object state)
   在 System.Threading.ExecutionContext.RunInternal(ExecutionContext executionContext, ContextCallback callback, Object state, Boolean preserveSyncCtx)
   在 System.Threading.ExecutionContext.Run(ExecutionContext executionContext, ContextCallback callback, Object state, Boolean preserveSyncCtx)
   在 System.Threading.QueueUserWorkItemCallback.System.Threading.IThreadPoolWorkItem.ExecuteWorkItem()
   在 System.Threading.ThreadPoolWorkQueue.Dispatch()
	
[2015-03-23 06:51:37.555 GMT    16	WARNING	101220	Scheduler.WorkItemGroup	127.0.0.1:11111]	WorkItemGroup is being stoped while still active. workItemCount = 1 WorkItemGroup:Name=[Activation: S127.0.0.1:11111:164789203*grn/9C20D2B7/4e80b0a4@c4d6559b #GrainType=Orleans.EventSourcing.SimpleGrain.TransferTransaction],State=Running. Currently QueuedWorkItems=1; Total EnQueued=51; Total processed=49; Quantum expirations=0; TaskRunner=ActivationTaskScheduler-1889:Queued=1; SchedulingContext=[Activation: S127.0.0.1:11111:164789203*grn/9C20D2B7/4e80b0a4@c4d6559b #GrainType=Orleans.EventSourcing.SimpleGrain.TransferTransaction State=Invalid]
 Called from    在 Orleans.Runtime.Scheduler.WorkItemGroup.ReportWorkGroupProblemWithBacktrace(String what, ErrorCode errorCode)
   在 Orleans.Runtime.Scheduler.WorkItemGroup.Stop()
   在 Orleans.Runtime.Scheduler.OrleansTaskScheduler.UnregisterWorkContext(ISchedulingContext context)
   在 Orleans.Runtime.Catalog.UnregisterMessageTarget(ActivationData activation)
   在 Orleans.Runtime.Catalog.<DestroyActivations>d__5b.MoveNext()
   在 System.Threading.ExecutionContext.RunInternal(ExecutionContext executionContext, ContextCallback callback, Object state, Boolean preserveSyncCtx)
   在 System.Threading.ExecutionContext.Run(ExecutionContext executionContext, ContextCallback callback, Object state, Boolean preserveSyncCtx)
   在 System.Runtime.CompilerServices.AsyncMethodBuilderCore.MoveNextRunner.Run()
   在 System.Threading.Tasks.TaskSchedulerAwaitTaskContinuation.<Run>b__0(Object state)
   在 System.Threading.Tasks.Task.Execute()
   在 System.Threading.Tasks.Task.ExecuteWithThreadLocal(Task& currentTaskSlot)
   在 System.Threading.Tasks.Task.ExecuteEntry(Boolean bPreventDoubleExecution)
   在 Orleans.Runtime.Scheduler.ActivationTaskScheduler.RunTask(Task task)
   在 Orleans.Runtime.Scheduler.WorkItemGroup.Execute()
   在 Orleans.Runtime.Scheduler.WorkerPoolThread.Run()
   在 Orleans.Runtime.AsynchAgent.AgentThreadProc(Object obj)
   在 System.Threading.ExecutionContext.RunInternal(ExecutionContext executionContext, ContextCallback callback, Object state, Boolean preserveSyncCtx)
   在 System.Threading.ExecutionContext.Run(ExecutionContext executionContext, ContextCallback callback, Object state, Boolean preserveSyncCtx)
   在 System.Threading.ExecutionContext.Run(ExecutionContext executionContext, ContextCallback callback, Object state)
   在 System.Threading.ThreadHelper.ThreadStart(Object obj)
	
[2015-03-23 06:51:37.951 GMT    88	WARNING	101217	Scheduler.WorkItemGroup	127.0.0.1:11111]	Enqueuing task System.Threading.Tasks.Task to a stopped work item group. Going to ignore and not execute it. WorkItemGroup:Name=[Activation: S127.0.0.1:11111:164789203*grn/9C20D2B7/df698886@fdc67ab5 #GrainType=Orleans.EventSourcing.SimpleGrain.TransferTransaction],State=Shutdown. Currently QueuedWorkItems=0; Total EnQueued=49; Total processed=49; Quantum expirations=0; TaskRunner=ActivationTaskScheduler-1893:Queued=0; SchedulingContext=[Activation: S127.0.0.1:11111:164789203*grn/9C20D2B7/df698886@fdc67ab5 #GrainType=Orleans.EventSourcing.SimpleGrain.TransferTransaction State=Invalid]
 Called from    在 Orleans.Runtime.Scheduler.WorkItemGroup.ReportWorkGroupProblemWithBacktrace(String what, ErrorCode errorCode)
   在 Orleans.Runtime.Scheduler.WorkItemGroup.EnqueueTask(Task task)
   在 Orleans.Runtime.Scheduler.ActivationTaskScheduler.QueueTask(Task task)
   在 System.Threading.Tasks.TaskContinuation.InlineIfPossibleOrElseQueue(Task task, Boolean needsProtection)
   在 System.Threading.Tasks.TaskSchedulerAwaitTaskContinuation.Run(Task ignored, Boolean canInlineContinuationTask)
   在 System.Threading.Tasks.Task.FinishContinuations()
   在 System.Threading.Tasks.Task`1.TrySetResult(TResult result)
   在 System.Threading.Tasks.TaskCompletionSource`1.SetResult(TResult result)
   在 Orleans.Storage.Couchbase.GrainStateCouchbaseDataManager.<>c__DisplayClass1f.<WriteAsync>b__1e(Object state)
   在 System.Threading.ExecutionContext.RunInternal(ExecutionContext executionContext, ContextCallback callback, Object state, Boolean preserveSyncCtx)
   在 System.Threading.ExecutionContext.Run(ExecutionContext executionContext, ContextCallback callback, Object state, Boolean preserveSyncCtx)
   在 System.Threading.QueueUserWorkItemCallback.System.Threading.IThreadPoolWorkItem.ExecuteWorkItem()
   在 System.Threading.ThreadPoolWorkQueue.Dispatch()
	
[2015-03-23 06:51:42.551 GMT    17	WARNING	101220	Scheduler.WorkItemGroup	127.0.0.1:11111]	WorkItemGroup is being stoped while still active. workItemCount = 1 WorkItemGroup:Name=[Activation: S127.0.0.1:11111:164789203*grn/9C20D2B7/ec0a40b3@4c7ac598 #GrainType=Orleans.EventSourcing.SimpleGrain.TransferTransaction],State=Running. Currently QueuedWorkItems=1; Total EnQueued=50; Total processed=48; Quantum expirations=0; TaskRunner=ActivationTaskScheduler-1957:Queued=1; SchedulingContext=[Activation: S127.0.0.1:11111:164789203*grn/9C20D2B7/ec0a40b3@4c7ac598 #GrainType=Orleans.EventSourcing.SimpleGrain.TransferTransaction State=Invalid]
 Called from    在 Orleans.Runtime.Scheduler.WorkItemGroup.ReportWorkGroupProblemWithBacktrace(String what, ErrorCode errorCode)
   在 Orleans.Runtime.Scheduler.WorkItemGroup.Stop()
   在 Orleans.Runtime.Scheduler.OrleansTaskScheduler.UnregisterWorkContext(ISchedulingContext context)
   在 Orleans.Runtime.Catalog.UnregisterMessageTarget(ActivationData activation)
   在 Orleans.Runtime.Catalog.<DestroyActivations>d__5b.MoveNext()
   在 System.Threading.ExecutionContext.RunInternal(ExecutionContext executionContext, ContextCallback callback, Object state, Boolean preserveSyncCtx)
   在 System.Threading.ExecutionContext.Run(ExecutionContext executionContext, ContextCallback callback, Object state, Boolean preserveSyncCtx)
   在 System.Runtime.CompilerServices.AsyncMethodBuilderCore.MoveNextRunner.Run()
   在 System.Threading.Tasks.TaskSchedulerAwaitTaskContinuation.<Run>b__0(Object state)
   在 System.Threading.Tasks.Task.Execute()
   在 System.Threading.Tasks.Task.ExecuteWithThreadLocal(Task& currentTaskSlot)
   在 System.Threading.Tasks.Task.ExecuteEntry(Boolean bPreventDoubleExecution)
   在 Orleans.Runtime.Scheduler.ActivationTaskScheduler.RunTask(Task task)
   在 Orleans.Runtime.Scheduler.WorkItemGroup.Execute()
   在 Orleans.Runtime.Scheduler.WorkerPoolThread.Run()
   在 Orleans.Runtime.AsynchAgent.AgentThreadProc(Object obj)
   在 System.Threading.ExecutionContext.RunInternal(ExecutionContext executionContext, ContextCallback callback, Object state, Boolean preserveSyncCtx)
   在 System.Threading.ExecutionContext.Run(ExecutionContext executionContext, ContextCallback callback, Object state, Boolean preserveSyncCtx)
   在 System.Threading.ExecutionContext.Run(ExecutionContext executionContext, ContextCallback callback, Object state)
   在 System.Threading.ThreadHelper.ThreadStart(Object obj)
	
[2015-03-23 06:52:00.622 GMT    22	WARNING	101215	Scheduler.DeploymentLoadPublisherSystemTarge.WorkItemGroup	127.0.0.1:11111]	Task [Id=97, Status=RanToCompletion] in WorkGroup [SystemTarget: S127.0.0.1:11111:164789203DeploymentLoadPublisherSystemTarge@S00000016] took elapsed time 0:00:00.2066931 for execution, which is longer than 00:00:00.2000000. Running on thread <Runtime.Scheduler.WorkerPoolThread/11, ManagedThreadId=22, Executing Task Id=97 Status=RanToCompletion for 00:00:00.2070118>	
[2015-03-23 06:52:04.330 GMT    14	WARNING	101220	Scheduler.WorkItemGroup	127.0.0.1:11111]	WorkItemGroup is being stoped while still active. workItemCount = 1 WorkItemGroup:Name=[Activation: S127.0.0.1:11111:164789203*grn/9C20D2B7/ae1b34b8@137a6294 #GrainType=Orleans.EventSourcing.SimpleGrain.TransferTransaction],State=Running. Currently QueuedWorkItems=1; Total EnQueued=51; Total processed=49; Quantum expirations=0; TaskRunner=ActivationTaskScheduler-2150:Queued=1; SchedulingContext=[Activation: S127.0.0.1:11111:164789203*grn/9C20D2B7/ae1b34b8@137a6294 #GrainType=Orleans.EventSourcing.SimpleGrain.TransferTransaction State=Invalid]
 Called from    在 Orleans.Runtime.Scheduler.WorkItemGroup.ReportWorkGroupProblemWithBacktrace(String what, ErrorCode errorCode)
   在 Orleans.Runtime.Scheduler.WorkItemGroup.Stop()
   在 Orleans.Runtime.Scheduler.OrleansTaskScheduler.UnregisterWorkContext(ISchedulingContext context)
   在 Orleans.Runtime.Catalog.UnregisterMessageTarget(ActivationData activation)
   在 Orleans.Runtime.Catalog.<DestroyActivations>d__5b.MoveNext()
   在 System.Threading.ExecutionContext.RunInternal(ExecutionContext executionContext, ContextCallback callback, Object state, Boolean preserveSyncCtx)
   在 System.Threading.ExecutionContext.Run(ExecutionContext executionContext, ContextCallback callback, Object state, Boolean preserveSyncCtx)
   在 System.Runtime.CompilerServices.AsyncMethodBuilderCore.MoveNextRunner.Run()
   在 System.Threading.Tasks.TaskSchedulerAwaitTaskContinuation.<Run>b__0(Object state)
   在 System.Threading.Tasks.Task.Execute()
   在 System.Threading.Tasks.Task.ExecuteWithThreadLocal(Task& currentTaskSlot)
   在 System.Threading.Tasks.Task.ExecuteEntry(Boolean bPreventDoubleExecution)
   在 Orleans.Runtime.Scheduler.ActivationTaskScheduler.RunTask(Task task)
   在 Orleans.Runtime.Scheduler.WorkItemGroup.Execute()
   在 Orleans.Runtime.Scheduler.WorkerPoolThread.Run()
   在 Orleans.Runtime.AsynchAgent.AgentThreadProc(Object obj)
   在 System.Threading.ExecutionContext.RunInternal(ExecutionContext executionContext, ContextCallback callback, Object state, Boolean preserveSyncCtx)
   在 System.Threading.ExecutionContext.Run(ExecutionContext executionContext, ContextCallback callback, Object state, Boolean preserveSyncCtx)
   在 System.Threading.ExecutionContext.Run(ExecutionContext executionContext, ContextCallback callback, Object state)
   在 System.Threading.ThreadHelper.ThreadStart(Object obj)
	
[2015-03-23 06:52:10.280 GMT    23	WARNING	101220	Scheduler.WorkItemGroup	127.0.0.1:11111]	WorkItemGroup is being stoped while still active. workItemCount = 1 WorkItemGroup:Name=[Activation: S127.0.0.1:11111:164789203*grn/9C20D2B7/d7f3d693@348bca9f #GrainType=Orleans.EventSourcing.SimpleGrain.TransferTransaction],State=Running. Currently QueuedWorkItems=1; Total EnQueued=51; Total processed=49; Quantum expirations=0; TaskRunner=ActivationTaskScheduler-2200:Queued=1; SchedulingContext=[Activation: S127.0.0.1:11111:164789203*grn/9C20D2B7/d7f3d693@348bca9f #GrainType=Orleans.EventSourcing.SimpleGrain.TransferTransaction State=Invalid]
 Called from    在 Orleans.Runtime.Scheduler.WorkItemGroup.ReportWorkGroupProblemWithBacktrace(String what, ErrorCode errorCode)
   在 Orleans.Runtime.Scheduler.WorkItemGroup.Stop()
   在 Orleans.Runtime.Scheduler.OrleansTaskScheduler.UnregisterWorkContext(ISchedulingContext context)
   在 Orleans.Runtime.Catalog.UnregisterMessageTarget(ActivationData activation)
   在 Orleans.Runtime.Catalog.<DestroyActivations>d__5b.MoveNext()
   在 System.Threading.ExecutionContext.RunInternal(ExecutionContext executionContext, ContextCallback callback, Object state, Boolean preserveSyncCtx)
   在 System.Threading.ExecutionContext.Run(ExecutionContext executionContext, ContextCallback callback, Object state, Boolean preserveSyncCtx)
   在 System.Runtime.CompilerServices.AsyncMethodBuilderCore.MoveNextRunner.Run()
   在 System.Threading.Tasks.TaskSchedulerAwaitTaskContinuation.<Run>b__0(Object state)
   在 System.Threading.Tasks.Task.Execute()
   在 System.Threading.Tasks.Task.ExecuteWithThreadLocal(Task& currentTaskSlot)
   在 System.Threading.Tasks.Task.ExecuteEntry(Boolean bPreventDoubleExecution)
   在 Orleans.Runtime.Scheduler.ActivationTaskScheduler.RunTask(Task task)
   在 Orleans.Runtime.Scheduler.WorkItemGroup.Execute()
   在 Orleans.Runtime.Scheduler.WorkerPoolThread.Run()
   在 Orleans.Runtime.AsynchAgent.AgentThreadProc(Object obj)
   在 System.Threading.ExecutionContext.RunInternal(ExecutionContext executionContext, ContextCallback callback, Object state, Boolean preserveSyncCtx)
   在 System.Threading.ExecutionContext.Run(ExecutionContext executionContext, ContextCallback callback, Object state, Boolean preserveSyncCtx)
   在 System.Threading.ExecutionContext.Run(ExecutionContext executionContext, ContextCallback callback, Object state)
   在 System.Threading.ThreadHelper.ThreadStart(Object obj)
	
[2015-03-23 06:52:14.122 GMT    16	WARNING	101220	Scheduler.WorkItemGroup	127.0.0.1:11111]	WorkItemGroup is being stoped while still active. workItemCount = 1 WorkItemGroup:Name=[Activation: S127.0.0.1:11111:164789203*grn/9C20D2B7/12844dba@face0cba #GrainType=Orleans.EventSourcing.SimpleGrain.TransferTransaction],State=Running. Currently QueuedWorkItems=1; Total EnQueued=51; Total processed=49; Quantum expirations=0; TaskRunner=ActivationTaskScheduler-2237:Queued=1; SchedulingContext=[Activation: S127.0.0.1:11111:164789203*grn/9C20D2B7/12844dba@face0cba #GrainType=Orleans.EventSourcing.SimpleGrain.TransferTransaction State=Invalid]
 Called from    在 Orleans.Runtime.Scheduler.WorkItemGroup.ReportWorkGroupProblemWithBacktrace(String what, ErrorCode errorCode)
   在 Orleans.Runtime.Scheduler.WorkItemGroup.Stop()
   在 Orleans.Runtime.Scheduler.OrleansTaskScheduler.UnregisterWorkContext(ISchedulingContext context)
   在 Orleans.Runtime.Catalog.UnregisterMessageTarget(ActivationData activation)
   在 Orleans.Runtime.Catalog.<DestroyActivations>d__5b.MoveNext()
   在 System.Threading.ExecutionContext.RunInternal(ExecutionContext executionContext, ContextCallback callback, Object state, Boolean preserveSyncCtx)
   在 System.Threading.ExecutionContext.Run(ExecutionContext executionContext, ContextCallback callback, Object state, Boolean preserveSyncCtx)
   在 System.Runtime.CompilerServices.AsyncMethodBuilderCore.MoveNextRunner.Run()
   在 System.Threading.Tasks.TaskSchedulerAwaitTaskContinuation.<Run>b__0(Object state)
   在 System.Threading.Tasks.Task.Execute()
   在 System.Threading.Tasks.Task.ExecuteWithThreadLocal(Task& currentTaskSlot)
   在 System.Threading.Tasks.Task.ExecuteEntry(Boolean bPreventDoubleExecution)
   在 Orleans.Runtime.Scheduler.ActivationTaskScheduler.RunTask(Task task)
   在 Orleans.Runtime.Scheduler.WorkItemGroup.Execute()
   在 Orleans.Runtime.Scheduler.WorkerPoolThread.Run()
   在 Orleans.Runtime.AsynchAgent.AgentThreadProc(Object obj)
   在 System.Threading.ExecutionContext.RunInternal(ExecutionContext executionContext, ContextCallback callback, Object state, Boolean preserveSyncCtx)
   在 System.Threading.ExecutionContext.Run(ExecutionContext executionContext, ContextCallback callback, Object state, Boolean preserveSyncCtx)
   在 System.Threading.ExecutionContext.Run(ExecutionContext executionContext, ContextCallback callback, Object state)
   在 System.Threading.ThreadHelper.ThreadStart(Object obj)
	
[2015-03-23 06:52:33.322 GMT    88	INFO   	601217	Scheduler.WorkItemGroup	127.0.0.1:11111]	Log code 101217 occurred 25 additional times in the previous 00:01:00.8814822	
[2015-03-23 06:52:33.401 GMT    88	INFO   	601215	Scheduler.WorkItemGroup	127.0.0.1:11111]	Log code 101215 occurred 26 additional times in the previous 00:01:00.8814822	
[2015-03-23 06:52:33.474 GMT    88	INFO   	601220	Scheduler.WorkItemGroup	127.0.0.1:11111]	Log code 101220 occurred 9 additional times in the previous 00:01:00.8814822	
[2015-03-23 06:52:33.533 GMT    15	WARNING	101215	Scheduler.WorkItemGroup	127.0.0.1:11111]	Task [Id=108, Status=RanToCompletion] in WorkGroup [Activation: S127.0.0.1:11111:164789203*grn/9C20D2B7/253979b8@84448a92 #GrainType=Orleans.EventSourcing.SimpleGrain.TransferTransaction State=Valid] took elapsed time 0:00:00.2213994 for execution, which is longer than 00:00:00.2000000. Running on thread <Runtime.Scheduler.WorkerPoolThread/4, ManagedThreadId=15, Executing Task Id=108 Status=RanToCompletion for 00:00:00.2210127>	
[2015-03-23 06:52:33.582 GMT    12	WARNING	101215	Scheduler.WorkItemGroup	127.0.0.1:11111]	Task [Id=109, Status=RanToCompletion] in WorkGroup [Activation: S127.0.0.1:11111:164789203*grn/9C20D2B7/28b255b3@115aa9be #GrainType=Orleans.EventSourcing.SimpleGrain.TransferTransaction State=Valid] took elapsed time 0:00:00.248302 for execution, which is longer than 00:00:00.2000000. Running on thread <Runtime.Scheduler.WorkerPoolThread/1, ManagedThreadId=12, Executing Task Id=109 Status=RanToCompletion for 00:00:00.2500143>	
[2015-03-23 06:52:33.585 GMT    18	WARNING	101215	Scheduler.WorkItemGroup	127.0.0.1:11111]	Task [Id=110, Status=RanToCompletion] in WorkGroup [Activation: S127.0.0.1:11111:164789203*grn/9C20D2B7/536af8a2@0368a5bd #GrainType=Orleans.EventSourcing.SimpleGrain.TransferTransaction State=Valid] took elapsed time 0:00:00.2191498 for execution, which is longer than 00:00:00.2000000. Running on thread <Runtime.Scheduler.WorkerPoolThread/7, ManagedThreadId=18, Executing Task Id=110 Status=RanToCompletion for 00:00:00.2200126>	
[2015-03-23 06:52:33.601 GMT    88	WARNING	101217	Scheduler.WorkItemGroup	127.0.0.1:11111]	Enqueuing task System.Threading.Tasks.Task to a stopped work item group. Going to ignore and not execute it. WorkItemGroup:Name=[Activation: S127.0.0.1:11111:164789203*grn/9C20D2B7/ae472ea2@44f546b0 #GrainType=Orleans.EventSourcing.SimpleGrain.TransferTransaction],State=Shutdown. Currently QueuedWorkItems=0; Total EnQueued=50; Total processed=50; Quantum expirations=0; TaskRunner=ActivationTaskScheduler-2463:Queued=0; SchedulingContext=[Activation: S127.0.0.1:11111:164789203*grn/9C20D2B7/ae472ea2@44f546b0 #GrainType=Orleans.EventSourcing.SimpleGrain.TransferTransaction State=Invalid]
 Called from    在 Orleans.Runtime.Scheduler.WorkItemGroup.ReportWorkGroupProblemWithBacktrace(String what, ErrorCode errorCode)
   在 Orleans.Runtime.Scheduler.WorkItemGroup.EnqueueTask(Task task)
   在 Orleans.Runtime.Scheduler.ActivationTaskScheduler.QueueTask(Task task)
   在 System.Threading.Tasks.TaskContinuation.InlineIfPossibleOrElseQueue(Task task, Boolean needsProtection)
   在 System.Threading.Tasks.TaskSchedulerAwaitTaskContinuation.Run(Task ignored, Boolean canInlineContinuationTask)
   在 System.Threading.Tasks.Task.FinishContinuations()
   在 System.Threading.Tasks.Task`1.TrySetResult(TResult result)
   在 System.Threading.Tasks.TaskCompletionSource`1.SetResult(TResult result)
   在 Orleans.Storage.Couchbase.GrainStateCouchbaseDataManager.<>c__DisplayClass1f.<WriteAsync>b__1e(Object state)
   在 System.Threading.ExecutionContext.RunInternal(ExecutionContext executionContext, ContextCallback callback, Object state, Boolean preserveSyncCtx)
   在 System.Threading.ExecutionContext.Run(ExecutionContext executionContext, ContextCallback callback, Object state, Boolean preserveSyncCtx)
   在 System.Threading.QueueUserWorkItemCallback.System.Threading.IThreadPoolWorkItem.ExecuteWorkItem()
   在 System.Threading.ThreadPoolWorkQueue.Dispatch()
	
[2015-03-23 06:52:33.637 GMT    23	WARNING	101215	Scheduler.WorkItemGroup	127.0.0.1:11111]	Task [Id=111, Status=RanToCompletion] in WorkGroup [Activation: S127.0.0.1:11111:164789203*grn/F15F7B6B/845dd7be@734e57b9 #GrainType=Orleans.EventSourcing.SimpleGrain.BankAccount State=Valid] took elapsed time 0:00:00.2860171 for execution, which is longer than 00:00:00.2000000. Running on thread <Runtime.Scheduler.WorkerPoolThread/12, ManagedThreadId=23, Executing Task Id=111 Status=RanToCompletion for 00:00:00.2870164>	
[2015-03-23 06:52:33.688 GMT    88	WARNING	101217	Scheduler.WorkItemGroup	127.0.0.1:11111]	Enqueuing task System.Threading.Tasks.Task to a stopped work item group. Going to ignore and not execute it. WorkItemGroup:Name=[Activation: S127.0.0.1:11111:164789203*grn/9C20D2B7/536af8a2@0368a5bd #GrainType=Orleans.EventSourcing.SimpleGrain.TransferTransaction],State=Shutdown. Currently QueuedWorkItems=0; Total EnQueued=50; Total processed=50; Quantum expirations=0; TaskRunner=ActivationTaskScheduler-2465:Queued=0; SchedulingContext=[Activation: S127.0.0.1:11111:164789203*grn/9C20D2B7/536af8a2@0368a5bd #GrainType=Orleans.EventSourcing.SimpleGrain.TransferTransaction State=Invalid]
 Called from    在 Orleans.Runtime.Scheduler.WorkItemGroup.ReportWorkGroupProblemWithBacktrace(String what, ErrorCode errorCode)
   在 Orleans.Runtime.Scheduler.WorkItemGroup.EnqueueTask(Task task)
   在 Orleans.Runtime.Scheduler.ActivationTaskScheduler.QueueTask(Task task)
   在 System.Threading.Tasks.TaskContinuation.InlineIfPossibleOrElseQueue(Task task, Boolean needsProtection)
   在 System.Threading.Tasks.TaskSchedulerAwaitTaskContinuation.Run(Task ignored, Boolean canInlineContinuationTask)
   在 System.Threading.Tasks.Task.FinishContinuations()
   在 System.Threading.Tasks.Task`1.TrySetResult(TResult result)
   在 System.Threading.Tasks.TaskCompletionSource`1.SetResult(TResult result)
   在 Orleans.Storage.Couchbase.GrainStateCouchbaseDataManager.<>c__DisplayClass1f.<WriteAsync>b__1e(Object state)
   在 System.Threading.ExecutionContext.RunInternal(ExecutionContext executionContext, ContextCallback callback, Object state, Boolean preserveSyncCtx)
   在 System.Threading.ExecutionContext.Run(ExecutionContext executionContext, ContextCallback callback, Object state, Boolean preserveSyncCtx)
   在 System.Threading.QueueUserWorkItemCallback.System.Threading.IThreadPoolWorkItem.ExecuteWorkItem()
   在 System.Threading.ThreadPoolWorkQueue.Dispatch()
	
[2015-03-23 06:52:33.901 GMT    13	WARNING	101215	Scheduler.WorkItemGroup	127.0.0.1:11111]	Task [Id=112, Status=RanToCompletion] in WorkGroup [Activation: S127.0.0.1:11111:164789203*grn/9C20D2B7/9dc29fac@a413dab7 #GrainType=Orleans.EventSourcing.SimpleGrain.TransferTransaction State=Valid] took elapsed time 0:00:00.2021149 for execution, which is longer than 00:00:00.2000000. Running on thread <Runtime.Scheduler.WorkerPoolThread/2, ManagedThreadId=13, Executing Task Id=112 Status=RanToCompletion for 00:00:00.2030116>	
[2015-03-23 06:52:34.117 GMT    87	WARNING	101217	Scheduler.WorkItemGroup	127.0.0.1:11111]	Enqueuing task System.Threading.Tasks.Task to a stopped work item group. Going to ignore and not execute it. WorkItemGroup:Name=[Activation: S127.0.0.1:11111:164789203*grn/9C20D2B7/4babc497@8ed84a9d #GrainType=Orleans.EventSourcing.SimpleGrain.TransferTransaction],State=Shutdown. Currently QueuedWorkItems=0; Total EnQueued=50; Total processed=50; Quantum expirations=0; TaskRunner=ActivationTaskScheduler-2466:Queued=0; SchedulingContext=[Activation: S127.0.0.1:11111:164789203*grn/9C20D2B7/4babc497@8ed84a9d #GrainType=Orleans.EventSourcing.SimpleGrain.TransferTransaction State=Invalid]
 Called from    在 Orleans.Runtime.Scheduler.WorkItemGroup.ReportWorkGroupProblemWithBacktrace(String what, ErrorCode errorCode)
   在 Orleans.Runtime.Scheduler.WorkItemGroup.EnqueueTask(Task task)
   在 Orleans.Runtime.Scheduler.ActivationTaskScheduler.QueueTask(Task task)
   在 System.Threading.Tasks.TaskContinuation.InlineIfPossibleOrElseQueue(Task task, Boolean needsProtection)
   在 System.Threading.Tasks.TaskSchedulerAwaitTaskContinuation.Run(Task ignored, Boolean canInlineContinuationTask)
   在 System.Threading.Tasks.Task.FinishContinuations()
   在 System.Threading.Tasks.Task`1.TrySetResult(TResult result)
   在 System.Threading.Tasks.TaskCompletionSource`1.SetResult(TResult result)
   在 Orleans.Storage.Couchbase.GrainStateCouchbaseDataManager.<>c__DisplayClass1f.<WriteAsync>b__1e(Object state)
   在 System.Threading.ExecutionContext.RunInternal(ExecutionContext executionContext, ContextCallback callback, Object state, Boolean preserveSyncCtx)
   在 System.Threading.ExecutionContext.Run(ExecutionContext executionContext, ContextCallback callback, Object state, Boolean preserveSyncCtx)
   在 System.Threading.QueueUserWorkItemCallback.System.Threading.IThreadPoolWorkItem.ExecuteWorkItem()
   在 System.Threading.ThreadPoolWorkQueue.Dispatch()
	
[2015-03-23 06:52:43.516 GMT    89	WARNING	101217	Scheduler.WorkItemGroup	127.0.0.1:11111]	Enqueuing task System.Threading.Tasks.Task to a stopped work item group. Going to ignore and not execute it. WorkItemGroup:Name=[Activation: S127.0.0.1:11111:164789203*grn/9C20D2B7/ae454286@a32eeb83 #GrainType=Orleans.EventSourcing.SimpleGrain.TransferTransaction],State=Shutdown. Currently QueuedWorkItems=0; Total EnQueued=50; Total processed=50; Quantum expirations=0; TaskRunner=ActivationTaskScheduler-2536:Queued=0; SchedulingContext=[Activation: S127.0.0.1:11111:164789203*grn/9C20D2B7/ae454286@a32eeb83 #GrainType=Orleans.EventSourcing.SimpleGrain.TransferTransaction State=Invalid]
 Called from    在 Orleans.Runtime.Scheduler.WorkItemGroup.ReportWorkGroupProblemWithBacktrace(String what, ErrorCode errorCode)
   在 Orleans.Runtime.Scheduler.WorkItemGroup.EnqueueTask(Task task)
   在 Orleans.Runtime.Scheduler.ActivationTaskScheduler.QueueTask(Task task)
   在 System.Threading.Tasks.TaskContinuation.InlineIfPossibleOrElseQueue(Task task, Boolean needsProtection)
   在 System.Threading.Tasks.TaskSchedulerAwaitTaskContinuation.Run(Task ignored, Boolean canInlineContinuationTask)
   在 System.Threading.Tasks.Task.FinishContinuations()
   在 System.Threading.Tasks.Task`1.TrySetResult(TResult result)
   在 System.Threading.Tasks.TaskCompletionSource`1.SetResult(TResult result)
   在 Orleans.Storage.Couchbase.GrainStateCouchbaseDataManager.<>c__DisplayClass1f.<WriteAsync>b__1e(Object state)
   在 System.Threading.ExecutionContext.RunInternal(ExecutionContext executionContext, ContextCallback callback, Object state, Boolean preserveSyncCtx)
   在 System.Threading.ExecutionContext.Run(ExecutionContext executionContext, ContextCallback callback, Object state, Boolean preserveSyncCtx)
   在 System.Threading.QueueUserWorkItemCallback.System.Threading.IThreadPoolWorkItem.ExecuteWorkItem()
   在 System.Threading.ThreadPoolWorkQueue.Dispatch()
	
[2015-03-23 06:52:44.786 GMT    22	WARNING	101220	Scheduler.WorkItemGroup	127.0.0.1:11111]	WorkItemGroup is being stoped while still active. workItemCount = 1 WorkItemGroup:Name=[Activation: S127.0.0.1:11111:164789203*grn/9C20D2B7/82beb798@8cf1f794 #GrainType=Orleans.EventSourcing.SimpleGrain.TransferTransaction],State=Running. Currently QueuedWorkItems=1; Total EnQueued=51; Total processed=49; Quantum expirations=0; TaskRunner=ActivationTaskScheduler-2546:Queued=1; SchedulingContext=[Activation: S127.0.0.1:11111:164789203*grn/9C20D2B7/82beb798@8cf1f794 #GrainType=Orleans.EventSourcing.SimpleGrain.TransferTransaction State=Invalid]
 Called from    在 Orleans.Runtime.Scheduler.WorkItemGroup.ReportWorkGroupProblemWithBacktrace(String what, ErrorCode errorCode)
   在 Orleans.Runtime.Scheduler.WorkItemGroup.Stop()
   在 Orleans.Runtime.Scheduler.OrleansTaskScheduler.UnregisterWorkContext(ISchedulingContext context)
   在 Orleans.Runtime.Catalog.UnregisterMessageTarget(ActivationData activation)
   在 Orleans.Runtime.Catalog.<DestroyActivations>d__5b.MoveNext()
   在 System.Threading.ExecutionContext.RunInternal(ExecutionContext executionContext, ContextCallback callback, Object state, Boolean preserveSyncCtx)
   在 System.Threading.ExecutionContext.Run(ExecutionContext executionContext, ContextCallback callback, Object state, Boolean preserveSyncCtx)
   在 System.Runtime.CompilerServices.AsyncMethodBuilderCore.MoveNextRunner.Run()
   在 System.Threading.Tasks.TaskSchedulerAwaitTaskContinuation.<Run>b__0(Object state)
   在 System.Threading.Tasks.Task.Execute()
   在 System.Threading.Tasks.Task.ExecuteWithThreadLocal(Task& currentTaskSlot)
   在 System.Threading.Tasks.Task.ExecuteEntry(Boolean bPreventDoubleExecution)
   在 Orleans.Runtime.Scheduler.ActivationTaskScheduler.RunTask(Task task)
   在 Orleans.Runtime.Scheduler.WorkItemGroup.Execute()
   在 Orleans.Runtime.Scheduler.WorkerPoolThread.Run()
   在 Orleans.Runtime.AsynchAgent.AgentThreadProc(Object obj)
   在 System.Threading.ExecutionContext.RunInternal(ExecutionContext executionContext, ContextCallback callback, Object state, Boolean preserveSyncCtx)
   在 System.Threading.ExecutionContext.Run(ExecutionContext executionContext, ContextCallback callback, Object state, Boolean preserveSyncCtx)
   在 System.Threading.ExecutionContext.Run(ExecutionContext executionContext, ContextCallback callback, Object state)
   在 System.Threading.ThreadHelper.ThreadStart(Object obj)
	
[2015-03-23 06:52:47.666 GMT    87	WARNING	101217	Scheduler.WorkItemGroup	127.0.0.1:11111]	Enqueuing task System.Threading.Tasks.Task to a stopped work item group. Going to ignore and not execute it. WorkItemGroup:Name=[Activation: S127.0.0.1:11111:164789203*grn/9C20D2B7/b67eb4ba@250055ae #GrainType=Orleans.EventSourcing.SimpleGrain.TransferTransaction],State=Shutdown. Currently QueuedWorkItems=0; Total EnQueued=50; Total processed=50; Quantum expirations=0; TaskRunner=ActivationTaskScheduler-2573:Queued=0; SchedulingContext=[Activation: S127.0.0.1:11111:164789203*grn/9C20D2B7/b67eb4ba@250055ae #GrainType=Orleans.EventSourcing.SimpleGrain.TransferTransaction State=Invalid]
 Called from    在 Orleans.Runtime.Scheduler.WorkItemGroup.ReportWorkGroupProblemWithBacktrace(String what, ErrorCode errorCode)
   在 Orleans.Runtime.Scheduler.WorkItemGroup.EnqueueTask(Task task)
   在 Orleans.Runtime.Scheduler.ActivationTaskScheduler.QueueTask(Task task)
   在 System.Threading.Tasks.TaskContinuation.InlineIfPossibleOrElseQueue(Task task, Boolean needsProtection)
   在 System.Threading.Tasks.TaskSchedulerAwaitTaskContinuation.Run(Task ignored, Boolean canInlineContinuationTask)
   在 System.Threading.Tasks.Task.FinishContinuations()
   在 System.Threading.Tasks.Task`1.TrySetResult(TResult result)
   在 System.Threading.Tasks.TaskCompletionSource`1.SetResult(TResult result)
   在 Orleans.Storage.Couchbase.GrainStateCouchbaseDataManager.<>c__DisplayClass1f.<WriteAsync>b__1e(Object state)
   在 System.Threading.ExecutionContext.RunInternal(ExecutionContext executionContext, ContextCallback callback, Object state, Boolean preserveSyncCtx)
   在 System.Threading.ExecutionContext.Run(ExecutionContext executionContext, ContextCallback callback, Object state, Boolean preserveSyncCtx)
   在 System.Threading.QueueUserWorkItemCallback.System.Threading.IThreadPoolWorkItem.ExecuteWorkItem()
   在 System.Threading.ThreadPoolWorkQueue.Dispatch()
	
[2015-03-23 06:53:00.251 GMT    19	WARNING	101220	Scheduler.WorkItemGroup	127.0.0.1:11111]	WorkItemGroup is being stoped while still active. workItemCount = 1 WorkItemGroup:Name=[Activation: S127.0.0.1:11111:164789203*grn/9C20D2B7/35f413b7@b7d76d90 #GrainType=Orleans.EventSourcing.SimpleGrain.TransferTransaction],State=Running. Currently QueuedWorkItems=1; Total EnQueued=51; Total processed=49; Quantum expirations=0; TaskRunner=ActivationTaskScheduler-2692:Queued=1; SchedulingContext=[Activation: S127.0.0.1:11111:164789203*grn/9C20D2B7/35f413b7@b7d76d90 #GrainType=Orleans.EventSourcing.SimpleGrain.TransferTransaction State=Invalid]
 Called from    在 Orleans.Runtime.Scheduler.WorkItemGroup.ReportWorkGroupProblemWithBacktrace(String what, ErrorCode errorCode)
   在 Orleans.Runtime.Scheduler.WorkItemGroup.Stop()
   在 Orleans.Runtime.Scheduler.OrleansTaskScheduler.UnregisterWorkContext(ISchedulingContext context)
   在 Orleans.Runtime.Catalog.UnregisterMessageTarget(ActivationData activation)
   在 Orleans.Runtime.Catalog.<DestroyActivations>d__5b.MoveNext()
   在 System.Threading.ExecutionContext.RunInternal(ExecutionContext executionContext, ContextCallback callback, Object state, Boolean preserveSyncCtx)
   在 System.Threading.ExecutionContext.Run(ExecutionContext executionContext, ContextCallback callback, Object state, Boolean preserveSyncCtx)
   在 System.Runtime.CompilerServices.AsyncMethodBuilderCore.MoveNextRunner.Run()
   在 System.Threading.Tasks.TaskSchedulerAwaitTaskContinuation.<Run>b__0(Object state)
   在 System.Threading.Tasks.Task.Execute()
   在 System.Threading.Tasks.Task.ExecuteWithThreadLocal(Task& currentTaskSlot)
   在 System.Threading.Tasks.Task.ExecuteEntry(Boolean bPreventDoubleExecution)
   在 Orleans.Runtime.Scheduler.ActivationTaskScheduler.RunTask(Task task)
   在 Orleans.Runtime.Scheduler.WorkItemGroup.Execute()
   在 Orleans.Runtime.Scheduler.WorkerPoolThread.Run()
   在 Orleans.Runtime.AsynchAgent.AgentThreadProc(Object obj)
   在 System.Threading.ExecutionContext.RunInternal(ExecutionContext executionContext, ContextCallback callback, Object state, Boolean preserveSyncCtx)
   在 System.Threading.ExecutionContext.Run(ExecutionContext executionContext, ContextCallback callback, Object state, Boolean preserveSyncCtx)
   在 System.Threading.ExecutionContext.Run(ExecutionContext executionContext, ContextCallback callback, Object state)
   在 System.Threading.ThreadHelper.ThreadStart(Object obj)
	
[2015-03-23 06:53:02.184 GMT    17	WARNING	101220	Scheduler.WorkItemGroup	127.0.0.1:11111]	WorkItemGroup is being stoped while still active. workItemCount = 1 WorkItemGroup:Name=[Activation: S127.0.0.1:11111:164789203*grn/9C20D2B7/d47d6295@fa434daf #GrainType=Orleans.EventSourcing.SimpleGrain.TransferTransaction],State=Running. Currently QueuedWorkItems=1; Total EnQueued=51; Total processed=49; Quantum expirations=0; TaskRunner=ActivationTaskScheduler-2709:Queued=1; SchedulingContext=[Activation: S127.0.0.1:11111:164789203*grn/9C20D2B7/d47d6295@fa434daf #GrainType=Orleans.EventSourcing.SimpleGrain.TransferTransaction State=Invalid]
 Called from    在 Orleans.Runtime.Scheduler.WorkItemGroup.ReportWorkGroupProblemWithBacktrace(String what, ErrorCode errorCode)
   在 Orleans.Runtime.Scheduler.WorkItemGroup.Stop()
   在 Orleans.Runtime.Scheduler.OrleansTaskScheduler.UnregisterWorkContext(ISchedulingContext context)
   在 Orleans.Runtime.Catalog.UnregisterMessageTarget(ActivationData activation)
   在 Orleans.Runtime.Catalog.<DestroyActivations>d__5b.MoveNext()
   在 System.Threading.ExecutionContext.RunInternal(ExecutionContext executionContext, ContextCallback callback, Object state, Boolean preserveSyncCtx)
   在 System.Threading.ExecutionContext.Run(ExecutionContext executionContext, ContextCallback callback, Object state, Boolean preserveSyncCtx)
   在 System.Runtime.CompilerServices.AsyncMethodBuilderCore.MoveNextRunner.Run()
   在 System.Threading.Tasks.TaskSchedulerAwaitTaskContinuation.<Run>b__0(Object state)
   在 System.Threading.Tasks.Task.Execute()
   在 System.Threading.Tasks.Task.ExecuteWithThreadLocal(Task& currentTaskSlot)
   在 System.Threading.Tasks.Task.ExecuteEntry(Boolean bPreventDoubleExecution)
   在 Orleans.Runtime.Scheduler.ActivationTaskScheduler.RunTask(Task task)
   在 Orleans.Runtime.Scheduler.WorkItemGroup.Execute()
   在 Orleans.Runtime.Scheduler.WorkerPoolThread.Run()
   在 Orleans.Runtime.AsynchAgent.AgentThreadProc(Object obj)
   在 System.Threading.ExecutionContext.RunInternal(ExecutionContext executionContext, ContextCallback callback, Object state, Boolean preserveSyncCtx)
   在 System.Threading.ExecutionContext.Run(ExecutionContext executionContext, ContextCallback callback, Object state, Boolean preserveSyncCtx)
   在 System.Threading.ExecutionContext.Run(ExecutionContext executionContext, ContextCallback callback, Object state)
   在 System.Threading.ThreadHelper.ThreadStart(Object obj)
	
[2015-03-23 06:53:23.367 GMT    13	WARNING	101220	Scheduler.WorkItemGroup	127.0.0.1:11111]	WorkItemGroup is being stoped while still active. workItemCount = 1 WorkItemGroup:Name=[Activation: S127.0.0.1:11111:164789203*grn/9C20D2B7/816fd6a9@b30f8c97 #GrainType=Orleans.EventSourcing.SimpleGrain.TransferTransaction],State=Running. Currently QueuedWorkItems=1; Total EnQueued=51; Total processed=49; Quantum expirations=0; TaskRunner=ActivationTaskScheduler-2903:Queued=1; SchedulingContext=[Activation: S127.0.0.1:11111:164789203*grn/9C20D2B7/816fd6a9@b30f8c97 #GrainType=Orleans.EventSourcing.SimpleGrain.TransferTransaction State=Invalid]
 Called from    在 Orleans.Runtime.Scheduler.WorkItemGroup.ReportWorkGroupProblemWithBacktrace(String what, ErrorCode errorCode)
   在 Orleans.Runtime.Scheduler.WorkItemGroup.Stop()
   在 Orleans.Runtime.Scheduler.OrleansTaskScheduler.UnregisterWorkContext(ISchedulingContext context)
   在 Orleans.Runtime.Catalog.UnregisterMessageTarget(ActivationData activation)
   在 Orleans.Runtime.Catalog.<DestroyActivations>d__5b.MoveNext()
   在 System.Threading.ExecutionContext.RunInternal(ExecutionContext executionContext, ContextCallback callback, Object state, Boolean preserveSyncCtx)
   在 System.Threading.ExecutionContext.Run(ExecutionContext executionContext, ContextCallback callback, Object state, Boolean preserveSyncCtx)
   在 System.Runtime.CompilerServices.AsyncMethodBuilderCore.MoveNextRunner.Run()
   在 System.Threading.Tasks.TaskSchedulerAwaitTaskContinuation.<Run>b__0(Object state)
   在 System.Threading.Tasks.Task.Execute()
   在 System.Threading.Tasks.Task.ExecuteWithThreadLocal(Task& currentTaskSlot)
   在 System.Threading.Tasks.Task.ExecuteEntry(Boolean bPreventDoubleExecution)
   在 Orleans.Runtime.Scheduler.ActivationTaskScheduler.RunTask(Task task)
   在 Orleans.Runtime.Scheduler.WorkItemGroup.Execute()
   在 Orleans.Runtime.Scheduler.WorkerPoolThread.Run()
   在 Orleans.Runtime.AsynchAgent.AgentThreadProc(Object obj)
   在 System.Threading.ExecutionContext.RunInternal(ExecutionContext executionContext, ContextCallback callback, Object state, Boolean preserveSyncCtx)
   在 System.Threading.ExecutionContext.Run(ExecutionContext executionContext, ContextCallback callback, Object state, Boolean preserveSyncCtx)
   在 System.Threading.ExecutionContext.Run(ExecutionContext executionContext, ContextCallback callback, Object state)
   在 System.Threading.ThreadHelper.ThreadStart(Object obj)
	
[2015-03-23 06:53:29.633 GMT    17	WARNING	101220	Scheduler.WorkItemGroup	127.0.0.1:11111]	WorkItemGroup is being stoped while still active. workItemCount = 1 WorkItemGroup:Name=[Activation: S127.0.0.1:11111:164789203*grn/9C20D2B7/7ee85da7@5d466abd #GrainType=Orleans.EventSourcing.SimpleGrain.TransferTransaction],State=Running. Currently QueuedWorkItems=1; Total EnQueued=51; Total processed=49; Quantum expirations=0; TaskRunner=ActivationTaskScheduler-2957:Queued=1; SchedulingContext=[Activation: S127.0.0.1:11111:164789203*grn/9C20D2B7/7ee85da7@5d466abd #GrainType=Orleans.EventSourcing.SimpleGrain.TransferTransaction State=Invalid]
 Called from    在 Orleans.Runtime.Scheduler.WorkItemGroup.ReportWorkGroupProblemWithBacktrace(String what, ErrorCode errorCode)
   在 Orleans.Runtime.Scheduler.WorkItemGroup.Stop()
   在 Orleans.Runtime.Scheduler.OrleansTaskScheduler.UnregisterWorkContext(ISchedulingContext context)
   在 Orleans.Runtime.Catalog.UnregisterMessageTarget(ActivationData activation)
   在 Orleans.Runtime.Catalog.<DestroyActivations>d__5b.MoveNext()
   在 System.Threading.ExecutionContext.RunInternal(ExecutionContext executionContext, ContextCallback callback, Object state, Boolean preserveSyncCtx)
   在 System.Threading.ExecutionContext.Run(ExecutionContext executionContext, ContextCallback callback, Object state, Boolean preserveSyncCtx)
   在 System.Runtime.CompilerServices.AsyncMethodBuilderCore.MoveNextRunner.Run()
   在 System.Threading.Tasks.TaskSchedulerAwaitTaskContinuation.<Run>b__0(Object state)
   在 System.Threading.Tasks.Task.Execute()
   在 System.Threading.Tasks.Task.ExecuteWithThreadLocal(Task& currentTaskSlot)
   在 System.Threading.Tasks.Task.ExecuteEntry(Boolean bPreventDoubleExecution)
   在 Orleans.Runtime.Scheduler.ActivationTaskScheduler.RunTask(Task task)
   在 Orleans.Runtime.Scheduler.WorkItemGroup.Execute()
   在 Orleans.Runtime.Scheduler.WorkerPoolThread.Run()
   在 Orleans.Runtime.AsynchAgent.AgentThreadProc(Object obj)
   在 System.Threading.ExecutionContext.RunInternal(ExecutionContext executionContext, ContextCallback callback, Object state, Boolean preserveSyncCtx)
   在 System.Threading.ExecutionContext.Run(ExecutionContext executionContext, ContextCallback callback, Object state, Boolean preserveSyncCtx)
   在 System.Threading.ExecutionContext.Run(ExecutionContext executionContext, ContextCallback callback, Object state)
   在 System.Threading.ThreadHelper.ThreadStart(Object obj)
	
[2015-03-23 06:53:36.132 GMT    88	INFO   	601217	Scheduler.WorkItemGroup	127.0.0.1:11111]	Log code 101217 occurred 11 additional times in the previous 00:01:02.8215932	
[2015-03-23 06:53:36.195 GMT    88	INFO   	601215	Scheduler.WorkItemGroup	127.0.0.1:11111]	Log code 101215 occurred 14 additional times in the previous 00:01:02.8215932	
[2015-03-23 06:53:36.248 GMT    88	INFO   	601220	Scheduler.WorkItemGroup	127.0.0.1:11111]	Log code 101220 occurred 1 additional time in the previous 00:01:02.8215932	
[2015-03-23 06:53:36.309 GMT    88	WARNING	101217	Scheduler.WorkItemGroup	127.0.0.1:11111]	Enqueuing task System.Threading.Tasks.Task to a stopped work item group. Going to ignore and not execute it. WorkItemGroup:Name=[Activation: S127.0.0.1:11111:164789203*grn/9C20D2B7/b2a40c83@746559ac #GrainType=Orleans.EventSourcing.SimpleGrain.TransferTransaction],State=Shutdown. Currently QueuedWorkItems=0; Total EnQueued=50; Total processed=50; Quantum expirations=0; TaskRunner=ActivationTaskScheduler-3018:Queued=0; SchedulingContext=[Activation: S127.0.0.1:11111:164789203*grn/9C20D2B7/b2a40c83@746559ac #GrainType=Orleans.EventSourcing.SimpleGrain.TransferTransaction State=Invalid]
 Called from    在 Orleans.Runtime.Scheduler.WorkItemGroup.ReportWorkGroupProblemWithBacktrace(String what, ErrorCode errorCode)
   在 Orleans.Runtime.Scheduler.WorkItemGroup.EnqueueTask(Task task)
   在 Orleans.Runtime.Scheduler.ActivationTaskScheduler.QueueTask(Task task)
   在 System.Threading.Tasks.TaskContinuation.InlineIfPossibleOrElseQueue(Task task, Boolean needsProtection)
   在 System.Threading.Tasks.TaskSchedulerAwaitTaskContinuation.Run(Task ignored, Boolean canInlineContinuationTask)
   在 System.Threading.Tasks.Task.FinishContinuations()
   在 System.Threading.Tasks.Task`1.TrySetResult(TResult result)
   在 System.Threading.Tasks.TaskCompletionSource`1.SetResult(TResult result)
   在 Orleans.Storage.Couchbase.GrainStateCouchbaseDataManager.<>c__DisplayClass1f.<WriteAsync>b__1e(Object state)
   在 System.Threading.ExecutionContext.RunInternal(ExecutionContext executionContext, ContextCallback callback, Object state, Boolean preserveSyncCtx)
   在 System.Threading.ExecutionContext.Run(ExecutionContext executionContext, ContextCallback callback, Object state, Boolean preserveSyncCtx)
   在 System.Threading.QueueUserWorkItemCallback.System.Threading.IThreadPoolWorkItem.ExecuteWorkItem()
   在 System.Threading.ThreadPoolWorkQueue.Dispatch()
	
[2015-03-23 06:53:36.557 GMT    18	WARNING	101220	Scheduler.WorkItemGroup	127.0.0.1:11111]	WorkItemGroup is being stoped while still active. workItemCount = 1 WorkItemGroup:Name=[Activation: S127.0.0.1:11111:164789203*grn/9C20D2B7/03322fb1@0e1d9588 #GrainType=Orleans.EventSourcing.SimpleGrain.TransferTransaction],State=Running. Currently QueuedWorkItems=1; Total EnQueued=50; Total processed=48; Quantum expirations=0; TaskRunner=ActivationTaskScheduler-3019:Queued=1; SchedulingContext=[Activation: S127.0.0.1:11111:164789203*grn/9C20D2B7/03322fb1@0e1d9588 #GrainType=Orleans.EventSourcing.SimpleGrain.TransferTransaction State=Invalid]
 Called from    在 Orleans.Runtime.Scheduler.WorkItemGroup.ReportWorkGroupProblemWithBacktrace(String what, ErrorCode errorCode)
   在 Orleans.Runtime.Scheduler.WorkItemGroup.Stop()
   在 Orleans.Runtime.Scheduler.OrleansTaskScheduler.UnregisterWorkContext(ISchedulingContext context)
   在 Orleans.Runtime.Catalog.UnregisterMessageTarget(ActivationData activation)
   在 Orleans.Runtime.Catalog.<DestroyActivations>d__5b.MoveNext()
   在 System.Runtime.CompilerServices.AsyncMethodBuilderCore.Start[TStateMachine](TStateMachine& stateMachine)
   在 Orleans.Runtime.Catalog.DestroyActivations(List`1 list, IEnumerable`1 tcs)
   在 Orleans.Runtime.Catalog.DestroyActivation(ActivationData activation, TaskCompletionSource`1 tcs)
   在 Orleans.Runtime.Catalog.<>c__DisplayClass3d.<ShutdownActivationDeactivateOnIdle>b__3b()
   在 Orleans.Runtime.ActivationData.RunOnInactive()
   在 Orleans.Runtime.Dispatcher.OnActivationCompletedRequest(ActivationData activation, Message message)
   在 Orleans.Runtime.Scheduler.InvokeWorkItem.<Execute>b__0(Task t)
   在 System.Threading.Tasks.Task.Execute()
   在 System.Threading.ExecutionContext.RunInternal(ExecutionContext executionContext, ContextCallback callback, Object state, Boolean preserveSyncCtx)
   在 System.Threading.ExecutionContext.Run(ExecutionContext executionContext, ContextCallback callback, Object state, Boolean preserveSyncCtx)
   在 System.Threading.Tasks.Task.ExecuteWithThreadLocal(Task& currentTaskSlot)
   在 System.Threading.Tasks.Task.ExecuteEntry(Boolean bPreventDoubleExecution)
   在 Orleans.Runtime.Scheduler.ActivationTaskScheduler.RunTask(Task task)
   在 Orleans.Runtime.Scheduler.WorkItemGroup.Execute()
   在 Orleans.Runtime.Scheduler.WorkerPoolThread.Run()
   在 Orleans.Runtime.AsynchAgent.AgentThreadProc(Object obj)
   在 System.Threading.ExecutionContext.RunInternal(ExecutionContext executionContext, ContextCallback callback, Object state, Boolean preserveSyncCtx)
   在 System.Threading.ExecutionContext.Run(ExecutionContext executionContext, ContextCallback callback, Object state, Boolean preserveSyncCtx)
   在 System.Threading.ExecutionContext.Run(ExecutionContext executionContext, ContextCallback callback, Object state)
   在 System.Threading.ThreadHelper.ThreadStart(Object obj)
	
[2015-03-23 06:53:36.794 GMT    84	WARNING	101217	Scheduler.WorkItemGroup	127.0.0.1:11111]	Enqueuing task System.Threading.Tasks.Task to a stopped work item group. Going to ignore and not execute it. WorkItemGroup:Name=[Activation: S127.0.0.1:11111:164789203*grn/9C20D2B7/087bf685@a6082fa4 #GrainType=Orleans.EventSourcing.SimpleGrain.TransferTransaction],State=Shutdown. Currently QueuedWorkItems=0; Total EnQueued=50; Total processed=50; Quantum expirations=0; TaskRunner=ActivationTaskScheduler-3020:Queued=0; SchedulingContext=[Activation: S127.0.0.1:11111:164789203*grn/9C20D2B7/087bf685@a6082fa4 #GrainType=Orleans.EventSourcing.SimpleGrain.TransferTransaction State=Invalid]
 Called from    在 Orleans.Runtime.Scheduler.WorkItemGroup.ReportWorkGroupProblemWithBacktrace(String what, ErrorCode errorCode)
   在 Orleans.Runtime.Scheduler.WorkItemGroup.EnqueueTask(Task task)
   在 Orleans.Runtime.Scheduler.ActivationTaskScheduler.QueueTask(Task task)
   在 System.Threading.Tasks.TaskContinuation.InlineIfPossibleOrElseQueue(Task task, Boolean needsProtection)
   在 System.Threading.Tasks.TaskSchedulerAwaitTaskContinuation.Run(Task ignored, Boolean canInlineContinuationTask)
   在 System.Threading.Tasks.Task.FinishContinuations()
   在 System.Threading.Tasks.Task`1.TrySetResult(TResult result)
   在 System.Threading.Tasks.TaskCompletionSource`1.SetResult(TResult result)
   在 Orleans.Storage.Couchbase.GrainStateCouchbaseDataManager.<>c__DisplayClass1f.<WriteAsync>b__1e(Object state)
   在 System.Threading.ExecutionContext.RunInternal(ExecutionContext executionContext, ContextCallback callback, Object state, Boolean preserveSyncCtx)
   在 System.Threading.ExecutionContext.Run(ExecutionContext executionContext, ContextCallback callback, Object state, Boolean preserveSyncCtx)
   在 System.Threading.QueueUserWorkItemCallback.System.Threading.IThreadPoolWorkItem.ExecuteWorkItem()
   在 System.Threading.ThreadPoolWorkQueue.Dispatch()
	
[2015-03-23 06:53:37.164 GMT    89	WARNING	101217	Scheduler.WorkItemGroup	127.0.0.1:11111]	Enqueuing task System.Threading.Tasks.Task to a stopped work item group. Going to ignore and not execute it. WorkItemGroup:Name=[Activation: S127.0.0.1:11111:164789203*grn/9C20D2B7/5682a39f@224e55bd #GrainType=Orleans.EventSourcing.SimpleGrain.TransferTransaction],State=Shutdown. Currently QueuedWorkItems=0; Total EnQueued=50; Total processed=50; Quantum expirations=0; TaskRunner=ActivationTaskScheduler-3021:Queued=0; SchedulingContext=[Activation: S127.0.0.1:11111:164789203*grn/9C20D2B7/5682a39f@224e55bd #GrainType=Orleans.EventSourcing.SimpleGrain.TransferTransaction State=Invalid]
 Called from    在 Orleans.Runtime.Scheduler.WorkItemGroup.ReportWorkGroupProblemWithBacktrace(String what, ErrorCode errorCode)
   在 Orleans.Runtime.Scheduler.WorkItemGroup.EnqueueTask(Task task)
   在 Orleans.Runtime.Scheduler.ActivationTaskScheduler.QueueTask(Task task)
   在 System.Threading.Tasks.TaskContinuation.InlineIfPossibleOrElseQueue(Task task, Boolean needsProtection)
   在 System.Threading.Tasks.TaskSchedulerAwaitTaskContinuation.Run(Task ignored, Boolean canInlineContinuationTask)
   在 System.Threading.Tasks.Task.FinishContinuations()
   在 System.Threading.Tasks.Task`1.TrySetResult(TResult result)
   在 System.Threading.Tasks.TaskCompletionSource`1.SetResult(TResult result)
   在 Orleans.Storage.Couchbase.GrainStateCouchbaseDataManager.<>c__DisplayClass1f.<WriteAsync>b__1e(Object state)
   在 System.Threading.ExecutionContext.RunInternal(ExecutionContext executionContext, ContextCallback callback, Object state, Boolean preserveSyncCtx)
   在 System.Threading.ExecutionContext.Run(ExecutionContext executionContext, ContextCallback callback, Object state, Boolean preserveSyncCtx)
   在 System.Threading.QueueUserWorkItemCallback.System.Threading.IThreadPoolWorkItem.ExecuteWorkItem()
   在 System.Threading.ThreadPoolWorkQueue.Dispatch()
	
[2015-03-23 06:53:37.422 GMT    87	WARNING	101217	Scheduler.WorkItemGroup	127.0.0.1:11111]	Enqueuing task System.Threading.Tasks.Task to a stopped work item group. Going to ignore and not execute it. WorkItemGroup:Name=[Activation: S127.0.0.1:11111:164789203*grn/9C20D2B7/8cc25bb9@55197bae #GrainType=Orleans.EventSourcing.SimpleGrain.TransferTransaction],State=Shutdown. Currently QueuedWorkItems=0; Total EnQueued=50; Total processed=50; Quantum expirations=0; TaskRunner=ActivationTaskScheduler-3022:Queued=0; SchedulingContext=[Activation: S127.0.0.1:11111:164789203*grn/9C20D2B7/8cc25bb9@55197bae #GrainType=Orleans.EventSourcing.SimpleGrain.TransferTransaction State=Invalid]
 Called from    在 Orleans.Runtime.Scheduler.WorkItemGroup.ReportWorkGroupProblemWithBacktrace(String what, ErrorCode errorCode)
   在 Orleans.Runtime.Scheduler.WorkItemGroup.EnqueueTask(Task task)
   在 Orleans.Runtime.Scheduler.ActivationTaskScheduler.QueueTask(Task task)
   在 System.Threading.Tasks.TaskContinuation.InlineIfPossibleOrElseQueue(Task task, Boolean needsProtection)
   在 System.Threading.Tasks.TaskSchedulerAwaitTaskContinuation.Run(Task ignored, Boolean canInlineContinuationTask)
   在 System.Threading.Tasks.Task.FinishContinuations()
   在 System.Threading.Tasks.Task`1.TrySetResult(TResult result)
   在 System.Threading.Tasks.TaskCompletionSource`1.SetResult(TResult result)
   在 Orleans.Storage.Couchbase.GrainStateCouchbaseDataManager.<>c__DisplayClass1f.<WriteAsync>b__1e(Object state)
   在 System.Threading.ExecutionContext.RunInternal(ExecutionContext executionContext, ContextCallback callback, Object state, Boolean preserveSyncCtx)
   在 System.Threading.ExecutionContext.Run(ExecutionContext executionContext, ContextCallback callback, Object state, Boolean preserveSyncCtx)
   在 System.Threading.QueueUserWorkItemCallback.System.Threading.IThreadPoolWorkItem.ExecuteWorkItem()
   在 System.Threading.ThreadPoolWorkQueue.Dispatch()
	
[2015-03-23 06:53:37.670 GMT    84	WARNING	101217	Scheduler.WorkItemGroup	127.0.0.1:11111]	Enqueuing task System.Threading.Tasks.Task to a stopped work item group. Going to ignore and not execute it. WorkItemGroup:Name=[Activation: S127.0.0.1:11111:164789203*grn/9C20D2B7/71cf98b9@3a06c880 #GrainType=Orleans.EventSourcing.SimpleGrain.TransferTransaction],State=Shutdown. Currently QueuedWorkItems=0; Total EnQueued=50; Total processed=50; Quantum expirations=0; TaskRunner=ActivationTaskScheduler-3023:Queued=0; SchedulingContext=[Activation: S127.0.0.1:11111:164789203*grn/9C20D2B7/71cf98b9@3a06c880 #GrainType=Orleans.EventSourcing.SimpleGrain.TransferTransaction State=Invalid]
 Called from    在 Orleans.Runtime.Scheduler.WorkItemGroup.ReportWorkGroupProblemWithBacktrace(String what, ErrorCode errorCode)
   在 Orleans.Runtime.Scheduler.WorkItemGroup.EnqueueTask(Task task)
   在 Orleans.Runtime.Scheduler.ActivationTaskScheduler.QueueTask(Task task)
   在 System.Threading.Tasks.TaskContinuation.InlineIfPossibleOrElseQueue(Task task, Boolean needsProtection)
   在 System.Threading.Tasks.TaskSchedulerAwaitTaskContinuation.Run(Task ignored, Boolean canInlineContinuationTask)
   在 System.Threading.Tasks.Task.FinishContinuations()
   在 System.Threading.Tasks.Task`1.TrySetResult(TResult result)
   在 System.Threading.Tasks.TaskCompletionSource`1.SetResult(TResult result)
   在 Orleans.Storage.Couchbase.GrainStateCouchbaseDataManager.<>c__DisplayClass1f.<WriteAsync>b__1e(Object state)
   在 System.Threading.ExecutionContext.RunInternal(ExecutionContext executionContext, ContextCallback callback, Object state, Boolean preserveSyncCtx)
   在 System.Threading.ExecutionContext.Run(ExecutionContext executionContext, ContextCallback callback, Object state, Boolean preserveSyncCtx)
   在 System.Threading.QueueUserWorkItemCallback.System.Threading.IThreadPoolWorkItem.ExecuteWorkItem()
   在 System.Threading.ThreadPoolWorkQueue.Dispatch()
	
[2015-03-23 06:53:37.922 GMT    13	WARNING	101220	Scheduler.WorkItemGroup	127.0.0.1:11111]	WorkItemGroup is being stoped while still active. workItemCount = 1 WorkItemGroup:Name=[Activation: S127.0.0.1:11111:164789203*grn/9C20D2B7/bbc786a5@a430948d #GrainType=Orleans.EventSourcing.SimpleGrain.TransferTransaction],State=Running. Currently QueuedWorkItems=1; Total EnQueued=51; Total processed=49; Quantum expirations=0; TaskRunner=ActivationTaskScheduler-3024:Queued=1; SchedulingContext=[Activation: S127.0.0.1:11111:164789203*grn/9C20D2B7/bbc786a5@a430948d #GrainType=Orleans.EventSourcing.SimpleGrain.TransferTransaction State=Invalid]
 Called from    在 Orleans.Runtime.Scheduler.WorkItemGroup.ReportWorkGroupProblemWithBacktrace(String what, ErrorCode errorCode)
   在 Orleans.Runtime.Scheduler.WorkItemGroup.Stop()
   在 Orleans.Runtime.Scheduler.OrleansTaskScheduler.UnregisterWorkContext(ISchedulingContext context)
   在 Orleans.Runtime.Catalog.UnregisterMessageTarget(ActivationData activation)
   在 Orleans.Runtime.Catalog.<DestroyActivations>d__5b.MoveNext()
   在 System.Threading.ExecutionContext.RunInternal(ExecutionContext executionContext, ContextCallback callback, Object state, Boolean preserveSyncCtx)
   在 System.Threading.ExecutionContext.Run(ExecutionContext executionContext, ContextCallback callback, Object state, Boolean preserveSyncCtx)
   在 System.Runtime.CompilerServices.AsyncMethodBuilderCore.MoveNextRunner.Run()
   在 System.Threading.Tasks.TaskSchedulerAwaitTaskContinuation.<Run>b__0(Object state)
   在 System.Threading.Tasks.Task.Execute()
   在 System.Threading.Tasks.Task.ExecuteWithThreadLocal(Task& currentTaskSlot)
   在 System.Threading.Tasks.Task.ExecuteEntry(Boolean bPreventDoubleExecution)
   在 Orleans.Runtime.Scheduler.ActivationTaskScheduler.RunTask(Task task)
   在 Orleans.Runtime.Scheduler.WorkItemGroup.Execute()
   在 Orleans.Runtime.Scheduler.WorkerPoolThread.Run()
   在 Orleans.Runtime.AsynchAgent.AgentThreadProc(Object obj)
   在 System.Threading.ExecutionContext.RunInternal(ExecutionContext executionContext, ContextCallback callback, Object state, Boolean preserveSyncCtx)
   在 System.Threading.ExecutionContext.Run(ExecutionContext executionContext, ContextCallback callback, Object state, Boolean preserveSyncCtx)
   在 System.Threading.ExecutionContext.Run(ExecutionContext executionContext, ContextCallback callback, Object state)
   在 System.Threading.ThreadHelper.ThreadStart(Object obj)
	
[2015-03-23 06:53:40.102 GMT    14	WARNING	101215	Scheduler.WorkItemGroup	127.0.0.1:11111]	Task [Id=128, Status=RanToCompletion] in WorkGroup [Activation: S127.0.0.1:11111:164789203*grn/F15F7B6B/845dd7be@734e57b9 #GrainType=Orleans.EventSourcing.SimpleGrain.BankAccount State=Valid] took elapsed time 0:00:00.3202621 for execution, which is longer than 00:00:00.2000000. Running on thread <Runtime.Scheduler.WorkerPoolThread/3, ManagedThreadId=14, Executing Task Id=128 Status=RanToCompletion for 00:00:00.3200183>	
[2015-03-23 06:53:40.184 GMT    12	WARNING	101215	Scheduler.WorkItemGroup	127.0.0.1:11111]	Task [Id=127, Status=RanToCompletion] in WorkGroup [Activation: S127.0.0.1:11111:164789203*grn/9C20D2B7/1a066297@7457048f #GrainType=Orleans.EventSourcing.SimpleGrain.TransferTransaction State=Valid] took elapsed time 0:00:00.4362132 for execution, which is longer than 00:00:00.2000000. Running on thread <Runtime.Scheduler.WorkerPoolThread/1, ManagedThreadId=12, Executing Task Id=127 Status=RanToCompletion for 00:00:00.4430253>	
[2015-03-23 06:53:42.308 GMT    15	WARNING	101215	Scheduler.WorkItemGroup	127.0.0.1:11111]	Task [Id=129, Status=RanToCompletion] in WorkGroup [Activation: S127.0.0.1:11111:164789203*grn/9C20D2B7/f9a3f680@9d27f08b #GrainType=Orleans.EventSourcing.SimpleGrain.TransferTransaction State=Valid] took elapsed time 0:00:00.2300793 for execution, which is longer than 00:00:00.2000000. Running on thread <Runtime.Scheduler.WorkerPoolThread/4, ManagedThreadId=15, Executing Task Id=129 Status=RanToCompletion for 00:00:00.2320133>	
[2015-03-23 06:53:42.426 GMT    16	WARNING	101215	Scheduler.WorkItemGroup	127.0.0.1:11111]	Task [Id=130, Status=RanToCompletion] in WorkGroup [Activation: S127.0.0.1:11111:164789203*grn/F15F7B6B/e682cc98@7f608d86 #GrainType=Orleans.EventSourcing.SimpleGrain.BankAccount State=Valid] took elapsed time 0:00:00.2129927 for execution, which is longer than 00:00:00.2000000. Running on thread <Runtime.Scheduler.WorkerPoolThread/5, ManagedThreadId=16, Executing Task Id=130 Status=RanToCompletion for 00:00:00.2130122>	
[2015-03-23 06:53:42.634 GMT    12	WARNING	101215	Scheduler.WorkItemGroup	127.0.0.1:11111]	Task [Id=131, Status=RanToCompletion] in WorkGroup [Activation: S127.0.0.1:11111:164789203*grn/9C20D2B7/f06909be@10be01b4 #GrainType=Orleans.EventSourcing.SimpleGrain.TransferTransaction State=Valid] took elapsed time 0:00:00.2584722 for execution, which is longer than 00:00:00.2000000. Running on thread <Runtime.Scheduler.WorkerPoolThread/1, ManagedThreadId=12, Executing Task Id=131 Status=RanToCompletion for 00:00:00.2590148>	
[2015-03-23 06:53:43.728 GMT    22	WARNING	101220	Scheduler.WorkItemGroup	127.0.0.1:11111]	WorkItemGroup is being stoped while still active. workItemCount = 1 WorkItemGroup:Name=[Activation: S127.0.0.1:11111:164789203*grn/9C20D2B7/a50136a8@8148099f #GrainType=Orleans.EventSourcing.SimpleGrain.TransferTransaction],State=Running. Currently QueuedWorkItems=1; Total EnQueued=50; Total processed=48; Quantum expirations=0; TaskRunner=ActivationTaskScheduler-3061:Queued=1; SchedulingContext=[Activation: S127.0.0.1:11111:164789203*grn/9C20D2B7/a50136a8@8148099f #GrainType=Orleans.EventSourcing.SimpleGrain.TransferTransaction State=Invalid]
 Called from    在 Orleans.Runtime.Scheduler.WorkItemGroup.ReportWorkGroupProblemWithBacktrace(String what, ErrorCode errorCode)
   在 Orleans.Runtime.Scheduler.WorkItemGroup.Stop()
   在 Orleans.Runtime.Scheduler.OrleansTaskScheduler.UnregisterWorkContext(ISchedulingContext context)
   在 Orleans.Runtime.Catalog.UnregisterMessageTarget(ActivationData activation)
   在 Orleans.Runtime.Catalog.<DestroyActivations>d__5b.MoveNext()
   在 System.Threading.ExecutionContext.RunInternal(ExecutionContext executionContext, ContextCallback callback, Object state, Boolean preserveSyncCtx)
   在 System.Threading.ExecutionContext.Run(ExecutionContext executionContext, ContextCallback callback, Object state, Boolean preserveSyncCtx)
   在 System.Runtime.CompilerServices.AsyncMethodBuilderCore.MoveNextRunner.Run()
   在 System.Threading.Tasks.TaskSchedulerAwaitTaskContinuation.<Run>b__0(Object state)
   在 System.Threading.Tasks.Task.Execute()
   在 System.Threading.Tasks.Task.ExecuteWithThreadLocal(Task& currentTaskSlot)
   在 System.Threading.Tasks.Task.ExecuteEntry(Boolean bPreventDoubleExecution)
   在 Orleans.Runtime.Scheduler.ActivationTaskScheduler.RunTask(Task task)
   在 Orleans.Runtime.Scheduler.WorkItemGroup.Execute()
   在 Orleans.Runtime.Scheduler.WorkerPoolThread.Run()
   在 Orleans.Runtime.AsynchAgent.AgentThreadProc(Object obj)
   在 System.Threading.ExecutionContext.RunInternal(ExecutionContext executionContext, ContextCallback callback, Object state, Boolean preserveSyncCtx)
   在 System.Threading.ExecutionContext.Run(ExecutionContext executionContext, ContextCallback callback, Object state, Boolean preserveSyncCtx)
   在 System.Threading.ExecutionContext.Run(ExecutionContext executionContext, ContextCallback callback, Object state)
   在 System.Threading.ThreadHelper.ThreadStart(Object obj)
	
[2015-03-23 06:53:45.284 GMT    15	WARNING	101220	Scheduler.WorkItemGroup	127.0.0.1:11111]	WorkItemGroup is being stoped while still active. workItemCount = 1 WorkItemGroup:Name=[Activation: S127.0.0.1:11111:164789203*grn/9C20D2B7/cc335bb4@16af9fab #GrainType=Orleans.EventSourcing.SimpleGrain.TransferTransaction],State=Running. Currently QueuedWorkItems=1; Total EnQueued=51; Total processed=49; Quantum expirations=0; TaskRunner=ActivationTaskScheduler-3079:Queued=1; SchedulingContext=[Activation: S127.0.0.1:11111:164789203*grn/9C20D2B7/cc335bb4@16af9fab #GrainType=Orleans.EventSourcing.SimpleGrain.TransferTransaction State=Invalid]
 Called from    在 Orleans.Runtime.Scheduler.WorkItemGroup.ReportWorkGroupProblemWithBacktrace(String what, ErrorCode errorCode)
   在 Orleans.Runtime.Scheduler.WorkItemGroup.Stop()
   在 Orleans.Runtime.Scheduler.OrleansTaskScheduler.UnregisterWorkContext(ISchedulingContext context)
   在 Orleans.Runtime.Catalog.UnregisterMessageTarget(ActivationData activation)
   在 Orleans.Runtime.Catalog.<DestroyActivations>d__5b.MoveNext()
   在 System.Threading.ExecutionContext.RunInternal(ExecutionContext executionContext, ContextCallback callback, Object state, Boolean preserveSyncCtx)
   在 System.Threading.ExecutionContext.Run(ExecutionContext executionContext, ContextCallback callback, Object state, Boolean preserveSyncCtx)
   在 System.Runtime.CompilerServices.AsyncMethodBuilderCore.MoveNextRunner.Run()
   在 System.Threading.Tasks.TaskSchedulerAwaitTaskContinuation.<Run>b__0(Object state)
   在 System.Threading.Tasks.Task.Execute()
   在 System.Threading.Tasks.Task.ExecuteWithThreadLocal(Task& currentTaskSlot)
   在 System.Threading.Tasks.Task.ExecuteEntry(Boolean bPreventDoubleExecution)
   在 Orleans.Runtime.Scheduler.ActivationTaskScheduler.RunTask(Task task)
   在 Orleans.Runtime.Scheduler.WorkItemGroup.Execute()
   在 Orleans.Runtime.Scheduler.WorkerPoolThread.Run()
   在 Orleans.Runtime.AsynchAgent.AgentThreadProc(Object obj)
   在 System.Threading.ExecutionContext.RunInternal(ExecutionContext executionContext, ContextCallback callback, Object state, Boolean preserveSyncCtx)
   在 System.Threading.ExecutionContext.Run(ExecutionContext executionContext, ContextCallback callback, Object state, Boolean preserveSyncCtx)
   在 System.Threading.ExecutionContext.Run(ExecutionContext executionContext, ContextCallback callback, Object state)
   在 System.Threading.ThreadHelper.ThreadStart(Object obj)
	
[2015-03-23 06:53:54.188 GMT    13	WARNING	101220	Scheduler.WorkItemGroup	127.0.0.1:11111]	WorkItemGroup is being stoped while still active. workItemCount = 1 WorkItemGroup:Name=[Activation: S127.0.0.1:11111:164789203*grn/9C20D2B7/389fba97@2b6c2b86 #GrainType=Orleans.EventSourcing.SimpleGrain.TransferTransaction],State=Running. Currently QueuedWorkItems=1; Total EnQueued=51; Total processed=49; Quantum expirations=0; TaskRunner=ActivationTaskScheduler-3162:Queued=1; SchedulingContext=[Activation: S127.0.0.1:11111:164789203*grn/9C20D2B7/389fba97@2b6c2b86 #GrainType=Orleans.EventSourcing.SimpleGrain.TransferTransaction State=Invalid]
 Called from    在 Orleans.Runtime.Scheduler.WorkItemGroup.ReportWorkGroupProblemWithBacktrace(String what, ErrorCode errorCode)
   在 Orleans.Runtime.Scheduler.WorkItemGroup.Stop()
   在 Orleans.Runtime.Scheduler.OrleansTaskScheduler.UnregisterWorkContext(ISchedulingContext context)
   在 Orleans.Runtime.Catalog.UnregisterMessageTarget(ActivationData activation)
   在 Orleans.Runtime.Catalog.<DestroyActivations>d__5b.MoveNext()
   在 System.Threading.ExecutionContext.RunInternal(ExecutionContext executionContext, ContextCallback callback, Object state, Boolean preserveSyncCtx)
   在 System.Threading.ExecutionContext.Run(ExecutionContext executionContext, ContextCallback callback, Object state, Boolean preserveSyncCtx)
   在 System.Runtime.CompilerServices.AsyncMethodBuilderCore.MoveNextRunner.Run()
   在 System.Threading.Tasks.TaskSchedulerAwaitTaskContinuation.<Run>b__0(Object state)
   在 System.Threading.Tasks.Task.Execute()
   在 System.Threading.Tasks.Task.ExecuteWithThreadLocal(Task& currentTaskSlot)
   在 System.Threading.Tasks.Task.ExecuteEntry(Boolean bPreventDoubleExecution)
   在 Orleans.Runtime.Scheduler.ActivationTaskScheduler.RunTask(Task task)
   在 Orleans.Runtime.Scheduler.WorkItemGroup.Execute()
   在 Orleans.Runtime.Scheduler.WorkerPoolThread.Run()
   在 Orleans.Runtime.AsynchAgent.AgentThreadProc(Object obj)
   在 System.Threading.ExecutionContext.RunInternal(ExecutionContext executionContext, ContextCallback callback, Object state, Boolean preserveSyncCtx)
   在 System.Threading.ExecutionContext.Run(ExecutionContext executionContext, ContextCallback callback, Object state, Boolean preserveSyncCtx)
   在 System.Threading.ExecutionContext.Run(ExecutionContext executionContext, ContextCallback callback, Object state)
   在 System.Threading.ThreadHelper.ThreadStart(Object obj)
	
[2015-03-23 06:54:36.947 GMT    87	INFO   	601217	Scheduler.WorkItemGroup	127.0.0.1:11111]	Log code 101217 occurred 21 additional times in the previous 00:01:00.8104782	
[2015-03-23 06:54:37.008 GMT    87	INFO   	601220	Scheduler.WorkItemGroup	127.0.0.1:11111]	Log code 101220 occurred 6 additional times in the previous 00:01:00.8104782	
[2015-03-23 06:54:37.072 GMT    87	INFO   	601215	Scheduler.WorkItemGroup	127.0.0.1:11111]	Log code 101215 occurred 13 additional times in the previous 00:01:00.8104782	
[2015-03-23 06:54:37.136 GMT    87	WARNING	101217	Scheduler.WorkItemGroup	127.0.0.1:11111]	Enqueuing task System.Threading.Tasks.Task to a stopped work item group. Going to ignore and not execute it. WorkItemGroup:Name=[Activation: S127.0.0.1:11111:164789203*grn/9C20D2B7/790d28be@415c60b1 #GrainType=Orleans.EventSourcing.SimpleGrain.TransferTransaction],State=Shutdown. Currently QueuedWorkItems=0; Total EnQueued=50; Total processed=50; Quantum expirations=0; TaskRunner=ActivationTaskScheduler-3573:Queued=0; SchedulingContext=[Activation: S127.0.0.1:11111:164789203*grn/9C20D2B7/790d28be@415c60b1 #GrainType=Orleans.EventSourcing.SimpleGrain.TransferTransaction State=Invalid]
 Called from    在 Orleans.Runtime.Scheduler.WorkItemGroup.ReportWorkGroupProblemWithBacktrace(String what, ErrorCode errorCode)
   在 Orleans.Runtime.Scheduler.WorkItemGroup.EnqueueTask(Task task)
   在 Orleans.Runtime.Scheduler.ActivationTaskScheduler.QueueTask(Task task)
   在 System.Threading.Tasks.TaskContinuation.InlineIfPossibleOrElseQueue(Task task, Boolean needsProtection)
   在 System.Threading.Tasks.TaskSchedulerAwaitTaskContinuation.Run(Task ignored, Boolean canInlineContinuationTask)
   在 System.Threading.Tasks.Task.FinishContinuations()
   在 System.Threading.Tasks.Task`1.TrySetResult(TResult result)
   在 System.Threading.Tasks.TaskCompletionSource`1.SetResult(TResult result)
   在 Orleans.Storage.Couchbase.GrainStateCouchbaseDataManager.<>c__DisplayClass1f.<WriteAsync>b__1e(Object state)
   在 System.Threading.ExecutionContext.RunInternal(ExecutionContext executionContext, ContextCallback callback, Object state, Boolean preserveSyncCtx)
   在 System.Threading.ExecutionContext.Run(ExecutionContext executionContext, ContextCallback callback, Object state, Boolean preserveSyncCtx)
   在 System.Threading.QueueUserWorkItemCallback.System.Threading.IThreadPoolWorkItem.ExecuteWorkItem()
   在 System.Threading.ThreadPoolWorkQueue.Dispatch()
	
[2015-03-23 06:54:37.269 GMT    22	WARNING	101215	Scheduler.WorkItemGroup	127.0.0.1:11111]	Task [Id=145, Status=RanToCompletion] in WorkGroup [Activation: S127.0.0.1:11111:164789203*grn/F15F7B6B/845dd7be@734e57b9 #GrainType=Orleans.EventSourcing.SimpleGrain.BankAccount State=Valid] took elapsed time 0:00:00.2505929 for execution, which is longer than 00:00:00.2000000. Running on thread <Runtime.Scheduler.WorkerPoolThread/11, ManagedThreadId=22, Executing Task Id=145 Status=RanToCompletion for 00:00:00.2500143>	
[2015-03-23 06:54:37.275 GMT    23	WARNING	101215	Scheduler.WorkItemGroup	127.0.0.1:11111]	Task [Id=146, Status=RanToCompletion] in WorkGroup [Activation: S127.0.0.1:11111:164789203*grn/F15F7B6B/e682cc98@7f608d86 #GrainType=Orleans.EventSourcing.SimpleGrain.BankAccount State=Valid] took elapsed time 0:00:00.2608738 for execution, which is longer than 00:00:00.2000000. Running on thread <Runtime.Scheduler.WorkerPoolThread/12, ManagedThreadId=23, Executing Task Id=146 Status=RanToCompletion for 00:00:00.2620150>	
[2015-03-23 06:54:37.333 GMT    15	WARNING	101215	Scheduler.WorkItemGroup	127.0.0.1:11111]	Task [Id=147, Status=RanToCompletion] in WorkGroup [Activation: S127.0.0.1:11111:164789203*grn/9C20D2B7/14f6b082@81344685 #GrainType=Orleans.EventSourcing.SimpleGrain.TransferTransaction State=Valid] took elapsed time 0:00:00.2039706 for execution, which is longer than 00:00:00.2000000. Running on thread <Runtime.Scheduler.WorkerPoolThread/4, ManagedThreadId=15, Executing Task Id=147 Status=RanToCompletion for 00:00:00.2040116>	
[2015-03-23 06:54:39.720 GMT    13	WARNING	101220	Scheduler.WorkItemGroup	127.0.0.1:11111]	WorkItemGroup is being stoped while still active. workItemCount = 1 WorkItemGroup:Name=[Activation: S127.0.0.1:11111:164789203*grn/9C20D2B7/8e961980@2ef07ca0 #GrainType=Orleans.EventSourcing.SimpleGrain.TransferTransaction],State=Running. Currently QueuedWorkItems=1; Total EnQueued=51; Total processed=49; Quantum expirations=0; TaskRunner=ActivationTaskScheduler-3598:Queued=1; SchedulingContext=[Activation: S127.0.0.1:11111:164789203*grn/9C20D2B7/8e961980@2ef07ca0 #GrainType=Orleans.EventSourcing.SimpleGrain.TransferTransaction State=Invalid]
 Called from    在 Orleans.Runtime.Scheduler.WorkItemGroup.ReportWorkGroupProblemWithBacktrace(String what, ErrorCode errorCode)
   在 Orleans.Runtime.Scheduler.WorkItemGroup.Stop()
   在 Orleans.Runtime.Scheduler.OrleansTaskScheduler.UnregisterWorkContext(ISchedulingContext context)
   在 Orleans.Runtime.Catalog.UnregisterMessageTarget(ActivationData activation)
   在 Orleans.Runtime.Catalog.<DestroyActivations>d__5b.MoveNext()
   在 System.Threading.ExecutionContext.RunInternal(ExecutionContext executionContext, ContextCallback callback, Object state, Boolean preserveSyncCtx)
   在 System.Threading.ExecutionContext.Run(ExecutionContext executionContext, ContextCallback callback, Object state, Boolean preserveSyncCtx)
   在 System.Runtime.CompilerServices.AsyncMethodBuilderCore.MoveNextRunner.Run()
   在 System.Threading.Tasks.TaskSchedulerAwaitTaskContinuation.<Run>b__0(Object state)
   在 System.Threading.Tasks.Task.Execute()
   在 System.Threading.Tasks.Task.ExecuteWithThreadLocal(Task& currentTaskSlot)
   在 System.Threading.Tasks.Task.ExecuteEntry(Boolean bPreventDoubleExecution)
   在 Orleans.Runtime.Scheduler.ActivationTaskScheduler.RunTask(Task task)
   在 Orleans.Runtime.Scheduler.WorkItemGroup.Execute()
   在 Orleans.Runtime.Scheduler.WorkerPoolThread.Run()
   在 Orleans.Runtime.AsynchAgent.AgentThreadProc(Object obj)
   在 System.Threading.ExecutionContext.RunInternal(ExecutionContext executionContext, ContextCallback callback, Object state, Boolean preserveSyncCtx)
   在 System.Threading.ExecutionContext.Run(ExecutionContext executionContext, ContextCallback callback, Object state, Boolean preserveSyncCtx)
   在 System.Threading.ExecutionContext.Run(ExecutionContext executionContext, ContextCallback callback, Object state)
   在 System.Threading.ThreadHelper.ThreadStart(Object obj)
	
[2015-03-23 06:54:42.847 GMT    89	WARNING	101217	Scheduler.WorkItemGroup	127.0.0.1:11111]	Enqueuing task System.Threading.Tasks.Task to a stopped work item group. Going to ignore and not execute it. WorkItemGroup:Name=[Activation: S127.0.0.1:11111:164789203*grn/9C20D2B7/6d6702a7@215b468f #GrainType=Orleans.EventSourcing.SimpleGrain.TransferTransaction],State=Shutdown. Currently QueuedWorkItems=0; Total EnQueued=49; Total processed=49; Quantum expirations=0; TaskRunner=ActivationTaskScheduler-3625:Queued=0; SchedulingContext=[Activation: S127.0.0.1:11111:164789203*grn/9C20D2B7/6d6702a7@215b468f #GrainType=Orleans.EventSourcing.SimpleGrain.TransferTransaction State=Invalid]
 Called from    在 Orleans.Runtime.Scheduler.WorkItemGroup.ReportWorkGroupProblemWithBacktrace(String what, ErrorCode errorCode)
   在 Orleans.Runtime.Scheduler.WorkItemGroup.EnqueueTask(Task task)
   在 Orleans.Runtime.Scheduler.ActivationTaskScheduler.QueueTask(Task task)
   在 System.Threading.Tasks.TaskContinuation.InlineIfPossibleOrElseQueue(Task task, Boolean needsProtection)
   在 System.Threading.Tasks.TaskSchedulerAwaitTaskContinuation.Run(Task ignored, Boolean canInlineContinuationTask)
   在 System.Threading.Tasks.Task.FinishContinuations()
   在 System.Threading.Tasks.Task`1.TrySetResult(TResult result)
   在 System.Threading.Tasks.TaskCompletionSource`1.SetResult(TResult result)
   在 Orleans.Storage.Couchbase.GrainStateCouchbaseDataManager.<>c__DisplayClass1f.<WriteAsync>b__1e(Object state)
   在 System.Threading.ExecutionContext.RunInternal(ExecutionContext executionContext, ContextCallback callback, Object state, Boolean preserveSyncCtx)
   在 System.Threading.ExecutionContext.Run(ExecutionContext executionContext, ContextCallback callback, Object state, Boolean preserveSyncCtx)
   在 System.Threading.QueueUserWorkItemCallback.System.Threading.IThreadPoolWorkItem.ExecuteWorkItem()
   在 System.Threading.ThreadPoolWorkQueue.Dispatch()
	
[2015-03-23 06:54:44.455 GMT    17	WARNING	101220	Scheduler.WorkItemGroup	127.0.0.1:11111]	WorkItemGroup is being stoped while still active. workItemCount = 1 WorkItemGroup:Name=[Activation: S127.0.0.1:11111:164789203*grn/9C20D2B7/e1ebbf97@af1f84a6 #GrainType=Orleans.EventSourcing.SimpleGrain.TransferTransaction],State=Running. Currently QueuedWorkItems=1; Total EnQueued=51; Total processed=49; Quantum expirations=0; TaskRunner=ActivationTaskScheduler-3633:Queued=1; SchedulingContext=[Activation: S127.0.0.1:11111:164789203*grn/9C20D2B7/e1ebbf97@af1f84a6 #GrainType=Orleans.EventSourcing.SimpleGrain.TransferTransaction State=Invalid]
 Called from    在 Orleans.Runtime.Scheduler.WorkItemGroup.ReportWorkGroupProblemWithBacktrace(String what, ErrorCode errorCode)
   在 Orleans.Runtime.Scheduler.WorkItemGroup.Stop()
   在 Orleans.Runtime.Scheduler.OrleansTaskScheduler.UnregisterWorkContext(ISchedulingContext context)
   在 Orleans.Runtime.Catalog.UnregisterMessageTarget(ActivationData activation)
   在 Orleans.Runtime.Catalog.<DestroyActivations>d__5b.MoveNext()
   在 System.Threading.ExecutionContext.RunInternal(ExecutionContext executionContext, ContextCallback callback, Object state, Boolean preserveSyncCtx)
   在 System.Threading.ExecutionContext.Run(ExecutionContext executionContext, ContextCallback callback, Object state, Boolean preserveSyncCtx)
   在 System.Runtime.CompilerServices.AsyncMethodBuilderCore.MoveNextRunner.Run()
   在 System.Threading.Tasks.TaskSchedulerAwaitTaskContinuation.<Run>b__0(Object state)
   在 System.Threading.Tasks.Task.Execute()
   在 System.Threading.Tasks.Task.ExecuteWithThreadLocal(Task& currentTaskSlot)
   在 System.Threading.Tasks.Task.ExecuteEntry(Boolean bPreventDoubleExecution)
   在 Orleans.Runtime.Scheduler.ActivationTaskScheduler.RunTask(Task task)
   在 Orleans.Runtime.Scheduler.WorkItemGroup.Execute()
   在 Orleans.Runtime.Scheduler.WorkerPoolThread.Run()
   在 Orleans.Runtime.AsynchAgent.AgentThreadProc(Object obj)
   在 System.Threading.ExecutionContext.RunInternal(ExecutionContext executionContext, ContextCallback callback, Object state, Boolean preserveSyncCtx)
   在 System.Threading.ExecutionContext.Run(ExecutionContext executionContext, ContextCallback callback, Object state, Boolean preserveSyncCtx)
   在 System.Threading.ExecutionContext.Run(ExecutionContext executionContext, ContextCallback callback, Object state)
   在 System.Threading.ThreadHelper.ThreadStart(Object obj)
	
[2015-03-23 06:54:44.927 GMT    89	WARNING	101217	Scheduler.WorkItemGroup	127.0.0.1:11111]	Enqueuing task System.Threading.Tasks.Task to a stopped work item group. Going to ignore and not execute it. WorkItemGroup:Name=[Activation: S127.0.0.1:11111:164789203*grn/9C20D2B7/599dd8b1@47e7d692 #GrainType=Orleans.EventSourcing.SimpleGrain.TransferTransaction],State=Shutdown. Currently QueuedWorkItems=0; Total EnQueued=50; Total processed=50; Quantum expirations=0; TaskRunner=ActivationTaskScheduler-3639:Queued=0; SchedulingContext=[Activation: S127.0.0.1:11111:164789203*grn/9C20D2B7/599dd8b1@47e7d692 #GrainType=Orleans.EventSourcing.SimpleGrain.TransferTransaction State=Invalid]
 Called from    在 Orleans.Runtime.Scheduler.WorkItemGroup.ReportWorkGroupProblemWithBacktrace(String what, ErrorCode errorCode)
   在 Orleans.Runtime.Scheduler.WorkItemGroup.EnqueueTask(Task task)
   在 Orleans.Runtime.Scheduler.ActivationTaskScheduler.QueueTask(Task task)
   在 System.Threading.Tasks.TaskContinuation.InlineIfPossibleOrElseQueue(Task task, Boolean needsProtection)
   在 System.Threading.Tasks.TaskSchedulerAwaitTaskContinuation.Run(Task ignored, Boolean canInlineContinuationTask)
   在 System.Threading.Tasks.Task.FinishContinuations()
   在 System.Threading.Tasks.Task`1.TrySetResult(TResult result)
   在 System.Threading.Tasks.TaskCompletionSource`1.SetResult(TResult result)
   在 Orleans.Storage.Couchbase.GrainStateCouchbaseDataManager.<>c__DisplayClass1f.<WriteAsync>b__1e(Object state)
   在 System.Threading.ExecutionContext.RunInternal(ExecutionContext executionContext, ContextCallback callback, Object state, Boolean preserveSyncCtx)
   在 System.Threading.ExecutionContext.Run(ExecutionContext executionContext, ContextCallback callback, Object state, Boolean preserveSyncCtx)
   在 System.Threading.QueueUserWorkItemCallback.System.Threading.IThreadPoolWorkItem.ExecuteWorkItem()
   在 System.Threading.ThreadPoolWorkQueue.Dispatch()
	
[2015-03-23 06:54:47.078 GMT    14	WARNING	101215	Scheduler.WorkItemGroup	127.0.0.1:11111]	Task [Id=148, Status=RanToCompletion] in WorkGroup [Activation: S127.0.0.1:11111:164789203*grn/9C20D2B7/414b87af@96401381 #GrainType=Orleans.EventSourcing.SimpleGrain.TransferTransaction State=Valid] took elapsed time 0:00:00.2460755 for execution, which is longer than 00:00:00.2000000. Running on thread <Runtime.Scheduler.WorkerPoolThread/3, ManagedThreadId=14, Executing Task Id=148 Status=RanToCompletion for 00:00:00.2460140>	
[2015-03-23 06:54:47.189 GMT    13	WARNING	101215	Scheduler.WorkItemGroup	127.0.0.1:11111]	Task [Id=149, Status=RanToCompletion] in WorkGroup [Activation: S127.0.0.1:11111:164789203*grn/F15F7B6B/e682cc98@7f608d86 #GrainType=Orleans.EventSourcing.SimpleGrain.BankAccount State=Valid] took elapsed time 0:00:00.2510642 for execution, which is longer than 00:00:00.2000000. Running on thread <Runtime.Scheduler.WorkerPoolThread/2, ManagedThreadId=13, Executing Task Id=149 Status=RanToCompletion for 00:00:00.2510143>	
[2015-03-23 06:54:50.983 GMT    17	WARNING	101220	Scheduler.WorkItemGroup	127.0.0.1:11111]	WorkItemGroup is being stoped while still active. workItemCount = 1 WorkItemGroup:Name=[Activation: S127.0.0.1:11111:164789203*grn/9C20D2B7/95c1fb8e@e4992689 #GrainType=Orleans.EventSourcing.SimpleGrain.TransferTransaction],State=Running. Currently QueuedWorkItems=1; Total EnQueued=51; Total processed=49; Quantum expirations=0; TaskRunner=ActivationTaskScheduler-3679:Queued=1; SchedulingContext=[Activation: S127.0.0.1:11111:164789203*grn/9C20D2B7/95c1fb8e@e4992689 #GrainType=Orleans.EventSourcing.SimpleGrain.TransferTransaction State=Invalid]
 Called from    在 Orleans.Runtime.Scheduler.WorkItemGroup.ReportWorkGroupProblemWithBacktrace(String what, ErrorCode errorCode)
   在 Orleans.Runtime.Scheduler.WorkItemGroup.Stop()
   在 Orleans.Runtime.Scheduler.OrleansTaskScheduler.UnregisterWorkContext(ISchedulingContext context)
   在 Orleans.Runtime.Catalog.UnregisterMessageTarget(ActivationData activation)
   在 Orleans.Runtime.Catalog.<DestroyActivations>d__5b.MoveNext()
   在 System.Threading.ExecutionContext.RunInternal(ExecutionContext executionContext, ContextCallback callback, Object state, Boolean preserveSyncCtx)
   在 System.Threading.ExecutionContext.Run(ExecutionContext executionContext, ContextCallback callback, Object state, Boolean preserveSyncCtx)
   在 System.Runtime.CompilerServices.AsyncMethodBuilderCore.MoveNextRunner.Run()
   在 System.Threading.Tasks.TaskSchedulerAwaitTaskContinuation.<Run>b__0(Object state)
   在 System.Threading.Tasks.Task.Execute()
   在 System.Threading.Tasks.Task.ExecuteWithThreadLocal(Task& currentTaskSlot)
   在 System.Threading.Tasks.Task.ExecuteEntry(Boolean bPreventDoubleExecution)
   在 Orleans.Runtime.Scheduler.ActivationTaskScheduler.RunTask(Task task)
   在 Orleans.Runtime.Scheduler.WorkItemGroup.Execute()
   在 Orleans.Runtime.Scheduler.WorkerPoolThread.Run()
   在 Orleans.Runtime.AsynchAgent.AgentThreadProc(Object obj)
   在 System.Threading.ExecutionContext.RunInternal(ExecutionContext executionContext, ContextCallback callback, Object state, Boolean preserveSyncCtx)
   在 System.Threading.ExecutionContext.Run(ExecutionContext executionContext, ContextCallback callback, Object state, Boolean preserveSyncCtx)
   在 System.Threading.ExecutionContext.Run(ExecutionContext executionContext, ContextCallback callback, Object state)
   在 System.Threading.ThreadHelper.ThreadStart(Object obj)
	
[2015-03-23 06:54:52.134 GMT    37	WARNING	101217	Scheduler.WorkItemGroup	127.0.0.1:11111]	Enqueuing task System.Threading.Tasks.Task to a stopped work item group. Going to ignore and not execute it. WorkItemGroup:Name=[Activation: S127.0.0.1:11111:164789203*grn/9C20D2B7/94b754ac@ef1a7b89 #GrainType=Orleans.EventSourcing.SimpleGrain.TransferTransaction],State=Shutdown. Currently QueuedWorkItems=0; Total EnQueued=50; Total processed=50; Quantum expirations=0; TaskRunner=ActivationTaskScheduler-3687:Queued=0; SchedulingContext=[Activation: S127.0.0.1:11111:164789203*grn/9C20D2B7/94b754ac@ef1a7b89 #GrainType=Orleans.EventSourcing.SimpleGrain.TransferTransaction State=Invalid]
 Called from    在 Orleans.Runtime.Scheduler.WorkItemGroup.ReportWorkGroupProblemWithBacktrace(String what, ErrorCode errorCode)
   在 Orleans.Runtime.Scheduler.WorkItemGroup.EnqueueTask(Task task)
   在 Orleans.Runtime.Scheduler.ActivationTaskScheduler.QueueTask(Task task)
   在 System.Threading.Tasks.TaskContinuation.InlineIfPossibleOrElseQueue(Task task, Boolean needsProtection)
   在 System.Threading.Tasks.TaskSchedulerAwaitTaskContinuation.Run(Task ignored, Boolean canInlineContinuationTask)
   在 System.Threading.Tasks.Task.FinishContinuations()
   在 System.Threading.Tasks.Task`1.TrySetResult(TResult result)
   在 System.Threading.Tasks.TaskCompletionSource`1.SetResult(TResult result)
   在 Orleans.Storage.Couchbase.GrainStateCouchbaseDataManager.<>c__DisplayClass1f.<WriteAsync>b__1e(Object state)
   在 System.Threading.ExecutionContext.RunInternal(ExecutionContext executionContext, ContextCallback callback, Object state, Boolean preserveSyncCtx)
   在 System.Threading.ExecutionContext.Run(ExecutionContext executionContext, ContextCallback callback, Object state, Boolean preserveSyncCtx)
   在 System.Threading.QueueUserWorkItemCallback.System.Threading.IThreadPoolWorkItem.ExecuteWorkItem()
   在 System.Threading.ThreadPoolWorkQueue.Dispatch()
	
[2015-03-23 06:54:55.496 GMT    86	WARNING	101217	Scheduler.WorkItemGroup	127.0.0.1:11111]	Enqueuing task System.Threading.Tasks.Task to a stopped work item group. Going to ignore and not execute it. WorkItemGroup:Name=[Activation: S127.0.0.1:11111:164789203*grn/9C20D2B7/809bb7a6@56edb88e #GrainType=Orleans.EventSourcing.SimpleGrain.TransferTransaction],State=Shutdown. Currently QueuedWorkItems=0; Total EnQueued=50; Total processed=50; Quantum expirations=0; TaskRunner=ActivationTaskScheduler-3710:Queued=0; SchedulingContext=[Activation: S127.0.0.1:11111:164789203*grn/9C20D2B7/809bb7a6@56edb88e #GrainType=Orleans.EventSourcing.SimpleGrain.TransferTransaction State=Invalid]
 Called from    在 Orleans.Runtime.Scheduler.WorkItemGroup.ReportWorkGroupProblemWithBacktrace(String what, ErrorCode errorCode)
   在 Orleans.Runtime.Scheduler.WorkItemGroup.EnqueueTask(Task task)
   在 Orleans.Runtime.Scheduler.ActivationTaskScheduler.QueueTask(Task task)
   在 System.Threading.Tasks.TaskContinuation.InlineIfPossibleOrElseQueue(Task task, Boolean needsProtection)
   在 System.Threading.Tasks.TaskSchedulerAwaitTaskContinuation.Run(Task ignored, Boolean canInlineContinuationTask)
   在 System.Threading.Tasks.Task.FinishContinuations()
   在 System.Threading.Tasks.Task`1.TrySetResult(TResult result)
   在 System.Threading.Tasks.TaskCompletionSource`1.SetResult(TResult result)
   在 Orleans.Storage.Couchbase.GrainStateCouchbaseDataManager.<>c__DisplayClass1f.<WriteAsync>b__1e(Object state)
   在 System.Threading.ExecutionContext.RunInternal(ExecutionContext executionContext, ContextCallback callback, Object state, Boolean preserveSyncCtx)
   在 System.Threading.ExecutionContext.Run(ExecutionContext executionContext, ContextCallback callback, Object state, Boolean preserveSyncCtx)
   在 System.Threading.QueueUserWorkItemCallback.System.Threading.IThreadPoolWorkItem.ExecuteWorkItem()
   在 System.Threading.ThreadPoolWorkQueue.Dispatch()
	
[2015-03-23 06:54:55.715 GMT    23	WARNING	101215	Scheduler.ReminderService.WorkItemGroup	127.0.0.1:11111]	Task [Id=157, Status=RanToCompletion] in WorkGroup [SystemTarget: S127.0.0.1:11111:164789203ReminderService@S00000010] took elapsed time 0:00:00.2739938 for execution, which is longer than 00:00:00.2000000. Running on thread <Runtime.Scheduler.WorkerPoolThread/12, ManagedThreadId=23, Executing Task Id=157 Status=RanToCompletion for 00:00:00.2740157>	
[2015-03-23 06:55:00.562 GMT    23	WARNING	101220	Scheduler.WorkItemGroup	127.0.0.1:11111]	WorkItemGroup is being stoped while still active. workItemCount = 1 WorkItemGroup:Name=[Activation: S127.0.0.1:11111:164789203*grn/9C20D2B7/5a7c4f83@a7655c87 #GrainType=Orleans.EventSourcing.SimpleGrain.TransferTransaction],State=Running. Currently QueuedWorkItems=1; Total EnQueued=51; Total processed=49; Quantum expirations=0; TaskRunner=ActivationTaskScheduler-3763:Queued=1; SchedulingContext=[Activation: S127.0.0.1:11111:164789203*grn/9C20D2B7/5a7c4f83@a7655c87 #GrainType=Orleans.EventSourcing.SimpleGrain.TransferTransaction State=Invalid]
 Called from    在 Orleans.Runtime.Scheduler.WorkItemGroup.ReportWorkGroupProblemWithBacktrace(String what, ErrorCode errorCode)
   在 Orleans.Runtime.Scheduler.WorkItemGroup.Stop()
   在 Orleans.Runtime.Scheduler.OrleansTaskScheduler.UnregisterWorkContext(ISchedulingContext context)
   在 Orleans.Runtime.Catalog.UnregisterMessageTarget(ActivationData activation)
   在 Orleans.Runtime.Catalog.<DestroyActivations>d__5b.MoveNext()
   在 System.Threading.ExecutionContext.RunInternal(ExecutionContext executionContext, ContextCallback callback, Object state, Boolean preserveSyncCtx)
   在 System.Threading.ExecutionContext.Run(ExecutionContext executionContext, ContextCallback callback, Object state, Boolean preserveSyncCtx)
   在 System.Runtime.CompilerServices.AsyncMethodBuilderCore.MoveNextRunner.Run()
   在 System.Threading.Tasks.TaskSchedulerAwaitTaskContinuation.<Run>b__0(Object state)
   在 System.Threading.Tasks.Task.Execute()
   在 System.Threading.Tasks.Task.ExecuteWithThreadLocal(Task& currentTaskSlot)
   在 System.Threading.Tasks.Task.ExecuteEntry(Boolean bPreventDoubleExecution)
   在 Orleans.Runtime.Scheduler.ActivationTaskScheduler.RunTask(Task task)
   在 Orleans.Runtime.Scheduler.WorkItemGroup.Execute()
   在 Orleans.Runtime.Scheduler.WorkerPoolThread.Run()
   在 Orleans.Runtime.AsynchAgent.AgentThreadProc(Object obj)
   在 System.Threading.ExecutionContext.RunInternal(ExecutionContext executionContext, ContextCallback callback, Object state, Boolean preserveSyncCtx)
   在 System.Threading.ExecutionContext.Run(ExecutionContext executionContext, ContextCallback callback, Object state, Boolean preserveSyncCtx)
   在 System.Threading.ExecutionContext.Run(ExecutionContext executionContext, ContextCallback callback, Object state)
   在 System.Threading.ThreadHelper.ThreadStart(Object obj)
	
[2015-03-23 06:55:11.694 GMT    23	WARNING	101220	Scheduler.WorkItemGroup	127.0.0.1:11111]	WorkItemGroup is being stoped while still active. workItemCount = 1 WorkItemGroup:Name=[Activation: S127.0.0.1:11111:164789203*grn/9C20D2B7/0ac93ea3@37be2da9 #GrainType=Orleans.EventSourcing.SimpleGrain.TransferTransaction],State=Running. Currently QueuedWorkItems=1; Total EnQueued=50; Total processed=48; Quantum expirations=0; TaskRunner=ActivationTaskScheduler-3852:Queued=1; SchedulingContext=[Activation: S127.0.0.1:11111:164789203*grn/9C20D2B7/0ac93ea3@37be2da9 #GrainType=Orleans.EventSourcing.SimpleGrain.TransferTransaction State=Invalid]
 Called from    在 Orleans.Runtime.Scheduler.WorkItemGroup.ReportWorkGroupProblemWithBacktrace(String what, ErrorCode errorCode)
   在 Orleans.Runtime.Scheduler.WorkItemGroup.Stop()
   在 Orleans.Runtime.Scheduler.OrleansTaskScheduler.UnregisterWorkContext(ISchedulingContext context)
   在 Orleans.Runtime.Catalog.UnregisterMessageTarget(ActivationData activation)
   在 Orleans.Runtime.Catalog.<DestroyActivations>d__5b.MoveNext()
   在 System.Threading.ExecutionContext.RunInternal(ExecutionContext executionContext, ContextCallback callback, Object state, Boolean preserveSyncCtx)
   在 System.Threading.ExecutionContext.Run(ExecutionContext executionContext, ContextCallback callback, Object state, Boolean preserveSyncCtx)
   在 System.Runtime.CompilerServices.AsyncMethodBuilderCore.MoveNextRunner.Run()
   在 System.Threading.Tasks.TaskSchedulerAwaitTaskContinuation.<Run>b__0(Object state)
   在 System.Threading.Tasks.Task.Execute()
   在 System.Threading.Tasks.Task.ExecuteWithThreadLocal(Task& currentTaskSlot)
   在 System.Threading.Tasks.Task.ExecuteEntry(Boolean bPreventDoubleExecution)
   在 Orleans.Runtime.Scheduler.ActivationTaskScheduler.RunTask(Task task)
   在 Orleans.Runtime.Scheduler.WorkItemGroup.Execute()
   在 Orleans.Runtime.Scheduler.WorkerPoolThread.Run()
   在 Orleans.Runtime.AsynchAgent.AgentThreadProc(Object obj)
   在 System.Threading.ExecutionContext.RunInternal(ExecutionContext executionContext, ContextCallback callback, Object state, Boolean preserveSyncCtx)
   在 System.Threading.ExecutionContext.Run(ExecutionContext executionContext, ContextCallback callback, Object state, Boolean preserveSyncCtx)
   在 System.Threading.ExecutionContext.Run(ExecutionContext executionContext, ContextCallback callback, Object state)
   在 System.Threading.ThreadHelper.ThreadStart(Object obj)
	
[2015-03-23 06:55:40.878 GMT    15	INFO   	601217	Scheduler.WorkItemGroup	127.0.0.1:11111]	Log code 101217 occurred 11 additional times in the previous 00:01:03.9416572	
[2015-03-23 06:55:40.949 GMT    15	INFO   	601215	Scheduler.WorkItemGroup	127.0.0.1:11111]	Log code 101215 occurred 23 additional times in the previous 00:01:03.9416572	
[2015-03-23 06:55:41.025 GMT    15	INFO   	601220	Scheduler.WorkItemGroup	127.0.0.1:11111]	Log code 101220 occurred 4 additional times in the previous 00:01:03.9416572	
[2015-03-23 06:55:41.163 GMT    15	WARNING	101220	Scheduler.WorkItemGroup	127.0.0.1:11111]	WorkItemGroup is being stoped while still active. workItemCount = 1 WorkItemGroup:Name=[Activation: S127.0.0.1:11111:164789203*grn/9C20D2B7/b06dad8b@e28dffae #GrainType=Orleans.EventSourcing.SimpleGrain.TransferTransaction],State=Running. Currently QueuedWorkItems=1; Total EnQueued=49; Total processed=47; Quantum expirations=0; TaskRunner=ActivationTaskScheduler-4087:Queued=1; SchedulingContext=[Activation: S127.0.0.1:11111:164789203*grn/9C20D2B7/b06dad8b@e28dffae #GrainType=Orleans.EventSourcing.SimpleGrain.TransferTransaction State=Invalid]
 Called from    在 Orleans.Runtime.Scheduler.WorkItemGroup.ReportWorkGroupProblemWithBacktrace(String what, ErrorCode errorCode)
   在 Orleans.Runtime.Scheduler.WorkItemGroup.Stop()
   在 Orleans.Runtime.Scheduler.OrleansTaskScheduler.UnregisterWorkContext(ISchedulingContext context)
   在 Orleans.Runtime.Catalog.UnregisterMessageTarget(ActivationData activation)
   在 Orleans.Runtime.Catalog.<DestroyActivations>d__5b.MoveNext()
   在 System.Threading.ExecutionContext.RunInternal(ExecutionContext executionContext, ContextCallback callback, Object state, Boolean preserveSyncCtx)
   在 System.Threading.ExecutionContext.Run(ExecutionContext executionContext, ContextCallback callback, Object state, Boolean preserveSyncCtx)
   在 System.Runtime.CompilerServices.AsyncMethodBuilderCore.MoveNextRunner.Run()
   在 System.Threading.Tasks.TaskSchedulerAwaitTaskContinuation.<Run>b__0(Object state)
   在 System.Threading.Tasks.Task.Execute()
   在 System.Threading.Tasks.Task.ExecuteWithThreadLocal(Task& currentTaskSlot)
   在 System.Threading.Tasks.Task.ExecuteEntry(Boolean bPreventDoubleExecution)
   在 Orleans.Runtime.Scheduler.ActivationTaskScheduler.RunTask(Task task)
   在 Orleans.Runtime.Scheduler.WorkItemGroup.Execute()
   在 Orleans.Runtime.Scheduler.WorkerPoolThread.Run()
   在 Orleans.Runtime.AsynchAgent.AgentThreadProc(Object obj)
   在 System.Threading.ExecutionContext.RunInternal(ExecutionContext executionContext, ContextCallback callback, Object state, Boolean preserveSyncCtx)
   在 System.Threading.ExecutionContext.Run(ExecutionContext executionContext, ContextCallback callback, Object state, Boolean preserveSyncCtx)
   在 System.Threading.ExecutionContext.Run(ExecutionContext executionContext, ContextCallback callback, Object state)
   在 System.Threading.ThreadHelper.ThreadStart(Object obj)
	
[2015-03-23 06:55:41.447 GMT    12	WARNING	101215	Scheduler.WorkItemGroup	127.0.0.1:11111]	Task [Id=174, Status=RanToCompletion] in WorkGroup [Activation: S127.0.0.1:11111:164789203*grn/9C20D2B7/0b6aa787@cf3c8a9e #GrainType=Orleans.EventSourcing.SimpleGrain.TransferTransaction State=Valid] took elapsed time 0:00:00.3146417 for execution, which is longer than 00:00:00.2000000. Running on thread <Runtime.Scheduler.WorkerPoolThread/1, ManagedThreadId=12, Executing Task Id=174 Status=RanToCompletion for 00:00:00.3160180>	
[2015-03-23 06:55:41.553 GMT    20	WARNING	101215	Scheduler.WorkItemGroup	127.0.0.1:11111]	Task [Id=175, Status=RanToCompletion] in WorkGroup [Activation: S127.0.0.1:11111:164789203*grn/F15F7B6B/e682cc98@7f608d86 #GrainType=Orleans.EventSourcing.SimpleGrain.BankAccount State=Valid] took elapsed time 0:00:00.2348134 for execution, which is longer than 00:00:00.2000000. Running on thread <Runtime.Scheduler.WorkerPoolThread/9, ManagedThreadId=20, Executing Task Id=175 Status=RanToCompletion for 00:00:00.2350134>	
[2015-03-23 06:55:41.553 GMT    15	WARNING	101215	Scheduler.WorkItemGroup	127.0.0.1:11111]	Task [Id=176, Status=RanToCompletion] in WorkGroup [Activation: S127.0.0.1:11111:164789203*grn/9C20D2B7/b06dad8b@e28dffae #GrainType=Orleans.EventSourcing.SimpleGrain.TransferTransaction State=Invalid] took elapsed time 0:00:00.476951 for execution, which is longer than 00:00:00.2000000. Running on thread <Runtime.Scheduler.WorkerPoolThread/4, ManagedThreadId=15, Executing Task Id=176 Status=RanToCompletion for 00:00:00.4770273>	
[2015-03-23 06:55:41.581 GMT    14	WARNING	101215	Scheduler.WorkItemGroup	127.0.0.1:11111]	Task [Id=178, Status=RanToCompletion] in WorkGroup [Activation: S127.0.0.1:11111:164789203*grn/9C20D2B7/732f2887@eb433091 #GrainType=Orleans.EventSourcing.SimpleGrain.TransferTransaction State=Valid] took elapsed time 0:00:00.6286482 for execution, which is longer than 00:00:00.2000000. Running on thread <Runtime.Scheduler.WorkerPoolThread/3, ManagedThreadId=14, Executing Task Id=178 Status=RanToCompletion for 00:00:00.6290359>	
[2015-03-23 06:55:41.581 GMT    23	WARNING	101215	Scheduler.WorkItemGroup	127.0.0.1:11111]	Task [Id=177, Status=RanToCompletion] in WorkGroup [Activation: S127.0.0.1:11111:164789203*grn/9C20D2B7/4fd29f84@e3eb39b3 #GrainType=Orleans.EventSourcing.SimpleGrain.TransferTransaction State=Valid] took elapsed time 0:00:00.4386708 for execution, which is longer than 00:00:00.2000000. Running on thread <Runtime.Scheduler.WorkerPoolThread/12, ManagedThreadId=23, Executing Task Id=177 Status=RanToCompletion for 00:00:00.4400252>	
[2015-03-23 06:55:46.711 GMT    89	WARNING	101217	Scheduler.WorkItemGroup	127.0.0.1:11111]	Enqueuing task System.Threading.Tasks.Task to a stopped work item group. Going to ignore and not execute it. WorkItemGroup:Name=[Activation: S127.0.0.1:11111:164789203*grn/9C20D2B7/b33dc98f@87ff509d #GrainType=Orleans.EventSourcing.SimpleGrain.TransferTransaction],State=Shutdown. Currently QueuedWorkItems=0; Total EnQueued=50; Total processed=50; Quantum expirations=0; TaskRunner=ActivationTaskScheduler-4127:Queued=0; SchedulingContext=[Activation: S127.0.0.1:11111:164789203*grn/9C20D2B7/b33dc98f@87ff509d #GrainType=Orleans.EventSourcing.SimpleGrain.TransferTransaction State=Invalid]
 Called from    在 Orleans.Runtime.Scheduler.WorkItemGroup.ReportWorkGroupProblemWithBacktrace(String what, ErrorCode errorCode)
   在 Orleans.Runtime.Scheduler.WorkItemGroup.EnqueueTask(Task task)
   在 Orleans.Runtime.Scheduler.ActivationTaskScheduler.QueueTask(Task task)
   在 System.Threading.Tasks.TaskContinuation.InlineIfPossibleOrElseQueue(Task task, Boolean needsProtection)
   在 System.Threading.Tasks.TaskSchedulerAwaitTaskContinuation.Run(Task ignored, Boolean canInlineContinuationTask)
   在 System.Threading.Tasks.Task.FinishContinuations()
   在 System.Threading.Tasks.Task`1.TrySetResult(TResult result)
   在 System.Threading.Tasks.TaskCompletionSource`1.SetResult(TResult result)
   在 Orleans.Storage.Couchbase.GrainStateCouchbaseDataManager.<>c__DisplayClass1f.<WriteAsync>b__1e(Object state)
   在 System.Threading.ExecutionContext.RunInternal(ExecutionContext executionContext, ContextCallback callback, Object state, Boolean preserveSyncCtx)
   在 System.Threading.ExecutionContext.Run(ExecutionContext executionContext, ContextCallback callback, Object state, Boolean preserveSyncCtx)
   在 System.Threading.QueueUserWorkItemCallback.System.Threading.IThreadPoolWorkItem.ExecuteWorkItem()
   在 System.Threading.ThreadPoolWorkQueue.Dispatch()
	
[2015-03-23 06:55:50.682 GMT    15	WARNING	101220	Scheduler.WorkItemGroup	127.0.0.1:11111]	WorkItemGroup is being stoped while still active. workItemCount = 1 WorkItemGroup:Name=[Activation: S127.0.0.1:11111:164789203*grn/9C20D2B7/e3a7f885@e0c874b1 #GrainType=Orleans.EventSourcing.SimpleGrain.TransferTransaction],State=Running. Currently QueuedWorkItems=1; Total EnQueued=51; Total processed=49; Quantum expirations=0; TaskRunner=ActivationTaskScheduler-4156:Queued=1; SchedulingContext=[Activation: S127.0.0.1:11111:164789203*grn/9C20D2B7/e3a7f885@e0c874b1 #GrainType=Orleans.EventSourcing.SimpleGrain.TransferTransaction State=Invalid]
 Called from    在 Orleans.Runtime.Scheduler.WorkItemGroup.ReportWorkGroupProblemWithBacktrace(String what, ErrorCode errorCode)
   在 Orleans.Runtime.Scheduler.WorkItemGroup.Stop()
   在 Orleans.Runtime.Scheduler.OrleansTaskScheduler.UnregisterWorkContext(ISchedulingContext context)
   在 Orleans.Runtime.Catalog.UnregisterMessageTarget(ActivationData activation)
   在 Orleans.Runtime.Catalog.<DestroyActivations>d__5b.MoveNext()
   在 System.Threading.ExecutionContext.RunInternal(ExecutionContext executionContext, ContextCallback callback, Object state, Boolean preserveSyncCtx)
   在 System.Threading.ExecutionContext.Run(ExecutionContext executionContext, ContextCallback callback, Object state, Boolean preserveSyncCtx)
   在 System.Runtime.CompilerServices.AsyncMethodBuilderCore.MoveNextRunner.Run()
   在 System.Threading.Tasks.TaskSchedulerAwaitTaskContinuation.<Run>b__0(Object state)
   在 System.Threading.Tasks.Task.Execute()
   在 System.Threading.Tasks.Task.ExecuteWithThreadLocal(Task& currentTaskSlot)
   在 System.Threading.Tasks.Task.ExecuteEntry(Boolean bPreventDoubleExecution)
   在 Orleans.Runtime.Scheduler.ActivationTaskScheduler.RunTask(Task task)
   在 Orleans.Runtime.Scheduler.WorkItemGroup.Execute()
   在 Orleans.Runtime.Scheduler.WorkerPoolThread.Run()
   在 Orleans.Runtime.AsynchAgent.AgentThreadProc(Object obj)
   在 System.Threading.ExecutionContext.RunInternal(ExecutionContext executionContext, ContextCallback callback, Object state, Boolean preserveSyncCtx)
   在 System.Threading.ExecutionContext.Run(ExecutionContext executionContext, ContextCallback callback, Object state, Boolean preserveSyncCtx)
   在 System.Threading.ExecutionContext.Run(ExecutionContext executionContext, ContextCallback callback, Object state)
   在 System.Threading.ThreadHelper.ThreadStart(Object obj)
	
[2015-03-23 06:55:54.352 GMT    14	WARNING	101220	Scheduler.WorkItemGroup	127.0.0.1:11111]	WorkItemGroup is being stoped while still active. workItemCount = 1 WorkItemGroup:Name=[Activation: S127.0.0.1:11111:164789203*grn/9C20D2B7/1832ea86@67acfaa4 #GrainType=Orleans.EventSourcing.SimpleGrain.TransferTransaction],State=Running. Currently QueuedWorkItems=1; Total EnQueued=51; Total processed=49; Quantum expirations=0; TaskRunner=ActivationTaskScheduler-4181:Queued=1; SchedulingContext=[Activation: S127.0.0.1:11111:164789203*grn/9C20D2B7/1832ea86@67acfaa4 #GrainType=Orleans.EventSourcing.SimpleGrain.TransferTransaction State=Invalid]
 Called from    在 Orleans.Runtime.Scheduler.WorkItemGroup.ReportWorkGroupProblemWithBacktrace(String what, ErrorCode errorCode)
   在 Orleans.Runtime.Scheduler.WorkItemGroup.Stop()
   在 Orleans.Runtime.Scheduler.OrleansTaskScheduler.UnregisterWorkContext(ISchedulingContext context)
   在 Orleans.Runtime.Catalog.UnregisterMessageTarget(ActivationData activation)
   在 Orleans.Runtime.Catalog.<DestroyActivations>d__5b.MoveNext()
   在 System.Threading.ExecutionContext.RunInternal(ExecutionContext executionContext, ContextCallback callback, Object state, Boolean preserveSyncCtx)
   在 System.Threading.ExecutionContext.Run(ExecutionContext executionContext, ContextCallback callback, Object state, Boolean preserveSyncCtx)
   在 System.Runtime.CompilerServices.AsyncMethodBuilderCore.MoveNextRunner.Run()
   在 System.Threading.Tasks.TaskSchedulerAwaitTaskContinuation.<Run>b__0(Object state)
   在 System.Threading.Tasks.Task.Execute()
   在 System.Threading.Tasks.Task.ExecuteWithThreadLocal(Task& currentTaskSlot)
   在 System.Threading.Tasks.Task.ExecuteEntry(Boolean bPreventDoubleExecution)
   在 Orleans.Runtime.Scheduler.ActivationTaskScheduler.RunTask(Task task)
   在 Orleans.Runtime.Scheduler.WorkItemGroup.Execute()
   在 Orleans.Runtime.Scheduler.WorkerPoolThread.Run()
   在 Orleans.Runtime.AsynchAgent.AgentThreadProc(Object obj)
   在 System.Threading.ExecutionContext.RunInternal(ExecutionContext executionContext, ContextCallback callback, Object state, Boolean preserveSyncCtx)
   在 System.Threading.ExecutionContext.Run(ExecutionContext executionContext, ContextCallback callback, Object state, Boolean preserveSyncCtx)
   在 System.Threading.ExecutionContext.Run(ExecutionContext executionContext, ContextCallback callback, Object state)
   在 System.Threading.ThreadHelper.ThreadStart(Object obj)
	
[2015-03-23 06:55:55.134 GMT    88	WARNING	101217	Scheduler.WorkItemGroup	127.0.0.1:11111]	Enqueuing task System.Threading.Tasks.Task to a stopped work item group. Going to ignore and not execute it. WorkItemGroup:Name=[Activation: S127.0.0.1:11111:164789203*grn/9C20D2B7/c5e45bba@7fe070b6 #GrainType=Orleans.EventSourcing.SimpleGrain.TransferTransaction],State=Shutdown. Currently QueuedWorkItems=0; Total EnQueued=50; Total processed=50; Quantum expirations=0; TaskRunner=ActivationTaskScheduler-4187:Queued=0; SchedulingContext=[Activation: S127.0.0.1:11111:164789203*grn/9C20D2B7/c5e45bba@7fe070b6 #GrainType=Orleans.EventSourcing.SimpleGrain.TransferTransaction State=Invalid]
 Called from    在 Orleans.Runtime.Scheduler.WorkItemGroup.ReportWorkGroupProblemWithBacktrace(String what, ErrorCode errorCode)
   在 Orleans.Runtime.Scheduler.WorkItemGroup.EnqueueTask(Task task)
   在 Orleans.Runtime.Scheduler.ActivationTaskScheduler.QueueTask(Task task)
   在 System.Threading.Tasks.TaskContinuation.InlineIfPossibleOrElseQueue(Task task, Boolean needsProtection)
   在 System.Threading.Tasks.TaskSchedulerAwaitTaskContinuation.Run(Task ignored, Boolean canInlineContinuationTask)
   在 System.Threading.Tasks.Task.FinishContinuations()
   在 System.Threading.Tasks.Task`1.TrySetResult(TResult result)
   在 System.Threading.Tasks.TaskCompletionSource`1.SetResult(TResult result)
   在 Orleans.Storage.Couchbase.GrainStateCouchbaseDataManager.<>c__DisplayClass1f.<WriteAsync>b__1e(Object state)
   在 System.Threading.ExecutionContext.RunInternal(ExecutionContext executionContext, ContextCallback callback, Object state, Boolean preserveSyncCtx)
   在 System.Threading.ExecutionContext.Run(ExecutionContext executionContext, ContextCallback callback, Object state, Boolean preserveSyncCtx)
   在 System.Threading.QueueUserWorkItemCallback.System.Threading.IThreadPoolWorkItem.ExecuteWorkItem()
   在 System.Threading.ThreadPoolWorkQueue.Dispatch()
	
[2015-03-23 06:55:55.675 GMT    89	WARNING	101217	Scheduler.WorkItemGroup	127.0.0.1:11111]	Enqueuing task System.Threading.Tasks.Task to a stopped work item group. Going to ignore and not execute it. WorkItemGroup:Name=[Activation: S127.0.0.1:11111:164789203*grn/9C20D2B7/5f84a497@4e482b91 #GrainType=Orleans.EventSourcing.SimpleGrain.TransferTransaction],State=Shutdown. Currently QueuedWorkItems=0; Total EnQueued=50; Total processed=50; Quantum expirations=0; TaskRunner=ActivationTaskScheduler-4190:Queued=0; SchedulingContext=[Activation: S127.0.0.1:11111:164789203*grn/9C20D2B7/5f84a497@4e482b91 #GrainType=Orleans.EventSourcing.SimpleGrain.TransferTransaction State=Invalid]
 Called from    在 Orleans.Runtime.Scheduler.WorkItemGroup.ReportWorkGroupProblemWithBacktrace(String what, ErrorCode errorCode)
   在 Orleans.Runtime.Scheduler.WorkItemGroup.EnqueueTask(Task task)
   在 Orleans.Runtime.Scheduler.ActivationTaskScheduler.QueueTask(Task task)
   在 System.Threading.Tasks.TaskContinuation.InlineIfPossibleOrElseQueue(Task task, Boolean needsProtection)
   在 System.Threading.Tasks.TaskSchedulerAwaitTaskContinuation.Run(Task ignored, Boolean canInlineContinuationTask)
   在 System.Threading.Tasks.Task.FinishContinuations()
   在 System.Threading.Tasks.Task`1.TrySetResult(TResult result)
   在 System.Threading.Tasks.TaskCompletionSource`1.SetResult(TResult result)
   在 Orleans.Storage.Couchbase.GrainStateCouchbaseDataManager.<>c__DisplayClass1f.<WriteAsync>b__1e(Object state)
   在 System.Threading.ExecutionContext.RunInternal(ExecutionContext executionContext, ContextCallback callback, Object state, Boolean preserveSyncCtx)
   在 System.Threading.ExecutionContext.Run(ExecutionContext executionContext, ContextCallback callback, Object state, Boolean preserveSyncCtx)
   在 System.Threading.QueueUserWorkItemCallback.System.Threading.IThreadPoolWorkItem.ExecuteWorkItem()
   在 System.Threading.ThreadPoolWorkQueue.Dispatch()
	
[2015-03-23 06:55:59.159 GMT    89	WARNING	101217	Scheduler.WorkItemGroup	127.0.0.1:11111]	Enqueuing task System.Threading.Tasks.Task to a stopped work item group. Going to ignore and not execute it. WorkItemGroup:Name=[Activation: S127.0.0.1:11111:164789203*grn/9C20D2B7/e0b0e889@52ed6e97 #GrainType=Orleans.EventSourcing.SimpleGrain.TransferTransaction],State=Shutdown. Currently QueuedWorkItems=0; Total EnQueued=50; Total processed=50; Quantum expirations=0; TaskRunner=ActivationTaskScheduler-4215:Queued=0; SchedulingContext=[Activation: S127.0.0.1:11111:164789203*grn/9C20D2B7/e0b0e889@52ed6e97 #GrainType=Orleans.EventSourcing.SimpleGrain.TransferTransaction State=Invalid]
 Called from    在 Orleans.Runtime.Scheduler.WorkItemGroup.ReportWorkGroupProblemWithBacktrace(String what, ErrorCode errorCode)
   在 Orleans.Runtime.Scheduler.WorkItemGroup.EnqueueTask(Task task)
   在 Orleans.Runtime.Scheduler.ActivationTaskScheduler.QueueTask(Task task)
   在 System.Threading.Tasks.TaskContinuation.InlineIfPossibleOrElseQueue(Task task, Boolean needsProtection)
   在 System.Threading.Tasks.TaskSchedulerAwaitTaskContinuation.Run(Task ignored, Boolean canInlineContinuationTask)
   在 System.Threading.Tasks.Task.FinishContinuations()
   在 System.Threading.Tasks.Task`1.TrySetResult(TResult result)
   在 System.Threading.Tasks.TaskCompletionSource`1.SetResult(TResult result)
   在 Orleans.Storage.Couchbase.GrainStateCouchbaseDataManager.<>c__DisplayClass1f.<WriteAsync>b__1e(Object state)
   在 System.Threading.ExecutionContext.RunInternal(ExecutionContext executionContext, ContextCallback callback, Object state, Boolean preserveSyncCtx)
   在 System.Threading.ExecutionContext.Run(ExecutionContext executionContext, ContextCallback callback, Object state, Boolean preserveSyncCtx)
   在 System.Threading.QueueUserWorkItemCallback.System.Threading.IThreadPoolWorkItem.ExecuteWorkItem()
   在 System.Threading.ThreadPoolWorkQueue.Dispatch()
	
[2015-03-23 06:56:09.415 GMT    24	WARNING	101215	Scheduler.ReminderService.WorkItemGroup	127.0.0.1:11111]	Task [Id=186, Status=RanToCompletion] in WorkGroup [SystemTarget: S127.0.0.1:11111:164789203ReminderService@S00000010] took elapsed time 0:00:00.2040288 for execution, which is longer than 00:00:00.2000000. Running on thread <Runtime.Scheduler.WorkerPoolThread.System/13, ManagedThreadId=24, Executing Task Id=186 Status=RanToCompletion for 00:00:00.2050117>	
[2015-03-23 06:56:13.299 GMT    21	WARNING	101220	Scheduler.WorkItemGroup	127.0.0.1:11111]	WorkItemGroup is being stoped while still active. workItemCount = 1 WorkItemGroup:Name=[Activation: S127.0.0.1:11111:164789203*grn/9C20D2B7/eb411d8c@0fb54dba #GrainType=Orleans.EventSourcing.SimpleGrain.TransferTransaction],State=Running. Currently QueuedWorkItems=1; Total EnQueued=51; Total processed=49; Quantum expirations=0; TaskRunner=ActivationTaskScheduler-4329:Queued=1; SchedulingContext=[Activation: S127.0.0.1:11111:164789203*grn/9C20D2B7/eb411d8c@0fb54dba #GrainType=Orleans.EventSourcing.SimpleGrain.TransferTransaction State=Invalid]
 Called from    在 Orleans.Runtime.Scheduler.WorkItemGroup.ReportWorkGroupProblemWithBacktrace(String what, ErrorCode errorCode)
   在 Orleans.Runtime.Scheduler.WorkItemGroup.Stop()
   在 Orleans.Runtime.Scheduler.OrleansTaskScheduler.UnregisterWorkContext(ISchedulingContext context)
   在 Orleans.Runtime.Catalog.UnregisterMessageTarget(ActivationData activation)
   在 Orleans.Runtime.Catalog.<DestroyActivations>d__5b.MoveNext()
   在 System.Threading.ExecutionContext.RunInternal(ExecutionContext executionContext, ContextCallback callback, Object state, Boolean preserveSyncCtx)
   在 System.Threading.ExecutionContext.Run(ExecutionContext executionContext, ContextCallback callback, Object state, Boolean preserveSyncCtx)
   在 System.Runtime.CompilerServices.AsyncMethodBuilderCore.MoveNextRunner.Run()
   在 System.Threading.Tasks.TaskSchedulerAwaitTaskContinuation.<Run>b__0(Object state)
   在 System.Threading.Tasks.Task.Execute()
   在 System.Threading.Tasks.Task.ExecuteWithThreadLocal(Task& currentTaskSlot)
   在 System.Threading.Tasks.Task.ExecuteEntry(Boolean bPreventDoubleExecution)
   在 Orleans.Runtime.Scheduler.ActivationTaskScheduler.RunTask(Task task)
   在 Orleans.Runtime.Scheduler.WorkItemGroup.Execute()
   在 Orleans.Runtime.Scheduler.WorkerPoolThread.Run()
   在 Orleans.Runtime.AsynchAgent.AgentThreadProc(Object obj)
   在 System.Threading.ExecutionContext.RunInternal(ExecutionContext executionContext, ContextCallback callback, Object state, Boolean preserveSyncCtx)
   在 System.Threading.ExecutionContext.Run(ExecutionContext executionContext, ContextCallback callback, Object state, Boolean preserveSyncCtx)
   在 System.Threading.ExecutionContext.Run(ExecutionContext executionContext, ContextCallback callback, Object state)
   在 System.Threading.ThreadHelper.ThreadStart(Object obj)
	
[2015-03-23 06:56:16.327 GMT    88	WARNING	101217	Scheduler.WorkItemGroup	127.0.0.1:11111]	Enqueuing task System.Threading.Tasks.Task to a stopped work item group. Going to ignore and not execute it. WorkItemGroup:Name=[Activation: S127.0.0.1:11111:164789203*grn/9C20D2B7/04fd7594@be25f4ba #GrainType=Orleans.EventSourcing.SimpleGrain.TransferTransaction],State=Shutdown. Currently QueuedWorkItems=0; Total EnQueued=50; Total processed=50; Quantum expirations=0; TaskRunner=ActivationTaskScheduler-4353:Queued=0; SchedulingContext=[Activation: S127.0.0.1:11111:164789203*grn/9C20D2B7/04fd7594@be25f4ba #GrainType=Orleans.EventSourcing.SimpleGrain.TransferTransaction State=Invalid]
 Called from    在 Orleans.Runtime.Scheduler.WorkItemGroup.ReportWorkGroupProblemWithBacktrace(String what, ErrorCode errorCode)
   在 Orleans.Runtime.Scheduler.WorkItemGroup.EnqueueTask(Task task)
   在 Orleans.Runtime.Scheduler.ActivationTaskScheduler.QueueTask(Task task)
   在 System.Threading.Tasks.TaskContinuation.InlineIfPossibleOrElseQueue(Task task, Boolean needsProtection)
   在 System.Threading.Tasks.TaskSchedulerAwaitTaskContinuation.Run(Task ignored, Boolean canInlineContinuationTask)
   在 System.Threading.Tasks.Task.FinishContinuations()
   在 System.Threading.Tasks.Task`1.TrySetResult(TResult result)
   在 System.Threading.Tasks.TaskCompletionSource`1.SetResult(TResult result)
   在 Orleans.Storage.Couchbase.GrainStateCouchbaseDataManager.<>c__DisplayClass1f.<WriteAsync>b__1e(Object state)
   在 System.Threading.ExecutionContext.RunInternal(ExecutionContext executionContext, ContextCallback callback, Object state, Boolean preserveSyncCtx)
   在 System.Threading.ExecutionContext.Run(ExecutionContext executionContext, ContextCallback callback, Object state, Boolean preserveSyncCtx)
   在 System.Threading.QueueUserWorkItemCallback.System.Threading.IThreadPoolWorkItem.ExecuteWorkItem()
   在 System.Threading.ThreadPoolWorkQueue.Dispatch()
	
[2015-03-23 06:56:24.025 GMT    12	WARNING	101220	Scheduler.WorkItemGroup	127.0.0.1:11111]	WorkItemGroup is being stoped while still active. workItemCount = 1 WorkItemGroup:Name=[Activation: S127.0.0.1:11111:164789203*grn/9C20D2B7/233dbfb1@b3b718b3 #GrainType=Orleans.EventSourcing.SimpleGrain.TransferTransaction],State=Running. Currently QueuedWorkItems=1; Total EnQueued=51; Total processed=49; Quantum expirations=0; TaskRunner=ActivationTaskScheduler-4421:Queued=1; SchedulingContext=[Activation: S127.0.0.1:11111:164789203*grn/9C20D2B7/233dbfb1@b3b718b3 #GrainType=Orleans.EventSourcing.SimpleGrain.TransferTransaction State=Invalid]
 Called from    在 Orleans.Runtime.Scheduler.WorkItemGroup.ReportWorkGroupProblemWithBacktrace(String what, ErrorCode errorCode)
   在 Orleans.Runtime.Scheduler.WorkItemGroup.Stop()
   在 Orleans.Runtime.Scheduler.OrleansTaskScheduler.UnregisterWorkContext(ISchedulingContext context)
   在 Orleans.Runtime.Catalog.UnregisterMessageTarget(ActivationData activation)
   在 Orleans.Runtime.Catalog.<DestroyActivations>d__5b.MoveNext()
   在 System.Threading.ExecutionContext.RunInternal(ExecutionContext executionContext, ContextCallback callback, Object state, Boolean preserveSyncCtx)
   在 System.Threading.ExecutionContext.Run(ExecutionContext executionContext, ContextCallback callback, Object state, Boolean preserveSyncCtx)
   在 System.Runtime.CompilerServices.AsyncMethodBuilderCore.MoveNextRunner.Run()
   在 System.Threading.Tasks.TaskSchedulerAwaitTaskContinuation.<Run>b__0(Object state)
   在 System.Threading.Tasks.Task.Execute()
   在 System.Threading.Tasks.Task.ExecuteWithThreadLocal(Task& currentTaskSlot)
   在 System.Threading.Tasks.Task.ExecuteEntry(Boolean bPreventDoubleExecution)
   在 Orleans.Runtime.Scheduler.ActivationTaskScheduler.RunTask(Task task)
   在 Orleans.Runtime.Scheduler.WorkItemGroup.Execute()
   在 Orleans.Runtime.Scheduler.WorkerPoolThread.Run()
   在 Orleans.Runtime.AsynchAgent.AgentThreadProc(Object obj)
   在 System.Threading.ExecutionContext.RunInternal(ExecutionContext executionContext, ContextCallback callback, Object state, Boolean preserveSyncCtx)
   在 System.Threading.ExecutionContext.Run(ExecutionContext executionContext, ContextCallback callback, Object state, Boolean preserveSyncCtx)
   在 System.Threading.ExecutionContext.Run(ExecutionContext executionContext, ContextCallback callback, Object state)
   在 System.Threading.ThreadHelper.ThreadStart(Object obj)
	
[2015-03-23 06:56:34.496 GMT    24	WARNING	101215	Scheduler.DeploymentLoadPublisherSystemTarge.WorkItemGroup	127.0.0.1:11111]	Task [Id=198, Status=RanToCompletion] in WorkGroup [SystemTarget: S127.0.0.1:11111:164789203DeploymentLoadPublisherSystemTarge@S00000016] took elapsed time 0:00:00.2165478 for execution, which is longer than 00:00:00.2000000. Running on thread <Runtime.Scheduler.WorkerPoolThread.System/13, ManagedThreadId=24, Executing Task Id=198 Status=RanToCompletion for 00:00:00.2170124>	
[2015-03-23 06:56:43.036 GMT    89	INFO   	601220	Scheduler.WorkItemGroup	127.0.0.1:11111]	Log code 101220 occurred 5 additional times in the previous 00:01:02.1735562	
[2015-03-23 06:56:43.090 GMT    89	INFO   	601215	Scheduler.WorkItemGroup	127.0.0.1:11111]	Log code 101215 occurred 19 additional times in the previous 00:01:02.1735562	
[2015-03-23 06:56:43.137 GMT    89	INFO   	601217	Scheduler.WorkItemGroup	127.0.0.1:11111]	Log code 101217 occurred 6 additional times in the previous 00:01:02.1735562	
[2015-03-23 06:56:43.237 GMT    89	WARNING	101217	Scheduler.WorkItemGroup	127.0.0.1:11111]	Enqueuing task System.Threading.Tasks.Task to a stopped work item group. Going to ignore and not execute it. WorkItemGroup:Name=[Activation: S127.0.0.1:11111:164789203*grn/9C20D2B7/26b55cb3@51496b81 #GrainType=Orleans.EventSourcing.SimpleGrain.TransferTransaction],State=Shutdown. Currently QueuedWorkItems=0; Total EnQueued=49; Total processed=49; Quantum expirations=0; TaskRunner=ActivationTaskScheduler-4612:Queued=0; SchedulingContext=[Activation: S127.0.0.1:11111:164789203*grn/9C20D2B7/26b55cb3@51496b81 #GrainType=Orleans.EventSourcing.SimpleGrain.TransferTransaction State=Invalid]
 Called from    在 Orleans.Runtime.Scheduler.WorkItemGroup.ReportWorkGroupProblemWithBacktrace(String what, ErrorCode errorCode)
   在 Orleans.Runtime.Scheduler.WorkItemGroup.EnqueueTask(Task task)
   在 Orleans.Runtime.Scheduler.ActivationTaskScheduler.QueueTask(Task task)
   在 System.Threading.Tasks.TaskContinuation.InlineIfPossibleOrElseQueue(Task task, Boolean needsProtection)
   在 System.Threading.Tasks.TaskSchedulerAwaitTaskContinuation.Run(Task ignored, Boolean canInlineContinuationTask)
   在 System.Threading.Tasks.Task.FinishContinuations()
   在 System.Threading.Tasks.Task`1.TrySetResult(TResult result)
   在 System.Threading.Tasks.TaskCompletionSource`1.SetResult(TResult result)
   在 Orleans.Storage.Couchbase.GrainStateCouchbaseDataManager.<>c__DisplayClass1f.<WriteAsync>b__1e(Object state)
   在 System.Threading.ExecutionContext.RunInternal(ExecutionContext executionContext, ContextCallback callback, Object state, Boolean preserveSyncCtx)
   在 System.Threading.ExecutionContext.Run(ExecutionContext executionContext, ContextCallback callback, Object state, Boolean preserveSyncCtx)
   在 System.Threading.QueueUserWorkItemCallback.System.Threading.IThreadPoolWorkItem.ExecuteWorkItem()
   在 System.Threading.ThreadPoolWorkQueue.Dispatch()
	
[2015-03-23 06:56:43.298 GMT    22	WARNING	101215	Scheduler.WorkItemGroup	127.0.0.1:11111]	Task [Id=200, Status=RanToCompletion] in WorkGroup [Activation: S127.0.0.1:11111:164789203*grn/9C20D2B7/5cd5dea7@c0973f96 #GrainType=Orleans.EventSourcing.SimpleGrain.TransferTransaction State=Valid] took elapsed time 0:00:00.2823592 for execution, which is longer than 00:00:00.2000000. Running on thread <Runtime.Scheduler.WorkerPoolThread/11, ManagedThreadId=22, Executing Task Id=200 Status=RanToCompletion for 00:00:00.2840162>	
[2015-03-23 06:56:43.368 GMT    14	WARNING	101215	Scheduler.WorkItemGroup	127.0.0.1:11111]	Task [Id=201, Status=RanToCompletion] in WorkGroup [Activation: S127.0.0.1:11111:164789203*grn/9C20D2B7/37df40b2@cdbc848d #GrainType=Orleans.EventSourcing.SimpleGrain.TransferTransaction State=Valid] took elapsed time 0:00:00.2103402 for execution, which is longer than 00:00:00.2000000. Running on thread <Runtime.Scheduler.WorkerPoolThread/3, ManagedThreadId=14, Executing Task Id=201 Status=RanToCompletion for 00:00:00.2100120>	
[2015-03-23 06:56:45.042 GMT    88	WARNING	101217	Scheduler.WorkItemGroup	127.0.0.1:11111]	Enqueuing task System.Threading.Tasks.Task to a stopped work item group. Going to ignore and not execute it. WorkItemGroup:Name=[Activation: S127.0.0.1:11111:164789203*grn/9C20D2B7/76808a94@7d6ee0b3 #GrainType=Orleans.EventSourcing.SimpleGrain.TransferTransaction],State=Shutdown. Currently QueuedWorkItems=0; Total EnQueued=50; Total processed=50; Quantum expirations=0; TaskRunner=ActivationTaskScheduler-4632:Queued=0; SchedulingContext=[Activation: S127.0.0.1:11111:164789203*grn/9C20D2B7/76808a94@7d6ee0b3 #GrainType=Orleans.EventSourcing.SimpleGrain.TransferTransaction State=Invalid]
 Called from    在 Orleans.Runtime.Scheduler.WorkItemGroup.ReportWorkGroupProblemWithBacktrace(String what, ErrorCode errorCode)
   在 Orleans.Runtime.Scheduler.WorkItemGroup.EnqueueTask(Task task)
   在 Orleans.Runtime.Scheduler.ActivationTaskScheduler.QueueTask(Task task)
   在 System.Threading.Tasks.TaskContinuation.InlineIfPossibleOrElseQueue(Task task, Boolean needsProtection)
   在 System.Threading.Tasks.TaskSchedulerAwaitTaskContinuation.Run(Task ignored, Boolean canInlineContinuationTask)
   在 System.Threading.Tasks.Task.FinishContinuations()
   在 System.Threading.Tasks.Task`1.TrySetResult(TResult result)
   在 System.Threading.Tasks.TaskCompletionSource`1.SetResult(TResult result)
   在 Orleans.Storage.Couchbase.GrainStateCouchbaseDataManager.<>c__DisplayClass1f.<WriteAsync>b__1e(Object state)
   在 System.Threading.ExecutionContext.RunInternal(ExecutionContext executionContext, ContextCallback callback, Object state, Boolean preserveSyncCtx)
   在 System.Threading.ExecutionContext.Run(ExecutionContext executionContext, ContextCallback callback, Object state, Boolean preserveSyncCtx)
   在 System.Threading.QueueUserWorkItemCallback.System.Threading.IThreadPoolWorkItem.ExecuteWorkItem()
   在 System.Threading.ThreadPoolWorkQueue.Dispatch()
	
[2015-03-23 06:56:45.237 GMT    89	WARNING	101217	Scheduler.WorkItemGroup	127.0.0.1:11111]	Enqueuing task System.Threading.Tasks.Task to a stopped work item group. Going to ignore and not execute it. WorkItemGroup:Name=[Activation: S127.0.0.1:11111:164789203*grn/9C20D2B7/0bd7478c@40d268b8 #GrainType=Orleans.EventSourcing.SimpleGrain.TransferTransaction],State=Shutdown. Currently QueuedWorkItems=0; Total EnQueued=50; Total processed=50; Quantum expirations=0; TaskRunner=ActivationTaskScheduler-4636:Queued=0; SchedulingContext=[Activation: S127.0.0.1:11111:164789203*grn/9C20D2B7/0bd7478c@40d268b8 #GrainType=Orleans.EventSourcing.SimpleGrain.TransferTransaction State=Invalid]
 Called from    在 Orleans.Runtime.Scheduler.WorkItemGroup.ReportWorkGroupProblemWithBacktrace(String what, ErrorCode errorCode)
   在 Orleans.Runtime.Scheduler.WorkItemGroup.EnqueueTask(Task task)
   在 Orleans.Runtime.Scheduler.ActivationTaskScheduler.QueueTask(Task task)
   在 System.Threading.Tasks.TaskContinuation.InlineIfPossibleOrElseQueue(Task task, Boolean needsProtection)
   在 System.Threading.Tasks.TaskSchedulerAwaitTaskContinuation.Run(Task ignored, Boolean canInlineContinuationTask)
   在 System.Threading.Tasks.Task.FinishContinuations()
   在 System.Threading.Tasks.Task`1.TrySetResult(TResult result)
   在 System.Threading.Tasks.TaskCompletionSource`1.SetResult(TResult result)
   在 Orleans.Storage.Couchbase.GrainStateCouchbaseDataManager.<>c__DisplayClass1f.<WriteAsync>b__1e(Object state)
   在 System.Threading.ExecutionContext.RunInternal(ExecutionContext executionContext, ContextCallback callback, Object state, Boolean preserveSyncCtx)
   在 System.Threading.ExecutionContext.Run(ExecutionContext executionContext, ContextCallback callback, Object state, Boolean preserveSyncCtx)
   在 System.Threading.QueueUserWorkItemCallback.System.Threading.IThreadPoolWorkItem.ExecuteWorkItem()
   在 System.Threading.ThreadPoolWorkQueue.Dispatch()
	
[2015-03-23 06:56:47.915 GMT    88	WARNING	101217	Scheduler.WorkItemGroup	127.0.0.1:11111]	Enqueuing task System.Threading.Tasks.Task to a stopped work item group. Going to ignore and not execute it. WorkItemGroup:Name=[Activation: S127.0.0.1:11111:164789203*grn/9C20D2B7/d8eb0a80@1dd56ba7 #GrainType=Orleans.EventSourcing.SimpleGrain.TransferTransaction],State=Shutdown. Currently QueuedWorkItems=0; Total EnQueued=49; Total processed=49; Quantum expirations=0; TaskRunner=ActivationTaskScheduler-4670:Queued=0; SchedulingContext=[Activation: S127.0.0.1:11111:164789203*grn/9C20D2B7/d8eb0a80@1dd56ba7 #GrainType=Orleans.EventSourcing.SimpleGrain.TransferTransaction State=Invalid]
 Called from    在 Orleans.Runtime.Scheduler.WorkItemGroup.ReportWorkGroupProblemWithBacktrace(String what, ErrorCode errorCode)
   在 Orleans.Runtime.Scheduler.WorkItemGroup.EnqueueTask(Task task)
   在 Orleans.Runtime.Scheduler.ActivationTaskScheduler.QueueTask(Task task)
   在 System.Threading.Tasks.TaskContinuation.InlineIfPossibleOrElseQueue(Task task, Boolean needsProtection)
   在 System.Threading.Tasks.TaskSchedulerAwaitTaskContinuation.Run(Task ignored, Boolean canInlineContinuationTask)
   在 System.Threading.Tasks.Task.FinishContinuations()
   在 System.Threading.Tasks.Task`1.TrySetResult(TResult result)
   在 System.Threading.Tasks.TaskCompletionSource`1.SetResult(TResult result)
   在 Orleans.Storage.Couchbase.GrainStateCouchbaseDataManager.<>c__DisplayClass1f.<WriteAsync>b__1e(Object state)
   在 System.Threading.ExecutionContext.RunInternal(ExecutionContext executionContext, ContextCallback callback, Object state, Boolean preserveSyncCtx)
   在 System.Threading.ExecutionContext.Run(ExecutionContext executionContext, ContextCallback callback, Object state, Boolean preserveSyncCtx)
   在 System.Threading.QueueUserWorkItemCallback.System.Threading.IThreadPoolWorkItem.ExecuteWorkItem()
   在 System.Threading.ThreadPoolWorkQueue.Dispatch()
	
[2015-03-23 06:56:48.218 GMT    87	WARNING	101217	Scheduler.WorkItemGroup	127.0.0.1:11111]	Enqueuing task System.Threading.Tasks.Task to a stopped work item group. Going to ignore and not execute it. WorkItemGroup:Name=[Activation: S127.0.0.1:11111:164789203*grn/9C20D2B7/ecda5eb9@d3fc97bd #GrainType=Orleans.EventSourcing.SimpleGrain.TransferTransaction],State=Shutdown. Currently QueuedWorkItems=0; Total EnQueued=50; Total processed=50; Quantum expirations=0; TaskRunner=ActivationTaskScheduler-4671:Queued=0; SchedulingContext=[Activation: S127.0.0.1:11111:164789203*grn/9C20D2B7/ecda5eb9@d3fc97bd #GrainType=Orleans.EventSourcing.SimpleGrain.TransferTransaction State=Invalid]
 Called from    在 Orleans.Runtime.Scheduler.WorkItemGroup.ReportWorkGroupProblemWithBacktrace(String what, ErrorCode errorCode)
   在 Orleans.Runtime.Scheduler.WorkItemGroup.EnqueueTask(Task task)
   在 Orleans.Runtime.Scheduler.ActivationTaskScheduler.QueueTask(Task task)
   在 System.Threading.Tasks.TaskContinuation.InlineIfPossibleOrElseQueue(Task task, Boolean needsProtection)
   在 System.Threading.Tasks.TaskSchedulerAwaitTaskContinuation.Run(Task ignored, Boolean canInlineContinuationTask)
   在 System.Threading.Tasks.Task.FinishContinuations()
   在 System.Threading.Tasks.Task`1.TrySetResult(TResult result)
   在 System.Threading.Tasks.TaskCompletionSource`1.SetResult(TResult result)
   在 Orleans.Storage.Couchbase.GrainStateCouchbaseDataManager.<>c__DisplayClass1f.<WriteAsync>b__1e(Object state)
   在 System.Threading.ExecutionContext.RunInternal(ExecutionContext executionContext, ContextCallback callback, Object state, Boolean preserveSyncCtx)
   在 System.Threading.ExecutionContext.Run(ExecutionContext executionContext, ContextCallback callback, Object state, Boolean preserveSyncCtx)
   在 System.Threading.QueueUserWorkItemCallback.System.Threading.IThreadPoolWorkItem.ExecuteWorkItem()
   在 System.Threading.ThreadPoolWorkQueue.Dispatch()
	
[2015-03-23 06:56:54.556 GMT    22	WARNING	101220	Scheduler.WorkItemGroup	127.0.0.1:11111]	WorkItemGroup is being stoped while still active. workItemCount = 1 WorkItemGroup:Name=[Activation: S127.0.0.1:11111:164789203*grn/9C20D2B7/2e29c083@990f2f8c #GrainType=Orleans.EventSourcing.SimpleGrain.TransferTransaction],State=Running. Currently QueuedWorkItems=1; Total EnQueued=51; Total processed=49; Quantum expirations=0; TaskRunner=ActivationTaskScheduler-4751:Queued=1; SchedulingContext=[Activation: S127.0.0.1:11111:164789203*grn/9C20D2B7/2e29c083@990f2f8c #GrainType=Orleans.EventSourcing.SimpleGrain.TransferTransaction State=Invalid]
 Called from    在 Orleans.Runtime.Scheduler.WorkItemGroup.ReportWorkGroupProblemWithBacktrace(String what, ErrorCode errorCode)
   在 Orleans.Runtime.Scheduler.WorkItemGroup.Stop()
   在 Orleans.Runtime.Scheduler.OrleansTaskScheduler.UnregisterWorkContext(ISchedulingContext context)
   在 Orleans.Runtime.Catalog.UnregisterMessageTarget(ActivationData activation)
   在 Orleans.Runtime.Catalog.<DestroyActivations>d__5b.MoveNext()
   在 System.Threading.ExecutionContext.RunInternal(ExecutionContext executionContext, ContextCallback callback, Object state, Boolean preserveSyncCtx)
   在 System.Threading.ExecutionContext.Run(ExecutionContext executionContext, ContextCallback callback, Object state, Boolean preserveSyncCtx)
   在 System.Runtime.CompilerServices.AsyncMethodBuilderCore.MoveNextRunner.Run()
   在 System.Threading.Tasks.TaskSchedulerAwaitTaskContinuation.<Run>b__0(Object state)
   在 System.Threading.Tasks.Task.Execute()
   在 System.Threading.Tasks.Task.ExecuteWithThreadLocal(Task& currentTaskSlot)
   在 System.Threading.Tasks.Task.ExecuteEntry(Boolean bPreventDoubleExecution)
   在 Orleans.Runtime.Scheduler.ActivationTaskScheduler.RunTask(Task task)
   在 Orleans.Runtime.Scheduler.WorkItemGroup.Execute()
   在 Orleans.Runtime.Scheduler.WorkerPoolThread.Run()
   在 Orleans.Runtime.AsynchAgent.AgentThreadProc(Object obj)
   在 System.Threading.ExecutionContext.RunInternal(ExecutionContext executionContext, ContextCallback callback, Object state, Boolean preserveSyncCtx)
   在 System.Threading.ExecutionContext.Run(ExecutionContext executionContext, ContextCallback callback, Object state, Boolean preserveSyncCtx)
   在 System.Threading.ExecutionContext.Run(ExecutionContext executionContext, ContextCallback callback, Object state)
   在 System.Threading.ThreadHelper.ThreadStart(Object obj)
	
[2015-03-23 06:56:55.607 GMT    13	WARNING	101220	Scheduler.WorkItemGroup	127.0.0.1:11111]	WorkItemGroup is being stoped while still active. workItemCount = 1 WorkItemGroup:Name=[Activation: S127.0.0.1:11111:164789203*grn/9C20D2B7/fbbf91b4@2ebad884 #GrainType=Orleans.EventSourcing.SimpleGrain.TransferTransaction],State=Running. Currently QueuedWorkItems=1; Total EnQueued=50; Total processed=48; Quantum expirations=0; TaskRunner=ActivationTaskScheduler-4766:Queued=1; SchedulingContext=[Activation: S127.0.0.1:11111:164789203*grn/9C20D2B7/fbbf91b4@2ebad884 #GrainType=Orleans.EventSourcing.SimpleGrain.TransferTransaction State=Invalid]
 Called from    在 Orleans.Runtime.Scheduler.WorkItemGroup.ReportWorkGroupProblemWithBacktrace(String what, ErrorCode errorCode)
   在 Orleans.Runtime.Scheduler.WorkItemGroup.Stop()
   在 Orleans.Runtime.Scheduler.OrleansTaskScheduler.UnregisterWorkContext(ISchedulingContext context)
   在 Orleans.Runtime.Catalog.UnregisterMessageTarget(ActivationData activation)
   在 Orleans.Runtime.Catalog.<DestroyActivations>d__5b.MoveNext()
   在 System.Threading.ExecutionContext.RunInternal(ExecutionContext executionContext, ContextCallback callback, Object state, Boolean preserveSyncCtx)
   在 System.Threading.ExecutionContext.Run(ExecutionContext executionContext, ContextCallback callback, Object state, Boolean preserveSyncCtx)
   在 System.Runtime.CompilerServices.AsyncMethodBuilderCore.MoveNextRunner.Run()
   在 System.Threading.Tasks.TaskSchedulerAwaitTaskContinuation.<Run>b__0(Object state)
   在 System.Threading.Tasks.Task.Execute()
   在 System.Threading.Tasks.Task.ExecuteWithThreadLocal(Task& currentTaskSlot)
   在 System.Threading.Tasks.Task.ExecuteEntry(Boolean bPreventDoubleExecution)
   在 Orleans.Runtime.Scheduler.ActivationTaskScheduler.RunTask(Task task)
   在 Orleans.Runtime.Scheduler.WorkItemGroup.Execute()
   在 Orleans.Runtime.Scheduler.WorkerPoolThread.Run()
   在 Orleans.Runtime.AsynchAgent.AgentThreadProc(Object obj)
   在 System.Threading.ExecutionContext.RunInternal(ExecutionContext executionContext, ContextCallback callback, Object state, Boolean preserveSyncCtx)
   在 System.Threading.ExecutionContext.Run(ExecutionContext executionContext, ContextCallback callback, Object state, Boolean preserveSyncCtx)
   在 System.Threading.ExecutionContext.Run(ExecutionContext executionContext, ContextCallback callback, Object state)
   在 System.Threading.ThreadHelper.ThreadStart(Object obj)
	
[2015-03-23 06:56:57.621 GMT    12	WARNING	101220	Scheduler.WorkItemGroup	127.0.0.1:11111]	WorkItemGroup is being stoped while still active. workItemCount = 1 WorkItemGroup:Name=[Activation: S127.0.0.1:11111:164789203*grn/9C20D2B7/1235a39c@192e03a3 #GrainType=Orleans.EventSourcing.SimpleGrain.TransferTransaction],State=Running. Currently QueuedWorkItems=1; Total EnQueued=50; Total processed=48; Quantum expirations=0; TaskRunner=ActivationTaskScheduler-4791:Queued=1; SchedulingContext=[Activation: S127.0.0.1:11111:164789203*grn/9C20D2B7/1235a39c@192e03a3 #GrainType=Orleans.EventSourcing.SimpleGrain.TransferTransaction State=Invalid]
 Called from    在 Orleans.Runtime.Scheduler.WorkItemGroup.ReportWorkGroupProblemWithBacktrace(String what, ErrorCode errorCode)
   在 Orleans.Runtime.Scheduler.WorkItemGroup.Stop()
   在 Orleans.Runtime.Scheduler.OrleansTaskScheduler.UnregisterWorkContext(ISchedulingContext context)
   在 Orleans.Runtime.Catalog.UnregisterMessageTarget(ActivationData activation)
   在 Orleans.Runtime.Catalog.<DestroyActivations>d__5b.MoveNext()
   在 System.Threading.ExecutionContext.RunInternal(ExecutionContext executionContext, ContextCallback callback, Object state, Boolean preserveSyncCtx)
   在 System.Threading.ExecutionContext.Run(ExecutionContext executionContext, ContextCallback callback, Object state, Boolean preserveSyncCtx)
   在 System.Runtime.CompilerServices.AsyncMethodBuilderCore.MoveNextRunner.Run()
   在 System.Threading.Tasks.TaskSchedulerAwaitTaskContinuation.<Run>b__0(Object state)
   在 System.Threading.Tasks.Task.Execute()
   在 System.Threading.Tasks.Task.ExecuteWithThreadLocal(Task& currentTaskSlot)
   在 System.Threading.Tasks.Task.ExecuteEntry(Boolean bPreventDoubleExecution)
   在 Orleans.Runtime.Scheduler.ActivationTaskScheduler.RunTask(Task task)
   在 Orleans.Runtime.Scheduler.WorkItemGroup.Execute()
   在 Orleans.Runtime.Scheduler.WorkerPoolThread.Run()
   在 Orleans.Runtime.AsynchAgent.AgentThreadProc(Object obj)
   在 System.Threading.ExecutionContext.RunInternal(ExecutionContext executionContext, ContextCallback callback, Object state, Boolean preserveSyncCtx)
   在 System.Threading.ExecutionContext.Run(ExecutionContext executionContext, ContextCallback callback, Object state, Boolean preserveSyncCtx)
   在 System.Threading.ExecutionContext.Run(ExecutionContext executionContext, ContextCallback callback, Object state)
   在 System.Threading.ThreadHelper.ThreadStart(Object obj)
	
[2015-03-23 06:57:01.658 GMT    17	WARNING	101220	Scheduler.WorkItemGroup	127.0.0.1:11111]	WorkItemGroup is being stoped while still active. workItemCount = 1 WorkItemGroup:Name=[Activation: S127.0.0.1:11111:164789203*grn/9C20D2B7/98eac88c@7ef6e39b #GrainType=Orleans.EventSourcing.SimpleGrain.TransferTransaction],State=Running. Currently QueuedWorkItems=1; Total EnQueued=50; Total processed=48; Quantum expirations=0; TaskRunner=ActivationTaskScheduler-4840:Queued=1; SchedulingContext=[Activation: S127.0.0.1:11111:164789203*grn/9C20D2B7/98eac88c@7ef6e39b #GrainType=Orleans.EventSourcing.SimpleGrain.TransferTransaction State=Invalid]
 Called from    在 Orleans.Runtime.Scheduler.WorkItemGroup.ReportWorkGroupProblemWithBacktrace(String what, ErrorCode errorCode)
   在 Orleans.Runtime.Scheduler.WorkItemGroup.Stop()
   在 Orleans.Runtime.Scheduler.OrleansTaskScheduler.UnregisterWorkContext(ISchedulingContext context)
   在 Orleans.Runtime.Catalog.UnregisterMessageTarget(ActivationData activation)
   在 Orleans.Runtime.Catalog.<DestroyActivations>d__5b.MoveNext()
   在 System.Threading.ExecutionContext.RunInternal(ExecutionContext executionContext, ContextCallback callback, Object state, Boolean preserveSyncCtx)
   在 System.Threading.ExecutionContext.Run(ExecutionContext executionContext, ContextCallback callback, Object state, Boolean preserveSyncCtx)
   在 System.Runtime.CompilerServices.AsyncMethodBuilderCore.MoveNextRunner.Run()
   在 System.Threading.Tasks.TaskSchedulerAwaitTaskContinuation.<Run>b__0(Object state)
   在 System.Threading.Tasks.Task.Execute()
   在 System.Threading.Tasks.Task.ExecuteWithThreadLocal(Task& currentTaskSlot)
   在 System.Threading.Tasks.Task.ExecuteEntry(Boolean bPreventDoubleExecution)
   在 Orleans.Runtime.Scheduler.ActivationTaskScheduler.RunTask(Task task)
   在 Orleans.Runtime.Scheduler.WorkItemGroup.Execute()
   在 Orleans.Runtime.Scheduler.WorkerPoolThread.Run()
   在 Orleans.Runtime.AsynchAgent.AgentThreadProc(Object obj)
   在 System.Threading.ExecutionContext.RunInternal(ExecutionContext executionContext, ContextCallback callback, Object state, Boolean preserveSyncCtx)
   在 System.Threading.ExecutionContext.Run(ExecutionContext executionContext, ContextCallback callback, Object state, Boolean preserveSyncCtx)
   在 System.Threading.ExecutionContext.Run(ExecutionContext executionContext, ContextCallback callback, Object state)
   在 System.Threading.ThreadHelper.ThreadStart(Object obj)
	
[2015-03-23 06:57:04.653 GMT    13	WARNING	101215	Scheduler.WorkItemGroup	127.0.0.1:11111]	Task [Id=202, Status=RanToCompletion] in WorkGroup [Activation: S127.0.0.1:11111:164789203*grn/9C20D2B7/faaef1aa@f93ec9aa #GrainType=Orleans.EventSourcing.SimpleGrain.TransferTransaction State=Deactivating] took elapsed time 0:00:00.3630127 for execution, which is longer than 00:00:00.2000000. Running on thread <Runtime.Scheduler.WorkerPoolThread/2, ManagedThreadId=13, Executing Task Id=202 Status=RanToCompletion for 00:00:00.3640208>	
[2015-03-23 06:57:07.700 GMT    16	WARNING	101220	Scheduler.WorkItemGroup	127.0.0.1:11111]	WorkItemGroup is being stoped while still active. workItemCount = 1 WorkItemGroup:Name=[Activation: S127.0.0.1:11111:164789203*grn/9C20D2B7/1bd343ab@6f1853a5 #GrainType=Orleans.EventSourcing.SimpleGrain.TransferTransaction],State=Running. Currently QueuedWorkItems=1; Total EnQueued=50; Total processed=48; Quantum expirations=0; TaskRunner=ActivationTaskScheduler-4916:Queued=1; SchedulingContext=[Activation: S127.0.0.1:11111:164789203*grn/9C20D2B7/1bd343ab@6f1853a5 #GrainType=Orleans.EventSourcing.SimpleGrain.TransferTransaction State=Invalid]
 Called from    在 Orleans.Runtime.Scheduler.WorkItemGroup.ReportWorkGroupProblemWithBacktrace(String what, ErrorCode errorCode)
   在 Orleans.Runtime.Scheduler.WorkItemGroup.Stop()
   在 Orleans.Runtime.Scheduler.OrleansTaskScheduler.UnregisterWorkContext(ISchedulingContext context)
   在 Orleans.Runtime.Catalog.UnregisterMessageTarget(ActivationData activation)
   在 Orleans.Runtime.Catalog.<DestroyActivations>d__5b.MoveNext()
   在 System.Threading.ExecutionContext.RunInternal(ExecutionContext executionContext, ContextCallback callback, Object state, Boolean preserveSyncCtx)
   在 System.Threading.ExecutionContext.Run(ExecutionContext executionContext, ContextCallback callback, Object state, Boolean preserveSyncCtx)
   在 System.Runtime.CompilerServices.AsyncMethodBuilderCore.MoveNextRunner.Run()
   在 System.Threading.Tasks.TaskSchedulerAwaitTaskContinuation.<Run>b__0(Object state)
   在 System.Threading.Tasks.Task.Execute()
   在 System.Threading.Tasks.Task.ExecuteWithThreadLocal(Task& currentTaskSlot)
   在 System.Threading.Tasks.Task.ExecuteEntry(Boolean bPreventDoubleExecution)
   在 Orleans.Runtime.Scheduler.ActivationTaskScheduler.RunTask(Task task)
   在 Orleans.Runtime.Scheduler.WorkItemGroup.Execute()
   在 Orleans.Runtime.Scheduler.WorkerPoolThread.Run()
   在 Orleans.Runtime.AsynchAgent.AgentThreadProc(Object obj)
   在 System.Threading.ExecutionContext.RunInternal(ExecutionContext executionContext, ContextCallback callback, Object state, Boolean preserveSyncCtx)
   在 System.Threading.ExecutionContext.Run(ExecutionContext executionContext, ContextCallback callback, Object state, Boolean preserveSyncCtx)
   在 System.Threading.ExecutionContext.Run(ExecutionContext executionContext, ContextCallback callback, Object state)
   在 System.Threading.ThreadHelper.ThreadStart(Object obj)
	
[2015-03-23 06:57:31.404 GMT    12	WARNING	101215	Scheduler.WorkItemGroup	127.0.0.1:11111]	Task [Id=203, Status=RanToCompletion] in WorkGroup [Activation: S127.0.0.1:11111:164789203*grn/9C20D2B7/a5717685@dfc1d19b #GrainType=Orleans.EventSourcing.SimpleGrain.TransferTransaction State=Valid] took elapsed time 0:00:00.2426739 for execution, which is longer than 00:00:00.2000000. Running on thread <Runtime.Scheduler.WorkerPoolThread/1, ManagedThreadId=12, Executing Task Id=203 Status=RanToCompletion for 00:00:00.2450141>	
[2015-03-23 06:57:43.889 GMT    88	INFO   	601217	Scheduler.WorkItemGroup	127.0.0.1:11111]	Log code 101217 occurred 26 additional times in the previous 00:01:00.8114782	
[2015-03-23 06:57:43.950 GMT    88	INFO   	601220	Scheduler.WorkItemGroup	127.0.0.1:11111]	Log code 101220 occurred 5 additional times in the previous 00:01:00.8114782	
[2015-03-23 06:57:44.068 GMT    88	WARNING	101217	Scheduler.WorkItemGroup	127.0.0.1:11111]	Enqueuing task System.Threading.Tasks.Task to a stopped work item group. Going to ignore and not execute it. WorkItemGroup:Name=[Activation: S127.0.0.1:11111:164789203*grn/9C20D2B7/ec239c83@ae4ba387 #GrainType=Orleans.EventSourcing.SimpleGrain.TransferTransaction],State=Shutdown. Currently QueuedWorkItems=0; Total EnQueued=49; Total processed=49; Quantum expirations=0; TaskRunner=ActivationTaskScheduler-5225:Queued=0; SchedulingContext=[Activation: S127.0.0.1:11111:164789203*grn/9C20D2B7/ec239c83@ae4ba387 #GrainType=Orleans.EventSourcing.SimpleGrain.TransferTransaction State=Invalid]
 Called from    在 Orleans.Runtime.Scheduler.WorkItemGroup.ReportWorkGroupProblemWithBacktrace(String what, ErrorCode errorCode)
   在 Orleans.Runtime.Scheduler.WorkItemGroup.EnqueueTask(Task task)
   在 Orleans.Runtime.Scheduler.ActivationTaskScheduler.QueueTask(Task task)
   在 System.Threading.Tasks.TaskContinuation.InlineIfPossibleOrElseQueue(Task task, Boolean needsProtection)
   在 System.Threading.Tasks.TaskSchedulerAwaitTaskContinuation.Run(Task ignored, Boolean canInlineContinuationTask)
   在 System.Threading.Tasks.Task.FinishContinuations()
   在 System.Threading.Tasks.Task`1.TrySetResult(TResult result)
   在 System.Threading.Tasks.TaskCompletionSource`1.SetResult(TResult result)
   在 Orleans.Storage.Couchbase.GrainStateCouchbaseDataManager.<>c__DisplayClass1f.<WriteAsync>b__1e(Object state)
   在 System.Threading.ExecutionContext.RunInternal(ExecutionContext executionContext, ContextCallback callback, Object state, Boolean preserveSyncCtx)
   在 System.Threading.ExecutionContext.Run(ExecutionContext executionContext, ContextCallback callback, Object state, Boolean preserveSyncCtx)
   在 System.Threading.QueueUserWorkItemCallback.System.Threading.IThreadPoolWorkItem.ExecuteWorkItem()
   在 System.Threading.ThreadPoolWorkQueue.Dispatch()
	
[2015-03-23 06:57:44.162 GMT    18	WARNING	101215	Scheduler.WorkItemGroup	127.0.0.1:11111]	Task [Id=204, Status=RanToCompletion] in WorkGroup [Activation: S127.0.0.1:11111:164789203*grn/9C20D2B7/93fc2c95@92224198 #GrainType=Orleans.EventSourcing.SimpleGrain.TransferTransaction State=Valid] took elapsed time 0:00:00.2297571 for execution, which is longer than 00:00:00.2000000. Running on thread <Runtime.Scheduler.WorkerPoolThread/7, ManagedThreadId=18, Executing Task Id=204 Status=RanToCompletion for 00:00:00.2300131>	
[2015-03-23 06:57:44.221 GMT    13	WARNING	101215	Scheduler.WorkItemGroup	127.0.0.1:11111]	Task [Id=205, Status=RanToCompletion] in WorkGroup [Activation: S127.0.0.1:11111:164789203*grn/9C20D2B7/b6a11591@28ecb5a9 #GrainType=Orleans.EventSourcing.SimpleGrain.TransferTransaction State=Valid] took elapsed time 0:00:00.2503286 for execution, which is longer than 00:00:00.2000000. Running on thread <Runtime.Scheduler.WorkerPoolThread/2, ManagedThreadId=13, Executing Task Id=205 Status=RanToCompletion for 00:00:00.2510143>	
[2015-03-23 06:57:44.343 GMT    20	WARNING	101215	Scheduler.WorkItemGroup	127.0.0.1:11111]	Task [Id=206, Status=RanToCompletion] in WorkGroup [Activation: S127.0.0.1:11111:164789203*grn/F15F7B6B/845dd7be@734e57b9 #GrainType=Orleans.EventSourcing.SimpleGrain.BankAccount State=Valid] took elapsed time 0:00:00.3666373 for execution, which is longer than 00:00:00.2000000. Running on thread <Runtime.Scheduler.WorkerPoolThread/9, ManagedThreadId=20, Executing Task Id=206 Status=RanToCompletion for 00:00:00.3670210>	
[2015-03-23 06:57:44.353 GMT    12	WARNING	101215	Scheduler.WorkItemGroup	127.0.0.1:11111]	Task [Id=207, Status=RanToCompletion] in WorkGroup [Activation: S127.0.0.1:11111:164789203*grn/9C20D2B7/45262c9e@21825184 #GrainType=Orleans.EventSourcing.SimpleGrain.TransferTransaction State=Valid] took elapsed time 0:00:00.3066327 for execution, which is longer than 00:00:00.2000000. Running on thread <Runtime.Scheduler.WorkerPoolThread/1, ManagedThreadId=12, Executing Task Id=207 Status=RanToCompletion for 00:00:00.3070176>	
[2015-03-23 06:57:47.619 GMT    89	WARNING	101217	Scheduler.WorkItemGroup	127.0.0.1:11111]	Enqueuing task System.Threading.Tasks.Task to a stopped work item group. Going to ignore and not execute it. WorkItemGroup:Name=[Activation: S127.0.0.1:11111:164789203*grn/9C20D2B7/c551b7a1@47b735a9 #GrainType=Orleans.EventSourcing.SimpleGrain.TransferTransaction],State=Shutdown. Currently QueuedWorkItems=0; Total EnQueued=50; Total processed=50; Quantum expirations=0; TaskRunner=ActivationTaskScheduler-5260:Queued=0; SchedulingContext=[Activation: S127.0.0.1:11111:164789203*grn/9C20D2B7/c551b7a1@47b735a9 #GrainType=Orleans.EventSourcing.SimpleGrain.TransferTransaction State=Invalid]
 Called from    在 Orleans.Runtime.Scheduler.WorkItemGroup.ReportWorkGroupProblemWithBacktrace(String what, ErrorCode errorCode)
   在 Orleans.Runtime.Scheduler.WorkItemGroup.EnqueueTask(Task task)
   在 Orleans.Runtime.Scheduler.ActivationTaskScheduler.QueueTask(Task task)
   在 System.Threading.Tasks.TaskContinuation.InlineIfPossibleOrElseQueue(Task task, Boolean needsProtection)
   在 System.Threading.Tasks.TaskSchedulerAwaitTaskContinuation.Run(Task ignored, Boolean canInlineContinuationTask)
   在 System.Threading.Tasks.Task.FinishContinuations()
   在 System.Threading.Tasks.Task`1.TrySetResult(TResult result)
   在 System.Threading.Tasks.TaskCompletionSource`1.SetResult(TResult result)
   在 Orleans.Storage.Couchbase.GrainStateCouchbaseDataManager.<>c__DisplayClass1f.<WriteAsync>b__1e(Object state)
   在 System.Threading.ExecutionContext.RunInternal(ExecutionContext executionContext, ContextCallback callback, Object state, Boolean preserveSyncCtx)
   在 System.Threading.ExecutionContext.Run(ExecutionContext executionContext, ContextCallback callback, Object state, Boolean preserveSyncCtx)
   在 System.Threading.QueueUserWorkItemCallback.System.Threading.IThreadPoolWorkItem.ExecuteWorkItem()
   在 System.Threading.ThreadPoolWorkQueue.Dispatch()
	
[2015-03-23 06:57:49.410 GMT    88	WARNING	101217	Scheduler.WorkItemGroup	127.0.0.1:11111]	Enqueuing task System.Threading.Tasks.Task to a stopped work item group. Going to ignore and not execute it. WorkItemGroup:Name=[Activation: S127.0.0.1:11111:164789203*grn/9C20D2B7/90d041b4@d960c580 #GrainType=Orleans.EventSourcing.SimpleGrain.TransferTransaction],State=Shutdown. Currently QueuedWorkItems=0; Total EnQueued=50; Total processed=50; Quantum expirations=0; TaskRunner=ActivationTaskScheduler-5278:Queued=0; SchedulingContext=[Activation: S127.0.0.1:11111:164789203*grn/9C20D2B7/90d041b4@d960c580 #GrainType=Orleans.EventSourcing.SimpleGrain.TransferTransaction State=Invalid]
 Called from    在 Orleans.Runtime.Scheduler.WorkItemGroup.ReportWorkGroupProblemWithBacktrace(String what, ErrorCode errorCode)
   在 Orleans.Runtime.Scheduler.WorkItemGroup.EnqueueTask(Task task)
   在 Orleans.Runtime.Scheduler.ActivationTaskScheduler.QueueTask(Task task)
   在 System.Threading.Tasks.TaskContinuation.InlineIfPossibleOrElseQueue(Task task, Boolean needsProtection)
   在 System.Threading.Tasks.TaskSchedulerAwaitTaskContinuation.Run(Task ignored, Boolean canInlineContinuationTask)
   在 System.Threading.Tasks.Task.FinishContinuations()
   在 System.Threading.Tasks.Task`1.TrySetResult(TResult result)
   在 System.Threading.Tasks.TaskCompletionSource`1.SetResult(TResult result)
   在 Orleans.Storage.Couchbase.GrainStateCouchbaseDataManager.<>c__DisplayClass1f.<WriteAsync>b__1e(Object state)
   在 System.Threading.ExecutionContext.RunInternal(ExecutionContext executionContext, ContextCallback callback, Object state, Boolean preserveSyncCtx)
   在 System.Threading.ExecutionContext.Run(ExecutionContext executionContext, ContextCallback callback, Object state, Boolean preserveSyncCtx)
   在 System.Threading.QueueUserWorkItemCallback.System.Threading.IThreadPoolWorkItem.ExecuteWorkItem()
   在 System.Threading.ThreadPoolWorkQueue.Dispatch()
	
[2015-03-23 06:57:53.081 GMT    87	WARNING	101217	Scheduler.WorkItemGroup	127.0.0.1:11111]	Enqueuing task System.Threading.Tasks.Task to a stopped work item group. Going to ignore and not execute it. WorkItemGroup:Name=[Activation: S127.0.0.1:11111:164789203*grn/9C20D2B7/e859b6bd@a6aa5f95 #GrainType=Orleans.EventSourcing.SimpleGrain.TransferTransaction],State=Shutdown. Currently QueuedWorkItems=0; Total EnQueued=50; Total processed=50; Quantum expirations=0; TaskRunner=ActivationTaskScheduler-5317:Queued=0; SchedulingContext=[Activation: S127.0.0.1:11111:164789203*grn/9C20D2B7/e859b6bd@a6aa5f95 #GrainType=Orleans.EventSourcing.SimpleGrain.TransferTransaction State=Invalid]
 Called from    在 Orleans.Runtime.Scheduler.WorkItemGroup.ReportWorkGroupProblemWithBacktrace(String what, ErrorCode errorCode)
   在 Orleans.Runtime.Scheduler.WorkItemGroup.EnqueueTask(Task task)
   在 Orleans.Runtime.Scheduler.ActivationTaskScheduler.QueueTask(Task task)
   在 System.Threading.Tasks.TaskContinuation.InlineIfPossibleOrElseQueue(Task task, Boolean needsProtection)
   在 System.Threading.Tasks.TaskSchedulerAwaitTaskContinuation.Run(Task ignored, Boolean canInlineContinuationTask)
   在 System.Threading.Tasks.Task.FinishContinuations()
   在 System.Threading.Tasks.Task`1.TrySetResult(TResult result)
   在 System.Threading.Tasks.TaskCompletionSource`1.SetResult(TResult result)
   在 Orleans.Storage.Couchbase.GrainStateCouchbaseDataManager.<>c__DisplayClass1f.<WriteAsync>b__1e(Object state)
   在 System.Threading.ExecutionContext.RunInternal(ExecutionContext executionContext, ContextCallback callback, Object state, Boolean preserveSyncCtx)
   在 System.Threading.ExecutionContext.Run(ExecutionContext executionContext, ContextCallback callback, Object state, Boolean preserveSyncCtx)
   在 System.Threading.QueueUserWorkItemCallback.System.Threading.IThreadPoolWorkItem.ExecuteWorkItem()
   在 System.Threading.ThreadPoolWorkQueue.Dispatch()
	
[2015-03-23 06:57:54.563 GMT    89	WARNING	101217	Scheduler.WorkItemGroup	127.0.0.1:11111]	Enqueuing task System.Threading.Tasks.Task to a stopped work item group. Going to ignore and not execute it. WorkItemGroup:Name=[Activation: S127.0.0.1:11111:164789203*grn/9C20D2B7/f09c5a98@3430ce9d #GrainType=Orleans.EventSourcing.SimpleGrain.TransferTransaction],State=Shutdown. Currently QueuedWorkItems=0; Total EnQueued=49; Total processed=49; Quantum expirations=0; TaskRunner=ActivationTaskScheduler-5334:Queued=0; SchedulingContext=[Activation: S127.0.0.1:11111:164789203*grn/9C20D2B7/f09c5a98@3430ce9d #GrainType=Orleans.EventSourcing.SimpleGrain.TransferTransaction State=Invalid]
 Called from    在 Orleans.Runtime.Scheduler.WorkItemGroup.ReportWorkGroupProblemWithBacktrace(String what, ErrorCode errorCode)
   在 Orleans.Runtime.Scheduler.WorkItemGroup.EnqueueTask(Task task)
   在 Orleans.Runtime.Scheduler.ActivationTaskScheduler.QueueTask(Task task)
   在 System.Threading.Tasks.TaskContinuation.InlineIfPossibleOrElseQueue(Task task, Boolean needsProtection)
   在 System.Threading.Tasks.TaskSchedulerAwaitTaskContinuation.Run(Task ignored, Boolean canInlineContinuationTask)
   在 System.Threading.Tasks.Task.FinishContinuations()
   在 System.Threading.Tasks.Task`1.TrySetResult(TResult result)
   在 System.Threading.Tasks.TaskCompletionSource`1.SetResult(TResult result)
   在 Orleans.Storage.Couchbase.GrainStateCouchbaseDataManager.<>c__DisplayClass1f.<WriteAsync>b__1e(Object state)
   在 System.Threading.ExecutionContext.RunInternal(ExecutionContext executionContext, ContextCallback callback, Object state, Boolean preserveSyncCtx)
   在 System.Threading.ExecutionContext.Run(ExecutionContext executionContext, ContextCallback callback, Object state, Boolean preserveSyncCtx)
   在 System.Threading.QueueUserWorkItemCallback.System.Threading.IThreadPoolWorkItem.ExecuteWorkItem()
   在 System.Threading.ThreadPoolWorkQueue.Dispatch()
	
[2015-03-23 06:57:59.788 GMT    17	WARNING	101220	Scheduler.WorkItemGroup	127.0.0.1:11111]	WorkItemGroup is being stoped while still active. workItemCount = 1 WorkItemGroup:Name=[Activation: S127.0.0.1:11111:164789203*grn/9C20D2B7/b103a9a4@83cfddae #GrainType=Orleans.EventSourcing.SimpleGrain.TransferTransaction],State=Running. Currently QueuedWorkItems=1; Total EnQueued=51; Total processed=49; Quantum expirations=0; TaskRunner=ActivationTaskScheduler-5391:Queued=1; SchedulingContext=[Activation: S127.0.0.1:11111:164789203*grn/9C20D2B7/b103a9a4@83cfddae #GrainType=Orleans.EventSourcing.SimpleGrain.TransferTransaction State=Invalid]
 Called from    在 Orleans.Runtime.Scheduler.WorkItemGroup.ReportWorkGroupProblemWithBacktrace(String what, ErrorCode errorCode)
   在 Orleans.Runtime.Scheduler.WorkItemGroup.Stop()
   在 Orleans.Runtime.Scheduler.OrleansTaskScheduler.UnregisterWorkContext(ISchedulingContext context)
   在 Orleans.Runtime.Catalog.UnregisterMessageTarget(ActivationData activation)
   在 Orleans.Runtime.Catalog.<DestroyActivations>d__5b.MoveNext()
   在 System.Threading.ExecutionContext.RunInternal(ExecutionContext executionContext, ContextCallback callback, Object state, Boolean preserveSyncCtx)
   在 System.Threading.ExecutionContext.Run(ExecutionContext executionContext, ContextCallback callback, Object state, Boolean preserveSyncCtx)
   在 System.Runtime.CompilerServices.AsyncMethodBuilderCore.MoveNextRunner.Run()
   在 System.Threading.Tasks.TaskSchedulerAwaitTaskContinuation.<Run>b__0(Object state)
   在 System.Threading.Tasks.Task.Execute()
   在 System.Threading.Tasks.Task.ExecuteWithThreadLocal(Task& currentTaskSlot)
   在 System.Threading.Tasks.Task.ExecuteEntry(Boolean bPreventDoubleExecution)
   在 Orleans.Runtime.Scheduler.ActivationTaskScheduler.RunTask(Task task)
   在 Orleans.Runtime.Scheduler.WorkItemGroup.Execute()
   在 Orleans.Runtime.Scheduler.WorkerPoolThread.Run()
   在 Orleans.Runtime.AsynchAgent.AgentThreadProc(Object obj)
   在 System.Threading.ExecutionContext.RunInternal(ExecutionContext executionContext, ContextCallback callback, Object state, Boolean preserveSyncCtx)
   在 System.Threading.ExecutionContext.Run(ExecutionContext executionContext, ContextCallback callback, Object state, Boolean preserveSyncCtx)
   在 System.Threading.ExecutionContext.Run(ExecutionContext executionContext, ContextCallback callback, Object state)
   在 System.Threading.ThreadHelper.ThreadStart(Object obj)
	
[2015-03-23 06:57:59.985 GMT    18	WARNING	101220	Scheduler.WorkItemGroup	127.0.0.1:11111]	WorkItemGroup is being stoped while still active. workItemCount = 1 WorkItemGroup:Name=[Activation: S127.0.0.1:11111:164789203*grn/9C20D2B7/9b7b7cb6@b85c6fa8 #GrainType=Orleans.EventSourcing.SimpleGrain.TransferTransaction],State=Running. Currently QueuedWorkItems=1; Total EnQueued=51; Total processed=49; Quantum expirations=0; TaskRunner=ActivationTaskScheduler-5393:Queued=1; SchedulingContext=[Activation: S127.0.0.1:11111:164789203*grn/9C20D2B7/9b7b7cb6@b85c6fa8 #GrainType=Orleans.EventSourcing.SimpleGrain.TransferTransaction State=Invalid]
 Called from    在 Orleans.Runtime.Scheduler.WorkItemGroup.ReportWorkGroupProblemWithBacktrace(String what, ErrorCode errorCode)
   在 Orleans.Runtime.Scheduler.WorkItemGroup.Stop()
   在 Orleans.Runtime.Scheduler.OrleansTaskScheduler.UnregisterWorkContext(ISchedulingContext context)
   在 Orleans.Runtime.Catalog.UnregisterMessageTarget(ActivationData activation)
   在 Orleans.Runtime.Catalog.<DestroyActivations>d__5b.MoveNext()
   在 System.Threading.ExecutionContext.RunInternal(ExecutionContext executionContext, ContextCallback callback, Object state, Boolean preserveSyncCtx)
   在 System.Threading.ExecutionContext.Run(ExecutionContext executionContext, ContextCallback callback, Object state, Boolean preserveSyncCtx)
   在 System.Runtime.CompilerServices.AsyncMethodBuilderCore.MoveNextRunner.Run()
   在 System.Threading.Tasks.TaskSchedulerAwaitTaskContinuation.<Run>b__0(Object state)
   在 System.Threading.Tasks.Task.Execute()
   在 System.Threading.Tasks.Task.ExecuteWithThreadLocal(Task& currentTaskSlot)
   在 System.Threading.Tasks.Task.ExecuteEntry(Boolean bPreventDoubleExecution)
   在 Orleans.Runtime.Scheduler.ActivationTaskScheduler.RunTask(Task task)
   在 Orleans.Runtime.Scheduler.WorkItemGroup.Execute()
   在 Orleans.Runtime.Scheduler.WorkerPoolThread.Run()
   在 Orleans.Runtime.AsynchAgent.AgentThreadProc(Object obj)
   在 System.Threading.ExecutionContext.RunInternal(ExecutionContext executionContext, ContextCallback callback, Object state, Boolean preserveSyncCtx)
   在 System.Threading.ExecutionContext.Run(ExecutionContext executionContext, ContextCallback callback, Object state, Boolean preserveSyncCtx)
   在 System.Threading.ExecutionContext.Run(ExecutionContext executionContext, ContextCallback callback, Object state)
   在 System.Threading.ThreadHelper.ThreadStart(Object obj)
	
[2015-03-23 06:58:07.285 GMT    16	WARNING	101215	Scheduler.WorkItemGroup	127.0.0.1:11111]	Task [Id=208, Status=RanToCompletion] in WorkGroup [Activation: S127.0.0.1:11111:164789203*grn/9C20D2B7/969c8699@ee7911bf #GrainType=Orleans.EventSourcing.SimpleGrain.TransferTransaction State=Valid] took elapsed time 0:00:00.2486518 for execution, which is longer than 00:00:00.2000000. Running on thread <Runtime.Scheduler.WorkerPoolThread/5, ManagedThreadId=16, Executing Task Id=208 Status=RanToCompletion for 00:00:00.2490143>	
[2015-03-23 06:58:10.768 GMT    17	WARNING	101220	Scheduler.WorkItemGroup	127.0.0.1:11111]	WorkItemGroup is being stoped while still active. workItemCount = 1 WorkItemGroup:Name=[Activation: S127.0.0.1:11111:164789203*grn/9C20D2B7/f843779b@53146ab9 #GrainType=Orleans.EventSourcing.SimpleGrain.TransferTransaction],State=Running. Currently QueuedWorkItems=1; Total EnQueued=49; Total processed=47; Quantum expirations=0; TaskRunner=ActivationTaskScheduler-5495:Queued=1; SchedulingContext=[Activation: S127.0.0.1:11111:164789203*grn/9C20D2B7/f843779b@53146ab9 #GrainType=Orleans.EventSourcing.SimpleGrain.TransferTransaction State=Invalid]
 Called from    在 Orleans.Runtime.Scheduler.WorkItemGroup.ReportWorkGroupProblemWithBacktrace(String what, ErrorCode errorCode)
   在 Orleans.Runtime.Scheduler.WorkItemGroup.Stop()
   在 Orleans.Runtime.Scheduler.OrleansTaskScheduler.UnregisterWorkContext(ISchedulingContext context)
   在 Orleans.Runtime.Catalog.UnregisterMessageTarget(ActivationData activation)
   在 Orleans.Runtime.Catalog.<DestroyActivations>d__5b.MoveNext()
   在 System.Threading.ExecutionContext.RunInternal(ExecutionContext executionContext, ContextCallback callback, Object state, Boolean preserveSyncCtx)
   在 System.Threading.ExecutionContext.Run(ExecutionContext executionContext, ContextCallback callback, Object state, Boolean preserveSyncCtx)
   在 System.Runtime.CompilerServices.AsyncMethodBuilderCore.MoveNextRunner.Run()
   在 System.Threading.Tasks.TaskSchedulerAwaitTaskContinuation.<Run>b__0(Object state)
   在 System.Threading.Tasks.Task.Execute()
   在 System.Threading.Tasks.Task.ExecuteWithThreadLocal(Task& currentTaskSlot)
   在 System.Threading.Tasks.Task.ExecuteEntry(Boolean bPreventDoubleExecution)
   在 Orleans.Runtime.Scheduler.ActivationTaskScheduler.RunTask(Task task)
   在 Orleans.Runtime.Scheduler.WorkItemGroup.Execute()
   在 Orleans.Runtime.Scheduler.WorkerPoolThread.Run()
   在 Orleans.Runtime.AsynchAgent.AgentThreadProc(Object obj)
   在 System.Threading.ExecutionContext.RunInternal(ExecutionContext executionContext, ContextCallback callback, Object state, Boolean preserveSyncCtx)
   在 System.Threading.ExecutionContext.Run(ExecutionContext executionContext, ContextCallback callback, Object state, Boolean preserveSyncCtx)
   在 System.Threading.ExecutionContext.Run(ExecutionContext executionContext, ContextCallback callback, Object state)
   在 System.Threading.ThreadHelper.ThreadStart(Object obj)
	
[2015-03-23 06:58:19.188 GMT    23	WARNING	101220	Scheduler.WorkItemGroup	127.0.0.1:11111]	WorkItemGroup is being stoped while still active. workItemCount = 1 WorkItemGroup:Name=[Activation: S127.0.0.1:11111:164789203*grn/9C20D2B7/0e56598c@22eaeabd #GrainType=Orleans.EventSourcing.SimpleGrain.TransferTransaction],State=Running. Currently QueuedWorkItems=1; Total EnQueued=51; Total processed=49; Quantum expirations=0; TaskRunner=ActivationTaskScheduler-5589:Queued=1; SchedulingContext=[Activation: S127.0.0.1:11111:164789203*grn/9C20D2B7/0e56598c@22eaeabd #GrainType=Orleans.EventSourcing.SimpleGrain.TransferTransaction State=Invalid]
 Called from    在 Orleans.Runtime.Scheduler.WorkItemGroup.ReportWorkGroupProblemWithBacktrace(String what, ErrorCode errorCode)
   在 Orleans.Runtime.Scheduler.WorkItemGroup.Stop()
   在 Orleans.Runtime.Scheduler.OrleansTaskScheduler.UnregisterWorkContext(ISchedulingContext context)
   在 Orleans.Runtime.Catalog.UnregisterMessageTarget(ActivationData activation)
   在 Orleans.Runtime.Catalog.<DestroyActivations>d__5b.MoveNext()
   在 System.Threading.ExecutionContext.RunInternal(ExecutionContext executionContext, ContextCallback callback, Object state, Boolean preserveSyncCtx)
   在 System.Threading.ExecutionContext.Run(ExecutionContext executionContext, ContextCallback callback, Object state, Boolean preserveSyncCtx)
   在 System.Runtime.CompilerServices.AsyncMethodBuilderCore.MoveNextRunner.Run()
   在 System.Threading.Tasks.TaskSchedulerAwaitTaskContinuation.<Run>b__0(Object state)
   在 System.Threading.Tasks.Task.Execute()
   在 System.Threading.Tasks.Task.ExecuteWithThreadLocal(Task& currentTaskSlot)
   在 System.Threading.Tasks.Task.ExecuteEntry(Boolean bPreventDoubleExecution)
   在 Orleans.Runtime.Scheduler.ActivationTaskScheduler.RunTask(Task task)
   在 Orleans.Runtime.Scheduler.WorkItemGroup.Execute()
   在 Orleans.Runtime.Scheduler.WorkerPoolThread.Run()
   在 Orleans.Runtime.AsynchAgent.AgentThreadProc(Object obj)
   在 System.Threading.ExecutionContext.RunInternal(ExecutionContext executionContext, ContextCallback callback, Object state, Boolean preserveSyncCtx)
   在 System.Threading.ExecutionContext.Run(ExecutionContext executionContext, ContextCallback callback, Object state, Boolean preserveSyncCtx)
   在 System.Threading.ExecutionContext.Run(ExecutionContext executionContext, ContextCallback callback, Object state)
   在 System.Threading.ThreadHelper.ThreadStart(Object obj)
	
[2015-03-23 06:58:21.279 GMT    14	WARNING	101220	Scheduler.WorkItemGroup	127.0.0.1:11111]	WorkItemGroup is being stoped while still active. workItemCount = 1 WorkItemGroup:Name=[Activation: S127.0.0.1:11111:164789203*grn/9C20D2B7/56849789@11a70dbe #GrainType=Orleans.EventSourcing.SimpleGrain.TransferTransaction],State=Running. Currently QueuedWorkItems=1; Total EnQueued=51; Total processed=49; Quantum expirations=0; TaskRunner=ActivationTaskScheduler-5608:Queued=1; SchedulingContext=[Activation: S127.0.0.1:11111:164789203*grn/9C20D2B7/56849789@11a70dbe #GrainType=Orleans.EventSourcing.SimpleGrain.TransferTransaction State=Invalid]
 Called from    在 Orleans.Runtime.Scheduler.WorkItemGroup.ReportWorkGroupProblemWithBacktrace(String what, ErrorCode errorCode)
   在 Orleans.Runtime.Scheduler.WorkItemGroup.Stop()
   在 Orleans.Runtime.Scheduler.OrleansTaskScheduler.UnregisterWorkContext(ISchedulingContext context)
   在 Orleans.Runtime.Catalog.UnregisterMessageTarget(ActivationData activation)
   在 Orleans.Runtime.Catalog.<DestroyActivations>d__5b.MoveNext()
   在 System.Threading.ExecutionContext.RunInternal(ExecutionContext executionContext, ContextCallback callback, Object state, Boolean preserveSyncCtx)
   在 System.Threading.ExecutionContext.Run(ExecutionContext executionContext, ContextCallback callback, Object state, Boolean preserveSyncCtx)
   在 System.Runtime.CompilerServices.AsyncMethodBuilderCore.MoveNextRunner.Run()
   在 System.Threading.Tasks.TaskSchedulerAwaitTaskContinuation.<Run>b__0(Object state)
   在 System.Threading.Tasks.Task.Execute()
   在 System.Threading.Tasks.Task.ExecuteWithThreadLocal(Task& currentTaskSlot)
   在 System.Threading.Tasks.Task.ExecuteEntry(Boolean bPreventDoubleExecution)
   在 Orleans.Runtime.Scheduler.ActivationTaskScheduler.RunTask(Task task)
   在 Orleans.Runtime.Scheduler.WorkItemGroup.Execute()
   在 Orleans.Runtime.Scheduler.WorkerPoolThread.Run()
   在 Orleans.Runtime.AsynchAgent.AgentThreadProc(Object obj)
   在 System.Threading.ExecutionContext.RunInternal(ExecutionContext executionContext, ContextCallback callback, Object state, Boolean preserveSyncCtx)
   在 System.Threading.ExecutionContext.Run(ExecutionContext executionContext, ContextCallback callback, Object state, Boolean preserveSyncCtx)
   在 System.Threading.ExecutionContext.Run(ExecutionContext executionContext, ContextCallback callback, Object state)
   在 System.Threading.ThreadHelper.ThreadStart(Object obj)
	
[2015-03-23 06:58:44.356 GMT    14	INFO   	601217	Scheduler.WorkItemGroup	127.0.0.1:11111]	Log code 101217 occurred 25 additional times in the previous 00:01:00.4784592	
[2015-03-23 06:58:44.487 GMT    14	INFO   	601215	Scheduler.WorkItemGroup	127.0.0.1:11111]	Log code 101215 occurred 12 additional times in the previous 00:01:00.4784592	
[2015-03-23 06:58:44.617 GMT    14	INFO   	601220	Scheduler.WorkItemGroup	127.0.0.1:11111]	Log code 101220 occurred 9 additional times in the previous 00:01:00.4784592	
[2015-03-23 06:58:44.860 GMT    14	WARNING	101215	Scheduler.WorkItemGroup	127.0.0.1:11111]	Task [Id=221, Status=RanToCompletion] in WorkGroup [Activation: S127.0.0.1:11111:164789203*grn/64BA1302/00000001@6c8379ab #GrainType=Orleans.EventSourcing.SimpleGrain.TransferTransactionProcessManager MultiActivationGrain State=Valid] took elapsed time 0:00:00.2139892 for execution, which is longer than 00:00:00.2000000. Running on thread <Runtime.Scheduler.WorkerPoolThread/3, ManagedThreadId=14, Executing Task Id=221 Status=RanToCompletion for 00:00:00.2140123>	
[2015-03-23 06:58:44.860 GMT    20	WARNING	101215	Scheduler.WorkItemGroup	127.0.0.1:11111]	Task [Id=224, Status=RanToCompletion] in WorkGroup [Activation: S127.0.0.1:11111:164789203*grn/9C20D2B7/bc5cdb8b@35914097 #GrainType=Orleans.EventSourcing.SimpleGrain.TransferTransaction State=Valid] took elapsed time 0:00:00.2283094 for execution, which is longer than 00:00:00.2000000. Running on thread <Runtime.Scheduler.WorkerPoolThread/9, ManagedThreadId=20, Executing Task Id=224 Status=RanToCompletion for 00:00:00.2280130>	
[2015-03-23 06:58:44.860 GMT    13	WARNING	101215	Scheduler.WorkItemGroup	127.0.0.1:11111]	Task [Id=222, Status=RanToCompletion] in WorkGroup [Activation: S127.0.0.1:11111:164789203*grn/9C20D2B7/eb1785a8@6f5f7aae #GrainType=Orleans.EventSourcing.SimpleGrain.TransferTransaction State=Valid] took elapsed time 0:00:00.2305289 for execution, which is longer than 00:00:00.2000000. Running on thread <Runtime.Scheduler.WorkerPoolThread/2, ManagedThreadId=13, Executing Task Id=222 Status=RanToCompletion for 00:00:00.2300132>	
[2015-03-23 06:58:44.862 GMT    16	WARNING	101215	Scheduler.WorkItemGroup	127.0.0.1:11111]	Task [Id=223, Status=RanToCompletion] in WorkGroup [Activation: S127.0.0.1:11111:164789203*grn/9C20D2B7/05d598b1@6b90c9ab #GrainType=Orleans.EventSourcing.SimpleGrain.TransferTransaction State=Valid] took elapsed time 0:00:00.240032 for execution, which is longer than 00:00:00.2000000. Running on thread <Runtime.Scheduler.WorkerPoolThread/5, ManagedThreadId=16, Executing Task Id=223 Status=RanToCompletion for 00:00:00.2410138>	
[2015-03-23 06:58:44.865 GMT    21	WARNING	101215	Scheduler.WorkItemGroup	127.0.0.1:11111]	Task [Id=225, Status=RanToCompletion] in WorkGroup [Activation: S127.0.0.1:11111:164789203*grn/9C20D2B7/65e13ca4@d073bfba #GrainType=Orleans.EventSourcing.SimpleGrain.TransferTransaction State=Valid] took elapsed time 0:00:00.4076568 for execution, which is longer than 00:00:00.2000000. Running on thread <Runtime.Scheduler.WorkerPoolThread/10, ManagedThreadId=21, Executing Task Id=225 Status=RanToCompletion for 00:00:00.4080234>	
[2015-03-23 06:58:45.365 GMT    20	WARNING	101220	Scheduler.WorkItemGroup	127.0.0.1:11111]	WorkItemGroup is being stoped while still active. workItemCount = 1 WorkItemGroup:Name=[Activation: S127.0.0.1:11111:164789203*grn/9C20D2B7/87d16783@51d74ea8 #GrainType=Orleans.EventSourcing.SimpleGrain.TransferTransaction],State=Running. Currently QueuedWorkItems=1; Total EnQueued=51; Total processed=49; Quantum expirations=0; TaskRunner=ActivationTaskScheduler-5864:Queued=1; SchedulingContext=[Activation: S127.0.0.1:11111:164789203*grn/9C20D2B7/87d16783@51d74ea8 #GrainType=Orleans.EventSourcing.SimpleGrain.TransferTransaction State=Invalid]
 Called from    在 Orleans.Runtime.Scheduler.WorkItemGroup.ReportWorkGroupProblemWithBacktrace(String what, ErrorCode errorCode)
   在 Orleans.Runtime.Scheduler.WorkItemGroup.Stop()
   在 Orleans.Runtime.Scheduler.OrleansTaskScheduler.UnregisterWorkContext(ISchedulingContext context)
   在 Orleans.Runtime.Catalog.UnregisterMessageTarget(ActivationData activation)
   在 Orleans.Runtime.Catalog.<DestroyActivations>d__5b.MoveNext()
   在 System.Threading.ExecutionContext.RunInternal(ExecutionContext executionContext, ContextCallback callback, Object state, Boolean preserveSyncCtx)
   在 System.Threading.ExecutionContext.Run(ExecutionContext executionContext, ContextCallback callback, Object state, Boolean preserveSyncCtx)
   在 System.Runtime.CompilerServices.AsyncMethodBuilderCore.MoveNextRunner.Run()
   在 System.Threading.Tasks.TaskSchedulerAwaitTaskContinuation.<Run>b__0(Object state)
   在 System.Threading.Tasks.Task.Execute()
   在 System.Threading.Tasks.Task.ExecuteWithThreadLocal(Task& currentTaskSlot)
   在 System.Threading.Tasks.Task.ExecuteEntry(Boolean bPreventDoubleExecution)
   在 Orleans.Runtime.Scheduler.ActivationTaskScheduler.RunTask(Task task)
   在 Orleans.Runtime.Scheduler.WorkItemGroup.Execute()
   在 Orleans.Runtime.Scheduler.WorkerPoolThread.Run()
   在 Orleans.Runtime.AsynchAgent.AgentThreadProc(Object obj)
   在 System.Threading.ExecutionContext.RunInternal(ExecutionContext executionContext, ContextCallback callback, Object state, Boolean preserveSyncCtx)
   在 System.Threading.ExecutionContext.Run(ExecutionContext executionContext, ContextCallback callback, Object state, Boolean preserveSyncCtx)
   在 System.Threading.ExecutionContext.Run(ExecutionContext executionContext, ContextCallback callback, Object state)
   在 System.Threading.ThreadHelper.ThreadStart(Object obj)
	
[2015-03-23 06:58:50.789 GMT    83	WARNING	101217	Scheduler.WorkItemGroup	127.0.0.1:11111]	Enqueuing task System.Threading.Tasks.Task to a stopped work item group. Going to ignore and not execute it. WorkItemGroup:Name=[Activation: S127.0.0.1:11111:164789203*grn/9C20D2B7/fd233c8c@c83a0b87 #GrainType=Orleans.EventSourcing.SimpleGrain.TransferTransaction],State=Shutdown. Currently QueuedWorkItems=0; Total EnQueued=49; Total processed=49; Quantum expirations=0; TaskRunner=ActivationTaskScheduler-5913:Queued=0; SchedulingContext=[Activation: S127.0.0.1:11111:164789203*grn/9C20D2B7/fd233c8c@c83a0b87 #GrainType=Orleans.EventSourcing.SimpleGrain.TransferTransaction State=Invalid]
 Called from    在 Orleans.Runtime.Scheduler.WorkItemGroup.ReportWorkGroupProblemWithBacktrace(String what, ErrorCode errorCode)
   在 Orleans.Runtime.Scheduler.WorkItemGroup.EnqueueTask(Task task)
   在 Orleans.Runtime.Scheduler.ActivationTaskScheduler.QueueTask(Task task)
   在 System.Threading.Tasks.TaskContinuation.InlineIfPossibleOrElseQueue(Task task, Boolean needsProtection)
   在 System.Threading.Tasks.TaskSchedulerAwaitTaskContinuation.Run(Task ignored, Boolean canInlineContinuationTask)
   在 System.Threading.Tasks.Task.FinishContinuations()
   在 System.Threading.Tasks.Task`1.TrySetResult(TResult result)
   在 System.Threading.Tasks.TaskCompletionSource`1.SetResult(TResult result)
   在 Orleans.Storage.Couchbase.GrainStateCouchbaseDataManager.<>c__DisplayClass1f.<WriteAsync>b__1e(Object state)
   在 System.Threading.ExecutionContext.RunInternal(ExecutionContext executionContext, ContextCallback callback, Object state, Boolean preserveSyncCtx)
   在 System.Threading.ExecutionContext.Run(ExecutionContext executionContext, ContextCallback callback, Object state, Boolean preserveSyncCtx)
   在 System.Threading.QueueUserWorkItemCallback.System.Threading.IThreadPoolWorkItem.ExecuteWorkItem()
   在 System.Threading.ThreadPoolWorkQueue.Dispatch()
	
[2015-03-23 06:58:51.144 GMT    88	WARNING	101217	Scheduler.WorkItemGroup	127.0.0.1:11111]	Enqueuing task System.Threading.Tasks.Task to a stopped work item group. Going to ignore and not execute it. WorkItemGroup:Name=[Activation: S127.0.0.1:11111:164789203*grn/9C20D2B7/161448a3@8f506188 #GrainType=Orleans.EventSourcing.SimpleGrain.TransferTransaction],State=Shutdown. Currently QueuedWorkItems=0; Total EnQueued=50; Total processed=50; Quantum expirations=0; TaskRunner=ActivationTaskScheduler-5916:Queued=0; SchedulingContext=[Activation: S127.0.0.1:11111:164789203*grn/9C20D2B7/161448a3@8f506188 #GrainType=Orleans.EventSourcing.SimpleGrain.TransferTransaction State=Invalid]
 Called from    在 Orleans.Runtime.Scheduler.WorkItemGroup.ReportWorkGroupProblemWithBacktrace(String what, ErrorCode errorCode)
   在 Orleans.Runtime.Scheduler.WorkItemGroup.EnqueueTask(Task task)
   在 Orleans.Runtime.Scheduler.ActivationTaskScheduler.QueueTask(Task task)
   在 System.Threading.Tasks.TaskContinuation.InlineIfPossibleOrElseQueue(Task task, Boolean needsProtection)
   在 System.Threading.Tasks.TaskSchedulerAwaitTaskContinuation.Run(Task ignored, Boolean canInlineContinuationTask)
   在 System.Threading.Tasks.Task.FinishContinuations()
   在 System.Threading.Tasks.Task`1.TrySetResult(TResult result)
   在 System.Threading.Tasks.TaskCompletionSource`1.SetResult(TResult result)
   在 Orleans.Storage.Couchbase.GrainStateCouchbaseDataManager.<>c__DisplayClass1f.<WriteAsync>b__1e(Object state)
   在 System.Threading.ExecutionContext.RunInternal(ExecutionContext executionContext, ContextCallback callback, Object state, Boolean preserveSyncCtx)
   在 System.Threading.ExecutionContext.Run(ExecutionContext executionContext, ContextCallback callback, Object state, Boolean preserveSyncCtx)
   在 System.Threading.QueueUserWorkItemCallback.System.Threading.IThreadPoolWorkItem.ExecuteWorkItem()
   在 System.Threading.ThreadPoolWorkQueue.Dispatch()
	
[2015-03-23 06:58:54.451 GMT    17	WARNING	101220	Scheduler.WorkItemGroup	127.0.0.1:11111]	WorkItemGroup is being stoped while still active. workItemCount = 1 WorkItemGroup:Name=[Activation: S127.0.0.1:11111:164789203*grn/9C20D2B7/b9130595@90287499 #GrainType=Orleans.EventSourcing.SimpleGrain.TransferTransaction],State=Running. Currently QueuedWorkItems=1; Total EnQueued=51; Total processed=49; Quantum expirations=0; TaskRunner=ActivationTaskScheduler-5943:Queued=1; SchedulingContext=[Activation: S127.0.0.1:11111:164789203*grn/9C20D2B7/b9130595@90287499 #GrainType=Orleans.EventSourcing.SimpleGrain.TransferTransaction State=Invalid]
 Called from    在 Orleans.Runtime.Scheduler.WorkItemGroup.ReportWorkGroupProblemWithBacktrace(String what, ErrorCode errorCode)
   在 Orleans.Runtime.Scheduler.WorkItemGroup.Stop()
   在 Orleans.Runtime.Scheduler.OrleansTaskScheduler.UnregisterWorkContext(ISchedulingContext context)
   在 Orleans.Runtime.Catalog.UnregisterMessageTarget(ActivationData activation)
   在 Orleans.Runtime.Catalog.<DestroyActivations>d__5b.MoveNext()
   在 System.Threading.ExecutionContext.RunInternal(ExecutionContext executionContext, ContextCallback callback, Object state, Boolean preserveSyncCtx)
   在 System.Threading.ExecutionContext.Run(ExecutionContext executionContext, ContextCallback callback, Object state, Boolean preserveSyncCtx)
   在 System.Runtime.CompilerServices.AsyncMethodBuilderCore.MoveNextRunner.Run()
   在 System.Threading.Tasks.TaskSchedulerAwaitTaskContinuation.<Run>b__0(Object state)
   在 System.Threading.Tasks.Task.Execute()
   在 System.Threading.Tasks.Task.ExecuteWithThreadLocal(Task& currentTaskSlot)
   在 System.Threading.Tasks.Task.ExecuteEntry(Boolean bPreventDoubleExecution)
   在 Orleans.Runtime.Scheduler.ActivationTaskScheduler.RunTask(Task task)
   在 Orleans.Runtime.Scheduler.WorkItemGroup.Execute()
   在 Orleans.Runtime.Scheduler.WorkerPoolThread.Run()
   在 Orleans.Runtime.AsynchAgent.AgentThreadProc(Object obj)
   在 System.Threading.ExecutionContext.RunInternal(ExecutionContext executionContext, ContextCallback callback, Object state, Boolean preserveSyncCtx)
   在 System.Threading.ExecutionContext.Run(ExecutionContext executionContext, ContextCallback callback, Object state, Boolean preserveSyncCtx)
   在 System.Threading.ExecutionContext.Run(ExecutionContext executionContext, ContextCallback callback, Object state)
   在 System.Threading.ThreadHelper.ThreadStart(Object obj)
	
[2015-03-23 06:58:55.557 GMT    88	WARNING	101217	Scheduler.WorkItemGroup	127.0.0.1:11111]	Enqueuing task System.Threading.Tasks.Task to a stopped work item group. Going to ignore and not execute it. WorkItemGroup:Name=[Activation: S127.0.0.1:11111:164789203*grn/9C20D2B7/7660e2a3@03d989b3 #GrainType=Orleans.EventSourcing.SimpleGrain.TransferTransaction],State=Shutdown. Currently QueuedWorkItems=0; Total EnQueued=50; Total processed=50; Quantum expirations=0; TaskRunner=ActivationTaskScheduler-5952:Queued=0; SchedulingContext=[Activation: S127.0.0.1:11111:164789203*grn/9C20D2B7/7660e2a3@03d989b3 #GrainType=Orleans.EventSourcing.SimpleGrain.TransferTransaction State=Invalid]
 Called from    在 Orleans.Runtime.Scheduler.WorkItemGroup.ReportWorkGroupProblemWithBacktrace(String what, ErrorCode errorCode)
   在 Orleans.Runtime.Scheduler.WorkItemGroup.EnqueueTask(Task task)
   在 Orleans.Runtime.Scheduler.ActivationTaskScheduler.QueueTask(Task task)
   在 System.Threading.Tasks.TaskContinuation.InlineIfPossibleOrElseQueue(Task task, Boolean needsProtection)
   在 System.Threading.Tasks.TaskSchedulerAwaitTaskContinuation.Run(Task ignored, Boolean canInlineContinuationTask)
   在 System.Threading.Tasks.Task.FinishContinuations()
   在 System.Threading.Tasks.Task`1.TrySetResult(TResult result)
   在 System.Threading.Tasks.TaskCompletionSource`1.SetResult(TResult result)
   在 Orleans.Storage.Couchbase.GrainStateCouchbaseDataManager.<>c__DisplayClass1f.<WriteAsync>b__1e(Object state)
   在 System.Threading.ExecutionContext.RunInternal(ExecutionContext executionContext, ContextCallback callback, Object state, Boolean preserveSyncCtx)
   在 System.Threading.ExecutionContext.Run(ExecutionContext executionContext, ContextCallback callback, Object state, Boolean preserveSyncCtx)
   在 System.Threading.QueueUserWorkItemCallback.System.Threading.IThreadPoolWorkItem.ExecuteWorkItem()
   在 System.Threading.ThreadPoolWorkQueue.Dispatch()
	
[2015-03-23 06:59:00.899 GMT    84	WARNING	101217	Scheduler.WorkItemGroup	127.0.0.1:11111]	Enqueuing task System.Threading.Tasks.Task to a stopped work item group. Going to ignore and not execute it. WorkItemGroup:Name=[Activation: S127.0.0.1:11111:164789203*grn/9C20D2B7/8711b08f@8fc2e39d #GrainType=Orleans.EventSourcing.SimpleGrain.TransferTransaction],State=Shutdown. Currently QueuedWorkItems=0; Total EnQueued=50; Total processed=50; Quantum expirations=0; TaskRunner=ActivationTaskScheduler-6003:Queued=0; SchedulingContext=[Activation: S127.0.0.1:11111:164789203*grn/9C20D2B7/8711b08f@8fc2e39d #GrainType=Orleans.EventSourcing.SimpleGrain.TransferTransaction State=Invalid]
 Called from    在 Orleans.Runtime.Scheduler.WorkItemGroup.ReportWorkGroupProblemWithBacktrace(String what, ErrorCode errorCode)
   在 Orleans.Runtime.Scheduler.WorkItemGroup.EnqueueTask(Task task)
   在 Orleans.Runtime.Scheduler.ActivationTaskScheduler.QueueTask(Task task)
   在 System.Threading.Tasks.TaskContinuation.InlineIfPossibleOrElseQueue(Task task, Boolean needsProtection)
   在 System.Threading.Tasks.TaskSchedulerAwaitTaskContinuation.Run(Task ignored, Boolean canInlineContinuationTask)
   在 System.Threading.Tasks.Task.FinishContinuations()
   在 System.Threading.Tasks.Task`1.TrySetResult(TResult result)
   在 System.Threading.Tasks.TaskCompletionSource`1.SetResult(TResult result)
   在 Orleans.Storage.Couchbase.GrainStateCouchbaseDataManager.<>c__DisplayClass1f.<WriteAsync>b__1e(Object state)
   在 System.Threading.ExecutionContext.RunInternal(ExecutionContext executionContext, ContextCallback callback, Object state, Boolean preserveSyncCtx)
   在 System.Threading.ExecutionContext.Run(ExecutionContext executionContext, ContextCallback callback, Object state, Boolean preserveSyncCtx)
   在 System.Threading.QueueUserWorkItemCallback.System.Threading.IThreadPoolWorkItem.ExecuteWorkItem()
   在 System.Threading.ThreadPoolWorkQueue.Dispatch()
	
[2015-03-23 06:59:01.088 GMT    87	WARNING	101217	Scheduler.WorkItemGroup	127.0.0.1:11111]	Enqueuing task System.Threading.Tasks.Task to a stopped work item group. Going to ignore and not execute it. WorkItemGroup:Name=[Activation: S127.0.0.1:11111:164789203*grn/9C20D2B7/6f6b3c8e@79048cb2 #GrainType=Orleans.EventSourcing.SimpleGrain.TransferTransaction],State=Shutdown. Currently QueuedWorkItems=0; Total EnQueued=50; Total processed=50; Quantum expirations=0; TaskRunner=ActivationTaskScheduler-6004:Queued=0; SchedulingContext=[Activation: S127.0.0.1:11111:164789203*grn/9C20D2B7/6f6b3c8e@79048cb2 #GrainType=Orleans.EventSourcing.SimpleGrain.TransferTransaction State=Invalid]
 Called from    在 Orleans.Runtime.Scheduler.WorkItemGroup.ReportWorkGroupProblemWithBacktrace(String what, ErrorCode errorCode)
   在 Orleans.Runtime.Scheduler.WorkItemGroup.EnqueueTask(Task task)
   在 Orleans.Runtime.Scheduler.ActivationTaskScheduler.QueueTask(Task task)
   在 System.Threading.Tasks.TaskContinuation.InlineIfPossibleOrElseQueue(Task task, Boolean needsProtection)
   在 System.Threading.Tasks.TaskSchedulerAwaitTaskContinuation.Run(Task ignored, Boolean canInlineContinuationTask)
   在 System.Threading.Tasks.Task.FinishContinuations()
   在 System.Threading.Tasks.Task`1.TrySetResult(TResult result)
   在 System.Threading.Tasks.TaskCompletionSource`1.SetResult(TResult result)
   在 Orleans.Storage.Couchbase.GrainStateCouchbaseDataManager.<>c__DisplayClass1f.<WriteAsync>b__1e(Object state)
   在 System.Threading.ExecutionContext.RunInternal(ExecutionContext executionContext, ContextCallback callback, Object state, Boolean preserveSyncCtx)
   在 System.Threading.ExecutionContext.Run(ExecutionContext executionContext, ContextCallback callback, Object state, Boolean preserveSyncCtx)
   在 System.Threading.QueueUserWorkItemCallback.System.Threading.IThreadPoolWorkItem.ExecuteWorkItem()
   在 System.Threading.ThreadPoolWorkQueue.Dispatch()
	
[2015-03-23 06:59:04.764 GMT    14	WARNING	101220	Scheduler.WorkItemGroup	127.0.0.1:11111]	WorkItemGroup is being stoped while still active. workItemCount = 1 WorkItemGroup:Name=[Activation: S127.0.0.1:11111:164789203*grn/9C20D2B7/2717a491@7a469eb7 #GrainType=Orleans.EventSourcing.SimpleGrain.TransferTransaction],State=Running. Currently QueuedWorkItems=1; Total EnQueued=51; Total processed=49; Quantum expirations=0; TaskRunner=ActivationTaskScheduler-6025:Queued=1; SchedulingContext=[Activation: S127.0.0.1:11111:164789203*grn/9C20D2B7/2717a491@7a469eb7 #GrainType=Orleans.EventSourcing.SimpleGrain.TransferTransaction State=Invalid]
 Called from    在 Orleans.Runtime.Scheduler.WorkItemGroup.ReportWorkGroupProblemWithBacktrace(String what, ErrorCode errorCode)
   在 Orleans.Runtime.Scheduler.WorkItemGroup.Stop()
   在 Orleans.Runtime.Scheduler.OrleansTaskScheduler.UnregisterWorkContext(ISchedulingContext context)
   在 Orleans.Runtime.Catalog.UnregisterMessageTarget(ActivationData activation)
   在 Orleans.Runtime.Catalog.<DestroyActivations>d__5b.MoveNext()
   在 System.Threading.ExecutionContext.RunInternal(ExecutionContext executionContext, ContextCallback callback, Object state, Boolean preserveSyncCtx)
   在 System.Threading.ExecutionContext.Run(ExecutionContext executionContext, ContextCallback callback, Object state, Boolean preserveSyncCtx)
   在 System.Runtime.CompilerServices.AsyncMethodBuilderCore.MoveNextRunner.Run()
   在 System.Threading.Tasks.TaskSchedulerAwaitTaskContinuation.<Run>b__0(Object state)
   在 System.Threading.Tasks.Task.Execute()
   在 System.Threading.Tasks.Task.ExecuteWithThreadLocal(Task& currentTaskSlot)
   在 System.Threading.Tasks.Task.ExecuteEntry(Boolean bPreventDoubleExecution)
   在 Orleans.Runtime.Scheduler.ActivationTaskScheduler.RunTask(Task task)
   在 Orleans.Runtime.Scheduler.WorkItemGroup.Execute()
   在 Orleans.Runtime.Scheduler.WorkerPoolThread.Run()
   在 Orleans.Runtime.AsynchAgent.AgentThreadProc(Object obj)
   在 System.Threading.ExecutionContext.RunInternal(ExecutionContext executionContext, ContextCallback callback, Object state, Boolean preserveSyncCtx)
   在 System.Threading.ExecutionContext.Run(ExecutionContext executionContext, ContextCallback callback, Object state, Boolean preserveSyncCtx)
   在 System.Threading.ExecutionContext.Run(ExecutionContext executionContext, ContextCallback callback, Object state)
   在 System.Threading.ThreadHelper.ThreadStart(Object obj)
	
[2015-03-23 06:59:06.156 GMT    18	WARNING	101220	Scheduler.WorkItemGroup	127.0.0.1:11111]	WorkItemGroup is being stoped while still active. workItemCount = 1 WorkItemGroup:Name=[Activation: S127.0.0.1:11111:164789203*grn/9C20D2B7/c3404f91@ccf6e6a4 #GrainType=Orleans.EventSourcing.SimpleGrain.TransferTransaction],State=Running. Currently QueuedWorkItems=1; Total EnQueued=50; Total processed=48; Quantum expirations=0; TaskRunner=ActivationTaskScheduler-6027:Queued=1; SchedulingContext=[Activation: S127.0.0.1:11111:164789203*grn/9C20D2B7/c3404f91@ccf6e6a4 #GrainType=Orleans.EventSourcing.SimpleGrain.TransferTransaction State=Invalid]
 Called from    在 Orleans.Runtime.Scheduler.WorkItemGroup.ReportWorkGroupProblemWithBacktrace(String what, ErrorCode errorCode)
   在 Orleans.Runtime.Scheduler.WorkItemGroup.Stop()
   在 Orleans.Runtime.Scheduler.OrleansTaskScheduler.UnregisterWorkContext(ISchedulingContext context)
   在 Orleans.Runtime.Catalog.UnregisterMessageTarget(ActivationData activation)
   在 Orleans.Runtime.Catalog.<DestroyActivations>d__5b.MoveNext()
   在 System.Threading.ExecutionContext.RunInternal(ExecutionContext executionContext, ContextCallback callback, Object state, Boolean preserveSyncCtx)
   在 System.Threading.ExecutionContext.Run(ExecutionContext executionContext, ContextCallback callback, Object state, Boolean preserveSyncCtx)
   在 System.Runtime.CompilerServices.AsyncMethodBuilderCore.MoveNextRunner.Run()
   在 System.Threading.Tasks.TaskSchedulerAwaitTaskContinuation.<Run>b__0(Object state)
   在 System.Threading.Tasks.Task.Execute()
   在 System.Threading.Tasks.Task.ExecuteWithThreadLocal(Task& currentTaskSlot)
   在 System.Threading.Tasks.Task.ExecuteEntry(Boolean bPreventDoubleExecution)
   在 Orleans.Runtime.Scheduler.ActivationTaskScheduler.RunTask(Task task)
   在 Orleans.Runtime.Scheduler.WorkItemGroup.Execute()
   在 Orleans.Runtime.Scheduler.WorkerPoolThread.Run()
   在 Orleans.Runtime.AsynchAgent.AgentThreadProc(Object obj)
   在 System.Threading.ExecutionContext.RunInternal(ExecutionContext executionContext, ContextCallback callback, Object state, Boolean preserveSyncCtx)
   在 System.Threading.ExecutionContext.Run(ExecutionContext executionContext, ContextCallback callback, Object state, Boolean preserveSyncCtx)
   在 System.Threading.ExecutionContext.Run(ExecutionContext executionContext, ContextCallback callback, Object state)
   在 System.Threading.ThreadHelper.ThreadStart(Object obj)
	
[2015-03-23 06:59:06.361 GMT    24	WARNING	101215	Scheduler.ReminderService.WorkItemGroup	127.0.0.1:11111]	Task [Id=240, Status=RanToCompletion] in WorkGroup [SystemTarget: S127.0.0.1:11111:164789203ReminderService@S00000010] took elapsed time 0:00:00.2733118 for execution, which is longer than 00:00:00.2000000. Running on thread <Runtime.Scheduler.WorkerPoolThread.System/13, ManagedThreadId=24, Executing Task Id=240 Status=RanToCompletion for 00:00:00.2960169>	
[2015-03-23 06:59:07.585 GMT    14	WARNING	101220	Scheduler.WorkItemGroup	127.0.0.1:11111]	WorkItemGroup is being stoped while still active. workItemCount = 1 WorkItemGroup:Name=[Activation: S127.0.0.1:11111:164789203*grn/9C20D2B7/3f2902b6@51d90db6 #GrainType=Orleans.EventSourcing.SimpleGrain.TransferTransaction],State=Running. Currently QueuedWorkItems=1; Total EnQueued=51; Total processed=49; Quantum expirations=0; TaskRunner=ActivationTaskScheduler-6041:Queued=1; SchedulingContext=[Activation: S127.0.0.1:11111:164789203*grn/9C20D2B7/3f2902b6@51d90db6 #GrainType=Orleans.EventSourcing.SimpleGrain.TransferTransaction State=Invalid]
 Called from    在 Orleans.Runtime.Scheduler.WorkItemGroup.ReportWorkGroupProblemWithBacktrace(String what, ErrorCode errorCode)
   在 Orleans.Runtime.Scheduler.WorkItemGroup.Stop()
   在 Orleans.Runtime.Scheduler.OrleansTaskScheduler.UnregisterWorkContext(ISchedulingContext context)
   在 Orleans.Runtime.Catalog.UnregisterMessageTarget(ActivationData activation)
   在 Orleans.Runtime.Catalog.<DestroyActivations>d__5b.MoveNext()
   在 System.Threading.ExecutionContext.RunInternal(ExecutionContext executionContext, ContextCallback callback, Object state, Boolean preserveSyncCtx)
   在 System.Threading.ExecutionContext.Run(ExecutionContext executionContext, ContextCallback callback, Object state, Boolean preserveSyncCtx)
   在 System.Runtime.CompilerServices.AsyncMethodBuilderCore.MoveNextRunner.Run()
   在 System.Threading.Tasks.TaskSchedulerAwaitTaskContinuation.<Run>b__0(Object state)
   在 System.Threading.Tasks.Task.Execute()
   在 System.Threading.Tasks.Task.ExecuteWithThreadLocal(Task& currentTaskSlot)
   在 System.Threading.Tasks.Task.ExecuteEntry(Boolean bPreventDoubleExecution)
   在 Orleans.Runtime.Scheduler.ActivationTaskScheduler.RunTask(Task task)
   在 Orleans.Runtime.Scheduler.WorkItemGroup.Execute()
   在 Orleans.Runtime.Scheduler.WorkerPoolThread.Run()
   在 Orleans.Runtime.AsynchAgent.AgentThreadProc(Object obj)
   在 System.Threading.ExecutionContext.RunInternal(ExecutionContext executionContext, ContextCallback callback, Object state, Boolean preserveSyncCtx)
   在 System.Threading.ExecutionContext.Run(ExecutionContext executionContext, ContextCallback callback, Object state, Boolean preserveSyncCtx)
   在 System.Threading.ExecutionContext.Run(ExecutionContext executionContext, ContextCallback callback, Object state)
   在 System.Threading.ThreadHelper.ThreadStart(Object obj)
	
[2015-03-23 06:59:31.385 GMT    16	WARNING	100533	Catalog	127.0.0.1:11111]	Failed to SetupActivationState for [Activation: S127.0.0.1:11111:164789203*grn/9C20D2B7/2a40c285@1d366899 #GrainType=Orleans.EventSourcing.SimpleGrain.TransferTransaction State=Invalid].	
Exc level 0: System.Exception: Read from couchbase server error
   在 Orleans.Storage.Couchbase.GrainStateCouchbaseDataManager.<ReadAsync>d__18.MoveNext()
--- 引发异常的上一位置中堆栈跟踪的末尾 ---
   在 System.Runtime.CompilerServices.TaskAwaiter.ThrowForNonSuccess(Task task)
   在 System.Runtime.CompilerServices.TaskAwaiter.HandleNonSuccessAndDebuggerNotification(Task task)
   在 System.Runtime.CompilerServices.TaskAwaiter`1.GetResult()
   在 Orleans.Storage.Couchbase.CouchbaseStorage.<ReadStateAsync>d__6.MoveNext()
--- 引发异常的上一位置中堆栈跟踪的末尾 ---
   在 System.Runtime.CompilerServices.TaskAwaiter.ThrowForNonSuccess(Task task)
   在 System.Runtime.CompilerServices.TaskAwaiter.HandleNonSuccessAndDebuggerNotification(Task task)
   在 Orleans.Runtime.Scheduler.SchedulerExtensions.<>c__DisplayClassa.<<QueueTask>b__8>d__c.MoveNext()
--- 引发异常的上一位置中堆栈跟踪的末尾 ---
   在 System.Runtime.CompilerServices.TaskAwaiter.ThrowForNonSuccess(Task task)
   在 System.Runtime.CompilerServices.TaskAwaiter.HandleNonSuccessAndDebuggerNotification(Task task)
   在 Orleans.Runtime.Catalog.<SetupActivationState>d__35.MoveNext()
--- 引发异常的上一位置中堆栈跟踪的末尾 ---
   在 System.Runtime.CompilerServices.TaskAwaiter.ThrowForNonSuccess(Task task)
   在 System.Runtime.CompilerServices.TaskAwaiter.HandleNonSuccessAndDebuggerNotification(Task task)
   在 Orleans.Runtime.Catalog.<InitActivation>d__2b.MoveNext()
[2015-03-23 06:59:31.386 GMT    24	WARNING	100533	Catalog	127.0.0.1:11111]	Failed to SetupActivationState for [Activation: S127.0.0.1:11111:164789203*grn/9C20D2B7/c3844599@90698a9a #GrainType=Orleans.EventSourcing.SimpleGrain.TransferTransaction State=Invalid].	
Exc level 0: System.Exception: Read from couchbase server error
   在 Orleans.Storage.Couchbase.GrainStateCouchbaseDataManager.<ReadAsync>d__18.MoveNext()
--- 引发异常的上一位置中堆栈跟踪的末尾 ---
   在 System.Runtime.CompilerServices.TaskAwaiter.ThrowForNonSuccess(Task task)
   在 System.Runtime.CompilerServices.TaskAwaiter.HandleNonSuccessAndDebuggerNotification(Task task)
   在 System.Runtime.CompilerServices.TaskAwaiter`1.GetResult()
   在 Orleans.Storage.Couchbase.CouchbaseStorage.<ReadStateAsync>d__6.MoveNext()
--- 引发异常的上一位置中堆栈跟踪的末尾 ---
   在 System.Runtime.CompilerServices.TaskAwaiter.ThrowForNonSuccess(Task task)
   在 System.Runtime.CompilerServices.TaskAwaiter.HandleNonSuccessAndDebuggerNotification(Task task)
   在 Orleans.Runtime.Scheduler.SchedulerExtensions.<>c__DisplayClassa.<<QueueTask>b__8>d__c.MoveNext()
--- 引发异常的上一位置中堆栈跟踪的末尾 ---
   在 System.Runtime.CompilerServices.TaskAwaiter.ThrowForNonSuccess(Task task)
   在 System.Runtime.CompilerServices.TaskAwaiter.HandleNonSuccessAndDebuggerNotification(Task task)
   在 Orleans.Runtime.Catalog.<SetupActivationState>d__35.MoveNext()
--- 引发异常的上一位置中堆栈跟踪的末尾 ---
   在 System.Runtime.CompilerServices.TaskAwaiter.ThrowForNonSuccess(Task task)
   在 System.Runtime.CompilerServices.TaskAwaiter.HandleNonSuccessAndDebuggerNotification(Task task)
   在 Orleans.Runtime.Catalog.<InitActivation>d__2b.MoveNext()
[2015-03-23 06:59:32.340 GMT    14	WARNING	100533	Catalog	127.0.0.1:11111]	Failed to SetupActivationState for [Activation: S127.0.0.1:11111:164789203*grn/9C20D2B7/29fc1f82@fa7d1baa #GrainType=Orleans.EventSourcing.SimpleGrain.TransferTransaction State=Invalid].	
Exc level 0: System.Exception: Read from couchbase server error
   在 Orleans.Storage.Couchbase.GrainStateCouchbaseDataManager.<ReadAsync>d__18.MoveNext()
--- 引发异常的上一位置中堆栈跟踪的末尾 ---
   在 System.Runtime.CompilerServices.TaskAwaiter.ThrowForNonSuccess(Task task)
   在 System.Runtime.CompilerServices.TaskAwaiter.HandleNonSuccessAndDebuggerNotification(Task task)
   在 System.Runtime.CompilerServices.TaskAwaiter`1.GetResult()
   在 Orleans.Storage.Couchbase.CouchbaseStorage.<ReadStateAsync>d__6.MoveNext()
--- 引发异常的上一位置中堆栈跟踪的末尾 ---
   在 System.Runtime.CompilerServices.TaskAwaiter.ThrowForNonSuccess(Task task)
   在 System.Runtime.CompilerServices.TaskAwaiter.HandleNonSuccessAndDebuggerNotification(Task task)
   在 Orleans.Runtime.Scheduler.SchedulerExtensions.<>c__DisplayClassa.<<QueueTask>b__8>d__c.MoveNext()
--- 引发异常的上一位置中堆栈跟踪的末尾 ---
   在 System.Runtime.CompilerServices.TaskAwaiter.ThrowForNonSuccess(Task task)
   在 System.Runtime.CompilerServices.TaskAwaiter.HandleNonSuccessAndDebuggerNotification(Task task)
   在 Orleans.Runtime.Catalog.<SetupActivationState>d__35.MoveNext()
--- 引发异常的上一位置中堆栈跟踪的末尾 ---
   在 System.Runtime.CompilerServices.TaskAwaiter.ThrowForNonSuccess(Task task)
   在 System.Runtime.CompilerServices.TaskAwaiter.HandleNonSuccessAndDebuggerNotification(Task task)
   在 Orleans.Runtime.Catalog.<InitActivation>d__2b.MoveNext()
[2015-03-23 06:59:32.538 GMT    12	WARNING	101215	Scheduler.DeploymentLoadPublisherSystemTarge.WorkItemGroup	127.0.0.1:11111]	Task [Id=267, Status=RanToCompletion] in WorkGroup [SystemTarget: S127.0.0.1:11111:164789203DeploymentLoadPublisherSystemTarge@S00000016] took elapsed time 0:00:00.385468 for execution, which is longer than 00:00:00.2000000. Running on thread <Runtime.Scheduler.WorkerPoolThread/1, ManagedThreadId=12, Executing Task Id=267 Status=RanToCompletion for 00:00:00.3890222>	
[2015-03-23 06:59:33.112 GMT    12	WARNING	101215	Scheduler.DeploymentLoadPublisherSystemTarge.WorkItemGroup	127.0.0.1:11111]	Task [Id=277, Status=RanToCompletion] in WorkGroup [SystemTarget: S127.0.0.1:11111:164789203DeploymentLoadPublisherSystemTarge@S00000016] took elapsed time 0:00:00.223175 for execution, which is longer than 00:00:00.2000000. Running on thread <Runtime.Scheduler.WorkerPoolThread/1, ManagedThreadId=12, Executing Task Id=277 Status=RanToCompletion for 00:00:00.2230128>	
[2015-03-23 06:59:33.608 GMT    14	WARNING	101215	Scheduler.ReminderService.WorkItemGroup	127.0.0.1:11111]	Task [Id=286, Status=RanToCompletion] in WorkGroup [SystemTarget: S127.0.0.1:11111:164789203ReminderService@S00000010] took elapsed time 0:00:00.3711346 for execution, which is longer than 00:00:00.2000000. Running on thread <Runtime.Scheduler.WorkerPoolThread/3, ManagedThreadId=14, Executing Task Id=286 Status=RanToCompletion for 00:00:00.3710212>	
[2015-03-23 06:59:33.700 GMT    24	WARNING	100533	Catalog	127.0.0.1:11111]	Failed to SetupActivationState for [Activation: S127.0.0.1:11111:164789203*grn/9C20D2B7/c3844599@cd22198b #GrainType=Orleans.EventSourcing.SimpleGrain.TransferTransaction State=Invalid].	
Exc level 0: System.Exception: Read from couchbase server error
   在 Orleans.Storage.Couchbase.GrainStateCouchbaseDataManager.<ReadAsync>d__18.MoveNext()
--- 引发异常的上一位置中堆栈跟踪的末尾 ---
   在 System.Runtime.CompilerServices.TaskAwaiter.ThrowForNonSuccess(Task task)
   在 System.Runtime.CompilerServices.TaskAwaiter.HandleNonSuccessAndDebuggerNotification(Task task)
   在 System.Runtime.CompilerServices.TaskAwaiter`1.GetResult()
   在 Orleans.Storage.Couchbase.CouchbaseStorage.<ReadStateAsync>d__6.MoveNext()
--- 引发异常的上一位置中堆栈跟踪的末尾 ---
   在 System.Runtime.CompilerServices.TaskAwaiter.ThrowForNonSuccess(Task task)
   在 System.Runtime.CompilerServices.TaskAwaiter.HandleNonSuccessAndDebuggerNotification(Task task)
   在 Orleans.Runtime.Scheduler.SchedulerExtensions.<>c__DisplayClassa.<<QueueTask>b__8>d__c.MoveNext()
--- 引发异常的上一位置中堆栈跟踪的末尾 ---
   在 System.Runtime.CompilerServices.TaskAwaiter.ThrowForNonSuccess(Task task)
   在 System.Runtime.CompilerServices.TaskAwaiter.HandleNonSuccessAndDebuggerNotification(Task task)
   在 Orleans.Runtime.Catalog.<SetupActivationState>d__35.MoveNext()
--- 引发异常的上一位置中堆栈跟踪的末尾 ---
   在 System.Runtime.CompilerServices.TaskAwaiter.ThrowForNonSuccess(Task task)
   在 System.Runtime.CompilerServices.TaskAwaiter.HandleNonSuccessAndDebuggerNotification(Task task)
   在 Orleans.Runtime.Catalog.<InitActivation>d__2b.MoveNext()
[2015-03-23 06:59:33.795 GMT    23	WARNING	100533	Catalog	127.0.0.1:11111]	Failed to SetupActivationState for [Activation: S127.0.0.1:11111:164789203*grn/9C20D2B7/2a40c285@9504e4b3 #GrainType=Orleans.EventSourcing.SimpleGrain.TransferTransaction State=Invalid].	
Exc level 0: System.Exception: Read from couchbase server error
   在 Orleans.Storage.Couchbase.GrainStateCouchbaseDataManager.<ReadAsync>d__18.MoveNext()
--- 引发异常的上一位置中堆栈跟踪的末尾 ---
   在 System.Runtime.CompilerServices.TaskAwaiter.ThrowForNonSuccess(Task task)
   在 System.Runtime.CompilerServices.TaskAwaiter.HandleNonSuccessAndDebuggerNotification(Task task)
   在 System.Runtime.CompilerServices.TaskAwaiter`1.GetResult()
   在 Orleans.Storage.Couchbase.CouchbaseStorage.<ReadStateAsync>d__6.MoveNext()
--- 引发异常的上一位置中堆栈跟踪的末尾 ---
   在 System.Runtime.CompilerServices.TaskAwaiter.ThrowForNonSuccess(Task task)
   在 System.Runtime.CompilerServices.TaskAwaiter.HandleNonSuccessAndDebuggerNotification(Task task)
   在 Orleans.Runtime.Scheduler.SchedulerExtensions.<>c__DisplayClassa.<<QueueTask>b__8>d__c.MoveNext()
--- 引发异常的上一位置中堆栈跟踪的末尾 ---
   在 System.Runtime.CompilerServices.TaskAwaiter.ThrowForNonSuccess(Task task)
   在 System.Runtime.CompilerServices.TaskAwaiter.HandleNonSuccessAndDebuggerNotification(Task task)
   在 Orleans.Runtime.Catalog.<SetupActivationState>d__35.MoveNext()
--- 引发异常的上一位置中堆栈跟踪的末尾 ---
   在 System.Runtime.CompilerServices.TaskAwaiter.ThrowForNonSuccess(Task task)
   在 System.Runtime.CompilerServices.TaskAwaiter.HandleNonSuccessAndDebuggerNotification(Task task)
   在 Orleans.Runtime.Catalog.<InitActivation>d__2b.MoveNext()
[2015-03-23 06:59:36.763 GMT    12	WARNING	101215	Scheduler.DeploymentLoadPublisherSystemTarge.WorkItemGroup	127.0.0.1:11111]	Task [Id=306, Status=RanToCompletion] in WorkGroup [SystemTarget: S127.0.0.1:11111:164789203DeploymentLoadPublisherSystemTarge@S00000016] took elapsed time 0:00:00.2109382 for execution, which is longer than 00:00:00.2000000. Running on thread <Runtime.Scheduler.WorkerPoolThread/1, ManagedThreadId=12, Executing Task Id=306 Status=RanToCompletion for 00:00:00.2120121>	
[2015-03-23 06:59:44.865 GMT    12	INFO   	601215	Scheduler.WorkItemGroup	127.0.0.1:11111]	Log code 101215 occurred 77 additional times in the previous 00:01:00.5434628	
[2015-03-23 06:59:44.933 GMT    12	INFO   	601220	Scheduler.WorkItemGroup	127.0.0.1:11111]	Log code 101220 occurred 8 additional times in the previous 00:01:00.5434628	
[2015-03-23 06:59:44.984 GMT    12	INFO   	601217	Scheduler.WorkItemGroup	127.0.0.1:11111]	Log code 101217 occurred 31 additional times in the previous 00:01:00.5434628	
[2015-03-23 06:59:45.087 GMT    12	WARNING	101220	Scheduler.WorkItemGroup	127.0.0.1:11111]	WorkItemGroup is being stoped while still active. workItemCount = 1 WorkItemGroup:Name=[Activation: S127.0.0.1:11111:164789203*grn/9C20D2B7/45c9db90@3d40cf9e #GrainType=Orleans.EventSourcing.SimpleGrain.TransferTransaction],State=Running. Currently QueuedWorkItems=1; Total EnQueued=51; Total processed=49; Quantum expirations=0; TaskRunner=ActivationTaskScheduler-6425:Queued=1; SchedulingContext=[Activation: S127.0.0.1:11111:164789203*grn/9C20D2B7/45c9db90@3d40cf9e #GrainType=Orleans.EventSourcing.SimpleGrain.TransferTransaction State=Invalid]
 Called from    在 Orleans.Runtime.Scheduler.WorkItemGroup.ReportWorkGroupProblemWithBacktrace(String what, ErrorCode errorCode)
   在 Orleans.Runtime.Scheduler.WorkItemGroup.Stop()
   在 Orleans.Runtime.Scheduler.OrleansTaskScheduler.UnregisterWorkContext(ISchedulingContext context)
   在 Orleans.Runtime.Catalog.UnregisterMessageTarget(ActivationData activation)
   在 Orleans.Runtime.Catalog.<DestroyActivations>d__5b.MoveNext()
   在 System.Threading.ExecutionContext.RunInternal(ExecutionContext executionContext, ContextCallback callback, Object state, Boolean preserveSyncCtx)
   在 System.Threading.ExecutionContext.Run(ExecutionContext executionContext, ContextCallback callback, Object state, Boolean preserveSyncCtx)
   在 System.Runtime.CompilerServices.AsyncMethodBuilderCore.MoveNextRunner.Run()
   在 System.Threading.Tasks.TaskSchedulerAwaitTaskContinuation.<Run>b__0(Object state)
   在 System.Threading.Tasks.Task.Execute()
   在 System.Threading.Tasks.Task.ExecuteWithThreadLocal(Task& currentTaskSlot)
   在 System.Threading.Tasks.Task.ExecuteEntry(Boolean bPreventDoubleExecution)
   在 Orleans.Runtime.Scheduler.ActivationTaskScheduler.RunTask(Task task)
   在 Orleans.Runtime.Scheduler.WorkItemGroup.Execute()
   在 Orleans.Runtime.Scheduler.WorkerPoolThread.Run()
   在 Orleans.Runtime.AsynchAgent.AgentThreadProc(Object obj)
   在 System.Threading.ExecutionContext.RunInternal(ExecutionContext executionContext, ContextCallback callback, Object state, Boolean preserveSyncCtx)
   在 System.Threading.ExecutionContext.Run(ExecutionContext executionContext, ContextCallback callback, Object state, Boolean preserveSyncCtx)
   在 System.Threading.ExecutionContext.Run(ExecutionContext executionContext, ContextCallback callback, Object state)
   在 System.Threading.ThreadHelper.ThreadStart(Object obj)
	
[2015-03-23 06:59:45.227 GMT    12	WARNING	101215	Scheduler.WorkItemGroup	127.0.0.1:11111]	Task [Id=308, Status=RanToCompletion] in WorkGroup [Activation: S127.0.0.1:11111:164789203*grn/9C20D2B7/45c9db90@3d40cf9e #GrainType=Orleans.EventSourcing.SimpleGrain.TransferTransaction State=Invalid] took elapsed time 0:00:00.3155655 for execution, which is longer than 00:00:00.2000000. Running on thread <Runtime.Scheduler.WorkerPoolThread/1, ManagedThreadId=12, Executing Task Id=308 Status=RanToCompletion for 00:00:00.3160181>	
[2015-03-23 06:59:46.358 GMT    72	WARNING	101217	Scheduler.WorkItemGroup	127.0.0.1:11111]	Enqueuing task System.Threading.Tasks.Task to a stopped work item group. Going to ignore and not execute it. WorkItemGroup:Name=[Activation: S127.0.0.1:11111:164789203*grn/9C20D2B7/4fe4558e@80bad5b9 #GrainType=Orleans.EventSourcing.SimpleGrain.TransferTransaction],State=Shutdown. Currently QueuedWorkItems=0; Total EnQueued=49; Total processed=49; Quantum expirations=0; TaskRunner=ActivationTaskScheduler-6440:Queued=0; SchedulingContext=[Activation: S127.0.0.1:11111:164789203*grn/9C20D2B7/4fe4558e@80bad5b9 #GrainType=Orleans.EventSourcing.SimpleGrain.TransferTransaction State=Invalid]
 Called from    在 Orleans.Runtime.Scheduler.WorkItemGroup.ReportWorkGroupProblemWithBacktrace(String what, ErrorCode errorCode)
   在 Orleans.Runtime.Scheduler.WorkItemGroup.EnqueueTask(Task task)
   在 Orleans.Runtime.Scheduler.ActivationTaskScheduler.QueueTask(Task task)
   在 System.Threading.Tasks.TaskContinuation.InlineIfPossibleOrElseQueue(Task task, Boolean needsProtection)
   在 System.Threading.Tasks.TaskSchedulerAwaitTaskContinuation.Run(Task ignored, Boolean canInlineContinuationTask)
   在 System.Threading.Tasks.Task.FinishContinuations()
   在 System.Threading.Tasks.Task`1.TrySetResult(TResult result)
   在 System.Threading.Tasks.TaskCompletionSource`1.SetResult(TResult result)
   在 Orleans.Storage.Couchbase.GrainStateCouchbaseDataManager.<>c__DisplayClass1f.<WriteAsync>b__1e(Object state)
   在 System.Threading.ExecutionContext.RunInternal(ExecutionContext executionContext, ContextCallback callback, Object state, Boolean preserveSyncCtx)
   在 System.Threading.ExecutionContext.Run(ExecutionContext executionContext, ContextCallback callback, Object state, Boolean preserveSyncCtx)
   在 System.Threading.QueueUserWorkItemCallback.System.Threading.IThreadPoolWorkItem.ExecuteWorkItem()
   在 System.Threading.ThreadPoolWorkQueue.Dispatch()
	
[2015-03-23 06:59:46.525 GMT    14	WARNING	101215	Scheduler.WorkItemGroup	127.0.0.1:11111]	Task [Id=309, Status=RanToCompletion] in WorkGroup [Activation: S127.0.0.1:11111:164789203*grn/F15F7B6B/e682cc98@7f608d86 #GrainType=Orleans.EventSourcing.SimpleGrain.BankAccount State=Valid] took elapsed time 0:00:00.2331955 for execution, which is longer than 00:00:00.2000000. Running on thread <Runtime.Scheduler.WorkerPoolThread/3, ManagedThreadId=14, Executing Task Id=309 Status=RanToCompletion for 00:00:00.2340134>	
[2015-03-23 06:59:47.418 GMT    15	WARNING	101215	Scheduler.WorkItemGroup	127.0.0.1:11111]	Task [Id=310, Status=RanToCompletion] in WorkGroup [Activation: S127.0.0.1:11111:164789203*grn/9C20D2B7/2ce19394@8f8db0b3 #GrainType=Orleans.EventSourcing.SimpleGrain.TransferTransaction State=Valid] took elapsed time 0:00:00.3361517 for execution, which is longer than 00:00:00.2000000. Running on thread <Runtime.Scheduler.WorkerPoolThread/4, ManagedThreadId=15, Executing Task Id=310 Status=RanToCompletion for 00:00:00.3390193>	
[2015-03-23 06:59:48.480 GMT    36	WARNING	101217	Scheduler.WorkItemGroup	127.0.0.1:11111]	Enqueuing task System.Threading.Tasks.Task to a stopped work item group. Going to ignore and not execute it. WorkItemGroup:Name=[Activation: S127.0.0.1:11111:164789203*grn/9C20D2B7/3e232d8e@3e4661b3 #GrainType=Orleans.EventSourcing.SimpleGrain.TransferTransaction],State=Shutdown. Currently QueuedWorkItems=0; Total EnQueued=50; Total processed=50; Quantum expirations=0; TaskRunner=ActivationTaskScheduler-6450:Queued=0; SchedulingContext=[Activation: S127.0.0.1:11111:164789203*grn/9C20D2B7/3e232d8e@3e4661b3 #GrainType=Orleans.EventSourcing.SimpleGrain.TransferTransaction State=Invalid]
 Called from    在 Orleans.Runtime.Scheduler.WorkItemGroup.ReportWorkGroupProblemWithBacktrace(String what, ErrorCode errorCode)
   在 Orleans.Runtime.Scheduler.WorkItemGroup.EnqueueTask(Task task)
   在 Orleans.Runtime.Scheduler.ActivationTaskScheduler.QueueTask(Task task)
   在 System.Threading.Tasks.TaskContinuation.InlineIfPossibleOrElseQueue(Task task, Boolean needsProtection)
   在 System.Threading.Tasks.TaskSchedulerAwaitTaskContinuation.Run(Task ignored, Boolean canInlineContinuationTask)
   在 System.Threading.Tasks.Task.FinishContinuations()
   在 System.Threading.Tasks.Task`1.TrySetResult(TResult result)
   在 System.Threading.Tasks.TaskCompletionSource`1.SetResult(TResult result)
   在 Orleans.Storage.Couchbase.GrainStateCouchbaseDataManager.<>c__DisplayClass1f.<WriteAsync>b__1e(Object state)
   在 System.Threading.ExecutionContext.RunInternal(ExecutionContext executionContext, ContextCallback callback, Object state, Boolean preserveSyncCtx)
   在 System.Threading.ExecutionContext.Run(ExecutionContext executionContext, ContextCallback callback, Object state, Boolean preserveSyncCtx)
   在 System.Threading.QueueUserWorkItemCallback.System.Threading.IThreadPoolWorkItem.ExecuteWorkItem()
   在 System.Threading.ThreadPoolWorkQueue.Dispatch()
	
[2015-03-23 06:59:48.492 GMT    14	WARNING	101215	Scheduler.WorkItemGroup	127.0.0.1:11111]	Task [Id=311, Status=RanToCompletion] in WorkGroup [Activation: S127.0.0.1:11111:164789203*grn/64BA1302/00000001@69a229b8 #GrainType=Orleans.EventSourcing.SimpleGrain.TransferTransactionProcessManager MultiActivationGrain State=Valid] took elapsed time 0:00:00.201282 for execution, which is longer than 00:00:00.2000000. Running on thread <Runtime.Scheduler.WorkerPoolThread/3, ManagedThreadId=14, Executing Task Id=311 Status=RanToCompletion for 00:00:00.2120121>	
[2015-03-23 06:59:48.556 GMT    12	WARNING	101215	Scheduler.WorkItemGroup	127.0.0.1:11111]	Task [Id=312, Status=RanToCompletion] in WorkGroup [Activation: S127.0.0.1:11111:164789203*grn/F15F7B6B/e682cc98@7f608d86 #GrainType=Orleans.EventSourcing.SimpleGrain.BankAccount State=Valid] took elapsed time 0:00:00.243934 for execution, which is longer than 00:00:00.2000000. Running on thread <Runtime.Scheduler.WorkerPoolThread/1, ManagedThreadId=12, Executing Task Id=312 Status=RanToCompletion for 00:00:00.2440139>	
[2015-03-23 06:59:51.038 GMT    75	WARNING	101217	Scheduler.WorkItemGroup	127.0.0.1:11111]	Enqueuing task System.Threading.Tasks.Task to a stopped work item group. Going to ignore and not execute it. WorkItemGroup:Name=[Activation: S127.0.0.1:11111:164789203*grn/9C20D2B7/f6a8a8af@91d69d86 #GrainType=Orleans.EventSourcing.SimpleGrain.TransferTransaction],State=Shutdown. Currently QueuedWorkItems=0; Total EnQueued=50; Total processed=50; Quantum expirations=0; TaskRunner=ActivationTaskScheduler-6477:Queued=0; SchedulingContext=[Activation: S127.0.0.1:11111:164789203*grn/9C20D2B7/f6a8a8af@91d69d86 #GrainType=Orleans.EventSourcing.SimpleGrain.TransferTransaction State=Invalid]
 Called from    在 Orleans.Runtime.Scheduler.WorkItemGroup.ReportWorkGroupProblemWithBacktrace(String what, ErrorCode errorCode)
   在 Orleans.Runtime.Scheduler.WorkItemGroup.EnqueueTask(Task task)
   在 Orleans.Runtime.Scheduler.ActivationTaskScheduler.QueueTask(Task task)
   在 System.Threading.Tasks.TaskContinuation.InlineIfPossibleOrElseQueue(Task task, Boolean needsProtection)
   在 System.Threading.Tasks.TaskSchedulerAwaitTaskContinuation.Run(Task ignored, Boolean canInlineContinuationTask)
   在 System.Threading.Tasks.Task.FinishContinuations()
   在 System.Threading.Tasks.Task`1.TrySetResult(TResult result)
   在 System.Threading.Tasks.TaskCompletionSource`1.SetResult(TResult result)
   在 Orleans.Storage.Couchbase.GrainStateCouchbaseDataManager.<>c__DisplayClass1f.<WriteAsync>b__1e(Object state)
   在 System.Threading.ExecutionContext.RunInternal(ExecutionContext executionContext, ContextCallback callback, Object state, Boolean preserveSyncCtx)
   在 System.Threading.ExecutionContext.Run(ExecutionContext executionContext, ContextCallback callback, Object state, Boolean preserveSyncCtx)
   在 System.Threading.QueueUserWorkItemCallback.System.Threading.IThreadPoolWorkItem.ExecuteWorkItem()
   在 System.Threading.ThreadPoolWorkQueue.Dispatch()
	
[2015-03-23 06:59:52.516 GMT    87	WARNING	101217	Scheduler.WorkItemGroup	127.0.0.1:11111]	Enqueuing task System.Threading.Tasks.Task to a stopped work item group. Going to ignore and not execute it. WorkItemGroup:Name=[Activation: S127.0.0.1:11111:164789203*grn/9C20D2B7/74dfff8b@1345f8b6 #GrainType=Orleans.EventSourcing.SimpleGrain.TransferTransaction],State=Shutdown. Currently QueuedWorkItems=0; Total EnQueued=50; Total processed=50; Quantum expirations=0; TaskRunner=ActivationTaskScheduler-6485:Queued=0; SchedulingContext=[Activation: S127.0.0.1:11111:164789203*grn/9C20D2B7/74dfff8b@1345f8b6 #GrainType=Orleans.EventSourcing.SimpleGrain.TransferTransaction State=Invalid]
 Called from    在 Orleans.Runtime.Scheduler.WorkItemGroup.ReportWorkGroupProblemWithBacktrace(String what, ErrorCode errorCode)
   在 Orleans.Runtime.Scheduler.WorkItemGroup.EnqueueTask(Task task)
   在 Orleans.Runtime.Scheduler.ActivationTaskScheduler.QueueTask(Task task)
   在 System.Threading.Tasks.TaskContinuation.InlineIfPossibleOrElseQueue(Task task, Boolean needsProtection)
   在 System.Threading.Tasks.TaskSchedulerAwaitTaskContinuation.Run(Task ignored, Boolean canInlineContinuationTask)
   在 System.Threading.Tasks.Task.FinishContinuations()
   在 System.Threading.Tasks.Task`1.TrySetResult(TResult result)
   在 System.Threading.Tasks.TaskCompletionSource`1.SetResult(TResult result)
   在 Orleans.Storage.Couchbase.GrainStateCouchbaseDataManager.<>c__DisplayClass1f.<WriteAsync>b__1e(Object state)
   在 System.Threading.ExecutionContext.RunInternal(ExecutionContext executionContext, ContextCallback callback, Object state, Boolean preserveSyncCtx)
   在 System.Threading.ExecutionContext.Run(ExecutionContext executionContext, ContextCallback callback, Object state, Boolean preserveSyncCtx)
   在 System.Threading.QueueUserWorkItemCallback.System.Threading.IThreadPoolWorkItem.ExecuteWorkItem()
   在 System.Threading.ThreadPoolWorkQueue.Dispatch()
	
[2015-03-23 06:59:53.544 GMT    22	WARNING	101220	Scheduler.WorkItemGroup	127.0.0.1:11111]	WorkItemGroup is being stoped while still active. workItemCount = 1 WorkItemGroup:Name=[Activation: S127.0.0.1:11111:164789203*grn/9C20D2B7/051e2d83@aa8cea90 #GrainType=Orleans.EventSourcing.SimpleGrain.TransferTransaction],State=Running. Currently QueuedWorkItems=1; Total EnQueued=51; Total processed=49; Quantum expirations=0; TaskRunner=ActivationTaskScheduler-6496:Queued=1; SchedulingContext=[Activation: S127.0.0.1:11111:164789203*grn/9C20D2B7/051e2d83@aa8cea90 #GrainType=Orleans.EventSourcing.SimpleGrain.TransferTransaction State=Invalid]
 Called from    在 Orleans.Runtime.Scheduler.WorkItemGroup.ReportWorkGroupProblemWithBacktrace(String what, ErrorCode errorCode)
   在 Orleans.Runtime.Scheduler.WorkItemGroup.Stop()
   在 Orleans.Runtime.Scheduler.OrleansTaskScheduler.UnregisterWorkContext(ISchedulingContext context)
   在 Orleans.Runtime.Catalog.UnregisterMessageTarget(ActivationData activation)
   在 Orleans.Runtime.Catalog.<DestroyActivations>d__5b.MoveNext()
   在 System.Threading.ExecutionContext.RunInternal(ExecutionContext executionContext, ContextCallback callback, Object state, Boolean preserveSyncCtx)
   在 System.Threading.ExecutionContext.Run(ExecutionContext executionContext, ContextCallback callback, Object state, Boolean preserveSyncCtx)
   在 System.Runtime.CompilerServices.AsyncMethodBuilderCore.MoveNextRunner.Run()
   在 System.Threading.Tasks.TaskSchedulerAwaitTaskContinuation.<Run>b__0(Object state)
   在 System.Threading.Tasks.Task.Execute()
   在 System.Threading.Tasks.Task.ExecuteWithThreadLocal(Task& currentTaskSlot)
   在 System.Threading.Tasks.Task.ExecuteEntry(Boolean bPreventDoubleExecution)
   在 Orleans.Runtime.Scheduler.ActivationTaskScheduler.RunTask(Task task)
   在 Orleans.Runtime.Scheduler.WorkItemGroup.Execute()
   在 Orleans.Runtime.Scheduler.WorkerPoolThread.Run()
   在 Orleans.Runtime.AsynchAgent.AgentThreadProc(Object obj)
   在 System.Threading.ExecutionContext.RunInternal(ExecutionContext executionContext, ContextCallback callback, Object state, Boolean preserveSyncCtx)
   在 System.Threading.ExecutionContext.Run(ExecutionContext executionContext, ContextCallback callback, Object state, Boolean preserveSyncCtx)
   在 System.Threading.ExecutionContext.Run(ExecutionContext executionContext, ContextCallback callback, Object state)
   在 System.Threading.ThreadHelper.ThreadStart(Object obj)
	
[2015-03-23 06:59:54.650 GMT    88	WARNING	101217	Scheduler.WorkItemGroup	127.0.0.1:11111]	Enqueuing task System.Threading.Tasks.Task to a stopped work item group. Going to ignore and not execute it. WorkItemGroup:Name=[Activation: S127.0.0.1:11111:164789203*grn/9C20D2B7/c34d25ab@070ec1b5 #GrainType=Orleans.EventSourcing.SimpleGrain.TransferTransaction],State=Shutdown. Currently QueuedWorkItems=0; Total EnQueued=50; Total processed=50; Quantum expirations=0; TaskRunner=ActivationTaskScheduler-6507:Queued=0; SchedulingContext=[Activation: S127.0.0.1:11111:164789203*grn/9C20D2B7/c34d25ab@070ec1b5 #GrainType=Orleans.EventSourcing.SimpleGrain.TransferTransaction State=Invalid]
 Called from    在 Orleans.Runtime.Scheduler.WorkItemGroup.ReportWorkGroupProblemWithBacktrace(String what, ErrorCode errorCode)
   在 Orleans.Runtime.Scheduler.WorkItemGroup.EnqueueTask(Task task)
   在 Orleans.Runtime.Scheduler.ActivationTaskScheduler.QueueTask(Task task)
   在 System.Threading.Tasks.TaskContinuation.InlineIfPossibleOrElseQueue(Task task, Boolean needsProtection)
   在 System.Threading.Tasks.TaskSchedulerAwaitTaskContinuation.Run(Task ignored, Boolean canInlineContinuationTask)
   在 System.Threading.Tasks.Task.FinishContinuations()
   在 System.Threading.Tasks.Task`1.TrySetResult(TResult result)
   在 System.Threading.Tasks.TaskCompletionSource`1.SetResult(TResult result)
   在 Orleans.Storage.Couchbase.GrainStateCouchbaseDataManager.<>c__DisplayClass1f.<WriteAsync>b__1e(Object state)
   在 System.Threading.ExecutionContext.RunInternal(ExecutionContext executionContext, ContextCallback callback, Object state, Boolean preserveSyncCtx)
   在 System.Threading.ExecutionContext.Run(ExecutionContext executionContext, ContextCallback callback, Object state, Boolean preserveSyncCtx)
   在 System.Threading.QueueUserWorkItemCallback.System.Threading.IThreadPoolWorkItem.ExecuteWorkItem()
   在 System.Threading.ThreadPoolWorkQueue.Dispatch()
	
[2015-03-23 06:59:56.296 GMT    17	WARNING	101220	Scheduler.WorkItemGroup	127.0.0.1:11111]	WorkItemGroup is being stoped while still active. workItemCount = 1 WorkItemGroup:Name=[Activation: S127.0.0.1:11111:164789203*grn/9C20D2B7/06691fad@dd80398c #GrainType=Orleans.EventSourcing.SimpleGrain.TransferTransaction],State=Running. Currently QueuedWorkItems=1; Total EnQueued=50; Total processed=48; Quantum expirations=0; TaskRunner=ActivationTaskScheduler-6528:Queued=1; SchedulingContext=[Activation: S127.0.0.1:11111:164789203*grn/9C20D2B7/06691fad@dd80398c #GrainType=Orleans.EventSourcing.SimpleGrain.TransferTransaction State=Invalid]
 Called from    在 Orleans.Runtime.Scheduler.WorkItemGroup.ReportWorkGroupProblemWithBacktrace(String what, ErrorCode errorCode)
   在 Orleans.Runtime.Scheduler.WorkItemGroup.Stop()
   在 Orleans.Runtime.Scheduler.OrleansTaskScheduler.UnregisterWorkContext(ISchedulingContext context)
   在 Orleans.Runtime.Catalog.UnregisterMessageTarget(ActivationData activation)
   在 Orleans.Runtime.Catalog.<DestroyActivations>d__5b.MoveNext()
   在 System.Threading.ExecutionContext.RunInternal(ExecutionContext executionContext, ContextCallback callback, Object state, Boolean preserveSyncCtx)
   在 System.Threading.ExecutionContext.Run(ExecutionContext executionContext, ContextCallback callback, Object state, Boolean preserveSyncCtx)
   在 System.Runtime.CompilerServices.AsyncMethodBuilderCore.MoveNextRunner.Run()
   在 System.Threading.Tasks.TaskSchedulerAwaitTaskContinuation.<Run>b__0(Object state)
   在 System.Threading.Tasks.Task.Execute()
   在 System.Threading.Tasks.Task.ExecuteWithThreadLocal(Task& currentTaskSlot)
   在 System.Threading.Tasks.Task.ExecuteEntry(Boolean bPreventDoubleExecution)
   在 Orleans.Runtime.Scheduler.ActivationTaskScheduler.RunTask(Task task)
   在 Orleans.Runtime.Scheduler.WorkItemGroup.Execute()
   在 Orleans.Runtime.Scheduler.WorkerPoolThread.Run()
   在 Orleans.Runtime.AsynchAgent.AgentThreadProc(Object obj)
   在 System.Threading.ExecutionContext.RunInternal(ExecutionContext executionContext, ContextCallback callback, Object state, Boolean preserveSyncCtx)
   在 System.Threading.ExecutionContext.Run(ExecutionContext executionContext, ContextCallback callback, Object state, Boolean preserveSyncCtx)
   在 System.Threading.ExecutionContext.Run(ExecutionContext executionContext, ContextCallback callback, Object state)
   在 System.Threading.ThreadHelper.ThreadStart(Object obj)
	
[2015-03-23 06:59:58.068 GMT    14	WARNING	101220	Scheduler.WorkItemGroup	127.0.0.1:11111]	WorkItemGroup is being stoped while still active. workItemCount = 1 WorkItemGroup:Name=[Activation: S127.0.0.1:11111:164789203*grn/9C20D2B7/2ae928a6@d6a7e7a7 #GrainType=Orleans.EventSourcing.SimpleGrain.TransferTransaction],State=Running. Currently QueuedWorkItems=1; Total EnQueued=51; Total processed=49; Quantum expirations=0; TaskRunner=ActivationTaskScheduler-6550:Queued=1; SchedulingContext=[Activation: S127.0.0.1:11111:164789203*grn/9C20D2B7/2ae928a6@d6a7e7a7 #GrainType=Orleans.EventSourcing.SimpleGrain.TransferTransaction State=Invalid]
 Called from    在 Orleans.Runtime.Scheduler.WorkItemGroup.ReportWorkGroupProblemWithBacktrace(String what, ErrorCode errorCode)
   在 Orleans.Runtime.Scheduler.WorkItemGroup.Stop()
   在 Orleans.Runtime.Scheduler.OrleansTaskScheduler.UnregisterWorkContext(ISchedulingContext context)
   在 Orleans.Runtime.Catalog.UnregisterMessageTarget(ActivationData activation)
   在 Orleans.Runtime.Catalog.<DestroyActivations>d__5b.MoveNext()
   在 System.Threading.ExecutionContext.RunInternal(ExecutionContext executionContext, ContextCallback callback, Object state, Boolean preserveSyncCtx)
   在 System.Threading.ExecutionContext.Run(ExecutionContext executionContext, ContextCallback callback, Object state, Boolean preserveSyncCtx)
   在 System.Runtime.CompilerServices.AsyncMethodBuilderCore.MoveNextRunner.Run()
   在 System.Threading.Tasks.TaskSchedulerAwaitTaskContinuation.<Run>b__0(Object state)
   在 System.Threading.Tasks.Task.Execute()
   在 System.Threading.Tasks.Task.ExecuteWithThreadLocal(Task& currentTaskSlot)
   在 System.Threading.Tasks.Task.ExecuteEntry(Boolean bPreventDoubleExecution)
   在 Orleans.Runtime.Scheduler.ActivationTaskScheduler.RunTask(Task task)
   在 Orleans.Runtime.Scheduler.WorkItemGroup.Execute()
   在 Orleans.Runtime.Scheduler.WorkerPoolThread.Run()
   在 Orleans.Runtime.AsynchAgent.AgentThreadProc(Object obj)
   在 System.Threading.ExecutionContext.RunInternal(ExecutionContext executionContext, ContextCallback callback, Object state, Boolean preserveSyncCtx)
   在 System.Threading.ExecutionContext.Run(ExecutionContext executionContext, ContextCallback callback, Object state, Boolean preserveSyncCtx)
   在 System.Threading.ExecutionContext.Run(ExecutionContext executionContext, ContextCallback callback, Object state)
   在 System.Threading.ThreadHelper.ThreadStart(Object obj)
	
[2015-03-23 07:00:15.412 GMT    22	WARNING	101220	Scheduler.WorkItemGroup	127.0.0.1:11111]	WorkItemGroup is being stoped while still active. workItemCount = 1 WorkItemGroup:Name=[Activation: S127.0.0.1:11111:164789203*grn/9C20D2B7/2d70a9bd@4b89cdae #GrainType=Orleans.EventSourcing.SimpleGrain.TransferTransaction],State=Running. Currently QueuedWorkItems=1; Total EnQueued=50; Total processed=48; Quantum expirations=0; TaskRunner=ActivationTaskScheduler-6703:Queued=1; SchedulingContext=[Activation: S127.0.0.1:11111:164789203*grn/9C20D2B7/2d70a9bd@4b89cdae #GrainType=Orleans.EventSourcing.SimpleGrain.TransferTransaction State=Invalid]
 Called from    在 Orleans.Runtime.Scheduler.WorkItemGroup.ReportWorkGroupProblemWithBacktrace(String what, ErrorCode errorCode)
   在 Orleans.Runtime.Scheduler.WorkItemGroup.Stop()
   在 Orleans.Runtime.Scheduler.OrleansTaskScheduler.UnregisterWorkContext(ISchedulingContext context)
   在 Orleans.Runtime.Catalog.UnregisterMessageTarget(ActivationData activation)
   在 Orleans.Runtime.Catalog.<DestroyActivations>d__5b.MoveNext()
   在 System.Threading.ExecutionContext.RunInternal(ExecutionContext executionContext, ContextCallback callback, Object state, Boolean preserveSyncCtx)
   在 System.Threading.ExecutionContext.Run(ExecutionContext executionContext, ContextCallback callback, Object state, Boolean preserveSyncCtx)
   在 System.Runtime.CompilerServices.AsyncMethodBuilderCore.MoveNextRunner.Run()
   在 System.Threading.Tasks.TaskSchedulerAwaitTaskContinuation.<Run>b__0(Object state)
   在 System.Threading.Tasks.Task.Execute()
   在 System.Threading.Tasks.Task.ExecuteWithThreadLocal(Task& currentTaskSlot)
   在 System.Threading.Tasks.Task.ExecuteEntry(Boolean bPreventDoubleExecution)
   在 Orleans.Runtime.Scheduler.ActivationTaskScheduler.RunTask(Task task)
   在 Orleans.Runtime.Scheduler.WorkItemGroup.Execute()
   在 Orleans.Runtime.Scheduler.WorkerPoolThread.Run()
   在 Orleans.Runtime.AsynchAgent.AgentThreadProc(Object obj)
   在 System.Threading.ExecutionContext.RunInternal(ExecutionContext executionContext, ContextCallback callback, Object state, Boolean preserveSyncCtx)
   在 System.Threading.ExecutionContext.Run(ExecutionContext executionContext, ContextCallback callback, Object state, Boolean preserveSyncCtx)
   在 System.Threading.ExecutionContext.Run(ExecutionContext executionContext, ContextCallback callback, Object state)
   在 System.Threading.ThreadHelper.ThreadStart(Object obj)
	
[2015-03-23 07:00:45.118 GMT    16	INFO   	601220	Scheduler.WorkItemGroup	127.0.0.1:11111]	Log code 101220 occurred 6 additional times in the previous 00:01:00.1874426	
[2015-03-23 07:00:45.218 GMT    16	INFO   	601215	Scheduler.WorkItemGroup	127.0.0.1:11111]	Log code 101215 occurred 21 additional times in the previous 00:01:00.1874426	
[2015-03-23 07:00:45.303 GMT    16	INFO   	601217	Scheduler.WorkItemGroup	127.0.0.1:11111]	Log code 101217 occurred 19 additional times in the previous 00:01:00.1874426	
[2015-03-23 07:00:45.467 GMT    16	WARNING	101220	Scheduler.WorkItemGroup	127.0.0.1:11111]	WorkItemGroup is being stoped while still active. workItemCount = 1 WorkItemGroup:Name=[Activation: S127.0.0.1:11111:164789203*grn/9C20D2B7/7b52efb4@e0d6dcb2 #GrainType=Orleans.EventSourcing.SimpleGrain.TransferTransaction],State=Running. Currently QueuedWorkItems=1; Total EnQueued=51; Total processed=49; Quantum expirations=0; TaskRunner=ActivationTaskScheduler-6985:Queued=1; SchedulingContext=[Activation: S127.0.0.1:11111:164789203*grn/9C20D2B7/7b52efb4@e0d6dcb2 #GrainType=Orleans.EventSourcing.SimpleGrain.TransferTransaction State=Invalid]
 Called from    在 Orleans.Runtime.Scheduler.WorkItemGroup.ReportWorkGroupProblemWithBacktrace(String what, ErrorCode errorCode)
   在 Orleans.Runtime.Scheduler.WorkItemGroup.Stop()
   在 Orleans.Runtime.Scheduler.OrleansTaskScheduler.UnregisterWorkContext(ISchedulingContext context)
   在 Orleans.Runtime.Catalog.UnregisterMessageTarget(ActivationData activation)
   在 Orleans.Runtime.Catalog.<DestroyActivations>d__5b.MoveNext()
   在 System.Threading.ExecutionContext.RunInternal(ExecutionContext executionContext, ContextCallback callback, Object state, Boolean preserveSyncCtx)
   在 System.Threading.ExecutionContext.Run(ExecutionContext executionContext, ContextCallback callback, Object state, Boolean preserveSyncCtx)
   在 System.Runtime.CompilerServices.AsyncMethodBuilderCore.MoveNextRunner.Run()
   在 System.Threading.Tasks.TaskSchedulerAwaitTaskContinuation.<Run>b__0(Object state)
   在 System.Threading.Tasks.Task.Execute()
   在 System.Threading.Tasks.Task.ExecuteWithThreadLocal(Task& currentTaskSlot)
   在 System.Threading.Tasks.Task.ExecuteEntry(Boolean bPreventDoubleExecution)
   在 Orleans.Runtime.Scheduler.ActivationTaskScheduler.RunTask(Task task)
   在 Orleans.Runtime.Scheduler.WorkItemGroup.Execute()
   在 Orleans.Runtime.Scheduler.WorkerPoolThread.Run()
   在 Orleans.Runtime.AsynchAgent.AgentThreadProc(Object obj)
   在 System.Threading.ExecutionContext.RunInternal(ExecutionContext executionContext, ContextCallback callback, Object state, Boolean preserveSyncCtx)
   在 System.Threading.ExecutionContext.Run(ExecutionContext executionContext, ContextCallback callback, Object state, Boolean preserveSyncCtx)
   在 System.Threading.ExecutionContext.Run(ExecutionContext executionContext, ContextCallback callback, Object state)
   在 System.Threading.ThreadHelper.ThreadStart(Object obj)
	
[2015-03-23 07:00:45.474 GMT    18	WARNING	101215	Scheduler.WorkItemGroup	127.0.0.1:11111]	Task [Id=334, Status=RanToCompletion] in WorkGroup [Activation: S127.0.0.1:11111:164789203*grn/9C20D2B7/2a20a99f@aeeb6d90 #GrainType=Orleans.EventSourcing.SimpleGrain.TransferTransaction State=Valid] took elapsed time 0:00:00.2845054 for execution, which is longer than 00:00:00.2000000. Running on thread <Runtime.Scheduler.WorkerPoolThread/7, ManagedThreadId=18, Executing Task Id=334 Status=RanToCompletion for 00:00:00.2850163>	
[2015-03-23 07:00:45.536 GMT    22	WARNING	101215	Scheduler.WorkItemGroup	127.0.0.1:11111]	Task [Id=335, Status=RanToCompletion] in WorkGroup [Activation: S127.0.0.1:11111:164789203*grn/9C20D2B7/9334a6b6@dffc7ebe #GrainType=Orleans.EventSourcing.SimpleGrain.TransferTransaction State=Valid] took elapsed time 0:00:00.3425088 for execution, which is longer than 00:00:00.2000000. Running on thread <Runtime.Scheduler.WorkerPoolThread/11, ManagedThreadId=22, Executing Task Id=335 Status=RanToCompletion for 00:00:00.3430196>	
[2015-03-23 07:00:45.648 GMT    14	WARNING	101215	Scheduler.WorkItemGroup	127.0.0.1:11111]	Task [Id=336, Status=RanToCompletion] in WorkGroup [Activation: S127.0.0.1:11111:164789203*grn/9C20D2B7/ada374b3@1a70e5a3 #GrainType=Orleans.EventSourcing.SimpleGrain.TransferTransaction State=Activating] took elapsed time 0:00:00.20685 for execution, which is longer than 00:00:00.2000000. Running on thread <Runtime.Scheduler.WorkerPoolThread/3, ManagedThreadId=14, Executing Task Id=336 Status=RanToCompletion for 00:00:00.2070118>	
[2015-03-23 07:00:45.669 GMT    21	WARNING	101215	Scheduler.WorkItemGroup	127.0.0.1:11111]	Task [Id=338, Status=RanToCompletion] in WorkGroup [Activation: S127.0.0.1:11111:164789203*grn/9C20D2B7/a49e3bbc@64c60a93 #GrainType=Orleans.EventSourcing.SimpleGrain.TransferTransaction State=Valid] took elapsed time 0:00:00.4115246 for execution, which is longer than 00:00:00.2000000. Running on thread <Runtime.Scheduler.WorkerPoolThread/10, ManagedThreadId=21, Executing Task Id=338 Status=RanToCompletion for 00:00:00.4120236>	
[2015-03-23 07:00:45.678 GMT    13	WARNING	101215	Scheduler.WorkItemGroup	127.0.0.1:11111]	Task [Id=337, Status=RanToCompletion] in WorkGroup [Activation: S127.0.0.1:11111:164789203*grn/9C20D2B7/a7d360a9@c826f1b5 #GrainType=Orleans.EventSourcing.SimpleGrain.TransferTransaction State=Valid] took elapsed time 0:00:00.3266964 for execution, which is longer than 00:00:00.2000000. Running on thread <Runtime.Scheduler.WorkerPoolThread/2, ManagedThreadId=13, Executing Task Id=337 Status=RanToCompletion for 00:00:00.3280188>	
[2015-03-23 07:00:46.652 GMT    21	WARNING	101220	Scheduler.WorkItemGroup	127.0.0.1:11111]	WorkItemGroup is being stoped while still active. workItemCount = 1 WorkItemGroup:Name=[Activation: S127.0.0.1:11111:164789203*grn/9C20D2B7/ada374b3@1a70e5a3 #GrainType=Orleans.EventSourcing.SimpleGrain.TransferTransaction],State=Running. Currently QueuedWorkItems=1; Total EnQueued=51; Total processed=49; Quantum expirations=0; TaskRunner=ActivationTaskScheduler-6992:Queued=1; SchedulingContext=[Activation: S127.0.0.1:11111:164789203*grn/9C20D2B7/ada374b3@1a70e5a3 #GrainType=Orleans.EventSourcing.SimpleGrain.TransferTransaction State=Invalid]
 Called from    在 Orleans.Runtime.Scheduler.WorkItemGroup.ReportWorkGroupProblemWithBacktrace(String what, ErrorCode errorCode)
   在 Orleans.Runtime.Scheduler.WorkItemGroup.Stop()
   在 Orleans.Runtime.Scheduler.OrleansTaskScheduler.UnregisterWorkContext(ISchedulingContext context)
   在 Orleans.Runtime.Catalog.UnregisterMessageTarget(ActivationData activation)
   在 Orleans.Runtime.Catalog.<DestroyActivations>d__5b.MoveNext()
   在 System.Threading.ExecutionContext.RunInternal(ExecutionContext executionContext, ContextCallback callback, Object state, Boolean preserveSyncCtx)
   在 System.Threading.ExecutionContext.Run(ExecutionContext executionContext, ContextCallback callback, Object state, Boolean preserveSyncCtx)
   在 System.Runtime.CompilerServices.AsyncMethodBuilderCore.MoveNextRunner.Run()
   在 System.Threading.Tasks.TaskSchedulerAwaitTaskContinuation.<Run>b__0(Object state)
   在 System.Threading.Tasks.Task.Execute()
   在 System.Threading.Tasks.Task.ExecuteWithThreadLocal(Task& currentTaskSlot)
   在 System.Threading.Tasks.Task.ExecuteEntry(Boolean bPreventDoubleExecution)
   在 Orleans.Runtime.Scheduler.ActivationTaskScheduler.RunTask(Task task)
   在 Orleans.Runtime.Scheduler.WorkItemGroup.Execute()
   在 Orleans.Runtime.Scheduler.WorkerPoolThread.Run()
   在 Orleans.Runtime.AsynchAgent.AgentThreadProc(Object obj)
   在 System.Threading.ExecutionContext.RunInternal(ExecutionContext executionContext, ContextCallback callback, Object state, Boolean preserveSyncCtx)
   在 System.Threading.ExecutionContext.Run(ExecutionContext executionContext, ContextCallback callback, Object state, Boolean preserveSyncCtx)
   在 System.Threading.ExecutionContext.Run(ExecutionContext executionContext, ContextCallback callback, Object state)
   在 System.Threading.ThreadHelper.ThreadStart(Object obj)
	
[2015-03-23 07:00:47.447 GMT    72	WARNING	101217	Scheduler.WorkItemGroup	127.0.0.1:11111]	Enqueuing task System.Threading.Tasks.Task to a stopped work item group. Going to ignore and not execute it. WorkItemGroup:Name=[Activation: S127.0.0.1:11111:164789203*grn/9C20D2B7/72ec5094@2989248b #GrainType=Orleans.EventSourcing.SimpleGrain.TransferTransaction],State=Shutdown. Currently QueuedWorkItems=0; Total EnQueued=50; Total processed=50; Quantum expirations=0; TaskRunner=ActivationTaskScheduler-7000:Queued=0; SchedulingContext=[Activation: S127.0.0.1:11111:164789203*grn/9C20D2B7/72ec5094@2989248b #GrainType=Orleans.EventSourcing.SimpleGrain.TransferTransaction State=Invalid]
 Called from    在 Orleans.Runtime.Scheduler.WorkItemGroup.ReportWorkGroupProblemWithBacktrace(String what, ErrorCode errorCode)
   在 Orleans.Runtime.Scheduler.WorkItemGroup.EnqueueTask(Task task)
   在 Orleans.Runtime.Scheduler.ActivationTaskScheduler.QueueTask(Task task)
   在 System.Threading.Tasks.TaskContinuation.InlineIfPossibleOrElseQueue(Task task, Boolean needsProtection)
   在 System.Threading.Tasks.TaskSchedulerAwaitTaskContinuation.Run(Task ignored, Boolean canInlineContinuationTask)
   在 System.Threading.Tasks.Task.FinishContinuations()
   在 System.Threading.Tasks.Task`1.TrySetResult(TResult result)
   在 System.Threading.Tasks.TaskCompletionSource`1.SetResult(TResult result)
   在 Orleans.Storage.Couchbase.GrainStateCouchbaseDataManager.<>c__DisplayClass1f.<WriteAsync>b__1e(Object state)
   在 System.Threading.ExecutionContext.RunInternal(ExecutionContext executionContext, ContextCallback callback, Object state, Boolean preserveSyncCtx)
   在 System.Threading.ExecutionContext.Run(ExecutionContext executionContext, ContextCallback callback, Object state, Boolean preserveSyncCtx)
   在 System.Threading.QueueUserWorkItemCallback.System.Threading.IThreadPoolWorkItem.ExecuteWorkItem()
   在 System.Threading.ThreadPoolWorkQueue.Dispatch()
	
[2015-03-23 07:00:48.685 GMT    70	WARNING	101217	Scheduler.WorkItemGroup	127.0.0.1:11111]	Enqueuing task System.Threading.Tasks.Task to a stopped work item group. Going to ignore and not execute it. WorkItemGroup:Name=[Activation: S127.0.0.1:11111:164789203*grn/9C20D2B7/bb05bc9f@1f36eeb9 #GrainType=Orleans.EventSourcing.SimpleGrain.TransferTransaction],State=Shutdown. Currently QueuedWorkItems=0; Total EnQueued=50; Total processed=50; Quantum expirations=0; TaskRunner=ActivationTaskScheduler-7009:Queued=0; SchedulingContext=[Activation: S127.0.0.1:11111:164789203*grn/9C20D2B7/bb05bc9f@1f36eeb9 #GrainType=Orleans.EventSourcing.SimpleGrain.TransferTransaction State=Invalid]
 Called from    在 Orleans.Runtime.Scheduler.WorkItemGroup.ReportWorkGroupProblemWithBacktrace(String what, ErrorCode errorCode)
   在 Orleans.Runtime.Scheduler.WorkItemGroup.EnqueueTask(Task task)
   在 Orleans.Runtime.Scheduler.ActivationTaskScheduler.QueueTask(Task task)
   在 System.Threading.Tasks.TaskContinuation.InlineIfPossibleOrElseQueue(Task task, Boolean needsProtection)
   在 System.Threading.Tasks.TaskSchedulerAwaitTaskContinuation.Run(Task ignored, Boolean canInlineContinuationTask)
   在 System.Threading.Tasks.Task.FinishContinuations()
   在 System.Threading.Tasks.Task`1.TrySetResult(TResult result)
   在 System.Threading.Tasks.TaskCompletionSource`1.SetResult(TResult result)
   在 Orleans.Storage.Couchbase.GrainStateCouchbaseDataManager.<>c__DisplayClass1f.<WriteAsync>b__1e(Object state)
   在 System.Threading.ExecutionContext.RunInternal(ExecutionContext executionContext, ContextCallback callback, Object state, Boolean preserveSyncCtx)
   在 System.Threading.ExecutionContext.Run(ExecutionContext executionContext, ContextCallback callback, Object state, Boolean preserveSyncCtx)
   在 System.Threading.QueueUserWorkItemCallback.System.Threading.IThreadPoolWorkItem.ExecuteWorkItem()
   在 System.Threading.ThreadPoolWorkQueue.Dispatch()
	
[2015-03-23 07:00:49.449 GMT    72	WARNING	101217	Scheduler.WorkItemGroup	127.0.0.1:11111]	Enqueuing task System.Threading.Tasks.Task to a stopped work item group. Going to ignore and not execute it. WorkItemGroup:Name=[Activation: S127.0.0.1:11111:164789203*grn/9C20D2B7/8a626f80@eb8f34bc #GrainType=Orleans.EventSourcing.SimpleGrain.TransferTransaction],State=Shutdown. Currently QueuedWorkItems=0; Total EnQueued=49; Total processed=49; Quantum expirations=0; TaskRunner=ActivationTaskScheduler-7016:Queued=0; SchedulingContext=[Activation: S127.0.0.1:11111:164789203*grn/9C20D2B7/8a626f80@eb8f34bc #GrainType=Orleans.EventSourcing.SimpleGrain.TransferTransaction State=Invalid]
 Called from    在 Orleans.Runtime.Scheduler.WorkItemGroup.ReportWorkGroupProblemWithBacktrace(String what, ErrorCode errorCode)
   在 Orleans.Runtime.Scheduler.WorkItemGroup.EnqueueTask(Task task)
   在 Orleans.Runtime.Scheduler.ActivationTaskScheduler.QueueTask(Task task)
   在 System.Threading.Tasks.TaskContinuation.InlineIfPossibleOrElseQueue(Task task, Boolean needsProtection)
   在 System.Threading.Tasks.TaskSchedulerAwaitTaskContinuation.Run(Task ignored, Boolean canInlineContinuationTask)
   在 System.Threading.Tasks.Task.FinishContinuations()
   在 System.Threading.Tasks.Task`1.TrySetResult(TResult result)
   在 System.Threading.Tasks.TaskCompletionSource`1.SetResult(TResult result)
   在 Orleans.Storage.Couchbase.GrainStateCouchbaseDataManager.<>c__DisplayClass1f.<WriteAsync>b__1e(Object state)
   在 System.Threading.ExecutionContext.RunInternal(ExecutionContext executionContext, ContextCallback callback, Object state, Boolean preserveSyncCtx)
   在 System.Threading.ExecutionContext.Run(ExecutionContext executionContext, ContextCallback callback, Object state, Boolean preserveSyncCtx)
   在 System.Threading.QueueUserWorkItemCallback.System.Threading.IThreadPoolWorkItem.ExecuteWorkItem()
   在 System.Threading.ThreadPoolWorkQueue.Dispatch()
	
[2015-03-23 07:00:50.351 GMT    21	WARNING	101220	Scheduler.WorkItemGroup	127.0.0.1:11111]	WorkItemGroup is being stoped while still active. workItemCount = 1 WorkItemGroup:Name=[Activation: S127.0.0.1:11111:164789203*grn/9C20D2B7/2e2d4084@972869ad #GrainType=Orleans.EventSourcing.SimpleGrain.TransferTransaction],State=Running. Currently QueuedWorkItems=1; Total EnQueued=51; Total processed=49; Quantum expirations=0; TaskRunner=ActivationTaskScheduler-7023:Queued=1; SchedulingContext=[Activation: S127.0.0.1:11111:164789203*grn/9C20D2B7/2e2d4084@972869ad #GrainType=Orleans.EventSourcing.SimpleGrain.TransferTransaction State=Invalid]
 Called from    在 Orleans.Runtime.Scheduler.WorkItemGroup.ReportWorkGroupProblemWithBacktrace(String what, ErrorCode errorCode)
   在 Orleans.Runtime.Scheduler.WorkItemGroup.Stop()
   在 Orleans.Runtime.Scheduler.OrleansTaskScheduler.UnregisterWorkContext(ISchedulingContext context)
   在 Orleans.Runtime.Catalog.UnregisterMessageTarget(ActivationData activation)
   在 Orleans.Runtime.Catalog.<DestroyActivations>d__5b.MoveNext()
   在 System.Threading.ExecutionContext.RunInternal(ExecutionContext executionContext, ContextCallback callback, Object state, Boolean preserveSyncCtx)
   在 System.Threading.ExecutionContext.Run(ExecutionContext executionContext, ContextCallback callback, Object state, Boolean preserveSyncCtx)
   在 System.Runtime.CompilerServices.AsyncMethodBuilderCore.MoveNextRunner.Run()
   在 System.Threading.Tasks.TaskSchedulerAwaitTaskContinuation.<Run>b__0(Object state)
   在 System.Threading.Tasks.Task.Execute()
   在 System.Threading.Tasks.Task.ExecuteWithThreadLocal(Task& currentTaskSlot)
   在 System.Threading.Tasks.Task.ExecuteEntry(Boolean bPreventDoubleExecution)
   在 Orleans.Runtime.Scheduler.ActivationTaskScheduler.RunTask(Task task)
   在 Orleans.Runtime.Scheduler.WorkItemGroup.Execute()
   在 Orleans.Runtime.Scheduler.WorkerPoolThread.Run()
   在 Orleans.Runtime.AsynchAgent.AgentThreadProc(Object obj)
   在 System.Threading.ExecutionContext.RunInternal(ExecutionContext executionContext, ContextCallback callback, Object state, Boolean preserveSyncCtx)
   在 System.Threading.ExecutionContext.Run(ExecutionContext executionContext, ContextCallback callback, Object state, Boolean preserveSyncCtx)
   在 System.Threading.ExecutionContext.Run(ExecutionContext executionContext, ContextCallback callback, Object state)
   在 System.Threading.ThreadHelper.ThreadStart(Object obj)
	
[2015-03-23 07:00:51.485 GMT    70	WARNING	101217	Scheduler.WorkItemGroup	127.0.0.1:11111]	Enqueuing task System.Threading.Tasks.Task to a stopped work item group. Going to ignore and not execute it. WorkItemGroup:Name=[Activation: S127.0.0.1:11111:164789203*grn/9C20D2B7/8063ebb8@a58d6887 #GrainType=Orleans.EventSourcing.SimpleGrain.TransferTransaction],State=Shutdown. Currently QueuedWorkItems=0; Total EnQueued=50; Total processed=50; Quantum expirations=0; TaskRunner=ActivationTaskScheduler-7029:Queued=0; SchedulingContext=[Activation: S127.0.0.1:11111:164789203*grn/9C20D2B7/8063ebb8@a58d6887 #GrainType=Orleans.EventSourcing.SimpleGrain.TransferTransaction State=Invalid]
 Called from    在 Orleans.Runtime.Scheduler.WorkItemGroup.ReportWorkGroupProblemWithBacktrace(String what, ErrorCode errorCode)
   在 Orleans.Runtime.Scheduler.WorkItemGroup.EnqueueTask(Task task)
   在 Orleans.Runtime.Scheduler.ActivationTaskScheduler.QueueTask(Task task)
   在 System.Threading.Tasks.TaskContinuation.InlineIfPossibleOrElseQueue(Task task, Boolean needsProtection)
   在 System.Threading.Tasks.TaskSchedulerAwaitTaskContinuation.Run(Task ignored, Boolean canInlineContinuationTask)
   在 System.Threading.Tasks.Task.FinishContinuations()
   在 System.Threading.Tasks.Task`1.TrySetResult(TResult result)
   在 System.Threading.Tasks.TaskCompletionSource`1.SetResult(TResult result)
   在 Orleans.Storage.Couchbase.GrainStateCouchbaseDataManager.<>c__DisplayClass1f.<WriteAsync>b__1e(Object state)
   在 System.Threading.ExecutionContext.RunInternal(ExecutionContext executionContext, ContextCallback callback, Object state, Boolean preserveSyncCtx)
   在 System.Threading.ExecutionContext.Run(ExecutionContext executionContext, ContextCallback callback, Object state, Boolean preserveSyncCtx)
   在 System.Threading.QueueUserWorkItemCallback.System.Threading.IThreadPoolWorkItem.ExecuteWorkItem()
   在 System.Threading.ThreadPoolWorkQueue.Dispatch()
	
[2015-03-23 07:00:51.848 GMT    87	WARNING	101217	Scheduler.WorkItemGroup	127.0.0.1:11111]	Enqueuing task System.Threading.Tasks.Task to a stopped work item group. Going to ignore and not execute it. WorkItemGroup:Name=[Activation: S127.0.0.1:11111:164789203*grn/9C20D2B7/bf45b391@1697fe95 #GrainType=Orleans.EventSourcing.SimpleGrain.TransferTransaction],State=Shutdown. Currently QueuedWorkItems=0; Total EnQueued=50; Total processed=50; Quantum expirations=0; TaskRunner=ActivationTaskScheduler-7031:Queued=0; SchedulingContext=[Activation: S127.0.0.1:11111:164789203*grn/9C20D2B7/bf45b391@1697fe95 #GrainType=Orleans.EventSourcing.SimpleGrain.TransferTransaction State=Invalid]
 Called from    在 Orleans.Runtime.Scheduler.WorkItemGroup.ReportWorkGroupProblemWithBacktrace(String what, ErrorCode errorCode)
   在 Orleans.Runtime.Scheduler.WorkItemGroup.EnqueueTask(Task task)
   在 Orleans.Runtime.Scheduler.ActivationTaskScheduler.QueueTask(Task task)
   在 System.Threading.Tasks.TaskContinuation.InlineIfPossibleOrElseQueue(Task task, Boolean needsProtection)
   在 System.Threading.Tasks.TaskSchedulerAwaitTaskContinuation.Run(Task ignored, Boolean canInlineContinuationTask)
   在 System.Threading.Tasks.Task.FinishContinuations()
   在 System.Threading.Tasks.Task`1.TrySetResult(TResult result)
   在 System.Threading.Tasks.TaskCompletionSource`1.SetResult(TResult result)
   在 Orleans.Storage.Couchbase.GrainStateCouchbaseDataManager.<>c__DisplayClass1f.<WriteAsync>b__1e(Object state)
   在 System.Threading.ExecutionContext.RunInternal(ExecutionContext executionContext, ContextCallback callback, Object state, Boolean preserveSyncCtx)
   在 System.Threading.ExecutionContext.Run(ExecutionContext executionContext, ContextCallback callback, Object state, Boolean preserveSyncCtx)
   在 System.Threading.QueueUserWorkItemCallback.System.Threading.IThreadPoolWorkItem.ExecuteWorkItem()
   在 System.Threading.ThreadPoolWorkQueue.Dispatch()
	
[2015-03-23 07:00:56.242 GMT    23	WARNING	101220	Scheduler.WorkItemGroup	127.0.0.1:11111]	WorkItemGroup is being stoped while still active. workItemCount = 1 WorkItemGroup:Name=[Activation: S127.0.0.1:11111:164789203*grn/9C20D2B7/cbd562bd@91446fa9 #GrainType=Orleans.EventSourcing.SimpleGrain.TransferTransaction],State=Running. Currently QueuedWorkItems=1; Total EnQueued=50; Total processed=48; Quantum expirations=0; TaskRunner=ActivationTaskScheduler-7067:Queued=1; SchedulingContext=[Activation: S127.0.0.1:11111:164789203*grn/9C20D2B7/cbd562bd@91446fa9 #GrainType=Orleans.EventSourcing.SimpleGrain.TransferTransaction State=Invalid]
 Called from    在 Orleans.Runtime.Scheduler.WorkItemGroup.ReportWorkGroupProblemWithBacktrace(String what, ErrorCode errorCode)
   在 Orleans.Runtime.Scheduler.WorkItemGroup.Stop()
   在 Orleans.Runtime.Scheduler.OrleansTaskScheduler.UnregisterWorkContext(ISchedulingContext context)
   在 Orleans.Runtime.Catalog.UnregisterMessageTarget(ActivationData activation)
   在 Orleans.Runtime.Catalog.<DestroyActivations>d__5b.MoveNext()
   在 System.Threading.ExecutionContext.RunInternal(ExecutionContext executionContext, ContextCallback callback, Object state, Boolean preserveSyncCtx)
   在 System.Threading.ExecutionContext.Run(ExecutionContext executionContext, ContextCallback callback, Object state, Boolean preserveSyncCtx)
   在 System.Runtime.CompilerServices.AsyncMethodBuilderCore.MoveNextRunner.Run()
   在 System.Threading.Tasks.TaskSchedulerAwaitTaskContinuation.<Run>b__0(Object state)
   在 System.Threading.Tasks.Task.Execute()
   在 System.Threading.Tasks.Task.ExecuteWithThreadLocal(Task& currentTaskSlot)
   在 System.Threading.Tasks.Task.ExecuteEntry(Boolean bPreventDoubleExecution)
   在 Orleans.Runtime.Scheduler.ActivationTaskScheduler.RunTask(Task task)
   在 Orleans.Runtime.Scheduler.WorkItemGroup.Execute()
   在 Orleans.Runtime.Scheduler.WorkerPoolThread.Run()
   在 Orleans.Runtime.AsynchAgent.AgentThreadProc(Object obj)
   在 System.Threading.ExecutionContext.RunInternal(ExecutionContext executionContext, ContextCallback callback, Object state, Boolean preserveSyncCtx)
   在 System.Threading.ExecutionContext.Run(ExecutionContext executionContext, ContextCallback callback, Object state, Boolean preserveSyncCtx)
   在 System.Threading.ExecutionContext.Run(ExecutionContext executionContext, ContextCallback callback, Object state)
   在 System.Threading.ThreadHelper.ThreadStart(Object obj)
	
[2015-03-23 07:01:10.329 GMT    22	WARNING	101220	Scheduler.WorkItemGroup	127.0.0.1:11111]	WorkItemGroup is being stoped while still active. workItemCount = 1 WorkItemGroup:Name=[Activation: S127.0.0.1:11111:164789203*grn/9C20D2B7/d0687cbb@3abf9481 #GrainType=Orleans.EventSourcing.SimpleGrain.TransferTransaction],State=Running. Currently QueuedWorkItems=1; Total EnQueued=51; Total processed=49; Quantum expirations=0; TaskRunner=ActivationTaskScheduler-7198:Queued=1; SchedulingContext=[Activation: S127.0.0.1:11111:164789203*grn/9C20D2B7/d0687cbb@3abf9481 #GrainType=Orleans.EventSourcing.SimpleGrain.TransferTransaction State=Invalid]
 Called from    在 Orleans.Runtime.Scheduler.WorkItemGroup.ReportWorkGroupProblemWithBacktrace(String what, ErrorCode errorCode)
   在 Orleans.Runtime.Scheduler.WorkItemGroup.Stop()
   在 Orleans.Runtime.Scheduler.OrleansTaskScheduler.UnregisterWorkContext(ISchedulingContext context)
   在 Orleans.Runtime.Catalog.UnregisterMessageTarget(ActivationData activation)
   在 Orleans.Runtime.Catalog.<DestroyActivations>d__5b.MoveNext()
   在 System.Threading.ExecutionContext.RunInternal(ExecutionContext executionContext, ContextCallback callback, Object state, Boolean preserveSyncCtx)
   在 System.Threading.ExecutionContext.Run(ExecutionContext executionContext, ContextCallback callback, Object state, Boolean preserveSyncCtx)
   在 System.Runtime.CompilerServices.AsyncMethodBuilderCore.MoveNextRunner.Run()
   在 System.Threading.Tasks.TaskSchedulerAwaitTaskContinuation.<Run>b__0(Object state)
   在 System.Threading.Tasks.Task.Execute()
   在 System.Threading.Tasks.Task.ExecuteWithThreadLocal(Task& currentTaskSlot)
   在 System.Threading.Tasks.Task.ExecuteEntry(Boolean bPreventDoubleExecution)
   在 Orleans.Runtime.Scheduler.ActivationTaskScheduler.RunTask(Task task)
   在 Orleans.Runtime.Scheduler.WorkItemGroup.Execute()
   在 Orleans.Runtime.Scheduler.WorkerPoolThread.Run()
   在 Orleans.Runtime.AsynchAgent.AgentThreadProc(Object obj)
   在 System.Threading.ExecutionContext.RunInternal(ExecutionContext executionContext, ContextCallback callback, Object state, Boolean preserveSyncCtx)
   在 System.Threading.ExecutionContext.Run(ExecutionContext executionContext, ContextCallback callback, Object state, Boolean preserveSyncCtx)
   在 System.Threading.ExecutionContext.Run(ExecutionContext executionContext, ContextCallback callback, Object state)
   在 System.Threading.ThreadHelper.ThreadStart(Object obj)
	
[2015-03-23 07:01:45.231 GMT    75	INFO   	601220	Scheduler.WorkItemGroup	127.0.0.1:11111]	Log code 101220 occurred 4 additional times in the previous 00:01:00.1374396	
[2015-03-23 07:01:45.366 GMT    75	INFO   	601215	Scheduler.WorkItemGroup	127.0.0.1:11111]	Log code 101215 occurred 7 additional times in the previous 00:01:00.1374396	
[2015-03-23 07:01:45.519 GMT    75	INFO   	601217	Scheduler.WorkItemGroup	127.0.0.1:11111]	Log code 101217 occurred 15 additional times in the previous 00:01:00.1374396	
[2015-03-23 07:01:45.579 GMT    21	WARNING	101215	Scheduler.WorkItemGroup	127.0.0.1:11111]	Task [Id=346, Status=RanToCompletion] in WorkGroup [Activation: S127.0.0.1:11111:164789203*grn/64BA1302/00000001@c4a1449f #GrainType=Orleans.EventSourcing.SimpleGrain.TransferTransactionProcessManager MultiActivationGrain State=Valid] took elapsed time 0:00:00.2260138 for execution, which is longer than 00:00:00.2000000. Running on thread <Runtime.Scheduler.WorkerPoolThread/10, ManagedThreadId=21, Executing Task Id=346 Status=RanToCompletion for 00:00:00.2270130>	
[2015-03-23 07:01:45.603 GMT    75	WARNING	101217	Scheduler.WorkItemGroup	127.0.0.1:11111]	Enqueuing task System.Threading.Tasks.Task to a stopped work item group. Going to ignore and not execute it. WorkItemGroup:Name=[Activation: S127.0.0.1:11111:164789203*grn/9C20D2B7/a6a63dae@7266559f #GrainType=Orleans.EventSourcing.SimpleGrain.TransferTransaction],State=Shutdown. Currently QueuedWorkItems=0; Total EnQueued=50; Total processed=50; Quantum expirations=0; TaskRunner=ActivationTaskScheduler-7524:Queued=0; SchedulingContext=[Activation: S127.0.0.1:11111:164789203*grn/9C20D2B7/a6a63dae@7266559f #GrainType=Orleans.EventSourcing.SimpleGrain.TransferTransaction State=Invalid]
 Called from    在 Orleans.Runtime.Scheduler.WorkItemGroup.ReportWorkGroupProblemWithBacktrace(String what, ErrorCode errorCode)
   在 Orleans.Runtime.Scheduler.WorkItemGroup.EnqueueTask(Task task)
   在 Orleans.Runtime.Scheduler.ActivationTaskScheduler.QueueTask(Task task)
   在 System.Threading.Tasks.TaskContinuation.InlineIfPossibleOrElseQueue(Task task, Boolean needsProtection)
   在 System.Threading.Tasks.TaskSchedulerAwaitTaskContinuation.Run(Task ignored, Boolean canInlineContinuationTask)
   在 System.Threading.Tasks.Task.FinishContinuations()
   在 System.Threading.Tasks.Task`1.TrySetResult(TResult result)
   在 System.Threading.Tasks.TaskCompletionSource`1.SetResult(TResult result)
   在 Orleans.Storage.Couchbase.GrainStateCouchbaseDataManager.<>c__DisplayClass1f.<WriteAsync>b__1e(Object state)
   在 System.Threading.ExecutionContext.RunInternal(ExecutionContext executionContext, ContextCallback callback, Object state, Boolean preserveSyncCtx)
   在 System.Threading.ExecutionContext.Run(ExecutionContext executionContext, ContextCallback callback, Object state, Boolean preserveSyncCtx)
   在 System.Threading.QueueUserWorkItemCallback.System.Threading.IThreadPoolWorkItem.ExecuteWorkItem()
   在 System.Threading.ThreadPoolWorkQueue.Dispatch()
	
[2015-03-23 07:01:45.810 GMT    20	WARNING	101215	Scheduler.WorkItemGroup	127.0.0.1:11111]	Task [Id=347, Status=RanToCompletion] in WorkGroup [Activation: S127.0.0.1:11111:164789203*grn/9C20D2B7/e63ad3bf@1b66d585 #GrainType=Orleans.EventSourcing.SimpleGrain.TransferTransaction State=Valid] took elapsed time 0:00:00.3905023 for execution, which is longer than 00:00:00.2000000. Running on thread <Runtime.Scheduler.WorkerPoolThread/9, ManagedThreadId=20, Executing Task Id=347 Status=RanToCompletion for 00:00:00.3910224>	
[2015-03-23 07:01:45.879 GMT    19	WARNING	101215	Scheduler.WorkItemGroup	127.0.0.1:11111]	Task [Id=350, Status=RanToCompletion] in WorkGroup [Activation: S127.0.0.1:11111:164789203*grn/9C20D2B7/36ec6da5@32e8fa89 #GrainType=Orleans.EventSourcing.SimpleGrain.TransferTransaction State=Valid] took elapsed time 0:00:00.4389649 for execution, which is longer than 00:00:00.2000000. Running on thread <Runtime.Scheduler.WorkerPoolThread/8, ManagedThreadId=19, Executing Task Id=350 Status=RanToCompletion for 00:00:00.4390251>	
[2015-03-23 07:01:45.879 GMT    16	WARNING	101215	Scheduler.WorkItemGroup	127.0.0.1:11111]	Task [Id=349, Status=RanToCompletion] in WorkGroup [Activation: S127.0.0.1:11111:164789203*grn/9C20D2B7/5637b5a5@18fe38bd #GrainType=Orleans.EventSourcing.SimpleGrain.TransferTransaction State=Valid] took elapsed time 0:00:00.4133774 for execution, which is longer than 00:00:00.2000000. Running on thread <Runtime.Scheduler.WorkerPoolThread/5, ManagedThreadId=16, Executing Task Id=349 Status=RanToCompletion for 00:00:00.4140237>	
[2015-03-23 07:01:45.879 GMT    18	WARNING	101215	Scheduler.WorkItemGroup	127.0.0.1:11111]	Task [Id=348, Status=RanToCompletion] in WorkGroup [Activation: S127.0.0.1:11111:164789203*grn/9C20D2B7/d5beb5b3@f2cdc2ad #GrainType=Orleans.EventSourcing.SimpleGrain.TransferTransaction State=Valid] took elapsed time 0:00:00.2475145 for execution, which is longer than 00:00:00.2000000. Running on thread <Runtime.Scheduler.WorkerPoolThread/7, ManagedThreadId=18, Executing Task Id=348 Status=RanToCompletion for 00:00:00.2480142>	
[2015-03-23 07:02:05.046 GMT    23	WARNING	101220	Scheduler.WorkItemGroup	127.0.0.1:11111]	WorkItemGroup is being stoped while still active. workItemCount = 1 WorkItemGroup:Name=[Activation: S127.0.0.1:11111:164789203*grn/9C20D2B7/63a7d780@89e41781 #GrainType=Orleans.EventSourcing.SimpleGrain.TransferTransaction],State=Running. Currently QueuedWorkItems=1; Total EnQueued=51; Total processed=49; Quantum expirations=0; TaskRunner=ActivationTaskScheduler-7687:Queued=1; SchedulingContext=[Activation: S127.0.0.1:11111:164789203*grn/9C20D2B7/63a7d780@89e41781 #GrainType=Orleans.EventSourcing.SimpleGrain.TransferTransaction State=Invalid]
 Called from    在 Orleans.Runtime.Scheduler.WorkItemGroup.ReportWorkGroupProblemWithBacktrace(String what, ErrorCode errorCode)
   在 Orleans.Runtime.Scheduler.WorkItemGroup.Stop()
   在 Orleans.Runtime.Scheduler.OrleansTaskScheduler.UnregisterWorkContext(ISchedulingContext context)
   在 Orleans.Runtime.Catalog.UnregisterMessageTarget(ActivationData activation)
   在 Orleans.Runtime.Catalog.<DestroyActivations>d__5b.MoveNext()
   在 System.Threading.ExecutionContext.RunInternal(ExecutionContext executionContext, ContextCallback callback, Object state, Boolean preserveSyncCtx)
   在 System.Threading.ExecutionContext.Run(ExecutionContext executionContext, ContextCallback callback, Object state, Boolean preserveSyncCtx)
   在 System.Runtime.CompilerServices.AsyncMethodBuilderCore.MoveNextRunner.Run()
   在 System.Threading.Tasks.TaskSchedulerAwaitTaskContinuation.<Run>b__0(Object state)
   在 System.Threading.Tasks.Task.Execute()
   在 System.Threading.Tasks.Task.ExecuteWithThreadLocal(Task& currentTaskSlot)
   在 System.Threading.Tasks.Task.ExecuteEntry(Boolean bPreventDoubleExecution)
   在 Orleans.Runtime.Scheduler.ActivationTaskScheduler.RunTask(Task task)
   在 Orleans.Runtime.Scheduler.WorkItemGroup.Execute()
   在 Orleans.Runtime.Scheduler.WorkerPoolThread.Run()
   在 Orleans.Runtime.AsynchAgent.AgentThreadProc(Object obj)
   在 System.Threading.ExecutionContext.RunInternal(ExecutionContext executionContext, ContextCallback callback, Object state, Boolean preserveSyncCtx)
   在 System.Threading.ExecutionContext.Run(ExecutionContext executionContext, ContextCallback callback, Object state, Boolean preserveSyncCtx)
   在 System.Threading.ExecutionContext.Run(ExecutionContext executionContext, ContextCallback callback, Object state)
   在 System.Threading.ThreadHelper.ThreadStart(Object obj)
	
[2015-03-23 07:02:05.838 GMT    16	WARNING	101220	Scheduler.WorkItemGroup	127.0.0.1:11111]	WorkItemGroup is being stoped while still active. workItemCount = 1 WorkItemGroup:Name=[Activation: S127.0.0.1:11111:164789203*grn/9C20D2B7/f29bec98@495143be #GrainType=Orleans.EventSourcing.SimpleGrain.TransferTransaction],State=Running. Currently QueuedWorkItems=1; Total EnQueued=51; Total processed=49; Quantum expirations=0; TaskRunner=ActivationTaskScheduler-7694:Queued=1; SchedulingContext=[Activation: S127.0.0.1:11111:164789203*grn/9C20D2B7/f29bec98@495143be #GrainType=Orleans.EventSourcing.SimpleGrain.TransferTransaction State=Invalid]
 Called from    在 Orleans.Runtime.Scheduler.WorkItemGroup.ReportWorkGroupProblemWithBacktrace(String what, ErrorCode errorCode)
   在 Orleans.Runtime.Scheduler.WorkItemGroup.Stop()
   在 Orleans.Runtime.Scheduler.OrleansTaskScheduler.UnregisterWorkContext(ISchedulingContext context)
   在 Orleans.Runtime.Catalog.UnregisterMessageTarget(ActivationData activation)
   在 Orleans.Runtime.Catalog.<DestroyActivations>d__5b.MoveNext()
   在 System.Threading.ExecutionContext.RunInternal(ExecutionContext executionContext, ContextCallback callback, Object state, Boolean preserveSyncCtx)
   在 System.Threading.ExecutionContext.Run(ExecutionContext executionContext, ContextCallback callback, Object state, Boolean preserveSyncCtx)
   在 System.Runtime.CompilerServices.AsyncMethodBuilderCore.MoveNextRunner.Run()
   在 System.Threading.Tasks.TaskSchedulerAwaitTaskContinuation.<Run>b__0(Object state)
   在 System.Threading.Tasks.Task.Execute()
   在 System.Threading.Tasks.Task.ExecuteWithThreadLocal(Task& currentTaskSlot)
   在 System.Threading.Tasks.Task.ExecuteEntry(Boolean bPreventDoubleExecution)
   在 Orleans.Runtime.Scheduler.ActivationTaskScheduler.RunTask(Task task)
   在 Orleans.Runtime.Scheduler.WorkItemGroup.Execute()
   在 Orleans.Runtime.Scheduler.WorkerPoolThread.Run()
   在 Orleans.Runtime.AsynchAgent.AgentThreadProc(Object obj)
   在 System.Threading.ExecutionContext.RunInternal(ExecutionContext executionContext, ContextCallback callback, Object state, Boolean preserveSyncCtx)
   在 System.Threading.ExecutionContext.Run(ExecutionContext executionContext, ContextCallback callback, Object state, Boolean preserveSyncCtx)
   在 System.Threading.ExecutionContext.Run(ExecutionContext executionContext, ContextCallback callback, Object state)
   在 System.Threading.ThreadHelper.ThreadStart(Object obj)
	
[2015-03-23 07:02:06.545 GMT    75	WARNING	101217	Scheduler.WorkItemGroup	127.0.0.1:11111]	Enqueuing task System.Threading.Tasks.Task to a stopped work item group. Going to ignore and not execute it. WorkItemGroup:Name=[Activation: S127.0.0.1:11111:164789203*grn/9C20D2B7/45375eb5@e873ca8f #GrainType=Orleans.EventSourcing.SimpleGrain.TransferTransaction],State=Shutdown. Currently QueuedWorkItems=0; Total EnQueued=50; Total processed=50; Quantum expirations=0; TaskRunner=ActivationTaskScheduler-7700:Queued=0; SchedulingContext=[Activation: S127.0.0.1:11111:164789203*grn/9C20D2B7/45375eb5@e873ca8f #GrainType=Orleans.EventSourcing.SimpleGrain.TransferTransaction State=Invalid]
 Called from    在 Orleans.Runtime.Scheduler.WorkItemGroup.ReportWorkGroupProblemWithBacktrace(String what, ErrorCode errorCode)
   在 Orleans.Runtime.Scheduler.WorkItemGroup.EnqueueTask(Task task)
   在 Orleans.Runtime.Scheduler.ActivationTaskScheduler.QueueTask(Task task)
   在 System.Threading.Tasks.TaskContinuation.InlineIfPossibleOrElseQueue(Task task, Boolean needsProtection)
   在 System.Threading.Tasks.TaskSchedulerAwaitTaskContinuation.Run(Task ignored, Boolean canInlineContinuationTask)
   在 System.Threading.Tasks.Task.FinishContinuations()
   在 System.Threading.Tasks.Task`1.TrySetResult(TResult result)
   在 System.Threading.Tasks.TaskCompletionSource`1.SetResult(TResult result)
   在 Orleans.Storage.Couchbase.GrainStateCouchbaseDataManager.<>c__DisplayClass1f.<WriteAsync>b__1e(Object state)
   在 System.Threading.ExecutionContext.RunInternal(ExecutionContext executionContext, ContextCallback callback, Object state, Boolean preserveSyncCtx)
   在 System.Threading.ExecutionContext.Run(ExecutionContext executionContext, ContextCallback callback, Object state, Boolean preserveSyncCtx)
   在 System.Threading.QueueUserWorkItemCallback.System.Threading.IThreadPoolWorkItem.ExecuteWorkItem()
   在 System.Threading.ThreadPoolWorkQueue.Dispatch()
	
[2015-03-23 07:02:25.846 GMT    23	WARNING	101220	Scheduler.WorkItemGroup	127.0.0.1:11111]	WorkItemGroup is being stoped while still active. workItemCount = 1 WorkItemGroup:Name=[Activation: S127.0.0.1:11111:164789203*grn/9C20D2B7/96c541a2@df4e409e #GrainType=Orleans.EventSourcing.SimpleGrain.TransferTransaction],State=Running. Currently QueuedWorkItems=1; Total EnQueued=50; Total processed=48; Quantum expirations=0; TaskRunner=ActivationTaskScheduler-7850:Queued=1; SchedulingContext=[Activation: S127.0.0.1:11111:164789203*grn/9C20D2B7/96c541a2@df4e409e #GrainType=Orleans.EventSourcing.SimpleGrain.TransferTransaction State=Invalid]
 Called from    在 Orleans.Runtime.Scheduler.WorkItemGroup.ReportWorkGroupProblemWithBacktrace(String what, ErrorCode errorCode)
   在 Orleans.Runtime.Scheduler.WorkItemGroup.Stop()
   在 Orleans.Runtime.Scheduler.OrleansTaskScheduler.UnregisterWorkContext(ISchedulingContext context)
   在 Orleans.Runtime.Catalog.UnregisterMessageTarget(ActivationData activation)
   在 Orleans.Runtime.Catalog.<DestroyActivations>d__5b.MoveNext()
   在 System.Threading.ExecutionContext.RunInternal(ExecutionContext executionContext, ContextCallback callback, Object state, Boolean preserveSyncCtx)
   在 System.Threading.ExecutionContext.Run(ExecutionContext executionContext, ContextCallback callback, Object state, Boolean preserveSyncCtx)
   在 System.Runtime.CompilerServices.AsyncMethodBuilderCore.MoveNextRunner.Run()
   在 System.Threading.Tasks.TaskSchedulerAwaitTaskContinuation.<Run>b__0(Object state)
   在 System.Threading.Tasks.Task.Execute()
   在 System.Threading.Tasks.Task.ExecuteWithThreadLocal(Task& currentTaskSlot)
   在 System.Threading.Tasks.Task.ExecuteEntry(Boolean bPreventDoubleExecution)
   在 Orleans.Runtime.Scheduler.ActivationTaskScheduler.RunTask(Task task)
   在 Orleans.Runtime.Scheduler.WorkItemGroup.Execute()
   在 Orleans.Runtime.Scheduler.WorkerPoolThread.Run()
   在 Orleans.Runtime.AsynchAgent.AgentThreadProc(Object obj)
   在 System.Threading.ExecutionContext.RunInternal(ExecutionContext executionContext, ContextCallback callback, Object state, Boolean preserveSyncCtx)
   在 System.Threading.ExecutionContext.Run(ExecutionContext executionContext, ContextCallback callback, Object state, Boolean preserveSyncCtx)
   在 System.Threading.ExecutionContext.Run(ExecutionContext executionContext, ContextCallback callback, Object state)
   在 System.Threading.ThreadHelper.ThreadStart(Object obj)
	
[2015-03-23 07:02:30.855 GMT    15	WARNING	101220	Scheduler.WorkItemGroup	127.0.0.1:11111]	WorkItemGroup is being stoped while still active. workItemCount = 1 WorkItemGroup:Name=[Activation: S127.0.0.1:11111:164789203*grn/9C20D2B7/241c91a1@0d4ca5a4 #GrainType=Orleans.EventSourcing.SimpleGrain.TransferTransaction],State=Running. Currently QueuedWorkItems=1; Total EnQueued=48; Total processed=46; Quantum expirations=0; TaskRunner=ActivationTaskScheduler-7886:Queued=1; SchedulingContext=[Activation: S127.0.0.1:11111:164789203*grn/9C20D2B7/241c91a1@0d4ca5a4 #GrainType=Orleans.EventSourcing.SimpleGrain.TransferTransaction State=Invalid]
 Called from    在 Orleans.Runtime.Scheduler.WorkItemGroup.ReportWorkGroupProblemWithBacktrace(String what, ErrorCode errorCode)
   在 Orleans.Runtime.Scheduler.WorkItemGroup.Stop()
   在 Orleans.Runtime.Scheduler.OrleansTaskScheduler.UnregisterWorkContext(ISchedulingContext context)
   在 Orleans.Runtime.Catalog.UnregisterMessageTarget(ActivationData activation)
   在 Orleans.Runtime.Catalog.<DestroyActivations>d__5b.MoveNext()
   在 System.Runtime.CompilerServices.AsyncMethodBuilderCore.Start[TStateMachine](TStateMachine& stateMachine)
   在 Orleans.Runtime.Catalog.DestroyActivations(List`1 list, IEnumerable`1 tcs)
   在 Orleans.Runtime.Catalog.DestroyActivation(ActivationData activation, TaskCompletionSource`1 tcs)
   在 Orleans.Runtime.Catalog.<>c__DisplayClass3d.<ShutdownActivationDeactivateOnIdle>b__3b()
   在 Orleans.Runtime.ActivationData.RunOnInactive()
   在 Orleans.Runtime.Dispatcher.OnActivationCompletedRequest(ActivationData activation, Message message)
   在 Orleans.Runtime.Scheduler.InvokeWorkItem.<Execute>b__0(Task t)
   在 System.Threading.Tasks.Task.Execute()
   在 System.Threading.ExecutionContext.RunInternal(ExecutionContext executionContext, ContextCallback callback, Object state, Boolean preserveSyncCtx)
   在 System.Threading.ExecutionContext.Run(ExecutionContext executionContext, ContextCallback callback, Object state, Boolean preserveSyncCtx)
   在 System.Threading.Tasks.Task.ExecuteWithThreadLocal(Task& currentTaskSlot)
   在 System.Threading.Tasks.Task.ExecuteEntry(Boolean bPreventDoubleExecution)
   在 Orleans.Runtime.Scheduler.ActivationTaskScheduler.RunTask(Task task)
   在 Orleans.Runtime.Scheduler.WorkItemGroup.Execute()
   在 Orleans.Runtime.Scheduler.WorkerPoolThread.Run()
   在 Orleans.Runtime.AsynchAgent.AgentThreadProc(Object obj)
   在 System.Threading.ExecutionContext.RunInternal(ExecutionContext executionContext, ContextCallback callback, Object state, Boolean preserveSyncCtx)
   在 System.Threading.ExecutionContext.Run(ExecutionContext executionContext, ContextCallback callback, Object state, Boolean preserveSyncCtx)
   在 System.Threading.ExecutionContext.Run(ExecutionContext executionContext, ContextCallback callback, Object state)
   在 System.Threading.ThreadHelper.ThreadStart(Object obj)
	
[2015-03-23 07:02:33.605 GMT    70	WARNING	101217	Scheduler.WorkItemGroup	127.0.0.1:11111]	Enqueuing task System.Threading.Tasks.Task to a stopped work item group. Going to ignore and not execute it. WorkItemGroup:Name=[Activation: S127.0.0.1:11111:164789203*grn/9C20D2B7/67e2fcbd@37b0abaa #GrainType=Orleans.EventSourcing.SimpleGrain.TransferTransaction],State=Shutdown. Currently QueuedWorkItems=0; Total EnQueued=50; Total processed=50; Quantum expirations=0; TaskRunner=ActivationTaskScheduler-7905:Queued=0; SchedulingContext=[Activation: S127.0.0.1:11111:164789203*grn/9C20D2B7/67e2fcbd@37b0abaa #GrainType=Orleans.EventSourcing.SimpleGrain.TransferTransaction State=Invalid]
 Called from    在 Orleans.Runtime.Scheduler.WorkItemGroup.ReportWorkGroupProblemWithBacktrace(String what, ErrorCode errorCode)
   在 Orleans.Runtime.Scheduler.WorkItemGroup.EnqueueTask(Task task)
   在 Orleans.Runtime.Scheduler.ActivationTaskScheduler.QueueTask(Task task)
   在 System.Threading.Tasks.TaskContinuation.InlineIfPossibleOrElseQueue(Task task, Boolean needsProtection)
   在 System.Threading.Tasks.TaskSchedulerAwaitTaskContinuation.Run(Task ignored, Boolean canInlineContinuationTask)
   在 System.Threading.Tasks.Task.FinishContinuations()
   在 System.Threading.Tasks.Task`1.TrySetResult(TResult result)
   在 System.Threading.Tasks.TaskCompletionSource`1.SetResult(TResult result)
   在 Orleans.Storage.Couchbase.GrainStateCouchbaseDataManager.<>c__DisplayClass1f.<WriteAsync>b__1e(Object state)
   在 System.Threading.ExecutionContext.RunInternal(ExecutionContext executionContext, ContextCallback callback, Object state, Boolean preserveSyncCtx)
   在 System.Threading.ExecutionContext.Run(ExecutionContext executionContext, ContextCallback callback, Object state, Boolean preserveSyncCtx)
   在 System.Threading.QueueUserWorkItemCallback.System.Threading.IThreadPoolWorkItem.ExecuteWorkItem()
   在 System.Threading.ThreadPoolWorkQueue.Dispatch()
	
[2015-03-23 07:02:41.071 GMT    22	WARNING	101220	Scheduler.WorkItemGroup	127.0.0.1:11111]	WorkItemGroup is being stoped while still active. workItemCount = 1 WorkItemGroup:Name=[Activation: S127.0.0.1:11111:164789203*grn/9C20D2B7/9c7365a8@dc70ed82 #GrainType=Orleans.EventSourcing.SimpleGrain.TransferTransaction],State=Running. Currently QueuedWorkItems=1; Total EnQueued=50; Total processed=48; Quantum expirations=0; TaskRunner=ActivationTaskScheduler-7963:Queued=1; SchedulingContext=[Activation: S127.0.0.1:11111:164789203*grn/9C20D2B7/9c7365a8@dc70ed82 #GrainType=Orleans.EventSourcing.SimpleGrain.TransferTransaction State=Invalid]
 Called from    在 Orleans.Runtime.Scheduler.WorkItemGroup.ReportWorkGroupProblemWithBacktrace(String what, ErrorCode errorCode)
   在 Orleans.Runtime.Scheduler.WorkItemGroup.Stop()
   在 Orleans.Runtime.Scheduler.OrleansTaskScheduler.UnregisterWorkContext(ISchedulingContext context)
   在 Orleans.Runtime.Catalog.UnregisterMessageTarget(ActivationData activation)
   在 Orleans.Runtime.Catalog.<DestroyActivations>d__5b.MoveNext()
   在 System.Threading.ExecutionContext.RunInternal(ExecutionContext executionContext, ContextCallback callback, Object state, Boolean preserveSyncCtx)
   在 System.Threading.ExecutionContext.Run(ExecutionContext executionContext, ContextCallback callback, Object state, Boolean preserveSyncCtx)
   在 System.Runtime.CompilerServices.AsyncMethodBuilderCore.MoveNextRunner.Run()
   在 System.Threading.Tasks.TaskSchedulerAwaitTaskContinuation.<Run>b__0(Object state)
   在 System.Threading.Tasks.Task.Execute()
   在 System.Threading.Tasks.Task.ExecuteWithThreadLocal(Task& currentTaskSlot)
   在 System.Threading.Tasks.Task.ExecuteEntry(Boolean bPreventDoubleExecution)
   在 Orleans.Runtime.Scheduler.ActivationTaskScheduler.RunTask(Task task)
   在 Orleans.Runtime.Scheduler.WorkItemGroup.Execute()
   在 Orleans.Runtime.Scheduler.WorkerPoolThread.Run()
   在 Orleans.Runtime.AsynchAgent.AgentThreadProc(Object obj)
   在 System.Threading.ExecutionContext.RunInternal(ExecutionContext executionContext, ContextCallback callback, Object state, Boolean preserveSyncCtx)
   在 System.Threading.ExecutionContext.Run(ExecutionContext executionContext, ContextCallback callback, Object state, Boolean preserveSyncCtx)
   在 System.Threading.ExecutionContext.Run(ExecutionContext executionContext, ContextCallback callback, Object state)
   在 System.Threading.ThreadHelper.ThreadStart(Object obj)
	
[2015-03-23 07:02:45.896 GMT    22	INFO   	601215	Scheduler.WorkItemGroup	127.0.0.1:11111]	Log code 101215 occurred 16 additional times in the previous 00:01:00.6814708	
[2015-03-23 07:02:45.962 GMT    22	WARNING	101220	Scheduler.WorkItemGroup	127.0.0.1:11111]	WorkItemGroup is being stoped while still active. workItemCount = 1 WorkItemGroup:Name=[Activation: S127.0.0.1:11111:164789203*grn/9C20D2B7/5f3e8896@b89fec91 #GrainType=Orleans.EventSourcing.SimpleGrain.TransferTransaction],State=Running. Currently QueuedWorkItems=1; Total EnQueued=51; Total processed=49; Quantum expirations=0; TaskRunner=ActivationTaskScheduler-7997:Queued=1; SchedulingContext=[Activation: S127.0.0.1:11111:164789203*grn/9C20D2B7/5f3e8896@b89fec91 #GrainType=Orleans.EventSourcing.SimpleGrain.TransferTransaction State=Invalid]
 Called from    在 Orleans.Runtime.Scheduler.WorkItemGroup.ReportWorkGroupProblemWithBacktrace(String what, ErrorCode errorCode)
   在 Orleans.Runtime.Scheduler.WorkItemGroup.Stop()
   在 Orleans.Runtime.Scheduler.OrleansTaskScheduler.UnregisterWorkContext(ISchedulingContext context)
   在 Orleans.Runtime.Catalog.UnregisterMessageTarget(ActivationData activation)
   在 Orleans.Runtime.Catalog.<DestroyActivations>d__5b.MoveNext()
   在 System.Threading.ExecutionContext.RunInternal(ExecutionContext executionContext, ContextCallback callback, Object state, Boolean preserveSyncCtx)
   在 System.Threading.ExecutionContext.Run(ExecutionContext executionContext, ContextCallback callback, Object state, Boolean preserveSyncCtx)
   在 System.Runtime.CompilerServices.AsyncMethodBuilderCore.MoveNextRunner.Run()
   在 System.Threading.Tasks.TaskSchedulerAwaitTaskContinuation.<Run>b__0(Object state)
   在 System.Threading.Tasks.Task.Execute()
   在 System.Threading.Tasks.Task.ExecuteWithThreadLocal(Task& currentTaskSlot)
   在 System.Threading.Tasks.Task.ExecuteEntry(Boolean bPreventDoubleExecution)
   在 Orleans.Runtime.Scheduler.ActivationTaskScheduler.RunTask(Task task)
   在 Orleans.Runtime.Scheduler.WorkItemGroup.Execute()
   在 Orleans.Runtime.Scheduler.WorkerPoolThread.Run()
   在 Orleans.Runtime.AsynchAgent.AgentThreadProc(Object obj)
   在 System.Threading.ExecutionContext.RunInternal(ExecutionContext executionContext, ContextCallback callback, Object state, Boolean preserveSyncCtx)
   在 System.Threading.ExecutionContext.Run(ExecutionContext executionContext, ContextCallback callback, Object state, Boolean preserveSyncCtx)
   在 System.Threading.ExecutionContext.Run(ExecutionContext executionContext, ContextCallback callback, Object state)
   在 System.Threading.ThreadHelper.ThreadStart(Object obj)
	
[2015-03-23 07:02:49.199 GMT    70	WARNING	101217	Scheduler.WorkItemGroup	127.0.0.1:11111]	Enqueuing task System.Threading.Tasks.Task to a stopped work item group. Going to ignore and not execute it. WorkItemGroup:Name=[Activation: S127.0.0.1:11111:164789203*grn/9C20D2B7/1e39aa96@04e96d9d #GrainType=Orleans.EventSourcing.SimpleGrain.TransferTransaction],State=Shutdown. Currently QueuedWorkItems=0; Total EnQueued=50; Total processed=50; Quantum expirations=0; TaskRunner=ActivationTaskScheduler-8019:Queued=0; SchedulingContext=[Activation: S127.0.0.1:11111:164789203*grn/9C20D2B7/1e39aa96@04e96d9d #GrainType=Orleans.EventSourcing.SimpleGrain.TransferTransaction State=Invalid]
 Called from    在 Orleans.Runtime.Scheduler.WorkItemGroup.ReportWorkGroupProblemWithBacktrace(String what, ErrorCode errorCode)
   在 Orleans.Runtime.Scheduler.WorkItemGroup.EnqueueTask(Task task)
   在 Orleans.Runtime.Scheduler.ActivationTaskScheduler.QueueTask(Task task)
   在 System.Threading.Tasks.TaskContinuation.InlineIfPossibleOrElseQueue(Task task, Boolean needsProtection)
   在 System.Threading.Tasks.TaskSchedulerAwaitTaskContinuation.Run(Task ignored, Boolean canInlineContinuationTask)
   在 System.Threading.Tasks.Task.FinishContinuations()
   在 System.Threading.Tasks.Task`1.TrySetResult(TResult result)
   在 System.Threading.Tasks.TaskCompletionSource`1.SetResult(TResult result)
   在 Orleans.Storage.Couchbase.GrainStateCouchbaseDataManager.<>c__DisplayClass1f.<WriteAsync>b__1e(Object state)
   在 System.Threading.ExecutionContext.RunInternal(ExecutionContext executionContext, ContextCallback callback, Object state, Boolean preserveSyncCtx)
   在 System.Threading.ExecutionContext.Run(ExecutionContext executionContext, ContextCallback callback, Object state, Boolean preserveSyncCtx)
   在 System.Threading.QueueUserWorkItemCallback.System.Threading.IThreadPoolWorkItem.ExecuteWorkItem()
   在 System.Threading.ThreadPoolWorkQueue.Dispatch()
	
[2015-03-23 07:02:49.884 GMT    72	WARNING	101217	Scheduler.WorkItemGroup	127.0.0.1:11111]	Enqueuing task System.Threading.Tasks.Task to a stopped work item group. Going to ignore and not execute it. WorkItemGroup:Name=[Activation: S127.0.0.1:11111:164789203*grn/9C20D2B7/095593ae@2fd1e199 #GrainType=Orleans.EventSourcing.SimpleGrain.TransferTransaction],State=Shutdown. Currently QueuedWorkItems=0; Total EnQueued=50; Total processed=50; Quantum expirations=0; TaskRunner=ActivationTaskScheduler-8022:Queued=0; SchedulingContext=[Activation: S127.0.0.1:11111:164789203*grn/9C20D2B7/095593ae@2fd1e199 #GrainType=Orleans.EventSourcing.SimpleGrain.TransferTransaction State=Invalid]
 Called from    在 Orleans.Runtime.Scheduler.WorkItemGroup.ReportWorkGroupProblemWithBacktrace(String what, ErrorCode errorCode)
   在 Orleans.Runtime.Scheduler.WorkItemGroup.EnqueueTask(Task task)
   在 Orleans.Runtime.Scheduler.ActivationTaskScheduler.QueueTask(Task task)
   在 System.Threading.Tasks.TaskContinuation.InlineIfPossibleOrElseQueue(Task task, Boolean needsProtection)
   在 System.Threading.Tasks.TaskSchedulerAwaitTaskContinuation.Run(Task ignored, Boolean canInlineContinuationTask)
   在 System.Threading.Tasks.Task.FinishContinuations()
   在 System.Threading.Tasks.Task`1.TrySetResult(TResult result)
   在 System.Threading.Tasks.TaskCompletionSource`1.SetResult(TResult result)
   在 Orleans.Storage.Couchbase.GrainStateCouchbaseDataManager.<>c__DisplayClass1f.<WriteAsync>b__1e(Object state)
   在 System.Threading.ExecutionContext.RunInternal(ExecutionContext executionContext, ContextCallback callback, Object state, Boolean preserveSyncCtx)
   在 System.Threading.ExecutionContext.Run(ExecutionContext executionContext, ContextCallback callback, Object state, Boolean preserveSyncCtx)
   在 System.Threading.QueueUserWorkItemCallback.System.Threading.IThreadPoolWorkItem.ExecuteWorkItem()
   在 System.Threading.ThreadPoolWorkQueue.Dispatch()
	
[2015-03-23 07:02:50.325 GMT    70	WARNING	101217	Scheduler.WorkItemGroup	127.0.0.1:11111]	Enqueuing task System.Threading.Tasks.Task to a stopped work item group. Going to ignore and not execute it. WorkItemGroup:Name=[Activation: S127.0.0.1:11111:164789203*grn/9C20D2B7/38982694@cc244590 #GrainType=Orleans.EventSourcing.SimpleGrain.TransferTransaction],State=Shutdown. Currently QueuedWorkItems=0; Total EnQueued=50; Total processed=50; Quantum expirations=0; TaskRunner=ActivationTaskScheduler-8024:Queued=0; SchedulingContext=[Activation: S127.0.0.1:11111:164789203*grn/9C20D2B7/38982694@cc244590 #GrainType=Orleans.EventSourcing.SimpleGrain.TransferTransaction State=Invalid]
 Called from    在 Orleans.Runtime.Scheduler.WorkItemGroup.ReportWorkGroupProblemWithBacktrace(String what, ErrorCode errorCode)
   在 Orleans.Runtime.Scheduler.WorkItemGroup.EnqueueTask(Task task)
   在 Orleans.Runtime.Scheduler.ActivationTaskScheduler.QueueTask(Task task)
   在 System.Threading.Tasks.TaskContinuation.InlineIfPossibleOrElseQueue(Task task, Boolean needsProtection)
   在 System.Threading.Tasks.TaskSchedulerAwaitTaskContinuation.Run(Task ignored, Boolean canInlineContinuationTask)
   在 System.Threading.Tasks.Task.FinishContinuations()
   在 System.Threading.Tasks.Task`1.TrySetResult(TResult result)
   在 System.Threading.Tasks.TaskCompletionSource`1.SetResult(TResult result)
   在 Orleans.Storage.Couchbase.GrainStateCouchbaseDataManager.<>c__DisplayClass1f.<WriteAsync>b__1e(Object state)
   在 System.Threading.ExecutionContext.RunInternal(ExecutionContext executionContext, ContextCallback callback, Object state, Boolean preserveSyncCtx)
   在 System.Threading.ExecutionContext.Run(ExecutionContext executionContext, ContextCallback callback, Object state, Boolean preserveSyncCtx)
   在 System.Threading.QueueUserWorkItemCallback.System.Threading.IThreadPoolWorkItem.ExecuteWorkItem()
   在 System.Threading.ThreadPoolWorkQueue.Dispatch()
	
[2015-03-23 07:02:50.525 GMT    75	WARNING	101217	Scheduler.WorkItemGroup	127.0.0.1:11111]	Enqueuing task System.Threading.Tasks.Task to a stopped work item group. Going to ignore and not execute it. WorkItemGroup:Name=[Activation: S127.0.0.1:11111:164789203*grn/9C20D2B7/1a0d6ab8@1fff5ebd #GrainType=Orleans.EventSourcing.SimpleGrain.TransferTransaction],State=Shutdown. Currently QueuedWorkItems=0; Total EnQueued=50; Total processed=50; Quantum expirations=0; TaskRunner=ActivationTaskScheduler-8025:Queued=0; SchedulingContext=[Activation: S127.0.0.1:11111:164789203*grn/9C20D2B7/1a0d6ab8@1fff5ebd #GrainType=Orleans.EventSourcing.SimpleGrain.TransferTransaction State=Invalid]
 Called from    在 Orleans.Runtime.Scheduler.WorkItemGroup.ReportWorkGroupProblemWithBacktrace(String what, ErrorCode errorCode)
   在 Orleans.Runtime.Scheduler.WorkItemGroup.EnqueueTask(Task task)
   在 Orleans.Runtime.Scheduler.ActivationTaskScheduler.QueueTask(Task task)
   在 System.Threading.Tasks.TaskContinuation.InlineIfPossibleOrElseQueue(Task task, Boolean needsProtection)
   在 System.Threading.Tasks.TaskSchedulerAwaitTaskContinuation.Run(Task ignored, Boolean canInlineContinuationTask)
   在 System.Threading.Tasks.Task.FinishContinuations()
   在 System.Threading.Tasks.Task`1.TrySetResult(TResult result)
   在 System.Threading.Tasks.TaskCompletionSource`1.SetResult(TResult result)
   在 Orleans.Storage.Couchbase.GrainStateCouchbaseDataManager.<>c__DisplayClass1f.<WriteAsync>b__1e(Object state)
   在 System.Threading.ExecutionContext.RunInternal(ExecutionContext executionContext, ContextCallback callback, Object state, Boolean preserveSyncCtx)
   在 System.Threading.ExecutionContext.Run(ExecutionContext executionContext, ContextCallback callback, Object state, Boolean preserveSyncCtx)
   在 System.Threading.QueueUserWorkItemCallback.System.Threading.IThreadPoolWorkItem.ExecuteWorkItem()
   在 System.Threading.ThreadPoolWorkQueue.Dispatch()
	
[2015-03-23 07:02:50.863 GMT    85	WARNING	101217	Scheduler.WorkItemGroup	127.0.0.1:11111]	Enqueuing task System.Threading.Tasks.Task to a stopped work item group. Going to ignore and not execute it. WorkItemGroup:Name=[Activation: S127.0.0.1:11111:164789203*grn/9C20D2B7/6d2118a2@3dfbcdab #GrainType=Orleans.EventSourcing.SimpleGrain.TransferTransaction],State=Shutdown. Currently QueuedWorkItems=0; Total EnQueued=50; Total processed=50; Quantum expirations=0; TaskRunner=ActivationTaskScheduler-8027:Queued=0; SchedulingContext=[Activation: S127.0.0.1:11111:164789203*grn/9C20D2B7/6d2118a2@3dfbcdab #GrainType=Orleans.EventSourcing.SimpleGrain.TransferTransaction State=Invalid]
 Called from    在 Orleans.Runtime.Scheduler.WorkItemGroup.ReportWorkGroupProblemWithBacktrace(String what, ErrorCode errorCode)
   在 Orleans.Runtime.Scheduler.WorkItemGroup.EnqueueTask(Task task)
   在 Orleans.Runtime.Scheduler.ActivationTaskScheduler.QueueTask(Task task)
   在 System.Threading.Tasks.TaskContinuation.InlineIfPossibleOrElseQueue(Task task, Boolean needsProtection)
   在 System.Threading.Tasks.TaskSchedulerAwaitTaskContinuation.Run(Task ignored, Boolean canInlineContinuationTask)
   在 System.Threading.Tasks.Task.FinishContinuations()
   在 System.Threading.Tasks.Task`1.TrySetResult(TResult result)
   在 System.Threading.Tasks.TaskCompletionSource`1.SetResult(TResult result)
   在 Orleans.Storage.Couchbase.GrainStateCouchbaseDataManager.<>c__DisplayClass1f.<WriteAsync>b__1e(Object state)
   在 System.Threading.ExecutionContext.RunInternal(ExecutionContext executionContext, ContextCallback callback, Object state, Boolean preserveSyncCtx)
   在 System.Threading.ExecutionContext.Run(ExecutionContext executionContext, ContextCallback callback, Object state, Boolean preserveSyncCtx)
   在 System.Threading.QueueUserWorkItemCallback.System.Threading.IThreadPoolWorkItem.ExecuteWorkItem()
   在 System.Threading.ThreadPoolWorkQueue.Dispatch()
	
[2015-03-23 07:02:54.295 GMT    16	WARNING	101220	Scheduler.WorkItemGroup	127.0.0.1:11111]	WorkItemGroup is being stoped while still active. workItemCount = 1 WorkItemGroup:Name=[Activation: S127.0.0.1:11111:164789203*grn/9C20D2B7/b039269a@d4ef4487 #GrainType=Orleans.EventSourcing.SimpleGrain.TransferTransaction],State=Running. Currently QueuedWorkItems=1; Total EnQueued=51; Total processed=49; Quantum expirations=0; TaskRunner=ActivationTaskScheduler-8040:Queued=1; SchedulingContext=[Activation: S127.0.0.1:11111:164789203*grn/9C20D2B7/b039269a@d4ef4487 #GrainType=Orleans.EventSourcing.SimpleGrain.TransferTransaction State=Invalid]
 Called from    在 Orleans.Runtime.Scheduler.WorkItemGroup.ReportWorkGroupProblemWithBacktrace(String what, ErrorCode errorCode)
   在 Orleans.Runtime.Scheduler.WorkItemGroup.Stop()
   在 Orleans.Runtime.Scheduler.OrleansTaskScheduler.UnregisterWorkContext(ISchedulingContext context)
   在 Orleans.Runtime.Catalog.UnregisterMessageTarget(ActivationData activation)
   在 Orleans.Runtime.Catalog.<DestroyActivations>d__5b.MoveNext()
   在 System.Threading.ExecutionContext.RunInternal(ExecutionContext executionContext, ContextCallback callback, Object state, Boolean preserveSyncCtx)
   在 System.Threading.ExecutionContext.Run(ExecutionContext executionContext, ContextCallback callback, Object state, Boolean preserveSyncCtx)
   在 System.Runtime.CompilerServices.AsyncMethodBuilderCore.MoveNextRunner.Run()
   在 System.Threading.Tasks.TaskSchedulerAwaitTaskContinuation.<Run>b__0(Object state)
   在 System.Threading.Tasks.Task.Execute()
   在 System.Threading.Tasks.Task.ExecuteWithThreadLocal(Task& currentTaskSlot)
   在 System.Threading.Tasks.Task.ExecuteEntry(Boolean bPreventDoubleExecution)
   在 Orleans.Runtime.Scheduler.ActivationTaskScheduler.RunTask(Task task)
   在 Orleans.Runtime.Scheduler.WorkItemGroup.Execute()
   在 Orleans.Runtime.Scheduler.WorkerPoolThread.Run()
   在 Orleans.Runtime.AsynchAgent.AgentThreadProc(Object obj)
   在 System.Threading.ExecutionContext.RunInternal(ExecutionContext executionContext, ContextCallback callback, Object state, Boolean preserveSyncCtx)
   在 System.Threading.ExecutionContext.Run(ExecutionContext executionContext, ContextCallback callback, Object state, Boolean preserveSyncCtx)
   在 System.Threading.ExecutionContext.Run(ExecutionContext executionContext, ContextCallback callback, Object state)
   在 System.Threading.ThreadHelper.ThreadStart(Object obj)
	
[2015-03-23 07:02:54.562 GMT    19	WARNING	101220	Scheduler.WorkItemGroup	127.0.0.1:11111]	WorkItemGroup is being stoped while still active. workItemCount = 1 WorkItemGroup:Name=[Activation: S127.0.0.1:11111:164789203*grn/9C20D2B7/cae28b8e@484ca6a5 #GrainType=Orleans.EventSourcing.SimpleGrain.TransferTransaction],State=Running. Currently QueuedWorkItems=1; Total EnQueued=50; Total processed=48; Quantum expirations=0; TaskRunner=ActivationTaskScheduler-8039:Queued=1; SchedulingContext=[Activation: S127.0.0.1:11111:164789203*grn/9C20D2B7/cae28b8e@484ca6a5 #GrainType=Orleans.EventSourcing.SimpleGrain.TransferTransaction State=Invalid]
 Called from    在 Orleans.Runtime.Scheduler.WorkItemGroup.ReportWorkGroupProblemWithBacktrace(String what, ErrorCode errorCode)
   在 Orleans.Runtime.Scheduler.WorkItemGroup.Stop()
   在 Orleans.Runtime.Scheduler.OrleansTaskScheduler.UnregisterWorkContext(ISchedulingContext context)
   在 Orleans.Runtime.Catalog.UnregisterMessageTarget(ActivationData activation)
   在 Orleans.Runtime.Catalog.<DestroyActivations>d__5b.MoveNext()
   在 System.Threading.ExecutionContext.RunInternal(ExecutionContext executionContext, ContextCallback callback, Object state, Boolean preserveSyncCtx)
   在 System.Threading.ExecutionContext.Run(ExecutionContext executionContext, ContextCallback callback, Object state, Boolean preserveSyncCtx)
   在 System.Runtime.CompilerServices.AsyncMethodBuilderCore.MoveNextRunner.Run()
   在 System.Threading.Tasks.TaskSchedulerAwaitTaskContinuation.<Run>b__0(Object state)
   在 System.Threading.Tasks.Task.Execute()
   在 System.Threading.Tasks.Task.ExecuteWithThreadLocal(Task& currentTaskSlot)
   在 System.Threading.Tasks.Task.ExecuteEntry(Boolean bPreventDoubleExecution)
   在 Orleans.Runtime.Scheduler.ActivationTaskScheduler.RunTask(Task task)
   在 Orleans.Runtime.Scheduler.WorkItemGroup.Execute()
   在 Orleans.Runtime.Scheduler.WorkerPoolThread.Run()
   在 Orleans.Runtime.AsynchAgent.AgentThreadProc(Object obj)
   在 System.Threading.ExecutionContext.RunInternal(ExecutionContext executionContext, ContextCallback callback, Object state, Boolean preserveSyncCtx)
   在 System.Threading.ExecutionContext.Run(ExecutionContext executionContext, ContextCallback callback, Object state, Boolean preserveSyncCtx)
   在 System.Threading.ExecutionContext.Run(ExecutionContext executionContext, ContextCallback callback, Object state)
   在 System.Threading.ThreadHelper.ThreadStart(Object obj)
	
[2015-03-23 07:02:54.679 GMT    23	WARNING	101220	Scheduler.WorkItemGroup	127.0.0.1:11111]	WorkItemGroup is being stoped while still active. workItemCount = 1 WorkItemGroup:Name=[Activation: S127.0.0.1:11111:164789203*grn/9C20D2B7/741c5f9a@62c26789 #GrainType=Orleans.EventSourcing.SimpleGrain.TransferTransaction],State=Running. Currently QueuedWorkItems=1; Total EnQueued=51; Total processed=49; Quantum expirations=0; TaskRunner=ActivationTaskScheduler-8044:Queued=1; SchedulingContext=[Activation: S127.0.0.1:11111:164789203*grn/9C20D2B7/741c5f9a@62c26789 #GrainType=Orleans.EventSourcing.SimpleGrain.TransferTransaction State=Invalid]
 Called from    在 Orleans.Runtime.Scheduler.WorkItemGroup.ReportWorkGroupProblemWithBacktrace(String what, ErrorCode errorCode)
   在 Orleans.Runtime.Scheduler.WorkItemGroup.Stop()
   在 Orleans.Runtime.Scheduler.OrleansTaskScheduler.UnregisterWorkContext(ISchedulingContext context)
   在 Orleans.Runtime.Catalog.UnregisterMessageTarget(ActivationData activation)
   在 Orleans.Runtime.Catalog.<DestroyActivations>d__5b.MoveNext()
   在 System.Threading.ExecutionContext.RunInternal(ExecutionContext executionContext, ContextCallback callback, Object state, Boolean preserveSyncCtx)
   在 System.Threading.ExecutionContext.Run(ExecutionContext executionContext, ContextCallback callback, Object state, Boolean preserveSyncCtx)
   在 System.Runtime.CompilerServices.AsyncMethodBuilderCore.MoveNextRunner.Run()
   在 System.Threading.Tasks.TaskSchedulerAwaitTaskContinuation.<Run>b__0(Object state)
   在 System.Threading.Tasks.Task.Execute()
   在 System.Threading.Tasks.Task.ExecuteWithThreadLocal(Task& currentTaskSlot)
   在 System.Threading.Tasks.Task.ExecuteEntry(Boolean bPreventDoubleExecution)
   在 Orleans.Runtime.Scheduler.ActivationTaskScheduler.RunTask(Task task)
   在 Orleans.Runtime.Scheduler.WorkItemGroup.Execute()
   在 Orleans.Runtime.Scheduler.WorkerPoolThread.Run()
   在 Orleans.Runtime.AsynchAgent.AgentThreadProc(Object obj)
   在 System.Threading.ExecutionContext.RunInternal(ExecutionContext executionContext, ContextCallback callback, Object state, Boolean preserveSyncCtx)
   在 System.Threading.ExecutionContext.Run(ExecutionContext executionContext, ContextCallback callback, Object state, Boolean preserveSyncCtx)
   在 System.Threading.ExecutionContext.Run(ExecutionContext executionContext, ContextCallback callback, Object state)
   在 System.Threading.ThreadHelper.ThreadStart(Object obj)
	
[2015-03-23 07:03:02.199 GMT    12	WARNING	101215	Scheduler.WorkItemGroup	127.0.0.1:11111]	Task [Id=367, Status=RanToCompletion] in WorkGroup [Activation: S127.0.0.1:11111:164789203*grn/9C20D2B7/8222729d@fd6dbf80 #GrainType=Orleans.EventSourcing.SimpleGrain.TransferTransaction State=Valid] took elapsed time 0:00:00.272789 for execution, which is longer than 00:00:00.2000000. Running on thread <Runtime.Scheduler.WorkerPoolThread/1, ManagedThreadId=12, Executing Task Id=367 Status=RanToCompletion for 00:00:00.2740157>	
[2015-03-23 07:03:02.337 GMT    21	WARNING	101215	Scheduler.WorkItemGroup	127.0.0.1:11111]	Task [Id=368, Status=RanToCompletion] in WorkGroup [Activation: S127.0.0.1:11111:164789203*grn/9C20D2B7/96ad5cae@bddb79a6 #GrainType=Orleans.EventSourcing.SimpleGrain.TransferTransaction State=Valid] took elapsed time 0:00:00.2267078 for execution, which is longer than 00:00:00.2000000. Running on thread <Runtime.Scheduler.WorkerPoolThread/10, ManagedThreadId=21, Executing Task Id=368 Status=RanToCompletion for 00:00:00.2270130>	
[2015-03-23 07:03:02.483 GMT    22	WARNING	101215	Scheduler.WorkItemGroup	127.0.0.1:11111]	Task [Id=369, Status=RanToCompletion] in WorkGroup [Activation: S127.0.0.1:11111:164789203*grn/F15F7B6B/845dd7be@734e57b9 #GrainType=Orleans.EventSourcing.SimpleGrain.BankAccount State=Valid] took elapsed time 0:00:00.2935003 for execution, which is longer than 00:00:00.2000000. Running on thread <Runtime.Scheduler.WorkerPoolThread/11, ManagedThreadId=22, Executing Task Id=369 Status=RanToCompletion for 00:00:00.2940168>	
[2015-03-23 07:03:02.490 GMT    15	WARNING	101215	Scheduler.WorkItemGroup	127.0.0.1:11111]	Task [Id=371, Status=RanToCompletion] in WorkGroup [Activation: S127.0.0.1:11111:164789203*grn/9C20D2B7/1c0529a5@a4f8f389 #GrainType=Orleans.EventSourcing.SimpleGrain.TransferTransaction State=Activating] took elapsed time 0:00:00.3693349 for execution, which is longer than 00:00:00.2000000. Running on thread <Runtime.Scheduler.WorkerPoolThread/4, ManagedThreadId=15, Executing Task Id=371 Status=RanToCompletion for 00:00:00.3690211>	
[2015-03-23 07:03:02.582 GMT    24	WARNING	101215	Scheduler.DeploymentLoadPublisherSystemTarge.WorkItemGroup	127.0.0.1:11111]	Task [Id=370, Status=RanToCompletion] in WorkGroup [SystemTarget: S127.0.0.1:11111:164789203DeploymentLoadPublisherSystemTarge@S00000016] took elapsed time 0:00:00.3503644 for execution, which is longer than 00:00:00.2000000. Running on thread <Runtime.Scheduler.WorkerPoolThread.System/13, ManagedThreadId=24, Executing Task Id=370 Status=RanToCompletion for 00:00:00.3540202>	
[2015-03-23 07:03:02.671 GMT    17	WARNING	101215	Scheduler.WorkItemGroup	127.0.0.1:11111]	Task [Id=372, Status=RanToCompletion] in WorkGroup [Activation: S127.0.0.1:11111:164789203*grn/9C20D2B7/1d53cd9b@be64e794 #GrainType=Orleans.EventSourcing.SimpleGrain.TransferTransaction State=Valid] took elapsed time 0:00:00.473196 for execution, which is longer than 00:00:00.2000000. Running on thread <Runtime.Scheduler.WorkerPoolThread/6, ManagedThreadId=17, Executing Task Id=372 Status=RanToCompletion for 00:00:00.4740271>	
[2015-03-23 07:03:02.677 GMT    19	WARNING	101215	Scheduler.ReminderService.WorkItemGroup	127.0.0.1:11111]	Task [Id=373, Status=RanToCompletion] in WorkGroup [SystemTarget: S127.0.0.1:11111:164789203ReminderService@S00000010] took elapsed time 0:00:00.2655554 for execution, which is longer than 00:00:00.2000000. Running on thread <Runtime.Scheduler.WorkerPoolThread/8, ManagedThreadId=19, Executing Task Id=373 Status=RanToCompletion for 00:00:00.2660153>	
[2015-03-23 07:03:16.613 GMT    13	WARNING	101220	Scheduler.WorkItemGroup	127.0.0.1:11111]	WorkItemGroup is being stoped while still active. workItemCount = 1 WorkItemGroup:Name=[Activation: S127.0.0.1:11111:164789203*grn/9C20D2B7/9c4fa4ad@8f126a95 #GrainType=Orleans.EventSourcing.SimpleGrain.TransferTransaction],State=Running. Currently QueuedWorkItems=1; Total EnQueued=50; Total processed=48; Quantum expirations=0; TaskRunner=ActivationTaskScheduler-8279:Queued=1; SchedulingContext=[Activation: S127.0.0.1:11111:164789203*grn/9C20D2B7/9c4fa4ad@8f126a95 #GrainType=Orleans.EventSourcing.SimpleGrain.TransferTransaction State=Invalid]
 Called from    在 Orleans.Runtime.Scheduler.WorkItemGroup.ReportWorkGroupProblemWithBacktrace(String what, ErrorCode errorCode)
   在 Orleans.Runtime.Scheduler.WorkItemGroup.Stop()
   在 Orleans.Runtime.Scheduler.OrleansTaskScheduler.UnregisterWorkContext(ISchedulingContext context)
   在 Orleans.Runtime.Catalog.UnregisterMessageTarget(ActivationData activation)
   在 Orleans.Runtime.Catalog.<DestroyActivations>d__5b.MoveNext()
   在 System.Threading.ExecutionContext.RunInternal(ExecutionContext executionContext, ContextCallback callback, Object state, Boolean preserveSyncCtx)
   在 System.Threading.ExecutionContext.Run(ExecutionContext executionContext, ContextCallback callback, Object state, Boolean preserveSyncCtx)
   在 System.Runtime.CompilerServices.AsyncMethodBuilderCore.MoveNextRunner.Run()
   在 System.Threading.Tasks.TaskSchedulerAwaitTaskContinuation.<Run>b__0(Object state)
   在 System.Threading.Tasks.Task.Execute()
   在 System.Threading.Tasks.Task.ExecuteWithThreadLocal(Task& currentTaskSlot)
   在 System.Threading.Tasks.Task.ExecuteEntry(Boolean bPreventDoubleExecution)
   在 Orleans.Runtime.Scheduler.ActivationTaskScheduler.RunTask(Task task)
   在 Orleans.Runtime.Scheduler.WorkItemGroup.Execute()
   在 Orleans.Runtime.Scheduler.WorkerPoolThread.Run()
   在 Orleans.Runtime.AsynchAgent.AgentThreadProc(Object obj)
   在 System.Threading.ExecutionContext.RunInternal(ExecutionContext executionContext, ContextCallback callback, Object state, Boolean preserveSyncCtx)
   在 System.Threading.ExecutionContext.Run(ExecutionContext executionContext, ContextCallback callback, Object state, Boolean preserveSyncCtx)
   在 System.Threading.ExecutionContext.Run(ExecutionContext executionContext, ContextCallback callback, Object state)
   在 System.Threading.ThreadHelper.ThreadStart(Object obj)
	
[2015-03-23 07:03:49.137 GMT    80	INFO   	601220	Scheduler.WorkItemGroup	127.0.0.1:11111]	Log code 101220 occurred 2 additional times in the previous 00:01:03.2116155	
[2015-03-23 07:03:49.227 GMT    80	INFO   	601217	Scheduler.WorkItemGroup	127.0.0.1:11111]	Log code 101217 occurred 18 additional times in the previous 00:01:03.2116155	
[2015-03-23 07:03:49.351 GMT    80	INFO   	601215	Scheduler.WorkItemGroup	127.0.0.1:11111]	Log code 101215 occurred 8 additional times in the previous 00:01:03.2116155	
[2015-03-23 07:03:49.761 GMT    13	WARNING	101215	Scheduler.WorkItemGroup	127.0.0.1:11111]	Task [Id=382, Status=RanToCompletion] in WorkGroup [Activation: S127.0.0.1:11111:164789203*grn/9C20D2B7/bf39bfb1@4cd560a3 #GrainType=Orleans.EventSourcing.SimpleGrain.TransferTransaction State=Valid] took elapsed time 0:00:00.2452028 for execution, which is longer than 00:00:00.2000000. Running on thread <Runtime.Scheduler.WorkerPoolThread/2, ManagedThreadId=13, Executing Task Id=382 Status=RanToCompletion for 00:00:00.2450140>	
[2015-03-23 07:03:49.778 GMT    80	WARNING	101217	Scheduler.WorkItemGroup	127.0.0.1:11111]	Enqueuing task System.Threading.Tasks.Task to a stopped work item group. Going to ignore and not execute it. WorkItemGroup:Name=[Activation: S127.0.0.1:11111:164789203*grn/9C20D2B7/854456ad@68bc259f #GrainType=Orleans.EventSourcing.SimpleGrain.TransferTransaction],State=Shutdown. Currently QueuedWorkItems=0; Total EnQueued=48; Total processed=48; Quantum expirations=0; TaskRunner=ActivationTaskScheduler-8524:Queued=0; SchedulingContext=[Activation: S127.0.0.1:11111:164789203*grn/9C20D2B7/854456ad@68bc259f #GrainType=Orleans.EventSourcing.SimpleGrain.TransferTransaction State=Invalid]
 Called from    在 Orleans.Runtime.Scheduler.WorkItemGroup.ReportWorkGroupProblemWithBacktrace(String what, ErrorCode errorCode)
   在 Orleans.Runtime.Scheduler.WorkItemGroup.EnqueueTask(Task task)
   在 Orleans.Runtime.Scheduler.ActivationTaskScheduler.QueueTask(Task task)
   在 System.Threading.Tasks.TaskContinuation.InlineIfPossibleOrElseQueue(Task task, Boolean needsProtection)
   在 System.Threading.Tasks.TaskSchedulerAwaitTaskContinuation.Run(Task ignored, Boolean canInlineContinuationTask)
   在 System.Threading.Tasks.Task.FinishContinuations()
   在 System.Threading.Tasks.Task`1.TrySetResult(TResult result)
   在 System.Threading.Tasks.TaskCompletionSource`1.SetResult(TResult result)
   在 Orleans.Storage.Couchbase.GrainStateCouchbaseDataManager.<>c__DisplayClass1f.<WriteAsync>b__1e(Object state)
   在 System.Threading.ExecutionContext.RunInternal(ExecutionContext executionContext, ContextCallback callback, Object state, Boolean preserveSyncCtx)
   在 System.Threading.ExecutionContext.Run(ExecutionContext executionContext, ContextCallback callback, Object state, Boolean preserveSyncCtx)
   在 System.Threading.QueueUserWorkItemCallback.System.Threading.IThreadPoolWorkItem.ExecuteWorkItem()
   在 System.Threading.ThreadPoolWorkQueue.Dispatch()
	
[2015-03-23 07:03:49.778 GMT    17	WARNING	101215	Scheduler.WorkItemGroup	127.0.0.1:11111]	Task [Id=383, Status=RanToCompletion] in WorkGroup [Activation: S127.0.0.1:11111:164789203*grn/9C20D2B7/8852dba4@5b563291 #GrainType=Orleans.EventSourcing.SimpleGrain.TransferTransaction State=Deactivating] took elapsed time 0:00:00.4426413 for execution, which is longer than 00:00:00.2000000. Running on thread <Runtime.Scheduler.WorkerPoolThread/6, ManagedThreadId=17, Executing Task Id=383 Status=RanToCompletion for 00:00:00.4430253>	
[2015-03-23 07:03:49.778 GMT    23	WARNING	101215	Scheduler.WorkItemGroup	127.0.0.1:11111]	Task [Id=386, Status=RanToCompletion] in WorkGroup [Activation: S127.0.0.1:11111:164789203*grn/9C20D2B7/24448a81@5ba8778b #GrainType=Orleans.EventSourcing.SimpleGrain.TransferTransaction State=Valid] took elapsed time 0:00:00.3489113 for execution, which is longer than 00:00:00.2000000. Running on thread <Runtime.Scheduler.WorkerPoolThread/12, ManagedThreadId=23, Executing Task Id=386 Status=RanToCompletion for 00:00:00.3490200>	
[2015-03-23 07:03:49.778 GMT    19	WARNING	101215	Scheduler.WorkItemGroup	127.0.0.1:11111]	Task [Id=384, Status=RanToCompletion] in WorkGroup [Activation: S127.0.0.1:11111:164789203*grn/9C20D2B7/c15266b6@baaf368a #GrainType=Orleans.EventSourcing.SimpleGrain.TransferTransaction State=Valid] took elapsed time 0:00:00.4687353 for execution, which is longer than 00:00:00.2000000. Running on thread <Runtime.Scheduler.WorkerPoolThread/8, ManagedThreadId=19, Executing Task Id=384 Status=RanToCompletion for 00:00:00.4690268>	
[2015-03-23 07:03:49.778 GMT    16	WARNING	101215	Scheduler.WorkItemGroup	127.0.0.1:11111]	Task [Id=385, Status=RanToCompletion] in WorkGroup [Activation: S127.0.0.1:11111:164789203*grn/F15F7B6B/e682cc98@7f608d86 #GrainType=Orleans.EventSourcing.SimpleGrain.BankAccount State=Valid] took elapsed time 0:00:00.5307383 for execution, which is longer than 00:00:00.2000000. Running on thread <Runtime.Scheduler.WorkerPoolThread/5, ManagedThreadId=16, Executing Task Id=385 Status=RanToCompletion for 00:00:00.5320304>	
[2015-03-23 07:03:52.685 GMT    69	WARNING	101217	Scheduler.WorkItemGroup	127.0.0.1:11111]	Enqueuing task System.Threading.Tasks.Task to a stopped work item group. Going to ignore and not execute it. WorkItemGroup:Name=[Activation: S127.0.0.1:11111:164789203*grn/9C20D2B7/d03859a9@a5269c8d #GrainType=Orleans.EventSourcing.SimpleGrain.TransferTransaction],State=Shutdown. Currently QueuedWorkItems=0; Total EnQueued=50; Total processed=50; Quantum expirations=0; TaskRunner=ActivationTaskScheduler-8551:Queued=0; SchedulingContext=[Activation: S127.0.0.1:11111:164789203*grn/9C20D2B7/d03859a9@a5269c8d #GrainType=Orleans.EventSourcing.SimpleGrain.TransferTransaction State=Invalid]
 Called from    在 Orleans.Runtime.Scheduler.WorkItemGroup.ReportWorkGroupProblemWithBacktrace(String what, ErrorCode errorCode)
   在 Orleans.Runtime.Scheduler.WorkItemGroup.EnqueueTask(Task task)
   在 Orleans.Runtime.Scheduler.ActivationTaskScheduler.QueueTask(Task task)
   在 System.Threading.Tasks.TaskContinuation.InlineIfPossibleOrElseQueue(Task task, Boolean needsProtection)
   在 System.Threading.Tasks.TaskSchedulerAwaitTaskContinuation.Run(Task ignored, Boolean canInlineContinuationTask)
   在 System.Threading.Tasks.Task.FinishContinuations()
   在 System.Threading.Tasks.Task`1.TrySetResult(TResult result)
   在 System.Threading.Tasks.TaskCompletionSource`1.SetResult(TResult result)
   在 Orleans.Storage.Couchbase.GrainStateCouchbaseDataManager.<>c__DisplayClass1f.<WriteAsync>b__1e(Object state)
   在 System.Threading.ExecutionContext.RunInternal(ExecutionContext executionContext, ContextCallback callback, Object state, Boolean preserveSyncCtx)
   在 System.Threading.ExecutionContext.Run(ExecutionContext executionContext, ContextCallback callback, Object state, Boolean preserveSyncCtx)
   在 System.Threading.QueueUserWorkItemCallback.System.Threading.IThreadPoolWorkItem.ExecuteWorkItem()
   在 System.Threading.ThreadPoolWorkQueue.Dispatch()
	
[2015-03-23 07:03:58.820 GMT    75	WARNING	101217	Scheduler.WorkItemGroup	127.0.0.1:11111]	Enqueuing task System.Threading.Tasks.Task to a stopped work item group. Going to ignore and not execute it. WorkItemGroup:Name=[Activation: S127.0.0.1:11111:164789203*grn/9C20D2B7/5623b7a0@e8e2279f #GrainType=Orleans.EventSourcing.SimpleGrain.TransferTransaction],State=Shutdown. Currently QueuedWorkItems=0; Total EnQueued=49; Total processed=49; Quantum expirations=0; TaskRunner=ActivationTaskScheduler-8600:Queued=0; SchedulingContext=[Activation: S127.0.0.1:11111:164789203*grn/9C20D2B7/5623b7a0@e8e2279f #GrainType=Orleans.EventSourcing.SimpleGrain.TransferTransaction State=Invalid]
 Called from    在 Orleans.Runtime.Scheduler.WorkItemGroup.ReportWorkGroupProblemWithBacktrace(String what, ErrorCode errorCode)
   在 Orleans.Runtime.Scheduler.WorkItemGroup.EnqueueTask(Task task)
   在 Orleans.Runtime.Scheduler.ActivationTaskScheduler.QueueTask(Task task)
   在 System.Threading.Tasks.TaskContinuation.InlineIfPossibleOrElseQueue(Task task, Boolean needsProtection)
   在 System.Threading.Tasks.TaskSchedulerAwaitTaskContinuation.Run(Task ignored, Boolean canInlineContinuationTask)
   在 System.Threading.Tasks.Task.FinishContinuations()
   在 System.Threading.Tasks.Task`1.TrySetResult(TResult result)
   在 System.Threading.Tasks.TaskCompletionSource`1.SetResult(TResult result)
   在 Orleans.Storage.Couchbase.GrainStateCouchbaseDataManager.<>c__DisplayClass1f.<WriteAsync>b__1e(Object state)
   在 System.Threading.ExecutionContext.RunInternal(ExecutionContext executionContext, ContextCallback callback, Object state, Boolean preserveSyncCtx)
   在 System.Threading.ExecutionContext.Run(ExecutionContext executionContext, ContextCallback callback, Object state, Boolean preserveSyncCtx)
   在 System.Threading.QueueUserWorkItemCallback.System.Threading.IThreadPoolWorkItem.ExecuteWorkItem()
   在 System.Threading.ThreadPoolWorkQueue.Dispatch()
	
[2015-03-23 07:03:58.820 GMT    69	WARNING	101217	Scheduler.WorkItemGroup	127.0.0.1:11111]	Enqueuing task System.Threading.Tasks.Task to a stopped work item group. Going to ignore and not execute it. WorkItemGroup:Name=[Activation: S127.0.0.1:11111:164789203*grn/9C20D2B7/6a244c92@c004cb98 #GrainType=Orleans.EventSourcing.SimpleGrain.TransferTransaction],State=Shutdown. Currently QueuedWorkItems=0; Total EnQueued=50; Total processed=50; Quantum expirations=0; TaskRunner=ActivationTaskScheduler-8601:Queued=0; SchedulingContext=[Activation: S127.0.0.1:11111:164789203*grn/9C20D2B7/6a244c92@c004cb98 #GrainType=Orleans.EventSourcing.SimpleGrain.TransferTransaction State=Invalid]
 Called from    在 Orleans.Runtime.Scheduler.WorkItemGroup.ReportWorkGroupProblemWithBacktrace(String what, ErrorCode errorCode)
   在 Orleans.Runtime.Scheduler.WorkItemGroup.EnqueueTask(Task task)
   在 Orleans.Runtime.Scheduler.ActivationTaskScheduler.QueueTask(Task task)
   在 System.Threading.Tasks.TaskContinuation.InlineIfPossibleOrElseQueue(Task task, Boolean needsProtection)
   在 System.Threading.Tasks.TaskSchedulerAwaitTaskContinuation.Run(Task ignored, Boolean canInlineContinuationTask)
   在 System.Threading.Tasks.Task.FinishContinuations()
   在 System.Threading.Tasks.Task`1.TrySetResult(TResult result)
   在 System.Threading.Tasks.TaskCompletionSource`1.SetResult(TResult result)
   在 Orleans.Storage.Couchbase.GrainStateCouchbaseDataManager.<>c__DisplayClass1f.<WriteAsync>b__1e(Object state)
   在 System.Threading.ExecutionContext.RunInternal(ExecutionContext executionContext, ContextCallback callback, Object state, Boolean preserveSyncCtx)
   在 System.Threading.ExecutionContext.Run(ExecutionContext executionContext, ContextCallback callback, Object state, Boolean preserveSyncCtx)
   在 System.Threading.QueueUserWorkItemCallback.System.Threading.IThreadPoolWorkItem.ExecuteWorkItem()
   在 System.Threading.ThreadPoolWorkQueue.Dispatch()
	
[2015-03-23 07:04:01.868 GMT    19	WARNING	101220	Scheduler.WorkItemGroup	127.0.0.1:11111]	WorkItemGroup is being stoped while still active. workItemCount = 1 WorkItemGroup:Name=[Activation: S127.0.0.1:11111:164789203*grn/9C20D2B7/edc0eab0@fc43b88c #GrainType=Orleans.EventSourcing.SimpleGrain.TransferTransaction],State=Running. Currently QueuedWorkItems=1; Total EnQueued=51; Total processed=49; Quantum expirations=0; TaskRunner=ActivationTaskScheduler-8630:Queued=1; SchedulingContext=[Activation: S127.0.0.1:11111:164789203*grn/9C20D2B7/edc0eab0@fc43b88c #GrainType=Orleans.EventSourcing.SimpleGrain.TransferTransaction State=Invalid]
 Called from    在 Orleans.Runtime.Scheduler.WorkItemGroup.ReportWorkGroupProblemWithBacktrace(String what, ErrorCode errorCode)
   在 Orleans.Runtime.Scheduler.WorkItemGroup.Stop()
   在 Orleans.Runtime.Scheduler.OrleansTaskScheduler.UnregisterWorkContext(ISchedulingContext context)
   在 Orleans.Runtime.Catalog.UnregisterMessageTarget(ActivationData activation)
   在 Orleans.Runtime.Catalog.<DestroyActivations>d__5b.MoveNext()
   在 System.Threading.ExecutionContext.RunInternal(ExecutionContext executionContext, ContextCallback callback, Object state, Boolean preserveSyncCtx)
   在 System.Threading.ExecutionContext.Run(ExecutionContext executionContext, ContextCallback callback, Object state, Boolean preserveSyncCtx)
   在 System.Runtime.CompilerServices.AsyncMethodBuilderCore.MoveNextRunner.Run()
   在 System.Threading.Tasks.TaskSchedulerAwaitTaskContinuation.<Run>b__0(Object state)
   在 System.Threading.Tasks.Task.Execute()
   在 System.Threading.Tasks.Task.ExecuteWithThreadLocal(Task& currentTaskSlot)
   在 System.Threading.Tasks.Task.ExecuteEntry(Boolean bPreventDoubleExecution)
   在 Orleans.Runtime.Scheduler.ActivationTaskScheduler.RunTask(Task task)
   在 Orleans.Runtime.Scheduler.WorkItemGroup.Execute()
   在 Orleans.Runtime.Scheduler.WorkerPoolThread.Run()
   在 Orleans.Runtime.AsynchAgent.AgentThreadProc(Object obj)
   在 System.Threading.ExecutionContext.RunInternal(ExecutionContext executionContext, ContextCallback callback, Object state, Boolean preserveSyncCtx)
   在 System.Threading.ExecutionContext.Run(ExecutionContext executionContext, ContextCallback callback, Object state, Boolean preserveSyncCtx)
   在 System.Threading.ExecutionContext.Run(ExecutionContext executionContext, ContextCallback callback, Object state)
   在 System.Threading.ThreadHelper.ThreadStart(Object obj)
	
[2015-03-23 07:04:03.381 GMT    75	WARNING	101217	Scheduler.WorkItemGroup	127.0.0.1:11111]	Enqueuing task System.Threading.Tasks.Task to a stopped work item group. Going to ignore and not execute it. WorkItemGroup:Name=[Activation: S127.0.0.1:11111:164789203*grn/9C20D2B7/9ed0e69d@a71458af #GrainType=Orleans.EventSourcing.SimpleGrain.TransferTransaction],State=Shutdown. Currently QueuedWorkItems=0; Total EnQueued=50; Total processed=50; Quantum expirations=0; TaskRunner=ActivationTaskScheduler-8644:Queued=0; SchedulingContext=[Activation: S127.0.0.1:11111:164789203*grn/9C20D2B7/9ed0e69d@a71458af #GrainType=Orleans.EventSourcing.SimpleGrain.TransferTransaction State=Invalid]
 Called from    在 Orleans.Runtime.Scheduler.WorkItemGroup.ReportWorkGroupProblemWithBacktrace(String what, ErrorCode errorCode)
   在 Orleans.Runtime.Scheduler.WorkItemGroup.EnqueueTask(Task task)
   在 Orleans.Runtime.Scheduler.ActivationTaskScheduler.QueueTask(Task task)
   在 System.Threading.Tasks.TaskContinuation.InlineIfPossibleOrElseQueue(Task task, Boolean needsProtection)
   在 System.Threading.Tasks.TaskSchedulerAwaitTaskContinuation.Run(Task ignored, Boolean canInlineContinuationTask)
   在 System.Threading.Tasks.Task.FinishContinuations()
   在 System.Threading.Tasks.Task`1.TrySetResult(TResult result)
   在 System.Threading.Tasks.TaskCompletionSource`1.SetResult(TResult result)
   在 Orleans.Storage.Couchbase.GrainStateCouchbaseDataManager.<>c__DisplayClass1f.<WriteAsync>b__1e(Object state)
   在 System.Threading.ExecutionContext.RunInternal(ExecutionContext executionContext, ContextCallback callback, Object state, Boolean preserveSyncCtx)
   在 System.Threading.ExecutionContext.Run(ExecutionContext executionContext, ContextCallback callback, Object state, Boolean preserveSyncCtx)
   在 System.Threading.QueueUserWorkItemCallback.System.Threading.IThreadPoolWorkItem.ExecuteWorkItem()
   在 System.Threading.ThreadPoolWorkQueue.Dispatch()
	
[2015-03-23 07:04:13.500 GMT    13	WARNING	101220	Scheduler.WorkItemGroup	127.0.0.1:11111]	WorkItemGroup is being stoped while still active. workItemCount = 1 WorkItemGroup:Name=[Activation: S127.0.0.1:11111:164789203*grn/9C20D2B7/6f3158ba@65a352a6 #GrainType=Orleans.EventSourcing.SimpleGrain.TransferTransaction],State=Running. Currently QueuedWorkItems=1; Total EnQueued=51; Total processed=49; Quantum expirations=0; TaskRunner=ActivationTaskScheduler-8737:Queued=1; SchedulingContext=[Activation: S127.0.0.1:11111:164789203*grn/9C20D2B7/6f3158ba@65a352a6 #GrainType=Orleans.EventSourcing.SimpleGrain.TransferTransaction State=Invalid]
 Called from    在 Orleans.Runtime.Scheduler.WorkItemGroup.ReportWorkGroupProblemWithBacktrace(String what, ErrorCode errorCode)
   在 Orleans.Runtime.Scheduler.WorkItemGroup.Stop()
   在 Orleans.Runtime.Scheduler.OrleansTaskScheduler.UnregisterWorkContext(ISchedulingContext context)
   在 Orleans.Runtime.Catalog.UnregisterMessageTarget(ActivationData activation)
   在 Orleans.Runtime.Catalog.<DestroyActivations>d__5b.MoveNext()
   在 System.Threading.ExecutionContext.RunInternal(ExecutionContext executionContext, ContextCallback callback, Object state, Boolean preserveSyncCtx)
   在 System.Threading.ExecutionContext.Run(ExecutionContext executionContext, ContextCallback callback, Object state, Boolean preserveSyncCtx)
   在 System.Runtime.CompilerServices.AsyncMethodBuilderCore.MoveNextRunner.Run()
   在 System.Threading.Tasks.TaskSchedulerAwaitTaskContinuation.<Run>b__0(Object state)
   在 System.Threading.Tasks.Task.Execute()
   在 System.Threading.Tasks.Task.ExecuteWithThreadLocal(Task& currentTaskSlot)
   在 System.Threading.Tasks.Task.ExecuteEntry(Boolean bPreventDoubleExecution)
   在 Orleans.Runtime.Scheduler.ActivationTaskScheduler.RunTask(Task task)
   在 Orleans.Runtime.Scheduler.WorkItemGroup.Execute()
   在 Orleans.Runtime.Scheduler.WorkerPoolThread.Run()
   在 Orleans.Runtime.AsynchAgent.AgentThreadProc(Object obj)
   在 System.Threading.ExecutionContext.RunInternal(ExecutionContext executionContext, ContextCallback callback, Object state, Boolean preserveSyncCtx)
   在 System.Threading.ExecutionContext.Run(ExecutionContext executionContext, ContextCallback callback, Object state, Boolean preserveSyncCtx)
   在 System.Threading.ExecutionContext.Run(ExecutionContext executionContext, ContextCallback callback, Object state)
   在 System.Threading.ThreadHelper.ThreadStart(Object obj)
	
[2015-03-23 07:04:20.018 GMT    15	WARNING	101220	Scheduler.WorkItemGroup	127.0.0.1:11111]	WorkItemGroup is being stoped while still active. workItemCount = 1 WorkItemGroup:Name=[Activation: S127.0.0.1:11111:164789203*grn/9C20D2B7/74a5fdb2@0d821791 #GrainType=Orleans.EventSourcing.SimpleGrain.TransferTransaction],State=Running. Currently QueuedWorkItems=1; Total EnQueued=51; Total processed=49; Quantum expirations=0; TaskRunner=ActivationTaskScheduler-8796:Queued=1; SchedulingContext=[Activation: S127.0.0.1:11111:164789203*grn/9C20D2B7/74a5fdb2@0d821791 #GrainType=Orleans.EventSourcing.SimpleGrain.TransferTransaction State=Invalid]
 Called from    在 Orleans.Runtime.Scheduler.WorkItemGroup.ReportWorkGroupProblemWithBacktrace(String what, ErrorCode errorCode)
   在 Orleans.Runtime.Scheduler.WorkItemGroup.Stop()
   在 Orleans.Runtime.Scheduler.OrleansTaskScheduler.UnregisterWorkContext(ISchedulingContext context)
   在 Orleans.Runtime.Catalog.UnregisterMessageTarget(ActivationData activation)
   在 Orleans.Runtime.Catalog.<DestroyActivations>d__5b.MoveNext()
   在 System.Threading.ExecutionContext.RunInternal(ExecutionContext executionContext, ContextCallback callback, Object state, Boolean preserveSyncCtx)
   在 System.Threading.ExecutionContext.Run(ExecutionContext executionContext, ContextCallback callback, Object state, Boolean preserveSyncCtx)
   在 System.Runtime.CompilerServices.AsyncMethodBuilderCore.MoveNextRunner.Run()
   在 System.Threading.Tasks.TaskSchedulerAwaitTaskContinuation.<Run>b__0(Object state)
   在 System.Threading.Tasks.Task.Execute()
   在 System.Threading.Tasks.Task.ExecuteWithThreadLocal(Task& currentTaskSlot)
   在 System.Threading.Tasks.Task.ExecuteEntry(Boolean bPreventDoubleExecution)
   在 Orleans.Runtime.Scheduler.ActivationTaskScheduler.RunTask(Task task)
   在 Orleans.Runtime.Scheduler.WorkItemGroup.Execute()
   在 Orleans.Runtime.Scheduler.WorkerPoolThread.Run()
   在 Orleans.Runtime.AsynchAgent.AgentThreadProc(Object obj)
   在 System.Threading.ExecutionContext.RunInternal(ExecutionContext executionContext, ContextCallback callback, Object state, Boolean preserveSyncCtx)
   在 System.Threading.ExecutionContext.Run(ExecutionContext executionContext, ContextCallback callback, Object state, Boolean preserveSyncCtx)
   在 System.Threading.ExecutionContext.Run(ExecutionContext executionContext, ContextCallback callback, Object state)
   在 System.Threading.ThreadHelper.ThreadStart(Object obj)
	
[2015-03-23 07:04:20.287 GMT    13	WARNING	101220	Scheduler.WorkItemGroup	127.0.0.1:11111]	WorkItemGroup is being stoped while still active. workItemCount = 1 WorkItemGroup:Name=[Activation: S127.0.0.1:11111:164789203*grn/9C20D2B7/41ade2ad@b2d56ea7 #GrainType=Orleans.EventSourcing.SimpleGrain.TransferTransaction],State=Running. Currently QueuedWorkItems=1; Total EnQueued=51; Total processed=49; Quantum expirations=0; TaskRunner=ActivationTaskScheduler-8799:Queued=1; SchedulingContext=[Activation: S127.0.0.1:11111:164789203*grn/9C20D2B7/41ade2ad@b2d56ea7 #GrainType=Orleans.EventSourcing.SimpleGrain.TransferTransaction State=Invalid]
 Called from    在 Orleans.Runtime.Scheduler.WorkItemGroup.ReportWorkGroupProblemWithBacktrace(String what, ErrorCode errorCode)
   在 Orleans.Runtime.Scheduler.WorkItemGroup.Stop()
   在 Orleans.Runtime.Scheduler.OrleansTaskScheduler.UnregisterWorkContext(ISchedulingContext context)
   在 Orleans.Runtime.Catalog.UnregisterMessageTarget(ActivationData activation)
   在 Orleans.Runtime.Catalog.<DestroyActivations>d__5b.MoveNext()
   在 System.Threading.ExecutionContext.RunInternal(ExecutionContext executionContext, ContextCallback callback, Object state, Boolean preserveSyncCtx)
   在 System.Threading.ExecutionContext.Run(ExecutionContext executionContext, ContextCallback callback, Object state, Boolean preserveSyncCtx)
   在 System.Runtime.CompilerServices.AsyncMethodBuilderCore.MoveNextRunner.Run()
   在 System.Threading.Tasks.TaskSchedulerAwaitTaskContinuation.<Run>b__0(Object state)
   在 System.Threading.Tasks.Task.Execute()
   在 System.Threading.Tasks.Task.ExecuteWithThreadLocal(Task& currentTaskSlot)
   在 System.Threading.Tasks.Task.ExecuteEntry(Boolean bPreventDoubleExecution)
   在 Orleans.Runtime.Scheduler.ActivationTaskScheduler.RunTask(Task task)
   在 Orleans.Runtime.Scheduler.WorkItemGroup.Execute()
   在 Orleans.Runtime.Scheduler.WorkerPoolThread.Run()
   在 Orleans.Runtime.AsynchAgent.AgentThreadProc(Object obj)
   在 System.Threading.ExecutionContext.RunInternal(ExecutionContext executionContext, ContextCallback callback, Object state, Boolean preserveSyncCtx)
   在 System.Threading.ExecutionContext.Run(ExecutionContext executionContext, ContextCallback callback, Object state, Boolean preserveSyncCtx)
   在 System.Threading.ExecutionContext.Run(ExecutionContext executionContext, ContextCallback callback, Object state)
   在 System.Threading.ThreadHelper.ThreadStart(Object obj)
	
[2015-03-23 07:04:29.573 GMT    14	WARNING	101220	Scheduler.WorkItemGroup	127.0.0.1:11111]	WorkItemGroup is being stoped while still active. workItemCount = 1 WorkItemGroup:Name=[Activation: S127.0.0.1:11111:164789203*grn/9C20D2B7/0b5969b7@d392bd9a #GrainType=Orleans.EventSourcing.SimpleGrain.TransferTransaction],State=Running. Currently QueuedWorkItems=1; Total EnQueued=51; Total processed=49; Quantum expirations=0; TaskRunner=ActivationTaskScheduler-8884:Queued=1; SchedulingContext=[Activation: S127.0.0.1:11111:164789203*grn/9C20D2B7/0b5969b7@d392bd9a #GrainType=Orleans.EventSourcing.SimpleGrain.TransferTransaction State=Invalid]
 Called from    在 Orleans.Runtime.Scheduler.WorkItemGroup.ReportWorkGroupProblemWithBacktrace(String what, ErrorCode errorCode)
   在 Orleans.Runtime.Scheduler.WorkItemGroup.Stop()
   在 Orleans.Runtime.Scheduler.OrleansTaskScheduler.UnregisterWorkContext(ISchedulingContext context)
   在 Orleans.Runtime.Catalog.UnregisterMessageTarget(ActivationData activation)
   在 Orleans.Runtime.Catalog.<DestroyActivations>d__5b.MoveNext()
   在 System.Threading.ExecutionContext.RunInternal(ExecutionContext executionContext, ContextCallback callback, Object state, Boolean preserveSyncCtx)
   在 System.Threading.ExecutionContext.Run(ExecutionContext executionContext, ContextCallback callback, Object state, Boolean preserveSyncCtx)
   在 System.Runtime.CompilerServices.AsyncMethodBuilderCore.MoveNextRunner.Run()
   在 System.Threading.Tasks.TaskSchedulerAwaitTaskContinuation.<Run>b__0(Object state)
   在 System.Threading.Tasks.Task.Execute()
   在 System.Threading.Tasks.Task.ExecuteWithThreadLocal(Task& currentTaskSlot)
   在 System.Threading.Tasks.Task.ExecuteEntry(Boolean bPreventDoubleExecution)
   在 Orleans.Runtime.Scheduler.ActivationTaskScheduler.RunTask(Task task)
   在 Orleans.Runtime.Scheduler.WorkItemGroup.Execute()
   在 Orleans.Runtime.Scheduler.WorkerPoolThread.Run()
   在 Orleans.Runtime.AsynchAgent.AgentThreadProc(Object obj)
   在 System.Threading.ExecutionContext.RunInternal(ExecutionContext executionContext, ContextCallback callback, Object state, Boolean preserveSyncCtx)
   在 System.Threading.ExecutionContext.Run(ExecutionContext executionContext, ContextCallback callback, Object state, Boolean preserveSyncCtx)
   在 System.Threading.ExecutionContext.Run(ExecutionContext executionContext, ContextCallback callback, Object state)
   在 System.Threading.ThreadHelper.ThreadStart(Object obj)
	
[2015-03-23 07:04:49.235 GMT    23	INFO   	601217	Scheduler.WorkItemGroup	127.0.0.1:11111]	Log code 101217 occurred 18 additional times in the previous 00:01:00.0744361	
[2015-03-23 07:04:49.330 GMT    23	INFO   	601215	Scheduler.WorkItemGroup	127.0.0.1:11111]	Log code 101215 occurred 12 additional times in the previous 00:01:00.0744361	
[2015-03-23 07:04:49.508 GMT    23	INFO   	601220	Scheduler.WorkItemGroup	127.0.0.1:11111]	Log code 101220 occurred 2 additional times in the previous 00:01:00.0744361	
[2015-03-23 07:04:49.573 GMT    22	WARNING	101215	Scheduler.WorkItemGroup	127.0.0.1:11111]	Task [Id=400, Status=RanToCompletion] in WorkGroup [Activation: S127.0.0.1:11111:164789203*grn/9C20D2B7/2d037f9a@4477d68f #GrainType=Orleans.EventSourcing.SimpleGrain.TransferTransaction State=Valid] took elapsed time 0:00:00.262855 for execution, which is longer than 00:00:00.2000000. Running on thread <Runtime.Scheduler.WorkerPoolThread/11, ManagedThreadId=22, Executing Task Id=400 Status=RanToCompletion for 00:00:00.2630151>	
[2015-03-23 07:04:49.639 GMT    13	WARNING	101215	Scheduler.WorkItemGroup	127.0.0.1:11111]	Task [Id=399, Status=RanToCompletion] in WorkGroup [Activation: S127.0.0.1:11111:164789203*grn/9C20D2B7/3317ed94@14422896 #GrainType=Orleans.EventSourcing.SimpleGrain.TransferTransaction State=Valid] took elapsed time 0:00:00.228294 for execution, which is longer than 00:00:00.2000000. Running on thread <Runtime.Scheduler.WorkerPoolThread/2, ManagedThreadId=13, Executing Task Id=399 Status=RanToCompletion for 00:00:00.2290131>	
[2015-03-23 07:04:49.654 GMT    18	WARNING	101215	Scheduler.WorkItemGroup	127.0.0.1:11111]	Task [Id=402, Status=RanToCompletion] in WorkGroup [Activation: S127.0.0.1:11111:164789203*grn/F15F7B6B/845dd7be@734e57b9 #GrainType=Orleans.EventSourcing.SimpleGrain.BankAccount State=Valid] took elapsed time 0:00:00.2628239 for execution, which is longer than 00:00:00.2000000. Running on thread <Runtime.Scheduler.WorkerPoolThread/7, ManagedThreadId=18, Executing Task Id=402 Status=RanToCompletion for 00:00:00.2640151>	
[2015-03-23 07:04:49.654 GMT    17	WARNING	101215	Scheduler.WorkItemGroup	127.0.0.1:11111]	Task [Id=401, Status=RanToCompletion] in WorkGroup [Activation: S127.0.0.1:11111:164789203*grn/9C20D2B7/7b140080@0261a582 #GrainType=Orleans.EventSourcing.SimpleGrain.TransferTransaction State=Valid] took elapsed time 0:00:00.2128387 for execution, which is longer than 00:00:00.2000000. Running on thread <Runtime.Scheduler.WorkerPoolThread/6, ManagedThreadId=17, Executing Task Id=401 Status=RanToCompletion for 00:00:00.2130121>	
[2015-03-23 07:04:49.654 GMT    23	WARNING	101220	Scheduler.WorkItemGroup	127.0.0.1:11111]	WorkItemGroup is being stoped while still active. workItemCount = 1 WorkItemGroup:Name=[Activation: S127.0.0.1:11111:164789203*grn/9C20D2B7/566518ae@ec6168a6 #GrainType=Orleans.EventSourcing.SimpleGrain.TransferTransaction],State=Running. Currently QueuedWorkItems=1; Total EnQueued=49; Total processed=47; Quantum expirations=0; TaskRunner=ActivationTaskScheduler-9047:Queued=1; SchedulingContext=[Activation: S127.0.0.1:11111:164789203*grn/9C20D2B7/566518ae@ec6168a6 #GrainType=Orleans.EventSourcing.SimpleGrain.TransferTransaction State=Invalid]
 Called from    在 Orleans.Runtime.Scheduler.WorkItemGroup.ReportWorkGroupProblemWithBacktrace(String what, ErrorCode errorCode)
   在 Orleans.Runtime.Scheduler.WorkItemGroup.Stop()
   在 Orleans.Runtime.Scheduler.OrleansTaskScheduler.UnregisterWorkContext(ISchedulingContext context)
   在 Orleans.Runtime.Catalog.UnregisterMessageTarget(ActivationData activation)
   在 Orleans.Runtime.Catalog.<DestroyActivations>d__5b.MoveNext()
   在 System.Threading.ExecutionContext.RunInternal(ExecutionContext executionContext, ContextCallback callback, Object state, Boolean preserveSyncCtx)
   在 System.Threading.ExecutionContext.Run(ExecutionContext executionContext, ContextCallback callback, Object state, Boolean preserveSyncCtx)
   在 System.Runtime.CompilerServices.AsyncMethodBuilderCore.MoveNextRunner.Run()
   在 System.Threading.Tasks.TaskSchedulerAwaitTaskContinuation.<Run>b__0(Object state)
   在 System.Threading.Tasks.Task.Execute()
   在 System.Threading.Tasks.Task.ExecuteWithThreadLocal(Task& currentTaskSlot)
   在 System.Threading.Tasks.Task.ExecuteEntry(Boolean bPreventDoubleExecution)
   在 Orleans.Runtime.Scheduler.ActivationTaskScheduler.RunTask(Task task)
   在 Orleans.Runtime.Scheduler.WorkItemGroup.Execute()
   在 Orleans.Runtime.Scheduler.WorkerPoolThread.Run()
   在 Orleans.Runtime.AsynchAgent.AgentThreadProc(Object obj)
   在 System.Threading.ExecutionContext.RunInternal(ExecutionContext executionContext, ContextCallback callback, Object state, Boolean preserveSyncCtx)
   在 System.Threading.ExecutionContext.Run(ExecutionContext executionContext, ContextCallback callback, Object state, Boolean preserveSyncCtx)
   在 System.Threading.ExecutionContext.Run(ExecutionContext executionContext, ContextCallback callback, Object state)
   在 System.Threading.ThreadHelper.ThreadStart(Object obj)
	
[2015-03-23 07:04:49.732 GMT    14	WARNING	101215	Scheduler.WorkItemGroup	127.0.0.1:11111]	Task [Id=403, Status=RanToCompletion] in WorkGroup [Activation: S127.0.0.1:11111:164789203*grn/9C20D2B7/903bca86@e6e293b9 #GrainType=Orleans.EventSourcing.SimpleGrain.TransferTransaction State=Valid] took elapsed time 0:00:00.3668115 for execution, which is longer than 00:00:00.2000000. Running on thread <Runtime.Scheduler.WorkerPoolThread/3, ManagedThreadId=14, Executing Task Id=403 Status=RanToCompletion for 00:00:00.3670210>	
[2015-03-23 07:04:49.925 GMT    69	WARNING	101217	Scheduler.WorkItemGroup	127.0.0.1:11111]	Enqueuing task System.Threading.Tasks.Task to a stopped work item group. Going to ignore and not execute it. WorkItemGroup:Name=[Activation: S127.0.0.1:11111:164789203*grn/9C20D2B7/fa58e8a4@951ecb8b #GrainType=Orleans.EventSourcing.SimpleGrain.TransferTransaction],State=Shutdown. Currently QueuedWorkItems=0; Total EnQueued=48; Total processed=48; Quantum expirations=0; TaskRunner=ActivationTaskScheduler-9049:Queued=0; SchedulingContext=[Activation: S127.0.0.1:11111:164789203*grn/9C20D2B7/fa58e8a4@951ecb8b #GrainType=Orleans.EventSourcing.SimpleGrain.TransferTransaction State=Invalid]
 Called from    在 Orleans.Runtime.Scheduler.WorkItemGroup.ReportWorkGroupProblemWithBacktrace(String what, ErrorCode errorCode)
   在 Orleans.Runtime.Scheduler.WorkItemGroup.EnqueueTask(Task task)
   在 Orleans.Runtime.Scheduler.ActivationTaskScheduler.QueueTask(Task task)
   在 System.Threading.Tasks.TaskContinuation.InlineIfPossibleOrElseQueue(Task task, Boolean needsProtection)
   在 System.Threading.Tasks.TaskSchedulerAwaitTaskContinuation.Run(Task ignored, Boolean canInlineContinuationTask)
   在 System.Threading.Tasks.Task.FinishContinuations()
   在 System.Threading.Tasks.Task`1.TrySetResult(TResult result)
   在 System.Threading.Tasks.TaskCompletionSource`1.SetResult(TResult result)
   在 Orleans.Storage.Couchbase.GrainStateCouchbaseDataManager.<>c__DisplayClass1f.<WriteAsync>b__1e(Object state)
   在 System.Threading.ExecutionContext.RunInternal(ExecutionContext executionContext, ContextCallback callback, Object state, Boolean preserveSyncCtx)
   在 System.Threading.ExecutionContext.Run(ExecutionContext executionContext, ContextCallback callback, Object state, Boolean preserveSyncCtx)
   在 System.Threading.QueueUserWorkItemCallback.System.Threading.IThreadPoolWorkItem.ExecuteWorkItem()
   在 System.Threading.ThreadPoolWorkQueue.Dispatch()
	
[2015-03-23 07:04:51.168 GMT    72	WARNING	101217	Scheduler.WorkItemGroup	127.0.0.1:11111]	Enqueuing task System.Threading.Tasks.Task to a stopped work item group. Going to ignore and not execute it. WorkItemGroup:Name=[Activation: S127.0.0.1:11111:164789203*grn/9C20D2B7/ed5a4fb3@0e193097 #GrainType=Orleans.EventSourcing.SimpleGrain.TransferTransaction],State=Shutdown. Currently QueuedWorkItems=0; Total EnQueued=47; Total processed=47; Quantum expirations=0; TaskRunner=ActivationTaskScheduler-9060:Queued=0; SchedulingContext=[Activation: S127.0.0.1:11111:164789203*grn/9C20D2B7/ed5a4fb3@0e193097 #GrainType=Orleans.EventSourcing.SimpleGrain.TransferTransaction State=Invalid]
 Called from    在 Orleans.Runtime.Scheduler.WorkItemGroup.ReportWorkGroupProblemWithBacktrace(String what, ErrorCode errorCode)
   在 Orleans.Runtime.Scheduler.WorkItemGroup.EnqueueTask(Task task)
   在 Orleans.Runtime.Scheduler.ActivationTaskScheduler.QueueTask(Task task)
   在 System.Threading.Tasks.TaskContinuation.InlineIfPossibleOrElseQueue(Task task, Boolean needsProtection)
   在 System.Threading.Tasks.TaskSchedulerAwaitTaskContinuation.Run(Task ignored, Boolean canInlineContinuationTask)
   在 System.Threading.Tasks.Task.FinishContinuations()
   在 System.Threading.Tasks.Task`1.TrySetResult(TResult result)
   在 System.Threading.Tasks.TaskCompletionSource`1.SetResult(TResult result)
   在 Orleans.Storage.Couchbase.GrainStateCouchbaseDataManager.<>c__DisplayClass1f.<WriteAsync>b__1e(Object state)
   在 System.Threading.ExecutionContext.RunInternal(ExecutionContext executionContext, ContextCallback callback, Object state, Boolean preserveSyncCtx)
   在 System.Threading.ExecutionContext.Run(ExecutionContext executionContext, ContextCallback callback, Object state, Boolean preserveSyncCtx)
   在 System.Threading.QueueUserWorkItemCallback.System.Threading.IThreadPoolWorkItem.ExecuteWorkItem()
   在 System.Threading.ThreadPoolWorkQueue.Dispatch()
	
[2015-03-23 07:04:56.226 GMT    72	WARNING	101217	Scheduler.WorkItemGroup	127.0.0.1:11111]	Enqueuing task System.Threading.Tasks.Task to a stopped work item group. Going to ignore and not execute it. WorkItemGroup:Name=[Activation: S127.0.0.1:11111:164789203*grn/9C20D2B7/246eec95@c51a6797 #GrainType=Orleans.EventSourcing.SimpleGrain.TransferTransaction],State=Shutdown. Currently QueuedWorkItems=0; Total EnQueued=50; Total processed=50; Quantum expirations=0; TaskRunner=ActivationTaskScheduler-9115:Queued=0; SchedulingContext=[Activation: S127.0.0.1:11111:164789203*grn/9C20D2B7/246eec95@c51a6797 #GrainType=Orleans.EventSourcing.SimpleGrain.TransferTransaction State=Invalid]
 Called from    在 Orleans.Runtime.Scheduler.WorkItemGroup.ReportWorkGroupProblemWithBacktrace(String what, ErrorCode errorCode)
   在 Orleans.Runtime.Scheduler.WorkItemGroup.EnqueueTask(Task task)
   在 Orleans.Runtime.Scheduler.ActivationTaskScheduler.QueueTask(Task task)
   在 System.Threading.Tasks.TaskContinuation.InlineIfPossibleOrElseQueue(Task task, Boolean needsProtection)
   在 System.Threading.Tasks.TaskSchedulerAwaitTaskContinuation.Run(Task ignored, Boolean canInlineContinuationTask)
   在 System.Threading.Tasks.Task.FinishContinuations()
   在 System.Threading.Tasks.Task`1.TrySetResult(TResult result)
   在 System.Threading.Tasks.TaskCompletionSource`1.SetResult(TResult result)
   在 Orleans.Storage.Couchbase.GrainStateCouchbaseDataManager.<>c__DisplayClass1f.<WriteAsync>b__1e(Object state)
   在 System.Threading.ExecutionContext.RunInternal(ExecutionContext executionContext, ContextCallback callback, Object state, Boolean preserveSyncCtx)
   在 System.Threading.ExecutionContext.Run(ExecutionContext executionContext, ContextCallback callback, Object state, Boolean preserveSyncCtx)
   在 System.Threading.QueueUserWorkItemCallback.System.Threading.IThreadPoolWorkItem.ExecuteWorkItem()
   在 System.Threading.ThreadPoolWorkQueue.Dispatch()
	
[2015-03-23 07:04:58.994 GMT    69	WARNING	101217	Scheduler.WorkItemGroup	127.0.0.1:11111]	Enqueuing task System.Threading.Tasks.Task to a stopped work item group. Going to ignore and not execute it. WorkItemGroup:Name=[Activation: S127.0.0.1:11111:164789203*grn/9C20D2B7/62f8d2af@925e23b5 #GrainType=Orleans.EventSourcing.SimpleGrain.TransferTransaction],State=Shutdown. Currently QueuedWorkItems=0; Total EnQueued=50; Total processed=50; Quantum expirations=0; TaskRunner=ActivationTaskScheduler-9146:Queued=0; SchedulingContext=[Activation: S127.0.0.1:11111:164789203*grn/9C20D2B7/62f8d2af@925e23b5 #GrainType=Orleans.EventSourcing.SimpleGrain.TransferTransaction State=Invalid]
 Called from    在 Orleans.Runtime.Scheduler.WorkItemGroup.ReportWorkGroupProblemWithBacktrace(String what, ErrorCode errorCode)
   在 Orleans.Runtime.Scheduler.WorkItemGroup.EnqueueTask(Task task)
   在 Orleans.Runtime.Scheduler.ActivationTaskScheduler.QueueTask(Task task)
   在 System.Threading.Tasks.TaskContinuation.InlineIfPossibleOrElseQueue(Task task, Boolean needsProtection)
   在 System.Threading.Tasks.TaskSchedulerAwaitTaskContinuation.Run(Task ignored, Boolean canInlineContinuationTask)
   在 System.Threading.Tasks.Task.FinishContinuations()
   在 System.Threading.Tasks.Task`1.TrySetResult(TResult result)
   在 System.Threading.Tasks.TaskCompletionSource`1.SetResult(TResult result)
   在 Orleans.Storage.Couchbase.GrainStateCouchbaseDataManager.<>c__DisplayClass1f.<WriteAsync>b__1e(Object state)
   在 System.Threading.ExecutionContext.RunInternal(ExecutionContext executionContext, ContextCallback callback, Object state, Boolean preserveSyncCtx)
   在 System.Threading.ExecutionContext.Run(ExecutionContext executionContext, ContextCallback callback, Object state, Boolean preserveSyncCtx)
   在 System.Threading.QueueUserWorkItemCallback.System.Threading.IThreadPoolWorkItem.ExecuteWorkItem()
   在 System.Threading.ThreadPoolWorkQueue.Dispatch()
	
[2015-03-23 07:04:59.312 GMT    17	WARNING	101220	Scheduler.WorkItemGroup	127.0.0.1:11111]	WorkItemGroup is being stoped while still active. workItemCount = 1 WorkItemGroup:Name=[Activation: S127.0.0.1:11111:164789203*grn/9C20D2B7/fe78a8a4@cf29f094 #GrainType=Orleans.EventSourcing.SimpleGrain.TransferTransaction],State=Running. Currently QueuedWorkItems=1; Total EnQueued=51; Total processed=49; Quantum expirations=0; TaskRunner=ActivationTaskScheduler-9147:Queued=1; SchedulingContext=[Activation: S127.0.0.1:11111:164789203*grn/9C20D2B7/fe78a8a4@cf29f094 #GrainType=Orleans.EventSourcing.SimpleGrain.TransferTransaction State=Invalid]
 Called from    在 Orleans.Runtime.Scheduler.WorkItemGroup.ReportWorkGroupProblemWithBacktrace(String what, ErrorCode errorCode)
   在 Orleans.Runtime.Scheduler.WorkItemGroup.Stop()
   在 Orleans.Runtime.Scheduler.OrleansTaskScheduler.UnregisterWorkContext(ISchedulingContext context)
   在 Orleans.Runtime.Catalog.UnregisterMessageTarget(ActivationData activation)
   在 Orleans.Runtime.Catalog.<DestroyActivations>d__5b.MoveNext()
   在 System.Threading.ExecutionContext.RunInternal(ExecutionContext executionContext, ContextCallback callback, Object state, Boolean preserveSyncCtx)
   在 System.Threading.ExecutionContext.Run(ExecutionContext executionContext, ContextCallback callback, Object state, Boolean preserveSyncCtx)
   在 System.Runtime.CompilerServices.AsyncMethodBuilderCore.MoveNextRunner.Run()
   在 System.Threading.Tasks.TaskSchedulerAwaitTaskContinuation.<Run>b__0(Object state)
   在 System.Threading.Tasks.Task.Execute()
   在 System.Threading.Tasks.Task.ExecuteWithThreadLocal(Task& currentTaskSlot)
   在 System.Threading.Tasks.Task.ExecuteEntry(Boolean bPreventDoubleExecution)
   在 Orleans.Runtime.Scheduler.ActivationTaskScheduler.RunTask(Task task)
   在 Orleans.Runtime.Scheduler.WorkItemGroup.Execute()
   在 Orleans.Runtime.Scheduler.WorkerPoolThread.Run()
   在 Orleans.Runtime.AsynchAgent.AgentThreadProc(Object obj)
   在 System.Threading.ExecutionContext.RunInternal(ExecutionContext executionContext, ContextCallback callback, Object state, Boolean preserveSyncCtx)
   在 System.Threading.ExecutionContext.Run(ExecutionContext executionContext, ContextCallback callback, Object state, Boolean preserveSyncCtx)
   在 System.Threading.ExecutionContext.Run(ExecutionContext executionContext, ContextCallback callback, Object state)
   在 System.Threading.ThreadHelper.ThreadStart(Object obj)
	
[2015-03-23 07:05:00.805 GMT    70	WARNING	101217	Scheduler.WorkItemGroup	127.0.0.1:11111]	Enqueuing task System.Threading.Tasks.Task to a stopped work item group. Going to ignore and not execute it. WorkItemGroup:Name=[Activation: S127.0.0.1:11111:164789203*grn/9C20D2B7/9e86d1bb@60d91a93 #GrainType=Orleans.EventSourcing.SimpleGrain.TransferTransaction],State=Shutdown. Currently QueuedWorkItems=0; Total EnQueued=49; Total processed=49; Quantum expirations=0; TaskRunner=ActivationTaskScheduler-9162:Queued=0; SchedulingContext=[Activation: S127.0.0.1:11111:164789203*grn/9C20D2B7/9e86d1bb@60d91a93 #GrainType=Orleans.EventSourcing.SimpleGrain.TransferTransaction State=Invalid]
 Called from    在 Orleans.Runtime.Scheduler.WorkItemGroup.ReportWorkGroupProblemWithBacktrace(String what, ErrorCode errorCode)
   在 Orleans.Runtime.Scheduler.WorkItemGroup.EnqueueTask(Task task)
   在 Orleans.Runtime.Scheduler.ActivationTaskScheduler.QueueTask(Task task)
   在 System.Threading.Tasks.TaskContinuation.InlineIfPossibleOrElseQueue(Task task, Boolean needsProtection)
   在 System.Threading.Tasks.TaskSchedulerAwaitTaskContinuation.Run(Task ignored, Boolean canInlineContinuationTask)
   在 System.Threading.Tasks.Task.FinishContinuations()
   在 System.Threading.Tasks.Task`1.TrySetResult(TResult result)
   在 System.Threading.Tasks.TaskCompletionSource`1.SetResult(TResult result)
   在 Orleans.Storage.Couchbase.GrainStateCouchbaseDataManager.<>c__DisplayClass1f.<WriteAsync>b__1e(Object state)
   在 System.Threading.ExecutionContext.RunInternal(ExecutionContext executionContext, ContextCallback callback, Object state, Boolean preserveSyncCtx)
   在 System.Threading.ExecutionContext.Run(ExecutionContext executionContext, ContextCallback callback, Object state, Boolean preserveSyncCtx)
   在 System.Threading.QueueUserWorkItemCallback.System.Threading.IThreadPoolWorkItem.ExecuteWorkItem()
   在 System.Threading.ThreadPoolWorkQueue.Dispatch()
	
[2015-03-23 07:05:03.774 GMT    16	WARNING	101220	Scheduler.WorkItemGroup	127.0.0.1:11111]	WorkItemGroup is being stoped while still active. workItemCount = 1 WorkItemGroup:Name=[Activation: S127.0.0.1:11111:164789203*grn/9C20D2B7/4b2bbc9b@0d602093 #GrainType=Orleans.EventSourcing.SimpleGrain.TransferTransaction],State=Running. Currently QueuedWorkItems=1; Total EnQueued=51; Total processed=49; Quantum expirations=0; TaskRunner=ActivationTaskScheduler-9193:Queued=1; SchedulingContext=[Activation: S127.0.0.1:11111:164789203*grn/9C20D2B7/4b2bbc9b@0d602093 #GrainType=Orleans.EventSourcing.SimpleGrain.TransferTransaction State=Invalid]
 Called from    在 Orleans.Runtime.Scheduler.WorkItemGroup.ReportWorkGroupProblemWithBacktrace(String what, ErrorCode errorCode)
   在 Orleans.Runtime.Scheduler.WorkItemGroup.Stop()
   在 Orleans.Runtime.Scheduler.OrleansTaskScheduler.UnregisterWorkContext(ISchedulingContext context)
   在 Orleans.Runtime.Catalog.UnregisterMessageTarget(ActivationData activation)
   在 Orleans.Runtime.Catalog.<DestroyActivations>d__5b.MoveNext()
   在 System.Threading.ExecutionContext.RunInternal(ExecutionContext executionContext, ContextCallback callback, Object state, Boolean preserveSyncCtx)
   在 System.Threading.ExecutionContext.Run(ExecutionContext executionContext, ContextCallback callback, Object state, Boolean preserveSyncCtx)
   在 System.Runtime.CompilerServices.AsyncMethodBuilderCore.MoveNextRunner.Run()
   在 System.Threading.Tasks.TaskSchedulerAwaitTaskContinuation.<Run>b__0(Object state)
   在 System.Threading.Tasks.Task.Execute()
   在 System.Threading.Tasks.Task.ExecuteWithThreadLocal(Task& currentTaskSlot)
   在 System.Threading.Tasks.Task.ExecuteEntry(Boolean bPreventDoubleExecution)
   在 Orleans.Runtime.Scheduler.ActivationTaskScheduler.RunTask(Task task)
   在 Orleans.Runtime.Scheduler.WorkItemGroup.Execute()
   在 Orleans.Runtime.Scheduler.WorkerPoolThread.Run()
   在 Orleans.Runtime.AsynchAgent.AgentThreadProc(Object obj)
   在 System.Threading.ExecutionContext.RunInternal(ExecutionContext executionContext, ContextCallback callback, Object state, Boolean preserveSyncCtx)
   在 System.Threading.ExecutionContext.Run(ExecutionContext executionContext, ContextCallback callback, Object state, Boolean preserveSyncCtx)
   在 System.Threading.ExecutionContext.Run(ExecutionContext executionContext, ContextCallback callback, Object state)
   在 System.Threading.ThreadHelper.ThreadStart(Object obj)
	
[2015-03-23 07:05:05.845 GMT    20	WARNING	101220	Scheduler.WorkItemGroup	127.0.0.1:11111]	WorkItemGroup is being stoped while still active. workItemCount = 1 WorkItemGroup:Name=[Activation: S127.0.0.1:11111:164789203*grn/9C20D2B7/c7343e9c@1e7c76a2 #GrainType=Orleans.EventSourcing.SimpleGrain.TransferTransaction],State=Running. Currently QueuedWorkItems=1; Total EnQueued=51; Total processed=49; Quantum expirations=0; TaskRunner=ActivationTaskScheduler-9213:Queued=1; SchedulingContext=[Activation: S127.0.0.1:11111:164789203*grn/9C20D2B7/c7343e9c@1e7c76a2 #GrainType=Orleans.EventSourcing.SimpleGrain.TransferTransaction State=Invalid]
 Called from    在 Orleans.Runtime.Scheduler.WorkItemGroup.ReportWorkGroupProblemWithBacktrace(String what, ErrorCode errorCode)
   在 Orleans.Runtime.Scheduler.WorkItemGroup.Stop()
   在 Orleans.Runtime.Scheduler.OrleansTaskScheduler.UnregisterWorkContext(ISchedulingContext context)
   在 Orleans.Runtime.Catalog.UnregisterMessageTarget(ActivationData activation)
   在 Orleans.Runtime.Catalog.<DestroyActivations>d__5b.MoveNext()
   在 System.Threading.ExecutionContext.RunInternal(ExecutionContext executionContext, ContextCallback callback, Object state, Boolean preserveSyncCtx)
   在 System.Threading.ExecutionContext.Run(ExecutionContext executionContext, ContextCallback callback, Object state, Boolean preserveSyncCtx)
   在 System.Runtime.CompilerServices.AsyncMethodBuilderCore.MoveNextRunner.Run()
   在 System.Threading.Tasks.TaskSchedulerAwaitTaskContinuation.<Run>b__0(Object state)
   在 System.Threading.Tasks.Task.Execute()
   在 System.Threading.Tasks.Task.ExecuteWithThreadLocal(Task& currentTaskSlot)
   在 System.Threading.Tasks.Task.ExecuteEntry(Boolean bPreventDoubleExecution)
   在 Orleans.Runtime.Scheduler.ActivationTaskScheduler.RunTask(Task task)
   在 Orleans.Runtime.Scheduler.WorkItemGroup.Execute()
   在 Orleans.Runtime.Scheduler.WorkerPoolThread.Run()
   在 Orleans.Runtime.AsynchAgent.AgentThreadProc(Object obj)
   在 System.Threading.ExecutionContext.RunInternal(ExecutionContext executionContext, ContextCallback callback, Object state, Boolean preserveSyncCtx)
   在 System.Threading.ExecutionContext.Run(ExecutionContext executionContext, ContextCallback callback, Object state, Boolean preserveSyncCtx)
   在 System.Threading.ExecutionContext.Run(ExecutionContext executionContext, ContextCallback callback, Object state)
   在 System.Threading.ThreadHelper.ThreadStart(Object obj)
	
[2015-03-23 07:05:11.807 GMT    18	WARNING	101220	Scheduler.WorkItemGroup	127.0.0.1:11111]	WorkItemGroup is being stoped while still active. workItemCount = 1 WorkItemGroup:Name=[Activation: S127.0.0.1:11111:164789203*grn/9C20D2B7/e098d5aa@1fe53ea5 #GrainType=Orleans.EventSourcing.SimpleGrain.TransferTransaction],State=Running. Currently QueuedWorkItems=1; Total EnQueued=51; Total processed=49; Quantum expirations=0; TaskRunner=ActivationTaskScheduler-9272:Queued=1; SchedulingContext=[Activation: S127.0.0.1:11111:164789203*grn/9C20D2B7/e098d5aa@1fe53ea5 #GrainType=Orleans.EventSourcing.SimpleGrain.TransferTransaction State=Invalid]
 Called from    在 Orleans.Runtime.Scheduler.WorkItemGroup.ReportWorkGroupProblemWithBacktrace(String what, ErrorCode errorCode)
   在 Orleans.Runtime.Scheduler.WorkItemGroup.Stop()
   在 Orleans.Runtime.Scheduler.OrleansTaskScheduler.UnregisterWorkContext(ISchedulingContext context)
   在 Orleans.Runtime.Catalog.UnregisterMessageTarget(ActivationData activation)
   在 Orleans.Runtime.Catalog.<DestroyActivations>d__5b.MoveNext()
   在 System.Threading.ExecutionContext.RunInternal(ExecutionContext executionContext, ContextCallback callback, Object state, Boolean preserveSyncCtx)
   在 System.Threading.ExecutionContext.Run(ExecutionContext executionContext, ContextCallback callback, Object state, Boolean preserveSyncCtx)
   在 System.Runtime.CompilerServices.AsyncMethodBuilderCore.MoveNextRunner.Run()
   在 System.Threading.Tasks.TaskSchedulerAwaitTaskContinuation.<Run>b__0(Object state)
   在 System.Threading.Tasks.Task.Execute()
   在 System.Threading.Tasks.Task.ExecuteWithThreadLocal(Task& currentTaskSlot)
   在 System.Threading.Tasks.Task.ExecuteEntry(Boolean bPreventDoubleExecution)
   在 Orleans.Runtime.Scheduler.ActivationTaskScheduler.RunTask(Task task)
   在 Orleans.Runtime.Scheduler.WorkItemGroup.Execute()
   在 Orleans.Runtime.Scheduler.WorkerPoolThread.Run()
   在 Orleans.Runtime.AsynchAgent.AgentThreadProc(Object obj)
   在 System.Threading.ExecutionContext.RunInternal(ExecutionContext executionContext, ContextCallback callback, Object state, Boolean preserveSyncCtx)
   在 System.Threading.ExecutionContext.Run(ExecutionContext executionContext, ContextCallback callback, Object state, Boolean preserveSyncCtx)
   在 System.Threading.ExecutionContext.Run(ExecutionContext executionContext, ContextCallback callback, Object state)
   在 System.Threading.ThreadHelper.ThreadStart(Object obj)
	
